Archive member included to satisfy reference by file (symbol)

c:/gun_tools/gcc-arm-none-eabi/bin/../lib/gcc/arm-none-eabi/10.3.1/../../../../arm-none-eabi/lib/thumb/v7-m/nofp\libg.a(lib_a-errno.o)
                              CMakeFiles/wave_recongize_stm32_f1.elf.dir/APP/utils/retarget.c.obj (__errno)
c:/gun_tools/gcc-arm-none-eabi/bin/../lib/gcc/arm-none-eabi/10.3.1/../../../../arm-none-eabi/lib/thumb/v7-m/nofp\libg.a(lib_a-exit.o)
                              c:/gun_tools/gcc-arm-none-eabi/bin/../lib/gcc/arm-none-eabi/10.3.1/../../../../arm-none-eabi/lib/thumb/v7-m/nofp/crt0.o (exit)
c:/gun_tools/gcc-arm-none-eabi/bin/../lib/gcc/arm-none-eabi/10.3.1/../../../../arm-none-eabi/lib/thumb/v7-m/nofp\libg.a(lib_a-impure.o)
                              c:/gun_tools/gcc-arm-none-eabi/bin/../lib/gcc/arm-none-eabi/10.3.1/../../../../arm-none-eabi/lib/thumb/v7-m/nofp\libg.a(lib_a-exit.o) (_global_impure_ptr)
c:/gun_tools/gcc-arm-none-eabi/bin/../lib/gcc/arm-none-eabi/10.3.1/../../../../arm-none-eabi/lib/thumb/v7-m/nofp\libg.a(lib_a-init.o)
                              c:/gun_tools/gcc-arm-none-eabi/bin/../lib/gcc/arm-none-eabi/10.3.1/../../../../arm-none-eabi/lib/thumb/v7-m/nofp/crt0.o (__libc_init_array)
c:/gun_tools/gcc-arm-none-eabi/bin/../lib/gcc/arm-none-eabi/10.3.1/../../../../arm-none-eabi/lib/thumb/v7-m/nofp\libg.a(lib_a-memset.o)
                              c:/gun_tools/gcc-arm-none-eabi/bin/../lib/gcc/arm-none-eabi/10.3.1/../../../../arm-none-eabi/lib/thumb/v7-m/nofp/crt0.o (memset)
c:/gun_tools/gcc-arm-none-eabi/bin/../lib/gcc/arm-none-eabi/10.3.1/../../../../arm-none-eabi/lib/thumb/v7-m/nofp\libg.a(lib_a-puts.o)
                              CMakeFiles/wave_recongize_stm32_f1.elf.dir/Core/Src/main.c.obj (puts)
c:/gun_tools/gcc-arm-none-eabi/bin/../lib/gcc/arm-none-eabi/10.3.1/../../../../arm-none-eabi/lib/thumb/v7-m/nofp\libg.a(lib_a-setvbuf.o)
                              CMakeFiles/wave_recongize_stm32_f1.elf.dir/APP/utils/retarget.c.obj (setvbuf)
c:/gun_tools/gcc-arm-none-eabi/bin/../lib/gcc/arm-none-eabi/10.3.1/../../../../arm-none-eabi/lib/thumb/v7-m/nofp\libg.a(lib_a-strlen-stub.o)
                              c:/gun_tools/gcc-arm-none-eabi/bin/../lib/gcc/arm-none-eabi/10.3.1/../../../../arm-none-eabi/lib/thumb/v7-m/nofp\libg.a(lib_a-puts.o) (strlen)
c:/gun_tools/gcc-arm-none-eabi/bin/../lib/gcc/arm-none-eabi/10.3.1/../../../../arm-none-eabi/lib/thumb/v7-m/nofp\libg.a(lib_a-__call_atexit.o)
                              c:/gun_tools/gcc-arm-none-eabi/bin/../lib/gcc/arm-none-eabi/10.3.1/../../../../arm-none-eabi/lib/thumb/v7-m/nofp\libg.a(lib_a-exit.o) (__call_exitprocs)
c:/gun_tools/gcc-arm-none-eabi/bin/../lib/gcc/arm-none-eabi/10.3.1/../../../../arm-none-eabi/lib/thumb/v7-m/nofp\libg.a(lib_a-atexit.o)
                              c:/gun_tools/gcc-arm-none-eabi/bin/../lib/gcc/arm-none-eabi/10.3.1/../../../../arm-none-eabi/lib/thumb/v7-m/nofp\libg.a(lib_a-__call_atexit.o) (atexit)
c:/gun_tools/gcc-arm-none-eabi/bin/../lib/gcc/arm-none-eabi/10.3.1/../../../../arm-none-eabi/lib/thumb/v7-m/nofp\libg.a(lib_a-fflush.o)
                              c:/gun_tools/gcc-arm-none-eabi/bin/../lib/gcc/arm-none-eabi/10.3.1/../../../../arm-none-eabi/lib/thumb/v7-m/nofp\libg.a(lib_a-setvbuf.o) (_fflush_r)
c:/gun_tools/gcc-arm-none-eabi/bin/../lib/gcc/arm-none-eabi/10.3.1/../../../../arm-none-eabi/lib/thumb/v7-m/nofp\libg.a(lib_a-findfp.o)
                              c:/gun_tools/gcc-arm-none-eabi/bin/../lib/gcc/arm-none-eabi/10.3.1/../../../../arm-none-eabi/lib/thumb/v7-m/nofp\libg.a(lib_a-puts.o) (__sinit)
c:/gun_tools/gcc-arm-none-eabi/bin/../lib/gcc/arm-none-eabi/10.3.1/../../../../arm-none-eabi/lib/thumb/v7-m/nofp\libg.a(lib_a-fini.o)
                              c:/gun_tools/gcc-arm-none-eabi/bin/../lib/gcc/arm-none-eabi/10.3.1/../../../../arm-none-eabi/lib/thumb/v7-m/nofp\libg.a(lib_a-__call_atexit.o) (__libc_fini_array)
c:/gun_tools/gcc-arm-none-eabi/bin/../lib/gcc/arm-none-eabi/10.3.1/../../../../arm-none-eabi/lib/thumb/v7-m/nofp\libg.a(lib_a-freer.o)
                              c:/gun_tools/gcc-arm-none-eabi/bin/../lib/gcc/arm-none-eabi/10.3.1/../../../../arm-none-eabi/lib/thumb/v7-m/nofp\libg.a(lib_a-setvbuf.o) (_free_r)
c:/gun_tools/gcc-arm-none-eabi/bin/../lib/gcc/arm-none-eabi/10.3.1/../../../../arm-none-eabi/lib/thumb/v7-m/nofp\libg.a(lib_a-fvwrite.o)
                              c:/gun_tools/gcc-arm-none-eabi/bin/../lib/gcc/arm-none-eabi/10.3.1/../../../../arm-none-eabi/lib/thumb/v7-m/nofp\libg.a(lib_a-puts.o) (__sfvwrite_r)
c:/gun_tools/gcc-arm-none-eabi/bin/../lib/gcc/arm-none-eabi/10.3.1/../../../../arm-none-eabi/lib/thumb/v7-m/nofp\libg.a(lib_a-fwalk.o)
                              c:/gun_tools/gcc-arm-none-eabi/bin/../lib/gcc/arm-none-eabi/10.3.1/../../../../arm-none-eabi/lib/thumb/v7-m/nofp\libg.a(lib_a-findfp.o) (_fwalk)
c:/gun_tools/gcc-arm-none-eabi/bin/../lib/gcc/arm-none-eabi/10.3.1/../../../../arm-none-eabi/lib/thumb/v7-m/nofp\libg.a(lib_a-lock.o)
[...]
Memory Configuration

Name             Origin             Length             Attributes
RAM              0x20000000         0x00010000         xrw
FLASH            0x08000000         0x00080000         xr
*default*        0x00000000         0xffffffff

Linker script and memory map

LOAD c:/gun_tools/gcc-arm-none-eabi/bin/../lib/gcc/arm-none-eabi/10.3.1/thumb/v7-m/nofp/crti.o
LOAD c:/gun_tools/gcc-arm-none-eabi/bin/../lib/gcc/arm-none-eabi/10.3.1/thumb/v7-m/nofp/crtbegin.o
LOAD c:/gun_tools/gcc-arm-none-eabi/bin/../lib/gcc/arm-none-eabi/10.3.1/../../../../arm-none-eabi/lib/thumb/v7-m/nofp/crt0.o
LOAD CMakeFiles/wave_recongize_stm32_f1.elf.dir/APP/utils/retarget.c.obj
LOAD CMakeFiles/wave_recongize_stm32_f1.elf.dir/Core/Src/gpio.c.obj
LOAD CMakeFiles/wave_recongize_stm32_f1.elf.dir/Core/Src/main.c.obj
LOAD CMakeFiles/wave_recongize_stm32_f1.elf.dir/Core/Src/sdio.c.obj
LOAD CMakeFiles/wave_recongize_stm32_f1.elf.dir/Core/Src/stm32f1xx_hal_msp.c.obj
LOAD CMakeFiles/wave_recongize_stm32_f1.elf.dir/Core/Src/stm32f1xx_it.c.obj
LOAD CMakeFiles/wave_recongize_stm32_f1.elf.dir/Core/Src/syscalls.c.obj
LOAD CMakeFiles/wave_recongize_stm32_f1.elf.dir/Core/Src/system_stm32f1xx.c.obj
LOAD CMakeFiles/wave_recongize_stm32_f1.elf.dir/Core/Src/usart.c.obj
LOAD CMakeFiles/wave_recongize_stm32_f1.elf.dir/Drivers/STM32F1xx_HAL_Driver/Src/stm32f1xx_hal.c.obj
LOAD CMakeFiles/wave_recongize_stm32_f1.elf.dir/Drivers/STM32F1xx_HAL_Driver/Src/stm32f1xx_hal_cortex.c.obj
LOAD CMakeFiles/wave_recongize_stm32_f1.elf.dir/Drivers/STM32F1xx_HAL_Driver/Src/stm32f1xx_hal_dma.c.obj
LOAD CMakeFiles/wave_recongize_stm32_f1.elf.dir/Drivers/STM32F1xx_HAL_Driver/Src/stm32f1xx_hal_exti.c.obj
LOAD CMakeFiles/wave_recongize_stm32_f1.elf.dir/Drivers/STM32F1xx_HAL_Driver/Src/stm32f1xx_hal_flash.c.obj
LOAD CMakeFiles/wave_recongize_stm32_f1.elf.dir/Drivers/STM32F1xx_HAL_Driver/Src/stm32f1xx_hal_flash_ex.c.obj
LOAD CMakeFiles/wave_recongize_stm32_f1.elf.dir/Drivers/STM32F1xx_HAL_Driver/Src/stm32f1xx_hal_gpio.c.obj
LOAD CMakeFiles/wave_recongize_stm32_f1.elf.dir/Drivers/STM32F1xx_HAL_Driver/Src/stm32f1xx_hal_gpio_ex.c.obj
LOAD CMakeFiles/wave_recongize_stm32_f1.elf.dir/Drivers/STM32F1xx_HAL_Driver/Src/stm32f1xx_hal_pwr.c.obj
LOAD CMakeFiles/wave_recongize_stm32_f1.elf.dir/Drivers/STM32F1xx_HAL_Driver/Src/stm32f1xx_hal_rcc.c.obj
LOAD CMakeFiles/wave_recongize_stm32_f1.elf.dir/Drivers/STM32F1xx_HAL_Driver/Src/stm32f1xx_hal_rcc_ex.c.obj
LOAD CMakeFiles/wave_recongize_stm32_f1.elf.dir/Drivers/STM32F1xx_HAL_Driver/Src/stm32f1xx_hal_sd.c.obj
LOAD CMakeFiles/wave_recongize_stm32_f1.elf.dir/Drivers/STM32F1xx_HAL_Driver/Src/stm32f1xx_hal_tim.c.obj
LOAD CMakeFiles/wave_recongize_stm32_f1.elf.dir/Drivers/STM32F1xx_HAL_Driver/Src/stm32f1xx_hal_tim_ex.c.obj
LOAD CMakeFiles/wave_recongize_stm32_f1.elf.dir/Drivers/STM32F1xx_HAL_Driver/Src/stm32f1xx_hal_uart.c.obj
LOAD CMakeFiles/wave_recongize_stm32_f1.elf.dir/Drivers/STM32F1xx_HAL_Driver/Src/stm32f1xx_ll_sdmmc.c.obj
LOAD CMakeFiles/wave_recongize_stm32_f1.elf.dir/FATFS/App/fatfs.c.obj
LOAD CMakeFiles/wave_recongize_stm32_f1.elf.dir/FATFS/Target/bsp_driver_sd.c.obj
LOAD CMakeFiles/wave_recongize_stm32_f1.elf.dir/FATFS/Target/user_diskio.c.obj
LOAD CMakeFiles/wave_recongize_stm32_f1.elf.dir/Middlewares/Third_Party/FatFs/src/diskio.c.obj
LOAD CMakeFiles/wave_recongize_stm32_f1.elf.dir/Middlewares/Third_Party/FatFs/src/drivers/sd_diskio.c.obj
LOAD CMakeFiles/wave_recongize_stm32_f1.elf.dir/Middlewares/Third_Party/FatFs/src/ff.c.obj
LOAD CMakeFiles/wave_recongize_stm32_f1.elf.dir/Middlewares/Third_Party/FatFs/src/ff_gen_drv.c.obj
LOAD CMakeFiles/wave_recongize_stm32_f1.elf.dir/Middlewares/Third_Party/FatFs/src/option/syscall.c.obj
LOAD CMakeFiles/wave_recongize_stm32_f1.elf.dir/startup/startup_stm32f103xe.s.obj
START GROUP
LOAD c:/gun_tools/gcc-arm-none-eabi/bin/../lib/gcc/arm-none-eabi/10.3.1/thumb/v7-m/nofp\libgcc.a
LOAD c:/gun_tools/gcc-arm-none-eabi/bin/../lib/gcc/arm-none-eabi/10.3.1/../../../../arm-none-eabi/lib/thumb/v7-m/nofp\libg.a
LOAD c:/gun_tools/gcc-arm-none-eabi/bin/../lib/gcc/arm-none-eabi/10.3.1/../../../../arm-none-eabi/lib/thumb/v7-m/nofp\libc.a
END GROUP
LOAD c:/gun_tools/gcc-arm-none-eabi/bin/../lib/gcc/arm-none-eabi/10.3.1/thumb/v7-m/nofp/crtend.o
LOAD c:/gun_tools/gcc-arm-none-eabi/bin/../lib/gcc/arm-none-eabi/10.3.1/thumb/v7-m/nofp/crtn.o
                0x20010000                _estack = 0x20010000
                0x00000200                _Min_Heap_Size = 0x200
                0x00000400                _Min_Stack_Size = 0x400

.isr_vector     0x08000000      0x1e4
                0x08000000                . = ALIGN (0x4)
 *(.isr_vector)
 .isr_vector    0x08000000      0x1e4 CMakeFiles/wave_recongize_stm32_f1.elf.dir/startup/startup_stm32f103xe.s.obj
                0x08000000                g_pfnVectors
                0x080001e4                . = ALIGN (0x4)

.text           0x080001e4     0x63d8
                0x080001e4                . = ALIGN (0x4)
 *(.text)
 .text          0x080001e4       0x40 c:/gun_tools/gcc-arm-none-eabi/bin/../lib/gcc/arm-none-eabi/10.3.1/thumb/v7-m/nofp/crtbegin.o
 .text          0x08000224       0xec c:/gun_tools/gcc-arm-none-eabi/bin/../lib/gcc/arm-none-eabi/10.3.1/../../../../arm-none-eabi/lib/thumb/v7-m/nofp\libg.a(lib_a-memcpy.o)
                0x08000224                memcpy
 *(.text*)
 .text.RetargetInit
                0x08000310       0x20 CMakeFiles/wave_recongize_stm32_f1.elf.dir/APP/utils/retarget.c.obj
                0x08000310                RetargetInit
 .text._isatty  0x08000330       0x16 CMakeFiles/wave_recongize_stm32_f1.elf.dir/APP/utils/retarget.c.obj
                0x08000330                _isatty
 *fill*         0x08000346        0x2 
 .text._write   0x08000348       0x34 CMakeFiles/wave_recongize_stm32_f1.elf.dir/APP/utils/retarget.c.obj
                0x08000348                _write
 .text._close   0x0800037c       0x18 CMakeFiles/wave_recongize_stm32_f1.elf.dir/APP/utils/retarget.c.obj
                0x0800037c                _close
 .text._lseek   0x08000394       0x10 CMakeFiles/wave_recongize_stm32_f1.elf.dir/APP/utils/retarget.c.obj
                0x08000394                _lseek
 .text._read    0x080003a4       0x30 CMakeFiles/wave_recongize_stm32_f1.elf.dir/APP/utils/retarget.c.obj
                0x080003a4                _read
 .text._fstat   0x080003d4       0x1a CMakeFiles/wave_recongize_stm32_f1.elf.dir/APP/utils/retarget.c.obj
                0x080003d4                _fstat
 *fill*         0x080003ee        0x2 
 .text.MX_GPIO_Init
                0x080003f0       0x88 CMakeFiles/wave_recongize_stm32_f1.elf.dir/Core/Src/gpio.c.obj
                0x080003f0                MX_GPIO_Init
 .text.fatfs_test
                0x08000478       0x60 CMakeFiles/wave_recongize_stm32_f1.elf.dir/Core/Src/main.c.obj
                0x08000478                fatfs_test
 .text.Error_Handler
                0x080004d8        0x4 CMakeFiles/wave_recongize_stm32_f1.elf.dir/Core/Src/main.c.obj
                0x080004d8                Error_Handler
 .text.SystemClock_Config
                0x080004dc       0x64 CMakeFiles/wave_recongize_stm32_f1.elf.dir/Core/Src/main.c.obj
                0x080004dc                SystemClock_Config
 .text.main     0x08000540       0x74 CMakeFiles/wave_recongize_stm32_f1.elf.dir/Core/Src/main.c.obj
                0x08000540                main
 .text.MX_SDIO_SD_Init
                0x080005b4       0x20 CMakeFiles/wave_recongize_stm32_f1.elf.dir/Core/Src/sdio.c.obj
                0x080005b4                MX_SDIO_SD_Init
 .text.HAL_SD_MspInit
                0x080005d4       0x98 CMakeFiles/wave_recongize_stm32_f1.elf.dir/Core/Src/sdio.c.obj
                0x080005d4                HAL_SD_MspInit
 .text.HAL_MspInit
                0x0800066c       0x4c CMakeFiles/wave_recongize_stm32_f1.elf.dir/Core/Src/stm32f1xx_hal_msp.c.obj
                0x0800066c                HAL_MspInit
 .text.NMI_Handler
                0x080006b8        0x2 CMakeFiles/wave_recongize_stm32_f1.elf.dir/Core/Src/stm32f1xx_it.c.obj
                0x080006b8                NMI_Handler
 .text.HardFault_Handler
                0x080006ba        0x2 CMakeFiles/wave_recongize_stm32_f1.elf.dir/Core/Src/stm32f1xx_it.c.obj
                0x080006ba                HardFault_Handler
 .text.MemManage_Handler
                0x080006bc        0x2 CMakeFiles/wave_recongize_stm32_f1.elf.dir/Core/Src/stm32f1xx_it.c.obj
                0x080006bc                MemManage_Handler
 .text.BusFault_Handler
                0x080006be        0x2 CMakeFiles/wave_recongize_stm32_f1.elf.dir/Core/Src/stm32f1xx_it.c.obj
                0x080006be                BusFault_Handler
 .text.UsageFault_Handler
                0x080006c0        0x2 CMakeFiles/wave_recongize_stm32_f1.elf.dir/Core/Src/stm32f1xx_it.c.obj
                0x080006c0                UsageFault_Handler
 .text.SVC_Handler
                0x080006c2        0x2 CMakeFiles/wave_recongize_stm32_f1.elf.dir/Core/Src/stm32f1xx_it.c.obj
                0x080006c2                SVC_Handler
 .text.DebugMon_Handler
                0x080006c4        0x2 CMakeFiles/wave_recongize_stm32_f1.elf.dir/Core/Src/stm32f1xx_it.c.obj
                0x080006c4                DebugMon_Handler
 .text.PendSV_Handler
                0x080006c6        0x2 CMakeFiles/wave_recongize_stm32_f1.elf.dir/Core/Src/stm32f1xx_it.c.obj
                0x080006c6                PendSV_Handler
 .text.SysTick_Handler
                0x080006c8        0x8 CMakeFiles/wave_recongize_stm32_f1.elf.dir/Core/Src/stm32f1xx_it.c.obj
                0x080006c8                SysTick_Handler
 .text.USART1_IRQHandler
                0x080006d0       0x10 CMakeFiles/wave_recongize_stm32_f1.elf.dir/Core/Src/stm32f1xx_it.c.obj
                0x080006d0                USART1_IRQHandler
 .text.SDIO_IRQHandler
                0x080006e0       0x10 CMakeFiles/wave_recongize_stm32_f1.elf.dir/Core/Src/stm32f1xx_it.c.obj
                0x080006e0                SDIO_IRQHandler
 .text._sbrk    0x080006f0       0x3c CMakeFiles/wave_recongize_stm32_f1.elf.dir/Core/Src/syscalls.c.obj
                0x080006f0                _sbrk
 .text.SystemInit
                0x0800072c        0x2 CMakeFiles/wave_recongize_stm32_f1.elf.dir/Core/Src/system_stm32f1xx.c.obj
                0x0800072c                SystemInit
 *fill*         0x0800072e        0x2 
 .text.MX_USART1_UART_Init
                0x08000730       0x34 CMakeFiles/wave_recongize_stm32_f1.elf.dir/Core/Src/usart.c.obj
                0x08000730                MX_USART1_UART_Init
 .text.HAL_UART_MspInit
                0x08000764       0x88 CMakeFiles/wave_recongize_stm32_f1.elf.dir/Core/Src/usart.c.obj
                0x08000764                HAL_UART_MspInit
 .text.HAL_InitTick
                0x080007ec       0x4c CMakeFiles/wave_recongize_stm32_f1.elf.dir/Drivers/STM32F1xx_HAL_Driver/Src/stm32f1xx_hal.c.obj
                0x080007ec                HAL_InitTick
 .text.HAL_Init
                0x08000838       0x24 CMakeFiles/wave_recongize_stm32_f1.elf.dir/Drivers/STM32F1xx_HAL_Driver/Src/stm32f1xx_hal.c.obj
                0x08000838                HAL_Init
 .text.HAL_IncTick
                0x0800085c       0x18 CMakeFiles/wave_recongize_stm32_f1.elf.dir/Drivers/STM32F1xx_HAL_Driver/Src/stm32f1xx_hal.c.obj
                0x0800085c                HAL_IncTick
 .text.HAL_GetTick
                0x08000874        0xc CMakeFiles/wave_recongize_stm32_f1.elf.dir/Drivers/STM32F1xx_HAL_Driver/Src/stm32f1xx_hal.c.obj
                0x08000874                HAL_GetTick
 .text.HAL_Delay
                0x08000880       0x28 CMakeFiles/wave_recongize_stm32_f1.elf.dir/Drivers/STM32F1xx_HAL_Driver/Src/stm32f1xx_hal.c.obj
                0x08000880                HAL_Delay
 .text.HAL_NVIC_SetPriorityGrouping
                0x080008a8       0x24 CMakeFiles/wave_recongize_stm32_f1.elf.dir/Drivers/STM32F1xx_HAL_Driver/Src/stm32f1xx_hal_cortex.c.obj
                0x080008a8                HAL_NVIC_SetPriorityGrouping
 .text.HAL_NVIC_SetPriority
                0x080008cc       0x70 CMakeFiles/wave_recongize_stm32_f1.elf.dir/Drivers/STM32F1xx_HAL_Driver/Src/stm32f1xx_hal_cortex.c.obj
                0x080008cc                HAL_NVIC_SetPriority
 .text.HAL_NVIC_EnableIRQ
                0x0800093c       0x1c CMakeFiles/wave_recongize_stm32_f1.elf.dir/Drivers/STM32F1xx_HAL_Driver/Src/stm32f1xx_hal_cortex.c.obj
                0x0800093c                HAL_NVIC_EnableIRQ
 .text.HAL_SYSTICK_Config
                0x08000958       0x28 CMakeFiles/wave_recongize_stm32_f1.elf.dir/Drivers/STM32F1xx_HAL_Driver/Src/stm32f1xx_hal_cortex.c.obj
                0x08000958                HAL_SYSTICK_Config
 .text.HAL_DMA_Abort
                0x08000980       0x44 CMakeFiles/wave_recongize_stm32_f1.elf.dir/Drivers/STM32F1xx_HAL_Driver/Src/stm32f1xx_hal_dma.c.obj
                0x08000980                HAL_DMA_Abort
 .text.HAL_DMA_Abort_IT
                0x080009c4      0x168 CMakeFiles/wave_recongize_stm32_f1.elf.dir/Drivers/STM32F1xx_HAL_Driver/Src/stm32f1xx_hal_dma.c.obj
                0x080009c4                HAL_DMA_Abort_IT
 .text.HAL_GPIO_Init
                0x08000b2c      0x240 CMakeFiles/wave_recongize_stm32_f1.elf.dir/Drivers/STM32F1xx_HAL_Driver/Src/stm32f1xx_hal_gpio.c.obj
                0x08000b2c                HAL_GPIO_Init
 .text.HAL_GPIO_WritePin
                0x08000d6c        0xc CMakeFiles/wave_recongize_stm32_f1.elf.dir/Drivers/STM32F1xx_HAL_Driver/Src/stm32f1xx_hal_gpio.c.obj
                0x08000d6c                HAL_GPIO_WritePin
 .text.HAL_GPIO_TogglePin
                0x08000d78       0x12 CMakeFiles/wave_recongize_stm32_f1.elf.dir/Drivers/STM32F1xx_HAL_Driver/Src/stm32f1xx_hal_gpio.c.obj
                0x08000d78                HAL_GPIO_TogglePin
 *fill*         0x08000d8a        0x2 
 .text.RCC_Delay
                0x08000d8c       0x2c CMakeFiles/wave_recongize_stm32_f1.elf.dir/Drivers/STM32F1xx_HAL_Driver/Src/stm32f1xx_hal_rcc.c.obj
 .text.HAL_RCC_OscConfig
                0x08000db8      0x410 CMakeFiles/wave_recongize_stm32_f1.elf.dir/Drivers/STM32F1xx_HAL_Driver/Src/stm32f1xx_hal_rcc.c.obj
                0x08000db8                HAL_RCC_OscConfig
 .text.HAL_RCC_GetSysClockFreq
                0x080011c8       0x70 CMakeFiles/wave_recongize_stm32_f1.elf.dir/Drivers/STM32F1xx_HAL_Driver/Src/stm32f1xx_hal_rcc.c.obj
                0x080011c8                HAL_RCC_GetSysClockFreq
 .text.HAL_RCC_ClockConfig
                0x08001238      0x16c CMakeFiles/wave_recongize_stm32_f1.elf.dir/Drivers/STM32F1xx_HAL_Driver/Src/stm32f1xx_hal_rcc.c.obj
                0x08001238                HAL_RCC_ClockConfig
 .text.HAL_RCC_GetHCLKFreq
                0x080013a4        0xc CMakeFiles/wave_recongize_stm32_f1.elf.dir/Drivers/STM32F1xx_HAL_Driver/Src/stm32f1xx_hal_rcc.c.obj
                0x080013a4                HAL_RCC_GetHCLKFreq
 .text.HAL_RCC_GetPCLK1Freq
                0x080013b0       0x20 CMakeFiles/wave_recongize_stm32_f1.elf.dir/Drivers/STM32F1xx_HAL_Driver/Src/stm32f1xx_hal_rcc.c.obj
                0x080013b0                HAL_RCC_GetPCLK1Freq
 .text.HAL_RCC_GetPCLK2Freq
                0x080013d0       0x20 CMakeFiles/wave_recongize_stm32_f1.elf.dir/Drivers/STM32F1xx_HAL_Driver/Src/stm32f1xx_hal_rcc.c.obj
                0x080013d0                HAL_RCC_GetPCLK2Freq
 .text.SD_PowerON
                0x080013f0       0xc0 CMakeFiles/wave_recongize_stm32_f1.elf.dir/Drivers/STM32F1xx_HAL_Driver/Src/stm32f1xx_hal_sd.c.obj
 .text.SD_Read_IT
                0x080014b0       0x38 CMakeFiles/wave_recongize_stm32_f1.elf.dir/Drivers/STM32F1xx_HAL_Driver/Src/stm32f1xx_hal_sd.c.obj
 .text.SD_Write_IT
                0x080014e8       0x48 CMakeFiles/wave_recongize_stm32_f1.elf.dir/Drivers/STM32F1xx_HAL_Driver/Src/stm32f1xx_hal_sd.c.obj
 .text.SD_FindSCR
                0x08001530      0x100 CMakeFiles/wave_recongize_stm32_f1.elf.dir/Drivers/STM32F1xx_HAL_Driver/Src/stm32f1xx_hal_sd.c.obj
 .text.SD_WideBus_Enable
                0x08001630       0x4e CMakeFiles/wave_recongize_stm32_f1.elf.dir/Drivers/STM32F1xx_HAL_Driver/Src/stm32f1xx_hal_sd.c.obj
 .text.SD_WideBus_Disable
                0x0800167e       0x4e CMakeFiles/wave_recongize_stm32_f1.elf.dir/Drivers/STM32F1xx_HAL_Driver/Src/stm32f1xx_hal_sd.c.obj
 .text.SD_SendStatus
                0x080016cc       0x2c CMakeFiles/wave_recongize_stm32_f1.elf.dir/Drivers/STM32F1xx_HAL_Driver/Src/stm32f1xx_hal_sd.c.obj
 .text.HAL_SD_ReadBlocks
                0x080016f8      0x248 CMakeFiles/wave_recongize_stm32_f1.elf.dir/Drivers/STM32F1xx_HAL_Driver/Src/stm32f1xx_hal_sd.c.obj
                0x080016f8                HAL_SD_ReadBlocks
 .text.HAL_SD_WriteBlocks
                0x08001940      0x204 CMakeFiles/wave_recongize_stm32_f1.elf.dir/Drivers/STM32F1xx_HAL_Driver/Src/stm32f1xx_hal_sd.c.obj
                0x08001940                HAL_SD_WriteBlocks
 .text.HAL_SD_ErrorCallback
                0x08001b44        0x2 CMakeFiles/wave_recongize_stm32_f1.elf.dir/Drivers/STM32F1xx_HAL_Driver/Src/stm32f1xx_hal_sd.c.obj
                0x08001b44                HAL_SD_ErrorCallback
 *fill*         0x08001b46        0x2 
 .text.HAL_SD_GetCardCSD
                0x08001b48      0x1b8 CMakeFiles/wave_recongize_stm32_f1.elf.dir/Drivers/STM32F1xx_HAL_Driver/Src/stm32f1xx_hal_sd.c.obj
                0x08001b48                HAL_SD_GetCardCSD
 .text.SD_InitCard
                0x08001d00      0x100 CMakeFiles/wave_recongize_stm32_f1.elf.dir/Drivers/STM32F1xx_HAL_Driver/Src/stm32f1xx_hal_sd.c.obj
 .text.HAL_SD_InitCard
                0x08001e00       0xa0 CMakeFiles/wave_recongize_stm32_f1.elf.dir/Drivers/STM32F1xx_HAL_Driver/Src/stm32f1xx_hal_sd.c.obj
                0x08001e00                HAL_SD_InitCard
 .text.HAL_SD_Init
                0x08001ea0       0x36 CMakeFiles/wave_recongize_stm32_f1.elf.dir/Drivers/STM32F1xx_HAL_Driver/Src/stm32f1xx_hal_sd.c.obj
                0x08001ea0                HAL_SD_Init
 .text.HAL_SD_GetCardInfo
                0x08001ed6       0x24 CMakeFiles/wave_recongize_stm32_f1.elf.dir/Drivers/STM32F1xx_HAL_Driver/Src/stm32f1xx_hal_sd.c.obj
                0x08001ed6                HAL_SD_GetCardInfo
 *fill*         0x08001efa        0x2 
 .text.HAL_SD_ConfigWideBusOperation
                0x08001efc       0xc0 CMakeFiles/wave_recongize_stm32_f1.elf.dir/Drivers/STM32F1xx_HAL_Driver/Src/stm32f1xx_hal_sd.c.obj
                0x08001efc                HAL_SD_ConfigWideBusOperation
 .text.HAL_SD_GetCardState
                0x08001fbc       0x22 CMakeFiles/wave_recongize_stm32_f1.elf.dir/Drivers/STM32F1xx_HAL_Driver/Src/stm32f1xx_hal_sd.c.obj
                0x08001fbc                HAL_SD_GetCardState
 .text.SD_DMATxAbort
                0x08001fde       0x44 CMakeFiles/wave_recongize_stm32_f1.elf.dir/Drivers/STM32F1xx_HAL_Driver/Src/stm32f1xx_hal_sd.c.obj
 .text.SD_DMARxAbort
                0x08002022       0x44 CMakeFiles/wave_recongize_stm32_f1.elf.dir/Drivers/STM32F1xx_HAL_Driver/Src/stm32f1xx_hal_sd.c.obj
 *fill*         0x08002066        0x2 
 .text.HAL_SD_IRQHandler
                0x08002068      0x1cc CMakeFiles/wave_recongize_stm32_f1.elf.dir/Drivers/STM32F1xx_HAL_Driver/Src/stm32f1xx_hal_sd.c.obj
                0x08002068                HAL_SD_IRQHandler
 .text.UART_EndRxTransfer
                0x08002234       0x32 CMakeFiles/wave_recongize_stm32_f1.elf.dir/Drivers/STM32F1xx_HAL_Driver/Src/stm32f1xx_hal_uart.c.obj
 .text.UART_Transmit_IT
                0x08002266       0x60 CMakeFiles/wave_recongize_stm32_f1.elf.dir/Drivers/STM32F1xx_HAL_Driver/Src/stm32f1xx_hal_uart.c.obj
 *fill*         0x080022c6        0x2 
 .text.UART_SetConfig
                0x080022c8       0x94 CMakeFiles/wave_recongize_stm32_f1.elf.dir/Drivers/STM32F1xx_HAL_Driver/Src/stm32f1xx_hal_uart.c.obj
 .text.UART_WaitOnFlagUntilTimeout
                0x0800235c       0x6c CMakeFiles/wave_recongize_stm32_f1.elf.dir/Drivers/STM32F1xx_HAL_Driver/Src/stm32f1xx_hal_uart.c.obj
 .text.HAL_UART_Init
                0x080023c8       0x5e CMakeFiles/wave_recongize_stm32_f1.elf.dir/Drivers/STM32F1xx_HAL_Driver/Src/stm32f1xx_hal_uart.c.obj
                0x080023c8                HAL_UART_Init
 .text.HAL_UART_Transmit
                0x08002426       0xd8 CMakeFiles/wave_recongize_stm32_f1.elf.dir/Drivers/STM32F1xx_HAL_Driver/Src/stm32f1xx_hal_uart.c.obj
                0x08002426                HAL_UART_Transmit
 .text.HAL_UART_Receive
                0x080024fe       0xe4 CMakeFiles/wave_recongize_stm32_f1.elf.dir/Drivers/STM32F1xx_HAL_Driver/Src/stm32f1xx_hal_uart.c.obj
                0x080024fe                HAL_UART_Receive
 .text.HAL_UART_TxCpltCallback
                0x080025e2        0x2 CMakeFiles/wave_recongize_stm32_f1.elf.dir/Drivers/STM32F1xx_HAL_Driver/Src/stm32f1xx_hal_uart.c.obj
                0x080025e2                HAL_UART_TxCpltCallback
 .text.UART_EndTransmit_IT
                0x080025e4       0x1a CMakeFiles/wave_recongize_stm32_f1.elf.dir/Drivers/STM32F1xx_HAL_Driver/Src/stm32f1xx_hal_uart.c.obj
 .text.HAL_UART_RxCpltCallback
                0x080025fe        0x2 CMakeFiles/wave_recongize_stm32_f1.elf.dir/Drivers/STM32F1xx_HAL_Driver/Src/stm32f1xx_hal_uart.c.obj
                0x080025fe                HAL_UART_RxCpltCallback
 .text.HAL_UART_ErrorCallback
                0x08002600        0x2 CMakeFiles/wave_recongize_stm32_f1.elf.dir/Drivers/STM32F1xx_HAL_Driver/Src/stm32f1xx_hal_uart.c.obj
                0x08002600                HAL_UART_ErrorCallback
 .text.UART_DMAAbortOnError
                0x08002602       0x10 CMakeFiles/wave_recongize_stm32_f1.elf.dir/Drivers/STM32F1xx_HAL_Driver/Src/stm32f1xx_hal_uart.c.obj
 .text.HAL_UARTEx_RxEventCallback
                0x08002612        0x2 CMakeFiles/wave_recongize_stm32_f1.elf.dir/Drivers/STM32F1xx_HAL_Driver/Src/stm32f1xx_hal_uart.c.obj
                0x08002612                HAL_UARTEx_RxEventCallback
 .text.UART_Receive_IT
                0x08002614       0xd4 CMakeFiles/wave_recongize_stm32_f1.elf.dir/Drivers/STM32F1xx_HAL_Driver/Src/stm32f1xx_hal_uart.c.obj
 .text.HAL_UART_IRQHandler
                0x080026e8      0x204 CMakeFiles/wave_recongize_stm32_f1.elf.dir/Drivers/STM32F1xx_HAL_Driver/Src/stm32f1xx_hal_uart.c.obj
                0x080026e8                HAL_UART_IRQHandler
 .text.SDMMC_GetCmdError
                0x080028ec       0x38 CMakeFiles/wave_recongize_stm32_f1.elf.dir/Drivers/STM32F1xx_HAL_Driver/Src/stm32f1xx_ll_sdmmc.c.obj
 .text.SDMMC_GetCmdResp2
                0x08002924       0x5c CMakeFiles/wave_recongize_stm32_f1.elf.dir/Drivers/STM32F1xx_HAL_Driver/Src/stm32f1xx_ll_sdmmc.c.obj
 .text.SDMMC_GetCmdResp3
                0x08002980       0x4c CMakeFiles/wave_recongize_stm32_f1.elf.dir/Drivers/STM32F1xx_HAL_Driver/Src/stm32f1xx_ll_sdmmc.c.obj
 .text.SDMMC_GetCmdResp7
                0x080029cc       0x64 CMakeFiles/wave_recongize_stm32_f1.elf.dir/Drivers/STM32F1xx_HAL_Driver/Src/stm32f1xx_ll_sdmmc.c.obj
 .text.SDIO_Init
                0x08002a30       0x32 CMakeFiles/wave_recongize_stm32_f1.elf.dir/Drivers/STM32F1xx_HAL_Driver/Src/stm32f1xx_ll_sdmmc.c.obj
                0x08002a30                SDIO_Init
 .text.SDIO_ReadFIFO
                0x08002a62        0x6 CMakeFiles/wave_recongize_stm32_f1.elf.dir/Drivers/STM32F1xx_HAL_Driver/Src/stm32f1xx_ll_sdmmc.c.obj
                0x08002a62                SDIO_ReadFIFO
 .text.SDIO_WriteFIFO
                0x08002a68        0xa CMakeFiles/wave_recongize_stm32_f1.elf.dir/Drivers/STM32F1xx_HAL_Driver/Src/stm32f1xx_ll_sdmmc.c.obj
                0x08002a68                SDIO_WriteFIFO
 .text.SDIO_PowerState_ON
                0x08002a72       0x10 CMakeFiles/wave_recongize_stm32_f1.elf.dir/Drivers/STM32F1xx_HAL_Driver/Src/stm32f1xx_ll_sdmmc.c.obj
                0x08002a72                SDIO_PowerState_ON
 .text.SDIO_GetPowerState
                0x08002a82        0x8 CMakeFiles/wave_recongize_stm32_f1.elf.dir/Drivers/STM32F1xx_HAL_Driver/Src/stm32f1xx_ll_sdmmc.c.obj
                0x08002a82                SDIO_GetPowerState
 .text.SDIO_SendCommand
                0x08002a8a       0x24 CMakeFiles/wave_recongize_stm32_f1.elf.dir/Drivers/STM32F1xx_HAL_Driver/Src/stm32f1xx_ll_sdmmc.c.obj
                0x08002a8a                SDIO_SendCommand
 .text.SDIO_GetCommandResponse
                0x08002aae        0x6 CMakeFiles/wave_recongize_stm32_f1.elf.dir/Drivers/STM32F1xx_HAL_Driver/Src/stm32f1xx_ll_sdmmc.c.obj
                0x08002aae                SDIO_GetCommandResponse
 .text.SDIO_GetResponse
                0x08002ab4        0x6 CMakeFiles/wave_recongize_stm32_f1.elf.dir/Drivers/STM32F1xx_HAL_Driver/Src/stm32f1xx_ll_sdmmc.c.obj
                0x08002ab4                SDIO_GetResponse
 *fill*         0x08002aba        0x2 
 .text.SDMMC_GetCmdResp1
                0x08002abc      0x154 CMakeFiles/wave_recongize_stm32_f1.elf.dir/Drivers/STM32F1xx_HAL_Driver/Src/stm32f1xx_ll_sdmmc.c.obj
 .text.SDMMC_GetCmdResp6
                0x08002c10       0xa0 CMakeFiles/wave_recongize_stm32_f1.elf.dir/Drivers/STM32F1xx_HAL_Driver/Src/stm32f1xx_ll_sdmmc.c.obj
 .text.SDIO_ConfigData
                0x08002cb0       0x24 CMakeFiles/wave_recongize_stm32_f1.elf.dir/Drivers/STM32F1xx_HAL_Driver/Src/stm32f1xx_ll_sdmmc.c.obj
                0x08002cb0                SDIO_ConfigData
 .text.SDMMC_CmdBlockLength
                0x08002cd4       0x30 CMakeFiles/wave_recongize_stm32_f1.elf.dir/Drivers/STM32F1xx_HAL_Driver/Src/stm32f1xx_ll_sdmmc.c.obj
                0x08002cd4                SDMMC_CmdBlockLength
 .text.SDMMC_CmdReadSingleBlock
                0x08002d04       0x30 CMakeFiles/wave_recongize_stm32_f1.elf.dir/Drivers/STM32F1xx_HAL_Driver/Src/stm32f1xx_ll_sdmmc.c.obj
                0x08002d04                SDMMC_CmdReadSingleBlock
 .text.SDMMC_CmdReadMultiBlock
                0x08002d34       0x30 CMakeFiles/wave_recongize_stm32_f1.elf.dir/Drivers/STM32F1xx_HAL_Driver/Src/stm32f1xx_ll_sdmmc.c.obj
                0x08002d34                SDMMC_CmdReadMultiBlock
 .text.SDMMC_CmdWriteSingleBlock
                0x08002d64       0x30 CMakeFiles/wave_recongize_stm32_f1.elf.dir/Drivers/STM32F1xx_HAL_Driver/Src/stm32f1xx_ll_sdmmc.c.obj
                0x08002d64                SDMMC_CmdWriteSingleBlock
 .text.SDMMC_CmdWriteMultiBlock
                0x08002d94       0x30 CMakeFiles/wave_recongize_stm32_f1.elf.dir/Drivers/STM32F1xx_HAL_Driver/Src/stm32f1xx_ll_sdmmc.c.obj
                0x08002d94                SDMMC_CmdWriteMultiBlock
 .text.SDMMC_CmdStopTransfer
                0x08002dc4       0x34 CMakeFiles/wave_recongize_stm32_f1.elf.dir/Drivers/STM32F1xx_HAL_Driver/Src/stm32f1xx_ll_sdmmc.c.obj
                0x08002dc4                SDMMC_CmdStopTransfer
 .text.SDMMC_CmdSelDesel
                0x08002df8       0x30 CMakeFiles/wave_recongize_stm32_f1.elf.dir/Drivers/STM32F1xx_HAL_Driver/Src/stm32f1xx_ll_sdmmc.c.obj
                0x08002df8                SDMMC_CmdSelDesel
 .text.SDMMC_CmdGoIdleState
                0x08002e28       0x26 CMakeFiles/wave_recongize_stm32_f1.elf.dir/Drivers/STM32F1xx_HAL_Driver/Src/stm32f1xx_ll_sdmmc.c.obj
                0x08002e28                SDMMC_CmdGoIdleState
 .text.SDMMC_CmdOperCond
                0x08002e4e       0x2e CMakeFiles/wave_recongize_stm32_f1.elf.dir/Drivers/STM32F1xx_HAL_Driver/Src/stm32f1xx_ll_sdmmc.c.obj
                0x08002e4e                SDMMC_CmdOperCond
 .text.SDMMC_CmdAppCommand
                0x08002e7c       0x30 CMakeFiles/wave_recongize_stm32_f1.elf.dir/Drivers/STM32F1xx_HAL_Driver/Src/stm32f1xx_ll_sdmmc.c.obj
                0x08002e7c                SDMMC_CmdAppCommand
 .text.SDMMC_CmdAppOperCommand
                0x08002eac       0x32 CMakeFiles/wave_recongize_stm32_f1.elf.dir/Drivers/STM32F1xx_HAL_Driver/Src/stm32f1xx_ll_sdmmc.c.obj
                0x08002eac                SDMMC_CmdAppOperCommand
 .text.SDMMC_CmdBusWidth
                0x08002ede       0x30 CMakeFiles/wave_recongize_stm32_f1.elf.dir/Drivers/STM32F1xx_HAL_Driver/Src/stm32f1xx_ll_sdmmc.c.obj
                0x08002ede                SDMMC_CmdBusWidth
 .text.SDMMC_CmdSendSCR
                0x08002f0e       0x30 CMakeFiles/wave_recongize_stm32_f1.elf.dir/Drivers/STM32F1xx_HAL_Driver/Src/stm32f1xx_ll_sdmmc.c.obj
                0x08002f0e                SDMMC_CmdSendSCR
 .text.SDMMC_CmdSendCID
                0x08002f3e       0x2a CMakeFiles/wave_recongize_stm32_f1.elf.dir/Drivers/STM32F1xx_HAL_Driver/Src/stm32f1xx_ll_sdmmc.c.obj
                0x08002f3e                SDMMC_CmdSendCID
 .text.SDMMC_CmdSendCSD
                0x08002f68       0x2a CMakeFiles/wave_recongize_stm32_f1.elf.dir/Drivers/STM32F1xx_HAL_Driver/Src/stm32f1xx_ll_sdmmc.c.obj
                0x08002f68                SDMMC_CmdSendCSD
 .text.SDMMC_CmdSetRelAdd
                0x08002f92       0x30 CMakeFiles/wave_recongize_stm32_f1.elf.dir/Drivers/STM32F1xx_HAL_Driver/Src/stm32f1xx_ll_sdmmc.c.obj
                0x08002f92                SDMMC_CmdSetRelAdd
 .text.SDMMC_CmdSendStatus
                0x08002fc2       0x30 CMakeFiles/wave_recongize_stm32_f1.elf.dir/Drivers/STM32F1xx_HAL_Driver/Src/stm32f1xx_ll_sdmmc.c.obj
                0x08002fc2                SDMMC_CmdSendStatus
 *fill*         0x08002ff2        0x2 
 .text.MX_FATFS_Init
                0x08002ff4       0x34 CMakeFiles/wave_recongize_stm32_f1.elf.dir/FATFS/App/fatfs.c.obj
                0x08002ff4                MX_FATFS_Init
 .text.get_fattime
                0x08003028        0x4 CMakeFiles/wave_recongize_stm32_f1.elf.dir/FATFS/App/fatfs.c.obj
                0x08003028                get_fattime
 .text.BSP_SD_ReadBlocks
                0x0800302c       0x20 CMakeFiles/wave_recongize_stm32_f1.elf.dir/FATFS/Target/bsp_driver_sd.c.obj
                0x0800302c                BSP_SD_ReadBlocks
 .text.BSP_SD_WriteBlocks
                0x0800304c       0x20 CMakeFiles/wave_recongize_stm32_f1.elf.dir/FATFS/Target/bsp_driver_sd.c.obj
                0x0800304c                BSP_SD_WriteBlocks
 .text.BSP_SD_GetCardState
                0x0800306c       0x14 CMakeFiles/wave_recongize_stm32_f1.elf.dir/FATFS/Target/bsp_driver_sd.c.obj
                0x0800306c                BSP_SD_GetCardState
 .text.BSP_SD_GetCardInfo
                0x08003080       0x10 CMakeFiles/wave_recongize_stm32_f1.elf.dir/FATFS/Target/bsp_driver_sd.c.obj
                0x08003080                BSP_SD_GetCardInfo
 .text.BSP_SD_AbortCallback
                0x08003090        0x2 CMakeFiles/wave_recongize_stm32_f1.elf.dir/FATFS/Target/bsp_driver_sd.c.obj
                0x08003090                BSP_SD_AbortCallback
 .text.HAL_SD_AbortCallback
                0x08003092        0x8 CMakeFiles/wave_recongize_stm32_f1.elf.dir/FATFS/Target/bsp_driver_sd.c.obj
                0x08003092                HAL_SD_AbortCallback
 .text.BSP_SD_WriteCpltCallback
                0x0800309a        0x2 CMakeFiles/wave_recongize_stm32_f1.elf.dir/FATFS/Target/bsp_driver_sd.c.obj
                0x0800309a                BSP_SD_WriteCpltCallback
 .text.HAL_SD_TxCpltCallback
                0x0800309c        0x8 CMakeFiles/wave_recongize_stm32_f1.elf.dir/FATFS/Target/bsp_driver_sd.c.obj
                0x0800309c                HAL_SD_TxCpltCallback
 .text.BSP_SD_ReadCpltCallback
                0x080030a4        0x2 CMakeFiles/wave_recongize_stm32_f1.elf.dir/FATFS/Target/bsp_driver_sd.c.obj
                0x080030a4                BSP_SD_ReadCpltCallback
 .text.HAL_SD_RxCpltCallback
                0x080030a6        0x8 CMakeFiles/wave_recongize_stm32_f1.elf.dir/FATFS/Target/bsp_driver_sd.c.obj
                0x080030a6                HAL_SD_RxCpltCallback
 .text.BSP_SD_IsDetected
                0x080030ae       0x10 CMakeFiles/wave_recongize_stm32_f1.elf.dir/FATFS/Target/bsp_driver_sd.c.obj
                0x080030ae                BSP_SD_IsDetected
 *fill*         0x080030be        0x2 
 .text.BSP_SD_Init
                0x080030c0       0x34 CMakeFiles/wave_recongize_stm32_f1.elf.dir/FATFS/Target/bsp_driver_sd.c.obj
                0x080030c0                BSP_SD_Init
 .text.USER_initialize
                0x080030f4       0x10 CMakeFiles/wave_recongize_stm32_f1.elf.dir/FATFS/Target/user_diskio.c.obj
                0x080030f4                USER_initialize
 .text.USER_status
                0x08003104       0x10 CMakeFiles/wave_recongize_stm32_f1.elf.dir/FATFS/Target/user_diskio.c.obj
                0x08003104                USER_status
 .text.USER_read
                0x08003114        0x4 CMakeFiles/wave_recongize_stm32_f1.elf.dir/FATFS/Target/user_diskio.c.obj
                0x08003114                USER_read
 .text.USER_write
                0x08003118        0x4 CMakeFiles/wave_recongize_stm32_f1.elf.dir/FATFS/Target/user_diskio.c.obj
                0x08003118                USER_write
 .text.USER_ioctl
                0x0800311c        0x4 CMakeFiles/wave_recongize_stm32_f1.elf.dir/FATFS/Target/user_diskio.c.obj
                0x0800311c                USER_ioctl
 .text.disk_status
                0x08003120       0x18 CMakeFiles/wave_recongize_stm32_f1.elf.dir/Middlewares/Third_Party/FatFs/src/diskio.c.obj
                0x08003120                disk_status
 .text.disk_initialize
                0x08003138       0x28 CMakeFiles/wave_recongize_stm32_f1.elf.dir/Middlewares/Third_Party/FatFs/src/diskio.c.obj
                0x08003138                disk_initialize
 .text.disk_read
                0x08003160       0x18 CMakeFiles/wave_recongize_stm32_f1.elf.dir/Middlewares/Third_Party/FatFs/src/diskio.c.obj
                0x08003160                disk_read
 .text.disk_write
                0x08003178       0x18 CMakeFiles/wave_recongize_stm32_f1.elf.dir/Middlewares/Third_Party/FatFs/src/diskio.c.obj
                0x08003178                disk_write
 .text.disk_ioctl
                0x08003190       0x18 CMakeFiles/wave_recongize_stm32_f1.elf.dir/Middlewares/Third_Party/FatFs/src/diskio.c.obj
                0x08003190                disk_ioctl
 .text.SD_initialize
                0x080031a8       0x24 CMakeFiles/wave_recongize_stm32_f1.elf.dir/Middlewares/Third_Party/FatFs/src/drivers/sd_diskio.c.obj
                0x080031a8                SD_initialize
 .text.SD_status
                0x080031cc       0x24 CMakeFiles/wave_recongize_stm32_f1.elf.dir/Middlewares/Third_Party/FatFs/src/drivers/sd_diskio.c.obj
                0x080031cc                SD_status
 .text.SD_read  0x080031f0       0x38 CMakeFiles/wave_recongize_stm32_f1.elf.dir/Middlewares/Third_Party/FatFs/src/drivers/sd_diskio.c.obj
                0x080031f0                SD_read
 .text.SD_write
                0x08003228       0x38 CMakeFiles/wave_recongize_stm32_f1.elf.dir/Middlewares/Third_Party/FatFs/src/drivers/sd_diskio.c.obj
                0x08003228                SD_write
 .text.SD_ioctl
                0x08003260       0x54 CMakeFiles/wave_recongize_stm32_f1.elf.dir/Middlewares/Third_Party/FatFs/src/drivers/sd_diskio.c.obj
                0x08003260                SD_ioctl
 .text.mem_cpy  0x080032b4       0x14 CMakeFiles/wave_recongize_stm32_f1.elf.dir/Middlewares/Third_Party/FatFs/src/ff.c.obj
 .text.mem_set  0x080032c8       0x10 CMakeFiles/wave_recongize_stm32_f1.elf.dir/Middlewares/Third_Party/FatFs/src/ff.c.obj
 .text.mem_cmp  0x080032d8       0x1e CMakeFiles/wave_recongize_stm32_f1.elf.dir/Middlewares/Third_Party/FatFs/src/ff.c.obj
 .text.chk_chr  0x080032f6       0x10 CMakeFiles/wave_recongize_stm32_f1.elf.dir/Middlewares/Third_Party/FatFs/src/ff.c.obj
 *fill*         0x08003306        0x2 
 .text.chk_lock
                0x08003308       0x8c CMakeFiles/wave_recongize_stm32_f1.elf.dir/Middlewares/Third_Party/FatFs/src/ff.c.obj
 .text.enq_lock
                0x08003394       0x24 CMakeFiles/wave_recongize_stm32_f1.elf.dir/Middlewares/Third_Party/FatFs/src/ff.c.obj
 .text.inc_lock
                0x080033b8       0xcc CMakeFiles/wave_recongize_stm32_f1.elf.dir/Middlewares/Third_Party/FatFs/src/ff.c.obj
 .text.dec_lock
                0x08003484       0x48 CMakeFiles/wave_recongize_stm32_f1.elf.dir/Middlewares/Third_Party/FatFs/src/ff.c.obj
 .text.clear_lock
                0x080034cc       0x44 CMakeFiles/wave_recongize_stm32_f1.elf.dir/Middlewares/Third_Party/FatFs/src/ff.c.obj
 .text.clmt_clust
                0x08003510       0x28 CMakeFiles/wave_recongize_stm32_f1.elf.dir/Middlewares/Third_Party/FatFs/src/ff.c.obj
 .text.ld_clust
                0x08003538       0x22 CMakeFiles/wave_recongize_stm32_f1.elf.dir/Middlewares/Third_Party/FatFs/src/ff.c.obj
 .text.st_clust
                0x0800355a       0x14 CMakeFiles/wave_recongize_stm32_f1.elf.dir/Middlewares/Third_Party/FatFs/src/ff.c.obj
 *fill*         0x0800356e        0x2 
 .text.create_name
                0x08003570      0x114 CMakeFiles/wave_recongize_stm32_f1.elf.dir/Middlewares/Third_Party/FatFs/src/ff.c.obj
 .text.get_ldnumber
                0x08003684       0x50 CMakeFiles/wave_recongize_stm32_f1.elf.dir/Middlewares/Third_Party/FatFs/src/ff.c.obj
 .text.sync_window
                0x080036d4       0x5e CMakeFiles/wave_recongize_stm32_f1.elf.dir/Middlewares/Third_Party/FatFs/src/ff.c.obj
 .text.move_window
                0x08003732       0x3a CMakeFiles/wave_recongize_stm32_f1.elf.dir/Middlewares/Third_Party/FatFs/src/ff.c.obj
 .text.check_fs
                0x0800376c       0x90 CMakeFiles/wave_recongize_stm32_f1.elf.dir/Middlewares/Third_Party/FatFs/src/ff.c.obj
 .text.validate
                0x080037fc       0x34 CMakeFiles/wave_recongize_stm32_f1.elf.dir/Middlewares/Third_Party/FatFs/src/ff.c.obj
 .text.find_volume
                0x08003830      0x3ac CMakeFiles/wave_recongize_stm32_f1.elf.dir/Middlewares/Third_Party/FatFs/src/ff.c.obj
 .text.sync_fs  0x08003bdc       0xc2 CMakeFiles/wave_recongize_stm32_f1.elf.dir/Middlewares/Third_Party/FatFs/src/ff.c.obj
 .text.clust2sect
                0x08003c9e       0x1e CMakeFiles/wave_recongize_stm32_f1.elf.dir/Middlewares/Third_Party/FatFs/src/ff.c.obj
                0x08003c9e                clust2sect
 .text.get_fat  0x08003cbc       0xdc CMakeFiles/wave_recongize_stm32_f1.elf.dir/Middlewares/Third_Party/FatFs/src/ff.c.obj
                0x08003cbc                get_fat
 .text.dir_sdi  0x08003d98       0xb6 CMakeFiles/wave_recongize_stm32_f1.elf.dir/Middlewares/Third_Party/FatFs/src/ff.c.obj
 .text.put_fat  0x08003e4e      0x118 CMakeFiles/wave_recongize_stm32_f1.elf.dir/Middlewares/Third_Party/FatFs/src/ff.c.obj
                0x08003e4e                put_fat
 .text.create_chain
                0x08003f66       0xce CMakeFiles/wave_recongize_stm32_f1.elf.dir/Middlewares/Third_Party/FatFs/src/ff.c.obj
 .text.dir_next
                0x08004034      0x140 CMakeFiles/wave_recongize_stm32_f1.elf.dir/Middlewares/Third_Party/FatFs/src/ff.c.obj
 .text.dir_find
                0x08004174       0x56 CMakeFiles/wave_recongize_stm32_f1.elf.dir/Middlewares/Third_Party/FatFs/src/ff.c.obj
 .text.follow_path
                0x080041ca       0x88 CMakeFiles/wave_recongize_stm32_f1.elf.dir/Middlewares/Third_Party/FatFs/src/ff.c.obj
 .text.dir_alloc
                0x08004252       0x54 CMakeFiles/wave_recongize_stm32_f1.elf.dir/Middlewares/Third_Party/FatFs/src/ff.c.obj
 .text.dir_register
                0x080042a6       0x4a CMakeFiles/wave_recongize_stm32_f1.elf.dir/Middlewares/Third_Party/FatFs/src/ff.c.obj
 .text.remove_chain
                0x080042f0       0x74 CMakeFiles/wave_recongize_stm32_f1.elf.dir/Middlewares/Third_Party/FatFs/src/ff.c.obj
 .text.f_open   0x08004364      0x1ea CMakeFiles/wave_recongize_stm32_f1.elf.dir/Middlewares/Third_Party/FatFs/src/ff.c.obj
                0x08004364                f_open
 .text.f_write  0x0800454e      0x23a CMakeFiles/wave_recongize_stm32_f1.elf.dir/Middlewares/Third_Party/FatFs/src/ff.c.obj
                0x0800454e                f_write
 .text.f_sync   0x08004788       0xbe CMakeFiles/wave_recongize_stm32_f1.elf.dir/Middlewares/Third_Party/FatFs/src/ff.c.obj
                0x08004788                f_sync
 .text.f_close  0x08004846       0x28 CMakeFiles/wave_recongize_stm32_f1.elf.dir/Middlewares/Third_Party/FatFs/src/ff.c.obj
                0x08004846                f_close
 *fill*         0x0800486e        0x2 
 .text.FATFS_LinkDriverEx
                0x08004870       0x54 CMakeFiles/wave_recongize_stm32_f1.elf.dir/Middlewares/Third_Party/FatFs/src/ff_gen_drv.c.obj
                0x08004870                FATFS_LinkDriverEx
 .text.FATFS_LinkDriver
                0x080048c4        0xa CMakeFiles/wave_recongize_stm32_f1.elf.dir/Middlewares/Third_Party/FatFs/src/ff_gen_drv.c.obj
                0x080048c4                FATFS_LinkDriver
 *fill*         0x080048ce        0x2 
 .text.Reset_Handler
                0x080048d0       0x48 CMakeFiles/wave_recongize_stm32_f1.elf.dir/startup/startup_stm32f103xe.s.obj
                0x080048d0                Reset_Handler
 .text.Default_Handler
                0x08004918        0x2 CMakeFiles/wave_recongize_stm32_f1.elf.dir/startup/startup_stm32f103xe.s.obj
                0x08004918                RTC_Alarm_IRQHandler
                0x08004918                EXTI2_IRQHandler
                0x08004918                TIM8_TRG_COM_IRQHandler
                0x08004918                TIM8_CC_IRQHandler
                0x08004918                TIM1_CC_IRQHandler
                0x08004918                TIM6_IRQHandler
                0x08004918                PVD_IRQHandler
                0x08004918                EXTI3_IRQHandler
                0x08004918                EXTI0_IRQHandler
                0x08004918                I2C2_EV_IRQHandler
                0x08004918                ADC1_2_IRQHandler
                0x08004918                SPI1_IRQHandler
                0x08004918                TAMPER_IRQHandler
                0x08004918                TIM8_UP_IRQHandler
                0x08004918                DMA2_Channel2_IRQHandler
                0x08004918                DMA1_Channel4_IRQHandler
                0x08004918                USART3_IRQHandler
                0x08004918                RTC_IRQHandler
                0x08004918                DMA1_Channel7_IRQHandler
                0x08004918                CAN1_RX1_IRQHandler
                0x08004918                UART5_IRQHandler
                0x08004918                ADC3_IRQHandler
                0x08004918                TIM4_IRQHandler
                0x08004918                DMA2_Channel1_IRQHandler
                0x08004918                I2C1_EV_IRQHandler
                0x08004918                DMA1_Channel6_IRQHandler
                0x08004918                UART4_IRQHandler
                0x08004918                TIM3_IRQHandler
                0x08004918                RCC_IRQHandler
                0x08004918                TIM1_TRG_COM_IRQHandler
                0x08004918                DMA1_Channel1_IRQHandler
                0x08004918                Default_Handler
                0x08004918                EXTI15_10_IRQHandler
                0x08004918                TIM7_IRQHandler
                0x08004918                TIM5_IRQHandler
                0x08004918                EXTI9_5_IRQHandler
                0x08004918                SPI2_IRQHandler
                0x08004918                DMA1_Channel5_IRQHandler
                0x08004918                EXTI4_IRQHandler
                0x08004918                USB_LP_CAN1_RX0_IRQHandler
                0x08004918                USB_HP_CAN1_TX_IRQHandler
                0x08004918                DMA1_Channel3_IRQHandler
                0x08004918                FSMC_IRQHandler
                0x08004918                TIM1_UP_IRQHandler
                0x08004918                WWDG_IRQHandler
                0x08004918                TIM2_IRQHandler
                0x08004918                TIM1_BRK_IRQHandler
                0x08004918                EXTI1_IRQHandler
                0x08004918                DMA2_Channel4_5_IRQHandler
                0x08004918                USART2_IRQHandler
                0x08004918                I2C2_ER_IRQHandler
                0x08004918                DMA1_Channel2_IRQHandler
                0x08004918                TIM8_BRK_IRQHandler
                0x08004918                CAN1_SCE_IRQHandler
                0x08004918                FLASH_IRQHandler
                0x08004918                SPI3_IRQHandler
                0x08004918                I2C1_ER_IRQHandler
                0x08004918                USBWakeUp_IRQHandler
                0x08004918                DMA2_Channel3_IRQHandler
 *fill*         0x0800491a        0x2 
 .text.__errno  0x0800491c        0xc c:/gun_tools/gcc-arm-none-eabi/bin/../lib/gcc/arm-none-eabi/10.3.1/../../../../arm-none-eabi/lib/thumb/v7-m/nofp\libg.a(lib_a-errno.o)
                0x0800491c                __errno
 .text.__libc_init_array
                0x08004928       0x48 c:/gun_tools/gcc-arm-none-eabi/bin/../lib/gcc/arm-none-eabi/10.3.1/../../../../arm-none-eabi/lib/thumb/v7-m/nofp\libg.a(lib_a-init.o)
                0x08004928                __libc_init_array
 .text.memset   0x08004970       0xa4 c:/gun_tools/gcc-arm-none-eabi/bin/../lib/gcc/arm-none-eabi/10.3.1/../../../../arm-none-eabi/lib/thumb/v7-m/nofp\libg.a(lib_a-memset.o)
                0x08004970                memset
 .text._puts_r  0x08004a14       0x9c c:/gun_tools/gcc-arm-none-eabi/bin/../lib/gcc/arm-none-eabi/10.3.1/../../../../arm-none-eabi/lib/thumb/v7-m/nofp\libg.a(lib_a-puts.o)
                0x08004a14                _puts_r
 .text.puts     0x08004ab0       0x10 c:/gun_tools/gcc-arm-none-eabi/bin/../lib/gcc/arm-none-eabi/10.3.1/../../../../arm-none-eabi/lib/thumb/v7-m/nofp\libg.a(lib_a-puts.o)
                0x08004ab0                puts
 .text.setvbuf  0x08004ac0      0x1b0 c:/gun_tools/gcc-arm-none-eabi/bin/../lib/gcc/arm-none-eabi/10.3.1/../../../../arm-none-eabi/lib/thumb/v7-m/nofp\libg.a(lib_a-setvbuf.o)
                0x08004ac0                setvbuf
 .text.strlen   0x08004c70       0x5c c:/gun_tools/gcc-arm-none-eabi/bin/../lib/gcc/arm-none-eabi/10.3.1/../../../../arm-none-eabi/lib/thumb/v7-m/nofp\libg.a(lib_a-strlen-stub.o)
                0x08004c70                strlen
 .text.startup.register_fini
                0x08004ccc       0x14 c:/gun_tools/gcc-arm-none-eabi/bin/../lib/gcc/arm-none-eabi/10.3.1/../../../../arm-none-eabi/lib/thumb/v7-m/nofp\libg.a(lib_a-__call_atexit.o)
 .text.atexit   0x08004ce0        0xc c:/gun_tools/gcc-arm-none-eabi/bin/../lib/gcc/arm-none-eabi/10.3.1/../../../../arm-none-eabi/lib/thumb/v7-m/nofp\libg.a(lib_a-atexit.o)
                0x08004ce0                atexit
 .text.__sflush_r
                0x08004cec      0x124 c:/gun_tools/gcc-arm-none-eabi/bin/../lib/gcc/arm-none-eabi/10.3.1/../../../../arm-none-eabi/lib/thumb/v7-m/nofp\libg.a(lib_a-fflush.o)
                0x08004cec                __sflush_r
 .text._fflush_r
                0x08004e10       0x5c c:/gun_tools/gcc-arm-none-eabi/bin/../lib/gcc/arm-none-eabi/10.3.1/../../../../arm-none-eabi/lib/thumb/v7-m/nofp\libg.a(lib_a-fflush.o)
                0x08004e10                _fflush_r
 .text._cleanup_r
                0x08004e6c        0xc c:/gun_tools/gcc-arm-none-eabi/bin/../lib/gcc/arm-none-eabi/10.3.1/../../../../arm-none-eabi/lib/thumb/v7-m/nofp\libg.a(lib_a-findfp.o)
                0x08004e6c                _cleanup_r
 .text.__sinit  0x08004e78      0x10c c:/gun_tools/gcc-arm-none-eabi/bin/../lib/gcc/arm-none-eabi/10.3.1/../../../../arm-none-eabi/lib/thumb/v7-m/nofp\libg.a(lib_a-findfp.o)
                0x08004e78                __sinit
 .text.__sfp_lock_acquire
                0x08004f84        0xc c:/gun_tools/gcc-arm-none-eabi/bin/../lib/gcc/arm-none-eabi/10.3.1/../../../../arm-none-eabi/lib/thumb/v7-m/nofp\libg.a(lib_a-findfp.o)
                0x08004f84                __sfp_lock_acquire
 .text.__sfp_lock_release
                0x08004f90        0xc c:/gun_tools/gcc-arm-none-eabi/bin/../lib/gcc/arm-none-eabi/10.3.1/../../../../arm-none-eabi/lib/thumb/v7-m/nofp\libg.a(lib_a-findfp.o)
                0x08004f90                __sfp_lock_release
 .text.__libc_fini_array
                0x08004f9c       0x2c c:/gun_tools/gcc-arm-none-eabi/bin/../lib/gcc/arm-none-eabi/10.3.1/../../../../arm-none-eabi/lib/thumb/v7-m/nofp\libg.a(lib_a-fini.o)
                0x08004f9c                __libc_fini_array
 .text._malloc_trim_r
                0x08004fc8       0xa0 c:/gun_tools/gcc-arm-none-eabi/bin/../lib/gcc/arm-none-eabi/10.3.1/../../../../arm-none-eabi/lib/thumb/v7-m/nofp\libg.a(lib_a-freer.o)
                0x08004fc8                _malloc_trim_r
 .text._free_r  0x08005068      0x200 c:/gun_tools/gcc-arm-none-eabi/bin/../lib/gcc/arm-none-eabi/10.3.1/../../../../arm-none-eabi/lib/thumb/v7-m/nofp\libg.a(lib_a-freer.o)
                0x08005068                _free_r
 .text.__sfvwrite_r
                0x08005268      0x2f0 c:/gun_tools/gcc-arm-none-eabi/bin/../lib/gcc/arm-none-eabi/10.3.1/../../../../arm-none-eabi/lib/thumb/v7-m/nofp\libg.a(lib_a-fvwrite.o)
                0x08005268                __sfvwrite_r
 .text._fwalk_reent
                0x08005558       0x48 c:/gun_tools/gcc-arm-none-eabi/bin/../lib/gcc/arm-none-eabi/10.3.1/../../../../arm-none-eabi/lib/thumb/v7-m/nofp\libg.a(lib_a-fwalk.o)
                0x08005558                _fwalk_reent
 .text.__retarget_lock_init_recursive
                0x080055a0        0x4 c:/gun_tools/gcc-arm-none-eabi/bin/../lib/gcc/arm-none-eabi/10.3.1/../../../../arm-none-eabi/lib/thumb/v7-m/nofp\libg.a(lib_a-lock.o)
                0x080055a0                __retarget_lock_init_recursive
 .text.__retarget_lock_close_recursive
                0x080055a4        0x4 c:/gun_tools/gcc-arm-none-eabi/bin/../lib/gcc/arm-none-eabi/10.3.1/../../../../arm-none-eabi/lib/thumb/v7-m/nofp\libg.a(lib_a-lock.o)
                0x080055a4                __retarget_lock_close_recursive
 .text.__retarget_lock_acquire_recursive
                0x080055a8        0x4 c:/gun_tools/gcc-arm-none-eabi/bin/../lib/gcc/arm-none-eabi/10.3.1/../../../../arm-none-eabi/lib/thumb/v7-m/nofp\libg.a(lib_a-lock.o)
                0x080055a8                __retarget_lock_acquire_recursive
 .text.__retarget_lock_release_recursive
                0x080055ac        0x4 c:/gun_tools/gcc-arm-none-eabi/bin/../lib/gcc/arm-none-eabi/10.3.1/../../../../arm-none-eabi/lib/thumb/v7-m/nofp\libg.a(lib_a-lock.o)
                0x080055ac                __retarget_lock_release_recursive
 .text.__smakebuf_r
                0x080055b0       0xe0 c:/gun_tools/gcc-arm-none-eabi/bin/../lib/gcc/arm-none-eabi/10.3.1/../../../../arm-none-eabi/lib/thumb/v7-m/nofp\libg.a(lib_a-makebuf.o)
                0x080055b0                __smakebuf_r
 .text.__swhatbuf_r
                0x08005690       0x60 c:/gun_tools/gcc-arm-none-eabi/bin/../lib/gcc/arm-none-eabi/10.3.1/../../../../arm-none-eabi/lib/thumb/v7-m/nofp\libg.a(lib_a-makebuf.o)
                0x08005690                __swhatbuf_r
 .text.malloc   0x080056f0       0x10 c:/gun_tools/gcc-arm-none-eabi/bin/../lib/gcc/arm-none-eabi/10.3.1/../../../../arm-none-eabi/lib/thumb/v7-m/nofp\libg.a(lib_a-malloc.o)
                0x080056f0                malloc
 .text._malloc_r
                0x08005700      0x558 c:/gun_tools/gcc-arm-none-eabi/bin/../lib/gcc/arm-none-eabi/10.3.1/../../../../arm-none-eabi/lib/thumb/v7-m/nofp\libg.a(lib_a-mallocr.o)
                0x08005700                _malloc_r
 .text.memchr   0x08005c58       0x90 c:/gun_tools/gcc-arm-none-eabi/bin/../lib/gcc/arm-none-eabi/10.3.1/../../../../arm-none-eabi/lib/thumb/v7-m/nofp\libg.a(lib_a-memchr-stub.o)
                0x08005c58                memchr
 .text.memmove  0x08005ce8       0xf8 c:/gun_tools/gcc-arm-none-eabi/bin/../lib/gcc/arm-none-eabi/10.3.1/../../../../arm-none-eabi/lib/thumb/v7-m/nofp\libg.a(lib_a-memmove.o)
                0x08005ce8                memmove
 .text.__malloc_lock
                0x08005de0        0xc c:/gun_tools/gcc-arm-none-eabi/bin/../lib/gcc/arm-none-eabi/10.3.1/../../../../arm-none-eabi/lib/thumb/v7-m/nofp\libg.a(lib_a-mlock.o)
                0x08005de0                __malloc_lock
 .text.__malloc_unlock
                0x08005dec        0xc c:/gun_tools/gcc-arm-none-eabi/bin/../lib/gcc/arm-none-eabi/10.3.1/../../../../arm-none-eabi/lib/thumb/v7-m/nofp\libg.a(lib_a-mlock.o)
                0x08005dec                __malloc_unlock
 .text._realloc_r
                0x08005df8      0x3dc c:/gun_tools/gcc-arm-none-eabi/bin/../lib/gcc/arm-none-eabi/10.3.1/../../../../arm-none-eabi/lib/thumb/v7-m/nofp\libg.a(lib_a-reallocr.o)
                0x08005df8                _realloc_r
 .text._sbrk_r  0x080061d4       0x24 c:/gun_tools/gcc-arm-none-eabi/bin/../lib/gcc/arm-none-eabi/10.3.1/../../../../arm-none-eabi/lib/thumb/v7-m/nofp\libg.a(lib_a-sbrkr.o)
                0x080061d4                _sbrk_r
 .text.__sread  0x080061f8       0x24 c:/gun_tools/gcc-arm-none-eabi/bin/../lib/gcc/arm-none-eabi/10.3.1/../../../../arm-none-eabi/lib/thumb/v7-m/nofp\libg.a(lib_a-stdio.o)
                0x080061f8                __sread
 .text.__swrite
                0x0800621c       0x40 c:/gun_tools/gcc-arm-none-eabi/bin/../lib/gcc/arm-none-eabi/10.3.1/../../../../arm-none-eabi/lib/thumb/v7-m/nofp\libg.a(lib_a-stdio.o)
                0x0800621c                __swrite
 .text.__sseek  0x0800625c       0x20 c:/gun_tools/gcc-arm-none-eabi/bin/../lib/gcc/arm-none-eabi/10.3.1/../../../../arm-none-eabi/lib/thumb/v7-m/nofp\libg.a(lib_a-stdio.o)
                0x0800625c                __sseek
 .text.__sclose
                0x0800627c        0x8 c:/gun_tools/gcc-arm-none-eabi/bin/../lib/gcc/arm-none-eabi/10.3.1/../../../../arm-none-eabi/lib/thumb/v7-m/nofp\libg.a(lib_a-stdio.o)
                0x0800627c                __sclose
 .text._write_r
                0x08006284       0x2c c:/gun_tools/gcc-arm-none-eabi/bin/../lib/gcc/arm-none-eabi/10.3.1/../../../../arm-none-eabi/lib/thumb/v7-m/nofp\libg.a(lib_a-writer.o)
                0x08006284                _write_r
 .text.__swsetup_r
                0x080062b0       0xd4 c:/gun_tools/gcc-arm-none-eabi/bin/../lib/gcc/arm-none-eabi/10.3.1/../../../../arm-none-eabi/lib/thumb/v7-m/nofp\libg.a(lib_a-wsetup.o)
                0x080062b0                __swsetup_r
 .text.__register_exitproc
                0x08006384       0x8c c:/gun_tools/gcc-arm-none-eabi/bin/../lib/gcc/arm-none-eabi/10.3.1/../../../../arm-none-eabi/lib/thumb/v7-m/nofp\libg.a(lib_a-__atexit.o)
                0x08006384                __register_exitproc
 .text._close_r
                0x08006410       0x24 c:/gun_tools/gcc-arm-none-eabi/bin/../lib/gcc/arm-none-eabi/10.3.1/../../../../arm-none-eabi/lib/thumb/v7-m/nofp\libg.a(lib_a-closer.o)
                0x08006410                _close_r
 .text._fclose_r
                0x08006434       0xcc c:/gun_tools/gcc-arm-none-eabi/bin/../lib/gcc/arm-none-eabi/10.3.1/../../../../arm-none-eabi/lib/thumb/v7-m/nofp\libg.a(lib_a-fclose.o)
                0x08006434                _fclose_r
 .text._fstat_r
                0x08006500       0x28 c:/gun_tools/gcc-arm-none-eabi/bin/../lib/gcc/arm-none-eabi/10.3.1/../../../../arm-none-eabi/lib/thumb/v7-m/nofp\libg.a(lib_a-fstatr.o)
                0x08006500                _fstat_r
 .text._isatty_r
                0x08006528       0x24 c:/gun_tools/gcc-arm-none-eabi/bin/../lib/gcc/arm-none-eabi/10.3.1/../../../../arm-none-eabi/lib/thumb/v7-m/nofp\libg.a(lib_a-isattyr.o)
                0x08006528                _isatty_r
 .text._lseek_r
                0x0800654c       0x2c c:/gun_tools/gcc-arm-none-eabi/bin/../lib/gcc/arm-none-eabi/10.3.1/../../../../arm-none-eabi/lib/thumb/v7-m/nofp\libg.a(lib_a-lseekr.o)
                0x0800654c                _lseek_r
 .text._read_r  0x08006578       0x2c c:/gun_tools/gcc-arm-none-eabi/bin/../lib/gcc/arm-none-eabi/10.3.1/../../../../arm-none-eabi/lib/thumb/v7-m/nofp\libg.a(lib_a-readr.o)
                0x08006578                _read_r
 *(.glue_7)
 .glue_7        0x080065a4        0x0 linker stubs
 *(.glue_7t)
 .glue_7t       0x080065a4        0x0 linker stubs
 *(.eh_frame)
 .eh_frame      0x080065a4        0x0 c:/gun_tools/gcc-arm-none-eabi/bin/../lib/gcc/arm-none-eabi/10.3.1/thumb/v7-m/nofp/crtbegin.o
 *(.init)
 .init          0x080065a4        0x4 c:/gun_tools/gcc-arm-none-eabi/bin/../lib/gcc/arm-none-eabi/10.3.1/thumb/v7-m/nofp/crti.o
                0x080065a4                _init
 .init          0x080065a8        0x8 c:/gun_tools/gcc-arm-none-eabi/bin/../lib/gcc/arm-none-eabi/10.3.1/thumb/v7-m/nofp/crtn.o
 *(.fini)
 .fini          0x080065b0        0x4 c:/gun_tools/gcc-arm-none-eabi/bin/../lib/gcc/arm-none-eabi/10.3.1/thumb/v7-m/nofp/crti.o
                0x080065b0                _fini
 .fini          0x080065b4        0x8 c:/gun_tools/gcc-arm-none-eabi/bin/../lib/gcc/arm-none-eabi/10.3.1/thumb/v7-m/nofp/crtn.o
                0x080065bc                . = ALIGN (0x4)
                0x080065bc                _etext = .

.vfp11_veneer   0x080065bc        0x0
 .vfp11_veneer  0x080065bc        0x0 linker stubs

.v4_bx          0x080065bc        0x0
 .v4_bx         0x080065bc        0x0 linker stubs

.iplt           0x080065bc        0x0
 .iplt          0x080065bc        0x0 c:/gun_tools/gcc-arm-none-eabi/bin/../lib/gcc/arm-none-eabi/10.3.1/thumb/v7-m/nofp/crtbegin.o

.rodata         0x080065bc      0x17c
                0x080065bc                . = ALIGN (0x4)
 *(.rodata)
 *(.rodata*)
 .rodata.fatfs_test.str1.4
                0x080065bc       0x79 CMakeFiles/wave_recongize_stm32_f1.elf.dir/Core/Src/main.c.obj
 *fill*         0x08006635        0x3 
 .rodata.main.str1.4
                0x08006638       0x25 CMakeFiles/wave_recongize_stm32_f1.elf.dir/Core/Src/main.c.obj
 *fill*         0x0800665d        0x3 
 .rodata.AHBPrescTable
                0x08006660       0x10 CMakeFiles/wave_recongize_stm32_f1.elf.dir/Core/Src/system_stm32f1xx.c.obj
                0x08006660                AHBPrescTable
 .rodata.APBPrescTable
                0x08006670        0x8 CMakeFiles/wave_recongize_stm32_f1.elf.dir/Core/Src/system_stm32f1xx.c.obj
                0x08006670                APBPrescTable
 .rodata.HAL_RCC_GetSysClockFreq.str1.4
                0x08006678       0x11 CMakeFiles/wave_recongize_stm32_f1.elf.dir/Drivers/STM32F1xx_HAL_Driver/Src/stm32f1xx_hal_rcc.c.obj
 *fill*         0x08006689        0x3 
 .rodata.SD_Driver
                0x0800668c       0x14 CMakeFiles/wave_recongize_stm32_f1.elf.dir/Middlewares/Third_Party/FatFs/src/drivers/sd_diskio.c.obj
                0x0800668c                SD_Driver
 .rodata.create_name.str1.4
                0x080066a0        0xf CMakeFiles/wave_recongize_stm32_f1.elf.dir/Middlewares/Third_Party/FatFs/src/ff.c.obj
 *fill*         0x080066af        0x1 
 .rodata.ExCvt  0x080066b0       0x80 CMakeFiles/wave_recongize_stm32_f1.elf.dir/Middlewares/Third_Party/FatFs/src/ff.c.obj
 .rodata._global_impure_ptr
                0x08006730        0x4 c:/gun_tools/gcc-arm-none-eabi/bin/../lib/gcc/arm-none-eabi/10.3.1/../../../../arm-none-eabi/lib/thumb/v7-m/nofp\libg.a(lib_a-impure.o)
                0x08006730                _global_impure_ptr
 .rodata._puts_r.str1.4
                0x08006734        0x2 c:/gun_tools/gcc-arm-none-eabi/bin/../lib/gcc/arm-none-eabi/10.3.1/../../../../arm-none-eabi/lib/thumb/v7-m/nofp\libg.a(lib_a-puts.o)
                0x08006738                . = ALIGN (0x4)
 *fill*         0x08006736        0x2 

.rel.dyn        0x08006738        0x0
 .rel.iplt      0x08006738        0x0 c:/gun_tools/gcc-arm-none-eabi/bin/../lib/gcc/arm-none-eabi/10.3.1/thumb/v7-m/nofp/crtbegin.o

.ARM.extab
 *(.ARM.extab* .gnu.linkonce.armextab.*)

.ARM            0x08006738        0x0
                0x08006738                __exidx_start = .
 *(.ARM.exidx*)
                0x08006738                __exidx_end = .

.preinit_array  0x08006738        0x0
                0x08006738                PROVIDE (__preinit_array_start = .)
 *(.preinit_array*)
                0x08006738                PROVIDE (__preinit_array_end = .)

.init_array     0x08006738        0x8
                0x08006738                PROVIDE (__init_array_start = .)
 *(SORT_BY_NAME(.init_array.*))
 .init_array.00000
                0x08006738        0x4 c:/gun_tools/gcc-arm-none-eabi/bin/../lib/gcc/arm-none-eabi/10.3.1/../../../../arm-none-eabi/lib/thumb/v7-m/nofp\libg.a(lib_a-__call_atexit.o)
 *(.init_array*)
 .init_array    0x0800673c        0x4 c:/gun_tools/gcc-arm-none-eabi/bin/../lib/gcc/arm-none-eabi/10.3.1/thumb/v7-m/nofp/crtbegin.o
                0x08006740                PROVIDE (__init_array_end = .)

.fini_array     0x08006740        0x4
                0x08006740                PROVIDE (__fini_array_start = .)
 *(SORT_BY_NAME(.fini_array.*))
 *(.fini_array*)
 .fini_array    0x08006740        0x4 c:/gun_tools/gcc-arm-none-eabi/bin/../lib/gcc/arm-none-eabi/10.3.1/thumb/v7-m/nofp/crtbegin.o
                0x08006744                PROVIDE (__fini_array_end = .)
                0x08006744                _sidata = LOADADDR (.data)

.data           0x20000000      0x86c load address 0x08006744
                0x20000000                . = ALIGN (0x4)
                0x20000000                _sdata = .
 *(.data)
 *(.data*)
 .data.SystemCoreClock
                0x20000000        0x4 CMakeFiles/wave_recongize_stm32_f1.elf.dir/Core/Src/system_stm32f1xx.c.obj
                0x20000000                SystemCoreClock
 .data.uwTickFreq
                0x20000004        0x1 CMakeFiles/wave_recongize_stm32_f1.elf.dir/Drivers/STM32F1xx_HAL_Driver/Src/stm32f1xx_hal.c.obj
                0x20000004                uwTickFreq
 *fill*         0x20000005        0x3 
 .data.uwTickPrio
                0x20000008        0x4 CMakeFiles/wave_recongize_stm32_f1.elf.dir/Drivers/STM32F1xx_HAL_Driver/Src/stm32f1xx_hal.c.obj
                0x20000008                uwTickPrio
 .data.Stat     0x2000000c        0x1 CMakeFiles/wave_recongize_stm32_f1.elf.dir/FATFS/Target/user_diskio.c.obj
 *fill*         0x2000000d        0x3 
 .data.USER_Driver
                0x20000010       0x14 CMakeFiles/wave_recongize_stm32_f1.elf.dir/FATFS/Target/user_diskio.c.obj
                0x20000010                USER_Driver
 .data.Stat     0x20000024        0x1 CMakeFiles/wave_recongize_stm32_f1.elf.dir/Middlewares/Third_Party/FatFs/src/drivers/sd_diskio.c.obj
 *fill*         0x20000025        0x3 
 .data._impure_ptr
                0x20000028        0x4 c:/gun_tools/gcc-arm-none-eabi/bin/../lib/gcc/arm-none-eabi/10.3.1/../../../../arm-none-eabi/lib/thumb/v7-m/nofp\libg.a(lib_a-impure.o)
                0x20000028                _impure_ptr
 *fill*         0x2000002c        0x4 
 .data.impure_data
                0x20000030      0x428 c:/gun_tools/gcc-arm-none-eabi/bin/../lib/gcc/arm-none-eabi/10.3.1/../../../../arm-none-eabi/lib/thumb/v7-m/nofp\libg.a(lib_a-impure.o)
 .data.__atexit_recursive_mutex
                0x20000458        0x4 c:/gun_tools/gcc-arm-none-eabi/bin/../lib/gcc/arm-none-eabi/10.3.1/../../../../arm-none-eabi/lib/thumb/v7-m/nofp\libg.a(lib_a-__call_atexit.o)
                0x20000458                __atexit_recursive_mutex
 .data.__malloc_av_
                0x2000045c      0x408 c:/gun_tools/gcc-arm-none-eabi/bin/../lib/gcc/arm-none-eabi/10.3.1/../../../../arm-none-eabi/lib/thumb/v7-m/nofp\libg.a(lib_a-mallocr.o)
                0x2000045c                __malloc_av_
 .data.__malloc_sbrk_base
                0x20000864        0x4 c:/gun_tools/gcc-arm-none-eabi/bin/../lib/gcc/arm-none-eabi/10.3.1/../../../../arm-none-eabi/lib/thumb/v7-m/nofp\libg.a(lib_a-mallocr.o)
                0x20000864                __malloc_sbrk_base
 .data.__malloc_trim_threshold
                0x20000868        0x4 c:/gun_tools/gcc-arm-none-eabi/bin/../lib/gcc/arm-none-eabi/10.3.1/../../../../arm-none-eabi/lib/thumb/v7-m/nofp\libg.a(lib_a-mallocr.o)
                0x20000868                __malloc_trim_threshold
                0x2000086c                . = ALIGN (0x4)
                0x2000086c                _edata = .

.igot.plt       0x2000086c        0x0 load address 0x08006fb0
 .igot.plt      0x2000086c        0x0 c:/gun_tools/gcc-arm-none-eabi/bin/../lib/gcc/arm-none-eabi/10.3.1/thumb/v7-m/nofp/crtbegin.o
                0x2000086c                . = ALIGN (0x4)

.bss            0x2000086c      0x3a4 load address 0x08006fb0
                0x2000086c                _sbss = .
                0x2000086c                __bss_start__ = _sbss
 *(.bss)
 .bss           0x2000086c       0x1c c:/gun_tools/gcc-arm-none-eabi/bin/../lib/gcc/arm-none-eabi/10.3.1/thumb/v7-m/nofp/crtbegin.o
 *(.bss*)
 .bss.gHuart    0x20000888        0x4 CMakeFiles/wave_recongize_stm32_f1.elf.dir/APP/utils/retarget.c.obj
                0x20000888                gHuart
 .bss.MyFile    0x2000088c      0x22c CMakeFiles/wave_recongize_stm32_f1.elf.dir/Core/Src/main.c.obj
                0x2000088c                MyFile
 .bss.hsd       0x20000ab8       0x84 CMakeFiles/wave_recongize_stm32_f1.elf.dir/Core/Src/sdio.c.obj
                0x20000ab8                hsd
 .bss.heap_end.0
                0x20000b3c        0x4 CMakeFiles/wave_recongize_stm32_f1.elf.dir/Core/Src/syscalls.c.obj
 .bss.huart1    0x20000b40       0x44 CMakeFiles/wave_recongize_stm32_f1.elf.dir/Core/Src/usart.c.obj
                0x20000b40                huart1
 .bss.uwTick    0x20000b84        0x4 CMakeFiles/wave_recongize_stm32_f1.elf.dir/Drivers/STM32F1xx_HAL_Driver/Src/stm32f1xx_hal.c.obj
                0x20000b84                uwTick
 .bss.SDPath    0x20000b88        0x4 CMakeFiles/wave_recongize_stm32_f1.elf.dir/FATFS/App/fatfs.c.obj
                0x20000b88                SDPath
 .bss.USERPath  0x20000b8c        0x4 CMakeFiles/wave_recongize_stm32_f1.elf.dir/FATFS/App/fatfs.c.obj
                0x20000b8c                USERPath
 .bss.retSD     0x20000b90        0x1 CMakeFiles/wave_recongize_stm32_f1.elf.dir/FATFS/App/fatfs.c.obj
                0x20000b90                retSD
 .bss.retUSER   0x20000b91        0x1 CMakeFiles/wave_recongize_stm32_f1.elf.dir/FATFS/App/fatfs.c.obj
                0x20000b91                retUSER
 *fill*         0x20000b92        0x2 
 .bss.FatFs     0x20000b94        0x8 CMakeFiles/wave_recongize_stm32_f1.elf.dir/Middlewares/Third_Party/FatFs/src/ff.c.obj
 .bss.Files     0x20000b9c       0x18 CMakeFiles/wave_recongize_stm32_f1.elf.dir/Middlewares/Third_Party/FatFs/src/ff.c.obj
 .bss.Fsid      0x20000bb4        0x2 CMakeFiles/wave_recongize_stm32_f1.elf.dir/Middlewares/Third_Party/FatFs/src/ff.c.obj
 *fill*         0x20000bb6        0x2 
 .bss.disk      0x20000bb8       0x10 CMakeFiles/wave_recongize_stm32_f1.elf.dir/Middlewares/Third_Party/FatFs/src/ff_gen_drv.c.obj
                0x20000bb8                disk
 .bss.__lock___atexit_recursive_mutex
                0x20000bc8        0x1 c:/gun_tools/gcc-arm-none-eabi/bin/../lib/gcc/arm-none-eabi/10.3.1/../../../../arm-none-eabi/lib/thumb/v7-m/nofp\libg.a(lib_a-lock.o)
                0x20000bc8                __lock___atexit_recursive_mutex
 *fill*         0x20000bc9        0x3 
 .bss.__lock___malloc_recursive_mutex
                0x20000bcc        0x1 c:/gun_tools/gcc-arm-none-eabi/bin/../lib/gcc/arm-none-eabi/10.3.1/../../../../arm-none-eabi/lib/thumb/v7-m/nofp\libg.a(lib_a-lock.o)
                0x20000bcc                __lock___malloc_recursive_mutex
 *fill*         0x20000bcd        0x3 
 .bss.__lock___sfp_recursive_mutex
                0x20000bd0        0x1 c:/gun_tools/gcc-arm-none-eabi/bin/../lib/gcc/arm-none-eabi/10.3.1/../../../../arm-none-eabi/lib/thumb/v7-m/nofp\libg.a(lib_a-lock.o)
                0x20000bd0                __lock___sfp_recursive_mutex
 *fill*         0x20000bd1        0x3 
 .bss.__lock___sinit_recursive_mutex
                0x20000bd4        0x1 c:/gun_tools/gcc-arm-none-eabi/bin/../lib/gcc/arm-none-eabi/10.3.1/../../../../arm-none-eabi/lib/thumb/v7-m/nofp\libg.a(lib_a-lock.o)
                0x20000bd4                __lock___sinit_recursive_mutex
 *fill*         0x20000bd5        0x3 
 .bss.__malloc_current_mallinfo
                0x20000bd8       0x28 c:/gun_tools/gcc-arm-none-eabi/bin/../lib/gcc/arm-none-eabi/10.3.1/../../../../arm-none-eabi/lib/thumb/v7-m/nofp\libg.a(lib_a-mallocr.o)
                0x20000bd8                __malloc_current_mallinfo
 .bss.__malloc_max_sbrked_mem
                0x20000c00        0x4 c:/gun_tools/gcc-arm-none-eabi/bin/../lib/gcc/arm-none-eabi/10.3.1/../../../../arm-none-eabi/lib/thumb/v7-m/nofp\libg.a(lib_a-mallocr.o)
                0x20000c00                __malloc_max_sbrked_mem
 .bss.__malloc_max_total_mem
                0x20000c04        0x4 c:/gun_tools/gcc-arm-none-eabi/bin/../lib/gcc/arm-none-eabi/10.3.1/../../../../arm-none-eabi/lib/thumb/v7-m/nofp\libg.a(lib_a-mallocr.o)
                0x20000c04                __malloc_max_total_mem
 .bss.__malloc_top_pad
                0x20000c08        0x4 c:/gun_tools/gcc-arm-none-eabi/bin/../lib/gcc/arm-none-eabi/10.3.1/../../../../arm-none-eabi/lib/thumb/v7-m/nofp\libg.a(lib_a-mallocr.o)
                0x20000c08                __malloc_top_pad
 .bss.errno     0x20000c0c        0x4 c:/gun_tools/gcc-arm-none-eabi/bin/../lib/gcc/arm-none-eabi/10.3.1/../../../../arm-none-eabi/lib/thumb/v7-m/nofp\libg.a(lib_a-reent.o)
                0x20000c0c                errno
 *(COMMON)
                0x20000c10                . = ALIGN (0x4)
                0x20000c10                _ebss = .
                0x20000c10                __bss_end__ = _ebss

._user_heap_stack
                0x20000c10      0x600 load address 0x08006fb0
                0x20000c10                . = ALIGN (0x8)
                0x20000c10                PROVIDE (end = .)
                [!provide]                PROVIDE (_end = .)
                0x20000e10                . = (. + _Min_Heap_Size)
 *fill*         0x20000c10      0x200 
                0x20001210                . = (. + _Min_Stack_Size)
 *fill*         0x20000e10      0x400 
                0x20001210                . = ALIGN (0x8)

/DISCARD/
 libc.a(*)
 libm.a(*)
 libgcc.a(*)

.ARM.attributes
                0x00000000       0x29
 *(.ARM.attributes)
 .ARM.attributes
                0x00000000       0x1d c:/gun_tools/gcc-arm-none-eabi/bin/../lib/gcc/arm-none-eabi/10.3.1/thumb/v7-m/nofp/crti.o
 .ARM.attributes
                0x0000001d       0x2d c:/gun_tools/gcc-arm-none-eabi/bin/../lib/gcc/arm-none-eabi/10.3.1/thumb/v7-m/nofp/crtbegin.o
 .ARM.attributes
                0x0000004a       0x2d CMakeFiles/wave_recongize_stm32_f1.elf.dir/APP/utils/retarget.c.obj
 .ARM.attributes
                0x00000077       0x2d CMakeFiles/wave_recongize_stm32_f1.elf.dir/Core/Src/gpio.c.obj
 .ARM.attributes
                0x000000a4       0x2d CMakeFiles/wave_recongize_stm32_f1.elf.dir/Core/Src/main.c.obj
 .ARM.attributes
                0x000000d1       0x2d CMakeFiles/wave_recongize_stm32_f1.elf.dir/Core/Src/sdio.c.obj
 .ARM.attributes
                0x000000fe       0x2d CMakeFiles/wave_recongize_stm32_f1.elf.dir/Core/Src/stm32f1xx_hal_msp.c.obj
 .ARM.attributes
                0x0000012b       0x2d CMakeFiles/wave_recongize_stm32_f1.elf.dir/Core/Src/stm32f1xx_it.c.obj
 .ARM.attributes
                0x00000158       0x2d CMakeFiles/wave_recongize_stm32_f1.elf.dir/Core/Src/syscalls.c.obj
 .ARM.attributes
                0x00000185       0x2d CMakeFiles/wave_recongize_stm32_f1.elf.dir/Core/Src/system_stm32f1xx.c.obj
 .ARM.attributes
                0x000001b2       0x2d CMakeFiles/wave_recongize_stm32_f1.elf.dir/Core/Src/usart.c.obj
 .ARM.attributes
                0x000001df       0x2d CMakeFiles/wave_recongize_stm32_f1.elf.dir/Drivers/STM32F1xx_HAL_Driver/Src/stm32f1xx_hal.c.obj
 .ARM.attributes
                0x0000020c       0x2d CMakeFiles/wave_recongize_stm32_f1.elf.dir/Drivers/STM32F1xx_HAL_Driver/Src/stm32f1xx_hal_cortex.c.obj
 .ARM.attributes
                0x00000239       0x2d CMakeFiles/wave_recongize_stm32_f1.elf.dir/Drivers/STM32F1xx_HAL_Driver/Src/stm32f1xx_hal_dma.c.obj
 .ARM.attributes
                0x00000266       0x2d CMakeFiles/wave_recongize_stm32_f1.elf.dir/Drivers/STM32F1xx_HAL_Driver/Src/stm32f1xx_hal_gpio.c.obj
 .ARM.attributes
                0x00000293       0x2d CMakeFiles/wave_recongize_stm32_f1.elf.dir/Drivers/STM32F1xx_HAL_Driver/Src/stm32f1xx_hal_rcc.c.obj
 .ARM.attributes
                0x000002c0       0x2d CMakeFiles/wave_recongize_stm32_f1.elf.dir/Drivers/STM32F1xx_HAL_Driver/Src/stm32f1xx_hal_sd.c.obj
 .ARM.attributes
                0x000002ed       0x2d CMakeFiles/wave_recongize_stm32_f1.elf.dir/Drivers/STM32F1xx_HAL_Driver/Src/stm32f1xx_hal_uart.c.obj
 .ARM.attributes
                0x0000031a       0x2d CMakeFiles/wave_recongize_stm32_f1.elf.dir/Drivers/STM32F1xx_HAL_Driver/Src/stm32f1xx_ll_sdmmc.c.obj
 .ARM.attributes
                0x00000347       0x2d CMakeFiles/wave_recongize_stm32_f1.elf.dir/FATFS/App/fatfs.c.obj
 .ARM.attributes
                0x00000374       0x2d CMakeFiles/wave_recongize_stm32_f1.elf.dir/FATFS/Target/bsp_driver_sd.c.obj
 .ARM.attributes
                0x000003a1       0x2d CMakeFiles/wave_recongize_stm32_f1.elf.dir/FATFS/Target/user_diskio.c.obj
 .ARM.attributes
                0x000003ce       0x2d CMakeFiles/wave_recongize_stm32_f1.elf.dir/Middlewares/Third_Party/FatFs/src/diskio.c.obj
 .ARM.attributes
                0x000003fb       0x2d CMakeFiles/wave_recongize_stm32_f1.elf.dir/Middlewares/Third_Party/FatFs/src/drivers/sd_diskio.c.obj
 .ARM.attributes
                0x00000428       0x2d CMakeFiles/wave_recongize_stm32_f1.elf.dir/Middlewares/Third_Party/FatFs/src/ff.c.obj
 .ARM.attributes
                0x00000455       0x2d CMakeFiles/wave_recongize_stm32_f1.elf.dir/Middlewares/Third_Party/FatFs/src/ff_gen_drv.c.obj
 .ARM.attributes
                0x00000482       0x21 CMakeFiles/wave_recongize_stm32_f1.elf.dir/startup/startup_stm32f103xe.s.obj
 .ARM.attributes
                0x000004a3       0x2d c:/gun_tools/gcc-arm-none-eabi/bin/../lib/gcc/arm-none-eabi/10.3.1/../../../../arm-none-eabi/lib/thumb/v7-m/nofp\libg.a(lib_a-errno.o)
 .ARM.attributes
                0x000004d0       0x2d c:/gun_tools/gcc-arm-none-eabi/bin/../lib/gcc/arm-none-eabi/10.3.1/../../../../arm-none-eabi/lib/thumb/v7-m/nofp\libg.a(lib_a-impure.o)
 .ARM.attributes
                0x000004fd       0x2d c:/gun_tools/gcc-arm-none-eabi/bin/../lib/gcc/arm-none-eabi/10.3.1/../../../../arm-none-eabi/lib/thumb/v7-m/nofp\libg.a(lib_a-init.o)
 .ARM.attributes
                0x0000052a       0x2d c:/gun_tools/gcc-arm-none-eabi/bin/../lib/gcc/arm-none-eabi/10.3.1/../../../../arm-none-eabi/lib/thumb/v7-m/nofp\libg.a(lib_a-memset.o)
 .ARM.attributes
                0x00000557       0x2d c:/gun_tools/gcc-arm-none-eabi/bin/../lib/gcc/arm-none-eabi/10.3.1/../../../../arm-none-eabi/lib/thumb/v7-m/nofp\libg.a(lib_a-puts.o)
 .ARM.attributes
                0x00000584       0x2d c:/gun_tools/gcc-arm-none-eabi/bin/../lib/gcc/arm-none-eabi/10.3.1/../../../../arm-none-eabi/lib/thumb/v7-m/nofp\libg.a(lib_a-setvbuf.o)
 .ARM.attributes
                0x000005b1       0x2d c:/gun_tools/gcc-arm-none-eabi/bin/../lib/gcc/arm-none-eabi/10.3.1/../../../../arm-none-eabi/lib/thumb/v7-m/nofp\libg.a(lib_a-strlen-stub.o)
 .ARM.attributes
                0x000005de       0x2d c:/gun_tools/gcc-arm-none-eabi/bin/../lib/gcc/arm-none-eabi/10.3.1/../../../../arm-none-eabi/lib/thumb/v7-m/nofp\libg.a(lib_a-__call_atexit.o)
 .ARM.attributes
                0x0000060b       0x2d c:/gun_tools/gcc-arm-none-eabi/bin/../lib/gcc/arm-none-eabi/10.3.1/../../../../arm-none-eabi/lib/thumb/v7-m/nofp\libg.a(lib_a-atexit.o)
 .ARM.attributes
                0x00000638       0x2d c:/gun_tools/gcc-arm-none-eabi/bin/../lib/gcc/arm-none-eabi/10.3.1/../../../../arm-none-eabi/lib/thumb/v7-m/nofp\libg.a(lib_a-fflush.o)
 .ARM.attributes
                0x00000665       0x2d c:/gun_tools/gcc-arm-none-eabi/bin/../lib/gcc/arm-none-eabi/10.3.1/../../../../arm-none-eabi/lib/thumb/v7-m/nofp\libg.a(lib_a-findfp.o)
 .ARM.attributes
                0x00000692       0x2d c:/gun_tools/gcc-arm-none-eabi/bin/../lib/gcc/arm-none-eabi/10.3.1/../../../../arm-none-eabi/lib/thumb/v7-m/nofp\libg.a(lib_a-fini.o)
 .ARM.attributes
                0x000006bf       0x2d c:/gun_tools/gcc-arm-none-eabi/bin/../lib/gcc/arm-none-eabi/10.3.1/../../../../arm-none-eabi/lib/thumb/v7-m/nofp\libg.a(lib_a-freer.o)
 .ARM.attributes
                0x000006ec       0x2d c:/gun_tools/gcc-arm-none-eabi/bin/../lib/gcc/arm-none-eabi/10.3.1/../../../../arm-none-eabi/lib/thumb/v7-m/nofp\libg.a(lib_a-fvwrite.o)
 .ARM.attributes
                0x00000719       0x2d c:/gun_tools/gcc-arm-none-eabi/bin/../lib/gcc/arm-none-eabi/10.3.1/../../../../arm-none-eabi/lib/thumb/v7-m/nofp\libg.a(lib_a-fwalk.o)
 .ARM.attributes
                0x00000746       0x2d c:/gun_tools/gcc-arm-none-eabi/bin/../lib/gcc/arm-none-eabi/10.3.1/../../../../arm-none-eabi/lib/thumb/v7-m/nofp\libg.a(lib_a-lock.o)
 .ARM.attributes
                0x00000773       0x2d c:/gun_tools/gcc-arm-none-eabi/bin/../lib/gcc/arm-none-eabi/10.3.1/../../../../arm-none-eabi/lib/thumb/v7-m/nofp\libg.a(lib_a-makebuf.o)
 .ARM.attributes
                0x000007a0       0x2d c:/gun_tools/gcc-arm-none-eabi/bin/../lib/gcc/arm-none-eabi/10.3.1/../../../../arm-none-eabi/lib/thumb/v7-m/nofp\libg.a(lib_a-malloc.o)
 .ARM.attributes
                0x000007cd       0x2d c:/gun_tools/gcc-arm-none-eabi/bin/../lib/gcc/arm-none-eabi/10.3.1/../../../../arm-none-eabi/lib/thumb/v7-m/nofp\libg.a(lib_a-mallocr.o)
 .ARM.attributes
                0x000007fa       0x2d c:/gun_tools/gcc-arm-none-eabi/bin/../lib/gcc/arm-none-eabi/10.3.1/../../../../arm-none-eabi/lib/thumb/v7-m/nofp\libg.a(lib_a-memchr-stub.o)
 .ARM.attributes
                0x00000827       0x1b c:/gun_tools/gcc-arm-none-eabi/bin/../lib/gcc/arm-none-eabi/10.3.1/../../../../arm-none-eabi/lib/thumb/v7-m/nofp\libg.a(lib_a-memcpy.o)
 .ARM.attributes
                0x00000842       0x2d c:/gun_tools/gcc-arm-none-eabi/bin/../lib/gcc/arm-none-eabi/10.3.1/../../../../arm-none-eabi/lib/thumb/v7-m/nofp\libg.a(lib_a-memmove.o)
 .ARM.attributes
                0x0000086f       0x2d c:/gun_tools/gcc-arm-none-eabi/bin/../lib/gcc/arm-none-eabi/10.3.1/../../../../arm-none-eabi/lib/thumb/v7-m/nofp\libg.a(lib_a-mlock.o)
 .ARM.attributes
                0x0000089c       0x2d c:/gun_tools/gcc-arm-none-eabi/bin/../lib/gcc/arm-none-eabi/10.3.1/../../../../arm-none-eabi/lib/thumb/v7-m/nofp\libg.a(lib_a-reallocr.o)
 .ARM.attributes
                0x000008c9       0x2d c:/gun_tools/gcc-arm-none-eabi/bin/../lib/gcc/arm-none-eabi/10.3.1/../../../../arm-none-eabi/lib/thumb/v7-m/nofp\libg.a(lib_a-sbrkr.o)
 .ARM.attributes
                0x000008f6       0x2d c:/gun_tools/gcc-arm-none-eabi/bin/../lib/gcc/arm-none-eabi/10.3.1/../../../../arm-none-eabi/lib/thumb/v7-m/nofp\libg.a(lib_a-stdio.o)
 .ARM.attributes
                0x00000923       0x2d c:/gun_tools/gcc-arm-none-eabi/bin/../lib/gcc/arm-none-eabi/10.3.1/../../../../arm-none-eabi/lib/thumb/v7-m/nofp\libg.a(lib_a-writer.o)
 .ARM.attributes
                0x00000950       0x2d c:/gun_tools/gcc-arm-none-eabi/bin/../lib/gcc/arm-none-eabi/10.3.1/../../../../arm-none-eabi/lib/thumb/v7-m/nofp\libg.a(lib_a-wsetup.o)
 .ARM.attributes
                0x0000097d       0x2d c:/gun_tools/gcc-arm-none-eabi/bin/../lib/gcc/arm-none-eabi/10.3.1/../../../../arm-none-eabi/lib/thumb/v7-m/nofp\libg.a(lib_a-__atexit.o)
 .ARM.attributes
                0x000009aa       0x2d c:/gun_tools/gcc-arm-none-eabi/bin/../lib/gcc/arm-none-eabi/10.3.1/../../../../arm-none-eabi/lib/thumb/v7-m/nofp\libg.a(lib_a-closer.o)
 .ARM.attributes
                0x000009d7       0x2d c:/gun_tools/gcc-arm-none-eabi/bin/../lib/gcc/arm-none-eabi/10.3.1/../../../../arm-none-eabi/lib/thumb/v7-m/nofp\libg.a(lib_a-fclose.o)
 .ARM.attributes
                0x00000a04       0x2d c:/gun_tools/gcc-arm-none-eabi/bin/../lib/gcc/arm-none-eabi/10.3.1/../../../../arm-none-eabi/lib/thumb/v7-m/nofp\libg.a(lib_a-fstatr.o)
 .ARM.attributes
                0x00000a31       0x2d c:/gun_tools/gcc-arm-none-eabi/bin/../lib/gcc/arm-none-eabi/10.3.1/../../../../arm-none-eabi/lib/thumb/v7-m/nofp\libg.a(lib_a-isattyr.o)
 .ARM.attributes
                0x00000a5e       0x2d c:/gun_tools/gcc-arm-none-eabi/bin/../lib/gcc/arm-none-eabi/10.3.1/../../../../arm-none-eabi/lib/thumb/v7-m/nofp\libg.a(lib_a-lseekr.o)
 .ARM.attributes
                0x00000a8b       0x2d c:/gun_tools/gcc-arm-none-eabi/bin/../lib/gcc/arm-none-eabi/10.3.1/../../../../arm-none-eabi/lib/thumb/v7-m/nofp\libg.a(lib_a-readr.o)
 .ARM.attributes
                0x00000ab8       0x2d c:/gun_tools/gcc-arm-none-eabi/bin/../lib/gcc/arm-none-eabi/10.3.1/../../../../arm-none-eabi/lib/thumb/v7-m/nofp\libg.a(lib_a-reent.o)
 .ARM.attributes
                0x00000ae5       0x1d c:/gun_tools/gcc-arm-none-eabi/bin/../lib/gcc/arm-none-eabi/10.3.1/thumb/v7-m/nofp/crtn.o
OUTPUT(wave_recongize_stm32_f1.elf elf32-littlearm)
LOAD linker stubs
LOAD c:/gun_tools/gcc-arm-none-eabi/bin/../lib/gcc/arm-none-eabi/10.3.1/../../../../arm-none-eabi/lib/thumb/v7-m/nofp\libc.a
LOAD c:/gun_tools/gcc-arm-none-eabi/bin/../lib/gcc/arm-none-eabi/10.3.1/../../../../arm-none-eabi/lib/thumb/v7-m/nofp\libm.a
LOAD c:/gun_tools/gcc-arm-none-eabi/bin/../lib/gcc/arm-none-eabi/10.3.1/thumb/v7-m/nofp\libgcc.a

.debug_info     0x00000000    0x13bdc
 .debug_info    0x00000000     0x12a7 CMakeFiles/wave_recongize_stm32_f1.elf.dir/APP/utils/retarget.c.obj
 .debug_info    0x000012a7      0x312 CMakeFiles/wave_recongize_stm32_f1.elf.dir/Core/Src/gpio.c.obj
 .debug_info    0x000015b9     0x116e CMakeFiles/wave_recongize_stm32_f1.elf.dir/Core/Src/main.c.obj
 .debug_info    0x00002727      0xb61 CMakeFiles/wave_recongize_stm32_f1.elf.dir/Core/Src/sdio.c.obj
 .debug_info    0x00003288      0x235 CMakeFiles/wave_recongize_stm32_f1.elf.dir/Core/Src/stm32f1xx_hal_msp.c.obj
 .debug_info    0x000034bd      0x9cd CMakeFiles/wave_recongize_stm32_f1.elf.dir/Core/Src/stm32f1xx_it.c.obj
 .debug_info    0x00003e8a      0x750 CMakeFiles/wave_recongize_stm32_f1.elf.dir/Core/Src/syscalls.c.obj
 .debug_info    0x000045da      0x248 CMakeFiles/wave_recongize_stm32_f1.elf.dir/Core/Src/system_stm32f1xx.c.obj
 .debug_info    0x00004822      0xa43 CMakeFiles/wave_recongize_stm32_f1.elf.dir/Core/Src/usart.c.obj
 .debug_info    0x00005265      0x80e CMakeFiles/wave_recongize_stm32_f1.elf.dir/Drivers/STM32F1xx_HAL_Driver/Src/stm32f1xx_hal.c.obj
 .debug_info    0x00005a73      0xdf0 CMakeFiles/wave_recongize_stm32_f1.elf.dir/Drivers/STM32F1xx_HAL_Driver/Src/stm32f1xx_hal_cortex.c.obj
 .debug_info    0x00006863      0x846 CMakeFiles/wave_recongize_stm32_f1.elf.dir/Drivers/STM32F1xx_HAL_Driver/Src/stm32f1xx_hal_dma.c.obj
 .debug_info    0x000070a9      0x66f CMakeFiles/wave_recongize_stm32_f1.elf.dir/Drivers/STM32F1xx_HAL_Driver/Src/stm32f1xx_hal_gpio.c.obj
 .debug_info    0x00007718      0xa36 CMakeFiles/wave_recongize_stm32_f1.elf.dir/Drivers/STM32F1xx_HAL_Driver/Src/stm32f1xx_hal_rcc.c.obj
 .debug_info    0x0000814e     0x25bb CMakeFiles/wave_recongize_stm32_f1.elf.dir/Drivers/STM32F1xx_HAL_Driver/Src/stm32f1xx_hal_sd.c.obj
 .debug_info    0x0000a709     0x1c8b CMakeFiles/wave_recongize_stm32_f1.elf.dir/Drivers/STM32F1xx_HAL_Driver/Src/stm32f1xx_hal_uart.c.obj
 .debug_info    0x0000c394     0x195e CMakeFiles/wave_recongize_stm32_f1.elf.dir/Drivers/STM32F1xx_HAL_Driver/Src/stm32f1xx_ll_sdmmc.c.obj
 .debug_info    0x0000dcf2      0x5a2 CMakeFiles/wave_recongize_stm32_f1.elf.dir/FATFS/App/fatfs.c.obj
 .debug_info    0x0000e294      0xbbf CMakeFiles/wave_recongize_stm32_f1.elf.dir/FATFS/Target/bsp_driver_sd.c.obj
 .debug_info    0x0000ee53      0x356 CMakeFiles/wave_recongize_stm32_f1.elf.dir/FATFS/Target/user_diskio.c.obj
 .debug_info    0x0000f1a9      0x4af CMakeFiles/wave_recongize_stm32_f1.elf.dir/Middlewares/Third_Party/FatFs/src/diskio.c.obj
 .debug_info    0x0000f658      0x59f CMakeFiles/wave_recongize_stm32_f1.elf.dir/Middlewares/Third_Party/FatFs/src/drivers/sd_diskio.c.obj
 .debug_info    0x0000fbf7     0x3bba CMakeFiles/wave_recongize_stm32_f1.elf.dir/Middlewares/Third_Party/FatFs/src/ff.c.obj
 .debug_info    0x000137b1      0x409 CMakeFiles/wave_recongize_stm32_f1.elf.dir/Middlewares/Third_Party/FatFs/src/ff_gen_drv.c.obj
 .debug_info    0x00013bba       0x22 CMakeFiles/wave_recongize_stm32_f1.elf.dir/startup/startup_stm32f103xe.s.obj

.debug_abbrev   0x00000000     0x2fc3
 .debug_abbrev  0x00000000      0x2b4 CMakeFiles/wave_recongize_stm32_f1.elf.dir/APP/utils/retarget.c.obj
 .debug_abbrev  0x000002b4      0x13c CMakeFiles/wave_recongize_stm32_f1.elf.dir/Core/Src/gpio.c.obj
 .debug_abbrev  0x000003f0      0x2c7 CMakeFiles/wave_recongize_stm32_f1.elf.dir/Core/Src/main.c.obj
 .debug_abbrev  0x000006b7      0x1f2 CMakeFiles/wave_recongize_stm32_f1.elf.dir/Core/Src/sdio.c.obj
 .debug_abbrev  0x000008a9      0x108 CMakeFiles/wave_recongize_stm32_f1.elf.dir/Core/Src/stm32f1xx_hal_msp.c.obj
 .debug_abbrev  0x000009b1      0x191 CMakeFiles/wave_recongize_stm32_f1.elf.dir/Core/Src/stm32f1xx_it.c.obj
 .debug_abbrev  0x00000b42      0x1da CMakeFiles/wave_recongize_stm32_f1.elf.dir/Core/Src/syscalls.c.obj
 .debug_abbrev  0x00000d1c      0x13e CMakeFiles/wave_recongize_stm32_f1.elf.dir/Core/Src/system_stm32f1xx.c.obj
 .debug_abbrev  0x00000e5a      0x1ca CMakeFiles/wave_recongize_stm32_f1.elf.dir/Core/Src/usart.c.obj
 .debug_abbrev  0x00001024      0x1f4 CMakeFiles/wave_recongize_stm32_f1.elf.dir/Drivers/STM32F1xx_HAL_Driver/Src/stm32f1xx_hal.c.obj
 .debug_abbrev  0x00001218      0x341 CMakeFiles/wave_recongize_stm32_f1.elf.dir/Drivers/STM32F1xx_HAL_Driver/Src/stm32f1xx_hal_cortex.c.obj
 .debug_abbrev  0x00001559      0x223 CMakeFiles/wave_recongize_stm32_f1.elf.dir/Drivers/STM32F1xx_HAL_Driver/Src/stm32f1xx_hal_dma.c.obj
 .debug_abbrev  0x0000177c      0x1e6 CMakeFiles/wave_recongize_stm32_f1.elf.dir/Drivers/STM32F1xx_HAL_Driver/Src/stm32f1xx_hal_gpio.c.obj
 .debug_abbrev  0x00001962      0x27a CMakeFiles/wave_recongize_stm32_f1.elf.dir/Drivers/STM32F1xx_HAL_Driver/Src/stm32f1xx_hal_rcc.c.obj
 .debug_abbrev  0x00001bdc      0x266 CMakeFiles/wave_recongize_stm32_f1.elf.dir/Drivers/STM32F1xx_HAL_Driver/Src/stm32f1xx_hal_sd.c.obj
 .debug_abbrev  0x00001e42      0x254 CMakeFiles/wave_recongize_stm32_f1.elf.dir/Drivers/STM32F1xx_HAL_Driver/Src/stm32f1xx_hal_uart.c.obj
 .debug_abbrev  0x00002096      0x217 CMakeFiles/wave_recongize_stm32_f1.elf.dir/Drivers/STM32F1xx_HAL_Driver/Src/stm32f1xx_ll_sdmmc.c.obj
 .debug_abbrev  0x000022ad      0x1b9 CMakeFiles/wave_recongize_stm32_f1.elf.dir/FATFS/App/fatfs.c.obj
 .debug_abbrev  0x00002466      0x284 CMakeFiles/wave_recongize_stm32_f1.elf.dir/FATFS/Target/bsp_driver_sd.c.obj
 .debug_abbrev  0x000026ea      0x14a CMakeFiles/wave_recongize_stm32_f1.elf.dir/FATFS/Target/user_diskio.c.obj
 .debug_abbrev  0x00002834      0x1b7 CMakeFiles/wave_recongize_stm32_f1.elf.dir/Middlewares/Third_Party/FatFs/src/diskio.c.obj
 .debug_abbrev  0x000029eb      0x179 CMakeFiles/wave_recongize_stm32_f1.elf.dir/Middlewares/Third_Party/FatFs/src/drivers/sd_diskio.c.obj
 .debug_abbrev  0x00002b64      0x2a4 CMakeFiles/wave_recongize_stm32_f1.elf.dir/Middlewares/Third_Party/FatFs/src/ff.c.obj
 .debug_abbrev  0x00002e08      0x1a9 CMakeFiles/wave_recongize_stm32_f1.elf.dir/Middlewares/Third_Party/FatFs/src/ff_gen_drv.c.obj
 .debug_abbrev  0x00002fb1       0x12 CMakeFiles/wave_recongize_stm32_f1.elf.dir/startup/startup_stm32f103xe.s.obj

.debug_loc      0x00000000     0xd2ce
 .debug_loc     0x00000000      0x389 CMakeFiles/wave_recongize_stm32_f1.elf.dir/APP/utils/retarget.c.obj
 .debug_loc     0x00000389       0x84 CMakeFiles/wave_recongize_stm32_f1.elf.dir/Core/Src/sdio.c.obj
 .debug_loc     0x0000040d       0x15 CMakeFiles/wave_recongize_stm32_f1.elf.dir/Core/Src/stm32f1xx_hal_msp.c.obj
 .debug_loc     0x00000422      0x3a2 CMakeFiles/wave_recongize_stm32_f1.elf.dir/Core/Src/syscalls.c.obj
 .debug_loc     0x000007c4       0xff CMakeFiles/wave_recongize_stm32_f1.elf.dir/Core/Src/system_stm32f1xx.c.obj
 .debug_loc     0x000008c3       0x84 CMakeFiles/wave_recongize_stm32_f1.elf.dir/Core/Src/usart.c.obj
 .debug_loc     0x00000947      0x141 CMakeFiles/wave_recongize_stm32_f1.elf.dir/Drivers/STM32F1xx_HAL_Driver/Src/stm32f1xx_hal.c.obj
 .debug_loc     0x00000a88      0x71f CMakeFiles/wave_recongize_stm32_f1.elf.dir/Drivers/STM32F1xx_HAL_Driver/Src/stm32f1xx_hal_cortex.c.obj
 .debug_loc     0x000011a7      0x7ce CMakeFiles/wave_recongize_stm32_f1.elf.dir/Drivers/STM32F1xx_HAL_Driver/Src/stm32f1xx_hal_dma.c.obj
 .debug_loc     0x00001975      0x47d CMakeFiles/wave_recongize_stm32_f1.elf.dir/Drivers/STM32F1xx_HAL_Driver/Src/stm32f1xx_hal_gpio.c.obj
 .debug_loc     0x00001df2      0x63e CMakeFiles/wave_recongize_stm32_f1.elf.dir/Drivers/STM32F1xx_HAL_Driver/Src/stm32f1xx_hal_rcc.c.obj
 .debug_loc     0x00002430     0x21c4 CMakeFiles/wave_recongize_stm32_f1.elf.dir/Drivers/STM32F1xx_HAL_Driver/Src/stm32f1xx_hal_sd.c.obj
 .debug_loc     0x000045f4     0x2037 CMakeFiles/wave_recongize_stm32_f1.elf.dir/Drivers/STM32F1xx_HAL_Driver/Src/stm32f1xx_hal_uart.c.obj
 .debug_loc     0x0000662b     0x10b7 CMakeFiles/wave_recongize_stm32_f1.elf.dir/Drivers/STM32F1xx_HAL_Driver/Src/stm32f1xx_ll_sdmmc.c.obj
 .debug_loc     0x000076e2      0x4a3 CMakeFiles/wave_recongize_stm32_f1.elf.dir/FATFS/Target/bsp_driver_sd.c.obj
 .debug_loc     0x00007b85       0xb9 CMakeFiles/wave_recongize_stm32_f1.elf.dir/FATFS/Target/user_diskio.c.obj
 .debug_loc     0x00007c3e      0x283 CMakeFiles/wave_recongize_stm32_f1.elf.dir/Middlewares/Third_Party/FatFs/src/diskio.c.obj
 .debug_loc     0x00007ec1      0x458 CMakeFiles/wave_recongize_stm32_f1.elf.dir/Middlewares/Third_Party/FatFs/src/drivers/sd_diskio.c.obj
 .debug_loc     0x00008319     0x4d10 CMakeFiles/wave_recongize_stm32_f1.elf.dir/Middlewares/Third_Party/FatFs/src/ff.c.obj
 .debug_loc     0x0000d029      0x2a5 CMakeFiles/wave_recongize_stm32_f1.elf.dir/Middlewares/Third_Party/FatFs/src/ff_gen_drv.c.obj

.debug_aranges  0x00000000      0xdf0
 .debug_aranges
                0x00000000       0x50 CMakeFiles/wave_recongize_stm32_f1.elf.dir/APP/utils/retarget.c.obj
 .debug_aranges
                0x00000050       0x20 CMakeFiles/wave_recongize_stm32_f1.elf.dir/Core/Src/gpio.c.obj
 .debug_aranges
                0x00000070       0x38 CMakeFiles/wave_recongize_stm32_f1.elf.dir/Core/Src/main.c.obj
 .debug_aranges
                0x000000a8       0x30 CMakeFiles/wave_recongize_stm32_f1.elf.dir/Core/Src/sdio.c.obj
 .debug_aranges
                0x000000d8       0x20 CMakeFiles/wave_recongize_stm32_f1.elf.dir/Core/Src/stm32f1xx_hal_msp.c.obj
 .debug_aranges
                0x000000f8       0x70 CMakeFiles/wave_recongize_stm32_f1.elf.dir/Core/Src/stm32f1xx_it.c.obj
 .debug_aranges
                0x00000168       0x90 CMakeFiles/wave_recongize_stm32_f1.elf.dir/Core/Src/syscalls.c.obj
 .debug_aranges
                0x000001f8       0x28 CMakeFiles/wave_recongize_stm32_f1.elf.dir/Core/Src/system_stm32f1xx.c.obj
 .debug_aranges
                0x00000220       0x30 CMakeFiles/wave_recongize_stm32_f1.elf.dir/Core/Src/usart.c.obj
 .debug_aranges
                0x00000250       0xe0 CMakeFiles/wave_recongize_stm32_f1.elf.dir/Drivers/STM32F1xx_HAL_Driver/Src/stm32f1xx_hal.c.obj
 .debug_aranges
                0x00000330       0x90 CMakeFiles/wave_recongize_stm32_f1.elf.dir/Drivers/STM32F1xx_HAL_Driver/Src/stm32f1xx_hal_cortex.c.obj
 .debug_aranges
                0x000003c0       0x80 CMakeFiles/wave_recongize_stm32_f1.elf.dir/Drivers/STM32F1xx_HAL_Driver/Src/stm32f1xx_hal_dma.c.obj
 .debug_aranges
                0x00000440       0x58 CMakeFiles/wave_recongize_stm32_f1.elf.dir/Drivers/STM32F1xx_HAL_Driver/Src/stm32f1xx_hal_gpio.c.obj
 .debug_aranges
                0x00000498       0x90 CMakeFiles/wave_recongize_stm32_f1.elf.dir/Drivers/STM32F1xx_HAL_Driver/Src/stm32f1xx_hal_rcc.c.obj
 .debug_aranges
                0x00000528      0x168 CMakeFiles/wave_recongize_stm32_f1.elf.dir/Drivers/STM32F1xx_HAL_Driver/Src/stm32f1xx_hal_sd.c.obj
 .debug_aranges
                0x00000690      0x200 CMakeFiles/wave_recongize_stm32_f1.elf.dir/Drivers/STM32F1xx_HAL_Driver/Src/stm32f1xx_hal_uart.c.obj
 .debug_aranges
                0x00000890      0x180 CMakeFiles/wave_recongize_stm32_f1.elf.dir/Drivers/STM32F1xx_HAL_Driver/Src/stm32f1xx_ll_sdmmc.c.obj
 .debug_aranges
                0x00000a10       0x28 CMakeFiles/wave_recongize_stm32_f1.elf.dir/FATFS/App/fatfs.c.obj
 .debug_aranges
                0x00000a38       0xa0 CMakeFiles/wave_recongize_stm32_f1.elf.dir/FATFS/Target/bsp_driver_sd.c.obj
 .debug_aranges
                0x00000ad8       0x40 CMakeFiles/wave_recongize_stm32_f1.elf.dir/FATFS/Target/user_diskio.c.obj
 .debug_aranges
                0x00000b18       0x48 CMakeFiles/wave_recongize_stm32_f1.elf.dir/Middlewares/Third_Party/FatFs/src/diskio.c.obj
 .debug_aranges
                0x00000b60       0x40 CMakeFiles/wave_recongize_stm32_f1.elf.dir/Middlewares/Third_Party/FatFs/src/drivers/sd_diskio.c.obj
 .debug_aranges
                0x00000ba0      0x1e8 CMakeFiles/wave_recongize_stm32_f1.elf.dir/Middlewares/Third_Party/FatFs/src/ff.c.obj
 .debug_aranges
                0x00000d88       0x40 CMakeFiles/wave_recongize_stm32_f1.elf.dir/Middlewares/Third_Party/FatFs/src/ff_gen_drv.c.obj
 .debug_aranges
                0x00000dc8       0x28 CMakeFiles/wave_recongize_stm32_f1.elf.dir/startup/startup_stm32f103xe.s.obj

.debug_ranges   0x00000000      0xce8
 .debug_ranges  0x00000000       0x40 CMakeFiles/wave_recongize_stm32_f1.elf.dir/APP/utils/retarget.c.obj
 .debug_ranges  0x00000040       0x10 CMakeFiles/wave_recongize_stm32_f1.elf.dir/Core/Src/gpio.c.obj
 .debug_ranges  0x00000050       0x28 CMakeFiles/wave_recongize_stm32_f1.elf.dir/Core/Src/main.c.obj
 .debug_ranges  0x00000078       0x20 CMakeFiles/wave_recongize_stm32_f1.elf.dir/Core/Src/sdio.c.obj
 .debug_ranges  0x00000098       0x10 CMakeFiles/wave_recongize_stm32_f1.elf.dir/Core/Src/stm32f1xx_hal_msp.c.obj
 .debug_ranges  0x000000a8       0x60 CMakeFiles/wave_recongize_stm32_f1.elf.dir/Core/Src/stm32f1xx_it.c.obj
 .debug_ranges  0x00000108       0x80 CMakeFiles/wave_recongize_stm32_f1.elf.dir/Core/Src/syscalls.c.obj
 .debug_ranges  0x00000188       0x18 CMakeFiles/wave_recongize_stm32_f1.elf.dir/Core/Src/system_stm32f1xx.c.obj
 .debug_ranges  0x000001a0       0x20 CMakeFiles/wave_recongize_stm32_f1.elf.dir/Core/Src/usart.c.obj
 .debug_ranges  0x000001c0       0xd0 CMakeFiles/wave_recongize_stm32_f1.elf.dir/Drivers/STM32F1xx_HAL_Driver/Src/stm32f1xx_hal.c.obj