Archive member included to satisfy reference by file (symbol)

c:/gun_tools/gcc-arm-none-eabi/bin/../lib/gcc/arm-none-eabi/10.3.1/../../../../arm-none-eabi/lib/thumb/v7-m/nofp\libg.a(lib_a-errno.o)
                              CMakeFiles/wave_recongize_stm32_f1.elf.dir/APP/utils/retarget.c.obj (__errno)
c:/gun_tools/gcc-arm-none-eabi/bin/../lib/gcc/arm-none-eabi/10.3.1/../../../../arm-none-eabi/lib/thumb/v7-m/nofp\libg.a(lib_a-exit.o)
                              c:/gun_tools/gcc-arm-none-eabi/bin/../lib/gcc/arm-none-eabi/10.3.1/../../../../arm-none-eabi/lib/thumb/v7-m/nofp/crt0.o (exit)
c:/gun_tools/gcc-arm-none-eabi/bin/../lib/gcc/arm-none-eabi/10.3.1/../../../../arm-none-eabi/lib/thumb/v7-m/nofp\libg.a(lib_a-impure.o)
                              c:/gun_tools/gcc-arm-none-eabi/bin/../lib/gcc/arm-none-eabi/10.3.1/../../../../arm-none-eabi/lib/thumb/v7-m/nofp\libg.a(lib_a-exit.o) (_global_impure_ptr)
c:/gun_tools/gcc-arm-none-eabi/bin/../lib/gcc/arm-none-eabi/10.3.1/../../../../arm-none-eabi/lib/thumb/v7-m/nofp\libg.a(lib_a-init.o)
                              c:/gun_tools/gcc-arm-none-eabi/bin/../lib/gcc/arm-none-eabi/10.3.1/../../../../arm-none-eabi/lib/thumb/v7-m/nofp/crt0.o (__libc_init_array)
c:/gun_tools/gcc-arm-none-eabi/bin/../lib/gcc/arm-none-eabi/10.3.1/../../../../arm-none-eabi/lib/thumb/v7-m/nofp\libg.a(lib_a-memset.o)
                              c:/gun_tools/gcc-arm-none-eabi/bin/../lib/gcc/arm-none-eabi/10.3.1/../../../../arm-none-eabi/lib/thumb/v7-m/nofp/crt0.o (memset)
c:/gun_tools/gcc-arm-none-eabi/bin/../lib/gcc/arm-none-eabi/10.3.1/../../../../arm-none-eabi/lib/thumb/v7-m/nofp\libg.a(lib_a-printf.o)
                              CMakeFiles/wave_recongize_stm32_f1.elf.dir/Core/Src/main.c.obj (printf)
c:/gun_tools/gcc-arm-none-eabi/bin/../lib/gcc/arm-none-eabi/10.3.1/../../../../arm-none-eabi/lib/thumb/v7-m/nofp\libg.a(lib_a-puts.o)
                              CMakeFiles/wave_recongize_stm32_f1.elf.dir/Core/Src/main.c.obj (puts)
c:/gun_tools/gcc-arm-none-eabi/bin/../lib/gcc/arm-none-eabi/10.3.1/../../../../arm-none-eabi/lib/thumb/v7-m/nofp\libg.a(lib_a-setvbuf.o)
                              CMakeFiles/wave_recongize_stm32_f1.elf.dir/APP/utils/retarget.c.obj (setvbuf)
c:/gun_tools/gcc-arm-none-eabi/bin/../lib/gcc/arm-none-eabi/10.3.1/../../../../arm-none-eabi/lib/thumb/v7-m/nofp\libg.a(lib_a-strlen-stub.o)
                              c:/gun_tools/gcc-arm-none-eabi/bin/../lib/gcc/arm-none-eabi/10.3.1/../../../../arm-none-eabi/lib/thumb/v7-m/nofp\libg.a(lib_a-puts.o) (strlen)
c:/gun_tools/gcc-arm-none-eabi/bin/../lib/gcc/arm-none-eabi/10.3.1/../../../../arm-none-eabi/lib/thumb/v7-m/nofp\libg.a(lib_a-vfprintf.o)
                              c:/gun_tools/gcc-arm-none-eabi/bin/../lib/gcc/arm-none-eabi/10.3.1/../../../../arm-none-eabi/lib/thumb/v7-m/nofp\libg.a(lib_a-printf.o) (_vfprintf_r)
c:/gun_tools/gcc-arm-none-eabi/bin/../lib/gcc/arm-none-eabi/10.3.1/../../../../arm-none-eabi/lib/thumb/v7-m/nofp\libg.a(lib_a-wsetup.o)
                              c:/gun_tools/gcc-arm-none-eabi/bin/../lib/gcc/arm-none-eabi/10.3.1/../../../../arm-none-eabi/lib/thumb/v7-m/nofp\libg.a(lib_a-vfprintf.o) (__swsetup_r)
c:/gun_tools/gcc-arm-none-eabi/bin/../lib/gcc/arm-none-eabi/10.3.1/../../../../arm-none-eabi/lib/thumb/v7-m/nofp\libg.a(lib_a-__call_atexit.o)
                              c:/gun_tools/gcc-arm-none-eabi/bin/../lib/gcc/arm-none-eabi/10.3.1/../../../../arm-none-eabi/lib/thumb/v7-m/nofp\libg.a(lib_a-exit.o) (__call_exitprocs)
c:/gun_tools/gcc-arm-none-eabi/bin/../lib/gcc/arm-none-eabi/10.3.1/../../../../arm-none-eabi/lib/thumb/v7-m/nofp\libg.a(lib_a-atexit.o)
                              c:/gun_tools/gcc-arm-none-eabi/bin/../lib/gcc/arm-none-eabi/10.3.1/../../../../arm-none-eabi/lib/thumb/v7-m/nofp\libg.a(lib_a-__call_atexit.o) (atexit)
c:/gun_tools/gcc-arm-none-eabi/bin/../lib/gcc/arm-none-eabi/10.3.1/../../../../arm-none-eabi/lib/thumb/v7-m/nofp\libg.a(lib_a-dtoa.o)
                              c:/gun_tools/gcc-arm-none-eabi/bin/../lib/gcc/arm-none-eabi/10.3.1/../../../../arm-none-eabi/lib/thumb/v7-m/nofp\libg.a(lib_a-vfprintf.o) (_dtoa_r)
c:/gun_tools/gcc-arm-none-eabi/bin/../lib/gcc/arm-none-eabi/10.3.1/../../../../arm-none-eabi/lib/thumb/v7-m/nofp\libg.a(lib_a-fflush.o)
                              c:/gun_tools/gcc-arm-none-eabi/bin/../lib/gcc/arm-none-eabi/10.3.1/../../../../arm-none-eabi/lib/thumb/v7-m/nofp\libg.a(lib_a-setvbuf.o) (_fflush_r)
c:/gun_tools/gcc-arm-none-eabi/bin/../lib/gcc/arm-none-eabi/10.3.1/../../../../arm-none-eabi/lib/thumb/v7-m/nofp\libg.a(lib_a-findfp.o)
                              c:/gun_tools/gcc-arm-none-eabi/bin/../lib/gcc/arm-none-eabi/10.3.1/../../../../arm-none-eabi/lib/thumb/v7-m/nofp\libg.a(lib_a-puts.o) (__sinit)
c:/gun_tools/gcc-arm-none-eabi/bin/../lib/gcc/arm-none-eabi/10.3.1/../../../../arm-none-eabi/lib/thumb/v7-m/nofp\libg.a(lib_a-fini.o)
[...]
Memory Configuration

Name             Origin             Length             Attributes
RAM              0x20000000         0x00010000         xrw
FLASH            0x08000000         0x00080000         xr
*default*        0x00000000         0xffffffff

Linker script and memory map

LOAD c:/gun_tools/gcc-arm-none-eabi/bin/../lib/gcc/arm-none-eabi/10.3.1/thumb/v7-m/nofp/crti.o
LOAD c:/gun_tools/gcc-arm-none-eabi/bin/../lib/gcc/arm-none-eabi/10.3.1/thumb/v7-m/nofp/crtbegin.o
LOAD c:/gun_tools/gcc-arm-none-eabi/bin/../lib/gcc/arm-none-eabi/10.3.1/../../../../arm-none-eabi/lib/thumb/v7-m/nofp/crt0.o
LOAD CMakeFiles/wave_recongize_stm32_f1.elf.dir/APP/utils/retarget.c.obj
LOAD CMakeFiles/wave_recongize_stm32_f1.elf.dir/Core/Src/gpio.c.obj
LOAD CMakeFiles/wave_recongize_stm32_f1.elf.dir/Core/Src/main.c.obj
LOAD CMakeFiles/wave_recongize_stm32_f1.elf.dir/Core/Src/sdio.c.obj
LOAD CMakeFiles/wave_recongize_stm32_f1.elf.dir/Core/Src/stm32f1xx_hal_msp.c.obj
LOAD CMakeFiles/wave_recongize_stm32_f1.elf.dir/Core/Src/stm32f1xx_it.c.obj
LOAD CMakeFiles/wave_recongize_stm32_f1.elf.dir/Core/Src/syscalls.c.obj
LOAD CMakeFiles/wave_recongize_stm32_f1.elf.dir/Core/Src/system_stm32f1xx.c.obj
LOAD CMakeFiles/wave_recongize_stm32_f1.elf.dir/Core/Src/usart.c.obj
LOAD CMakeFiles/wave_recongize_stm32_f1.elf.dir/Drivers/STM32F1xx_HAL_Driver/Src/stm32f1xx_hal.c.obj
LOAD CMakeFiles/wave_recongize_stm32_f1.elf.dir/Drivers/STM32F1xx_HAL_Driver/Src/stm32f1xx_hal_cortex.c.obj
LOAD CMakeFiles/wave_recongize_stm32_f1.elf.dir/Drivers/STM32F1xx_HAL_Driver/Src/stm32f1xx_hal_dma.c.obj
LOAD CMakeFiles/wave_recongize_stm32_f1.elf.dir/Drivers/STM32F1xx_HAL_Driver/Src/stm32f1xx_hal_exti.c.obj
LOAD CMakeFiles/wave_recongize_stm32_f1.elf.dir/Drivers/STM32F1xx_HAL_Driver/Src/stm32f1xx_hal_flash.c.obj
LOAD CMakeFiles/wave_recongize_stm32_f1.elf.dir/Drivers/STM32F1xx_HAL_Driver/Src/stm32f1xx_hal_flash_ex.c.obj
LOAD CMakeFiles/wave_recongize_stm32_f1.elf.dir/Drivers/STM32F1xx_HAL_Driver/Src/stm32f1xx_hal_gpio.c.obj
LOAD CMakeFiles/wave_recongize_stm32_f1.elf.dir/Drivers/STM32F1xx_HAL_Driver/Src/stm32f1xx_hal_gpio_ex.c.obj
LOAD CMakeFiles/wave_recongize_stm32_f1.elf.dir/Drivers/STM32F1xx_HAL_Driver/Src/stm32f1xx_hal_pwr.c.obj
LOAD CMakeFiles/wave_recongize_stm32_f1.elf.dir/Drivers/STM32F1xx_HAL_Driver/Src/stm32f1xx_hal_rcc.c.obj
LOAD CMakeFiles/wave_recongize_stm32_f1.elf.dir/Drivers/STM32F1xx_HAL_Driver/Src/stm32f1xx_hal_rcc_ex.c.obj
LOAD CMakeFiles/wave_recongize_stm32_f1.elf.dir/Drivers/STM32F1xx_HAL_Driver/Src/stm32f1xx_hal_sd.c.obj
LOAD CMakeFiles/wave_recongize_stm32_f1.elf.dir/Drivers/STM32F1xx_HAL_Driver/Src/stm32f1xx_hal_tim.c.obj
LOAD CMakeFiles/wave_recongize_stm32_f1.elf.dir/Drivers/STM32F1xx_HAL_Driver/Src/stm32f1xx_hal_tim_ex.c.obj
LOAD CMakeFiles/wave_recongize_stm32_f1.elf.dir/Drivers/STM32F1xx_HAL_Driver/Src/stm32f1xx_hal_uart.c.obj
LOAD CMakeFiles/wave_recongize_stm32_f1.elf.dir/Drivers/STM32F1xx_HAL_Driver/Src/stm32f1xx_ll_sdmmc.c.obj
LOAD CMakeFiles/wave_recongize_stm32_f1.elf.dir/FATFS/App/fatfs.c.obj
LOAD CMakeFiles/wave_recongize_stm32_f1.elf.dir/FATFS/Target/bsp_driver_sd.c.obj
LOAD CMakeFiles/wave_recongize_stm32_f1.elf.dir/FATFS/Target/user_diskio.c.obj
LOAD CMakeFiles/wave_recongize_stm32_f1.elf.dir/Middlewares/Third_Party/FatFs/src/diskio.c.obj
LOAD CMakeFiles/wave_recongize_stm32_f1.elf.dir/Middlewares/Third_Party/FatFs/src/drivers/sd_diskio.c.obj
LOAD CMakeFiles/wave_recongize_stm32_f1.elf.dir/Middlewares/Third_Party/FatFs/src/ff.c.obj
LOAD CMakeFiles/wave_recongize_stm32_f1.elf.dir/Middlewares/Third_Party/FatFs/src/ff_gen_drv.c.obj
LOAD CMakeFiles/wave_recongize_stm32_f1.elf.dir/Middlewares/Third_Party/FatFs/src/option/syscall.c.obj
LOAD CMakeFiles/wave_recongize_stm32_f1.elf.dir/startup/startup_stm32f103xe.s.obj
START GROUP
LOAD c:/gun_tools/gcc-arm-none-eabi/bin/../lib/gcc/arm-none-eabi/10.3.1/thumb/v7-m/nofp\libgcc.a
LOAD c:/gun_tools/gcc-arm-none-eabi/bin/../lib/gcc/arm-none-eabi/10.3.1/../../../../arm-none-eabi/lib/thumb/v7-m/nofp\libg.a
LOAD c:/gun_tools/gcc-arm-none-eabi/bin/../lib/gcc/arm-none-eabi/10.3.1/../../../../arm-none-eabi/lib/thumb/v7-m/nofp\libc.a
END GROUP
LOAD c:/gun_tools/gcc-arm-none-eabi/bin/../lib/gcc/arm-none-eabi/10.3.1/thumb/v7-m/nofp/crtend.o
LOAD c:/gun_tools/gcc-arm-none-eabi/bin/../lib/gcc/arm-none-eabi/10.3.1/thumb/v7-m/nofp/crtn.o
                0x20010000                _estack = 0x20010000
                0x00000200                _Min_Heap_Size = 0x200
                0x00000400                _Min_Stack_Size = 0x400

.isr_vector     0x08000000      0x1e4
                0x08000000                . = ALIGN (0x4)
 *(.isr_vector)
 .isr_vector    0x08000000      0x1e4 CMakeFiles/wave_recongize_stm32_f1.elf.dir/startup/startup_stm32f103xe.s.obj
                0x08000000                g_pfnVectors
                0x080001e4                . = ALIGN (0x4)

.text           0x080001e8     0xa060
                0x080001e8                . = ALIGN (0x4)
 *(.text)
 .text          0x080001e8       0x40 c:/gun_tools/gcc-arm-none-eabi/bin/../lib/gcc/arm-none-eabi/10.3.1/thumb/v7-m/nofp/crtbegin.o
 .text          0x08000228       0xec c:/gun_tools/gcc-arm-none-eabi/bin/../lib/gcc/arm-none-eabi/10.3.1/../../../../arm-none-eabi/lib/thumb/v7-m/nofp\libg.a(lib_a-memcpy.o)
                0x08000228                memcpy
 .text          0x08000314      0x378 c:/gun_tools/gcc-arm-none-eabi/bin/../lib/gcc/arm-none-eabi/10.3.1/thumb/v7-m/nofp\libgcc.a(_arm_addsubdf3.o)
                0x08000314                __aeabi_drsub
                0x0800031c                __aeabi_dsub
                0x0800031c                __subdf3
                0x08000320                __aeabi_dadd
                0x08000320                __adddf3
                0x08000598                __floatunsidf
                0x08000598                __aeabi_ui2d
                0x080005b8                __floatsidf
                0x080005b8                __aeabi_i2d
                0x080005dc                __aeabi_f2d
                0x080005dc                __extendsfdf2
                0x08000620                __floatundidf
                0x08000620                __aeabi_ul2d
                0x08000630                __floatdidf
                0x08000630                __aeabi_l2d
 .text          0x0800068c      0x424 c:/gun_tools/gcc-arm-none-eabi/bin/../lib/gcc/arm-none-eabi/10.3.1/thumb/v7-m/nofp\libgcc.a(_arm_muldivdf3.o)
                0x0800068c                __aeabi_dmul
                0x0800068c                __muldf3
                0x080008e0                __divdf3
                0x080008e0                __aeabi_ddiv
 .text          0x08000ab0      0x110 c:/gun_tools/gcc-arm-none-eabi/bin/../lib/gcc/arm-none-eabi/10.3.1/thumb/v7-m/nofp\libgcc.a(_arm_cmpdf2.o)
                0x08000ab0                __gtdf2
                0x08000ab0                __gedf2
                0x08000ab8                __ltdf2
                0x08000ab8                __ledf2
                0x08000ac0                __nedf2
                0x08000ac0                __eqdf2
                0x08000ac0                __cmpdf2
                0x08000b3c                __aeabi_cdrcmple
                0x08000b4c                __aeabi_cdcmpeq
                0x08000b4c                __aeabi_cdcmple
                0x08000b5c                __aeabi_dcmpeq
                0x08000b70                __aeabi_dcmplt
                0x08000b84                __aeabi_dcmple
                0x08000b98                __aeabi_dcmpge
                0x08000bac                __aeabi_dcmpgt
 .text          0x08000bc0       0x2c c:/gun_tools/gcc-arm-none-eabi/bin/../lib/gcc/arm-none-eabi/10.3.1/thumb/v7-m/nofp\libgcc.a(_arm_unorddf2.o)
                0x08000bc0                __unorddf2
                0x08000bc0                __aeabi_dcmpun
 .text          0x08000bec       0x50 c:/gun_tools/gcc-arm-none-eabi/bin/../lib/gcc/arm-none-eabi/10.3.1/thumb/v7-m/nofp\libgcc.a(_arm_fixdfsi.o)
                0x08000bec                __aeabi_d2iz
                0x08000bec                __fixdfsi
 .text          0x08000c3c       0x30 c:/gun_tools/gcc-arm-none-eabi/bin/../lib/gcc/arm-none-eabi/10.3.1/thumb/v7-m/nofp\libgcc.a(_aeabi_uldivmod.o)
                0x08000c3c                __aeabi_uldivmod
 .text          0x08000c6c      0x2d4 c:/gun_tools/gcc-arm-none-eabi/bin/../lib/gcc/arm-none-eabi/10.3.1/thumb/v7-m/nofp\libgcc.a(_udivmoddi4.o)
                0x08000c6c                __udivmoddi4
 .text          0x08000f40        0x4 c:/gun_tools/gcc-arm-none-eabi/bin/../lib/gcc/arm-none-eabi/10.3.1/thumb/v7-m/nofp\libgcc.a(_dvmd_tls.o)
                0x08000f40                __aeabi_idiv0
                0x08000f40                __aeabi_ldiv0
 *(.text*)
 .text.RetargetInit
                0x08000f44       0x20 CMakeFiles/wave_recongize_stm32_f1.elf.dir/APP/utils/retarget.c.obj
                0x08000f44                RetargetInit
 .text._isatty  0x08000f64       0x16 CMakeFiles/wave_recongize_stm32_f1.elf.dir/APP/utils/retarget.c.obj
                0x08000f64                _isatty
 *fill*         0x08000f7a        0x2 
 .text._write   0x08000f7c       0x34 CMakeFiles/wave_recongize_stm32_f1.elf.dir/APP/utils/retarget.c.obj
                0x08000f7c                _write
 .text._close   0x08000fb0       0x18 CMakeFiles/wave_recongize_stm32_f1.elf.dir/APP/utils/retarget.c.obj
                0x08000fb0                _close
 .text._lseek   0x08000fc8       0x10 CMakeFiles/wave_recongize_stm32_f1.elf.dir/APP/utils/retarget.c.obj
                0x08000fc8                _lseek
 .text._read    0x08000fd8       0x30 CMakeFiles/wave_recongize_stm32_f1.elf.dir/APP/utils/retarget.c.obj
                0x08000fd8                _read
 .text._fstat   0x08001008       0x1a CMakeFiles/wave_recongize_stm32_f1.elf.dir/APP/utils/retarget.c.obj
                0x08001008                _fstat
 *fill*         0x08001022        0x2 
 .text.MX_GPIO_Init
                0x08001024       0x88 CMakeFiles/wave_recongize_stm32_f1.elf.dir/Core/Src/gpio.c.obj
                0x08001024                MX_GPIO_Init
 .text.Error_Handler
                0x080010ac        0x4 CMakeFiles/wave_recongize_stm32_f1.elf.dir/Core/Src/main.c.obj
                0x080010ac                Error_Handler
 .text.SystemClock_Config
                0x080010b0       0x64 CMakeFiles/wave_recongize_stm32_f1.elf.dir/Core/Src/main.c.obj
                0x080010b0                SystemClock_Config
 .text.main     0x08001114       0xc8 CMakeFiles/wave_recongize_stm32_f1.elf.dir/Core/Src/main.c.obj
                0x08001114                main
 .text.MX_SDIO_SD_Init
                0x080011dc       0x20 CMakeFiles/wave_recongize_stm32_f1.elf.dir/Core/Src/sdio.c.obj
                0x080011dc                MX_SDIO_SD_Init
 .text.HAL_SD_MspInit
                0x080011fc       0x98 CMakeFiles/wave_recongize_stm32_f1.elf.dir/Core/Src/sdio.c.obj
                0x080011fc                HAL_SD_MspInit
 .text.HAL_MspInit
                0x08001294       0x4c CMakeFiles/wave_recongize_stm32_f1.elf.dir/Core/Src/stm32f1xx_hal_msp.c.obj
                0x08001294                HAL_MspInit
 .text.NMI_Handler
                0x080012e0        0x2 CMakeFiles/wave_recongize_stm32_f1.elf.dir/Core/Src/stm32f1xx_it.c.obj
                0x080012e0                NMI_Handler
 .text.HardFault_Handler
                0x080012e2        0x2 CMakeFiles/wave_recongize_stm32_f1.elf.dir/Core/Src/stm32f1xx_it.c.obj
                0x080012e2                HardFault_Handler
 .text.MemManage_Handler
                0x080012e4        0x2 CMakeFiles/wave_recongize_stm32_f1.elf.dir/Core/Src/stm32f1xx_it.c.obj
                0x080012e4                MemManage_Handler
 .text.BusFault_Handler
                0x080012e6        0x2 CMakeFiles/wave_recongize_stm32_f1.elf.dir/Core/Src/stm32f1xx_it.c.obj
                0x080012e6                BusFault_Handler
 .text.UsageFault_Handler
                0x080012e8        0x2 CMakeFiles/wave_recongize_stm32_f1.elf.dir/Core/Src/stm32f1xx_it.c.obj
                0x080012e8                UsageFault_Handler
 .text.SVC_Handler
                0x080012ea        0x2 CMakeFiles/wave_recongize_stm32_f1.elf.dir/Core/Src/stm32f1xx_it.c.obj
                0x080012ea                SVC_Handler
 .text.DebugMon_Handler
                0x080012ec        0x2 CMakeFiles/wave_recongize_stm32_f1.elf.dir/Core/Src/stm32f1xx_it.c.obj
                0x080012ec                DebugMon_Handler
 .text.PendSV_Handler
                0x080012ee        0x2 CMakeFiles/wave_recongize_stm32_f1.elf.dir/Core/Src/stm32f1xx_it.c.obj
                0x080012ee                PendSV_Handler
 .text.SysTick_Handler
                0x080012f0        0x8 CMakeFiles/wave_recongize_stm32_f1.elf.dir/Core/Src/stm32f1xx_it.c.obj
                0x080012f0                SysTick_Handler
 .text.USART1_IRQHandler
                0x080012f8       0x10 CMakeFiles/wave_recongize_stm32_f1.elf.dir/Core/Src/stm32f1xx_it.c.obj
                0x080012f8                USART1_IRQHandler
 .text.SDIO_IRQHandler
                0x08001308       0x10 CMakeFiles/wave_recongize_stm32_f1.elf.dir/Core/Src/stm32f1xx_it.c.obj
                0x08001308                SDIO_IRQHandler
 .text._getpid  0x08001318        0x4 CMakeFiles/wave_recongize_stm32_f1.elf.dir/Core/Src/syscalls.c.obj
                0x08001318                _getpid
 .text._kill    0x0800131c       0x10 CMakeFiles/wave_recongize_stm32_f1.elf.dir/Core/Src/syscalls.c.obj
                0x0800131c                _kill
 .text._exit    0x0800132c        0xc CMakeFiles/wave_recongize_stm32_f1.elf.dir/Core/Src/syscalls.c.obj
                0x0800132c                _exit
 .text._sbrk    0x08001338       0x3c CMakeFiles/wave_recongize_stm32_f1.elf.dir/Core/Src/syscalls.c.obj
                0x08001338                _sbrk
 .text.SystemInit
                0x08001374        0x2 CMakeFiles/wave_recongize_stm32_f1.elf.dir/Core/Src/system_stm32f1xx.c.obj
                0x08001374                SystemInit
 *fill*         0x08001376        0x2 
 .text.MX_USART1_UART_Init
                0x08001378       0x34 CMakeFiles/wave_recongize_stm32_f1.elf.dir/Core/Src/usart.c.obj
                0x08001378                MX_USART1_UART_Init
 .text.HAL_UART_MspInit
                0x080013ac       0x88 CMakeFiles/wave_recongize_stm32_f1.elf.dir/Core/Src/usart.c.obj
                0x080013ac                HAL_UART_MspInit
 .text.HAL_InitTick
                0x08001434       0x4c CMakeFiles/wave_recongize_stm32_f1.elf.dir/Drivers/STM32F1xx_HAL_Driver/Src/stm32f1xx_hal.c.obj
                0x08001434                HAL_InitTick
 .text.HAL_Init
                0x08001480       0x24 CMakeFiles/wave_recongize_stm32_f1.elf.dir/Drivers/STM32F1xx_HAL_Driver/Src/stm32f1xx_hal.c.obj
                0x08001480                HAL_Init
 .text.HAL_IncTick
                0x080014a4       0x18 CMakeFiles/wave_recongize_stm32_f1.elf.dir/Drivers/STM32F1xx_HAL_Driver/Src/stm32f1xx_hal.c.obj
                0x080014a4                HAL_IncTick
 .text.HAL_GetTick
                0x080014bc        0xc CMakeFiles/wave_recongize_stm32_f1.elf.dir/Drivers/STM32F1xx_HAL_Driver/Src/stm32f1xx_hal.c.obj
                0x080014bc                HAL_GetTick
 .text.HAL_Delay
                0x080014c8       0x28 CMakeFiles/wave_recongize_stm32_f1.elf.dir/Drivers/STM32F1xx_HAL_Driver/Src/stm32f1xx_hal.c.obj
                0x080014c8                HAL_Delay
 .text.HAL_NVIC_SetPriorityGrouping
                0x080014f0       0x24 CMakeFiles/wave_recongize_stm32_f1.elf.dir/Drivers/STM32F1xx_HAL_Driver/Src/stm32f1xx_hal_cortex.c.obj
                0x080014f0                HAL_NVIC_SetPriorityGrouping
 .text.HAL_NVIC_SetPriority
                0x08001514       0x70 CMakeFiles/wave_recongize_stm32_f1.elf.dir/Drivers/STM32F1xx_HAL_Driver/Src/stm32f1xx_hal_cortex.c.obj
                0x08001514                HAL_NVIC_SetPriority
 .text.HAL_NVIC_EnableIRQ
                0x08001584       0x1c CMakeFiles/wave_recongize_stm32_f1.elf.dir/Drivers/STM32F1xx_HAL_Driver/Src/stm32f1xx_hal_cortex.c.obj
                0x08001584                HAL_NVIC_EnableIRQ
 .text.HAL_SYSTICK_Config
                0x080015a0       0x28 CMakeFiles/wave_recongize_stm32_f1.elf.dir/Drivers/STM32F1xx_HAL_Driver/Src/stm32f1xx_hal_cortex.c.obj
                0x080015a0                HAL_SYSTICK_Config
 .text.HAL_DMA_Abort
                0x080015c8       0x44 CMakeFiles/wave_recongize_stm32_f1.elf.dir/Drivers/STM32F1xx_HAL_Driver/Src/stm32f1xx_hal_dma.c.obj
                0x080015c8                HAL_DMA_Abort
 .text.HAL_DMA_Abort_IT
                0x0800160c      0x168 CMakeFiles/wave_recongize_stm32_f1.elf.dir/Drivers/STM32F1xx_HAL_Driver/Src/stm32f1xx_hal_dma.c.obj
                0x0800160c                HAL_DMA_Abort_IT
 .text.HAL_GPIO_Init
                0x08001774      0x240 CMakeFiles/wave_recongize_stm32_f1.elf.dir/Drivers/STM32F1xx_HAL_Driver/Src/stm32f1xx_hal_gpio.c.obj
                0x08001774                HAL_GPIO_Init
 .text.HAL_GPIO_WritePin
                0x080019b4        0xc CMakeFiles/wave_recongize_stm32_f1.elf.dir/Drivers/STM32F1xx_HAL_Driver/Src/stm32f1xx_hal_gpio.c.obj
                0x080019b4                HAL_GPIO_WritePin
 .text.HAL_GPIO_TogglePin
                0x080019c0       0x12 CMakeFiles/wave_recongize_stm32_f1.elf.dir/Drivers/STM32F1xx_HAL_Driver/Src/stm32f1xx_hal_gpio.c.obj
                0x080019c0                HAL_GPIO_TogglePin
 *fill*         0x080019d2        0x2 
 .text.RCC_Delay
                0x080019d4       0x2c CMakeFiles/wave_recongize_stm32_f1.elf.dir/Drivers/STM32F1xx_HAL_Driver/Src/stm32f1xx_hal_rcc.c.obj
 .text.HAL_RCC_OscConfig
                0x08001a00      0x410 CMakeFiles/wave_recongize_stm32_f1.elf.dir/Drivers/STM32F1xx_HAL_Driver/Src/stm32f1xx_hal_rcc.c.obj
                0x08001a00                HAL_RCC_OscConfig
 .text.HAL_RCC_GetSysClockFreq
                0x08001e10       0x70 CMakeFiles/wave_recongize_stm32_f1.elf.dir/Drivers/STM32F1xx_HAL_Driver/Src/stm32f1xx_hal_rcc.c.obj
                0x08001e10                HAL_RCC_GetSysClockFreq
 .text.HAL_RCC_ClockConfig
                0x08001e80      0x16c CMakeFiles/wave_recongize_stm32_f1.elf.dir/Drivers/STM32F1xx_HAL_Driver/Src/stm32f1xx_hal_rcc.c.obj
                0x08001e80                HAL_RCC_ClockConfig
 .text.HAL_RCC_GetHCLKFreq
                0x08001fec        0xc CMakeFiles/wave_recongize_stm32_f1.elf.dir/Drivers/STM32F1xx_HAL_Driver/Src/stm32f1xx_hal_rcc.c.obj
                0x08001fec                HAL_RCC_GetHCLKFreq
 .text.HAL_RCC_GetPCLK1Freq
                0x08001ff8       0x20 CMakeFiles/wave_recongize_stm32_f1.elf.dir/Drivers/STM32F1xx_HAL_Driver/Src/stm32f1xx_hal_rcc.c.obj
                0x08001ff8                HAL_RCC_GetPCLK1Freq
 .text.HAL_RCC_GetPCLK2Freq
                0x08002018       0x20 CMakeFiles/wave_recongize_stm32_f1.elf.dir/Drivers/STM32F1xx_HAL_Driver/Src/stm32f1xx_hal_rcc.c.obj
                0x08002018                HAL_RCC_GetPCLK2Freq
 .text.SD_PowerON
                0x08002038       0xc0 CMakeFiles/wave_recongize_stm32_f1.elf.dir/Drivers/STM32F1xx_HAL_Driver/Src/stm32f1xx_hal_sd.c.obj
 .text.SD_Read_IT
                0x080020f8       0x38 CMakeFiles/wave_recongize_stm32_f1.elf.dir/Drivers/STM32F1xx_HAL_Driver/Src/stm32f1xx_hal_sd.c.obj
 .text.SD_Write_IT
                0x08002130       0x48 CMakeFiles/wave_recongize_stm32_f1.elf.dir/Drivers/STM32F1xx_HAL_Driver/Src/stm32f1xx_hal_sd.c.obj
 .text.SD_FindSCR
                0x08002178      0x100 CMakeFiles/wave_recongize_stm32_f1.elf.dir/Drivers/STM32F1xx_HAL_Driver/Src/stm32f1xx_hal_sd.c.obj
 .text.SD_WideBus_Enable
                0x08002278       0x4e CMakeFiles/wave_recongize_stm32_f1.elf.dir/Drivers/STM32F1xx_HAL_Driver/Src/stm32f1xx_hal_sd.c.obj
 .text.SD_WideBus_Disable
                0x080022c6       0x4e CMakeFiles/wave_recongize_stm32_f1.elf.dir/Drivers/STM32F1xx_HAL_Driver/Src/stm32f1xx_hal_sd.c.obj
 .text.SD_SendStatus
                0x08002314       0x2c CMakeFiles/wave_recongize_stm32_f1.elf.dir/Drivers/STM32F1xx_HAL_Driver/Src/stm32f1xx_hal_sd.c.obj
 .text.HAL_SD_ReadBlocks
                0x08002340      0x248 CMakeFiles/wave_recongize_stm32_f1.elf.dir/Drivers/STM32F1xx_HAL_Driver/Src/stm32f1xx_hal_sd.c.obj
                0x08002340                HAL_SD_ReadBlocks
 .text.HAL_SD_WriteBlocks
                0x08002588      0x204 CMakeFiles/wave_recongize_stm32_f1.elf.dir/Drivers/STM32F1xx_HAL_Driver/Src/stm32f1xx_hal_sd.c.obj
                0x08002588                HAL_SD_WriteBlocks
 .text.HAL_SD_ErrorCallback
                0x0800278c        0x2 CMakeFiles/wave_recongize_stm32_f1.elf.dir/Drivers/STM32F1xx_HAL_Driver/Src/stm32f1xx_hal_sd.c.obj
                0x0800278c                HAL_SD_ErrorCallback
 *fill*         0x0800278e        0x2 
 .text.HAL_SD_GetCardCSD
                0x08002790      0x1b8 CMakeFiles/wave_recongize_stm32_f1.elf.dir/Drivers/STM32F1xx_HAL_Driver/Src/stm32f1xx_hal_sd.c.obj
                0x08002790                HAL_SD_GetCardCSD
 .text.SD_InitCard
                0x08002948      0x100 CMakeFiles/wave_recongize_stm32_f1.elf.dir/Drivers/STM32F1xx_HAL_Driver/Src/stm32f1xx_hal_sd.c.obj
 .text.HAL_SD_InitCard
                0x08002a48       0xa0 CMakeFiles/wave_recongize_stm32_f1.elf.dir/Drivers/STM32F1xx_HAL_Driver/Src/stm32f1xx_hal_sd.c.obj
                0x08002a48                HAL_SD_InitCard
 .text.HAL_SD_Init
                0x08002ae8       0x36 CMakeFiles/wave_recongize_stm32_f1.elf.dir/Drivers/STM32F1xx_HAL_Driver/Src/stm32f1xx_hal_sd.c.obj
                0x08002ae8                HAL_SD_Init
 .text.HAL_SD_GetCardInfo
                0x08002b1e       0x24 CMakeFiles/wave_recongize_stm32_f1.elf.dir/Drivers/STM32F1xx_HAL_Driver/Src/stm32f1xx_hal_sd.c.obj
                0x08002b1e                HAL_SD_GetCardInfo
 *fill*         0x08002b42        0x2 
 .text.HAL_SD_ConfigWideBusOperation
                0x08002b44       0xc0 CMakeFiles/wave_recongize_stm32_f1.elf.dir/Drivers/STM32F1xx_HAL_Driver/Src/stm32f1xx_hal_sd.c.obj
                0x08002b44                HAL_SD_ConfigWideBusOperation
 .text.HAL_SD_GetCardState
                0x08002c04       0x22 CMakeFiles/wave_recongize_stm32_f1.elf.dir/Drivers/STM32F1xx_HAL_Driver/Src/stm32f1xx_hal_sd.c.obj
                0x08002c04                HAL_SD_GetCardState
 .text.SD_DMATxAbort
                0x08002c26       0x44 CMakeFiles/wave_recongize_stm32_f1.elf.dir/Drivers/STM32F1xx_HAL_Driver/Src/stm32f1xx_hal_sd.c.obj
 .text.SD_DMARxAbort
                0x08002c6a       0x44 CMakeFiles/wave_recongize_stm32_f1.elf.dir/Drivers/STM32F1xx_HAL_Driver/Src/stm32f1xx_hal_sd.c.obj
 *fill*         0x08002cae        0x2 
 .text.HAL_SD_IRQHandler
                0x08002cb0      0x1cc CMakeFiles/wave_recongize_stm32_f1.elf.dir/Drivers/STM32F1xx_HAL_Driver/Src/stm32f1xx_hal_sd.c.obj
                0x08002cb0                HAL_SD_IRQHandler
 .text.UART_EndRxTransfer
                0x08002e7c       0x32 CMakeFiles/wave_recongize_stm32_f1.elf.dir/Drivers/STM32F1xx_HAL_Driver/Src/stm32f1xx_hal_uart.c.obj
 .text.UART_Transmit_IT
                0x08002eae       0x60 CMakeFiles/wave_recongize_stm32_f1.elf.dir/Drivers/STM32F1xx_HAL_Driver/Src/stm32f1xx_hal_uart.c.obj
 *fill*         0x08002f0e        0x2 
 .text.UART_SetConfig
                0x08002f10       0x94 CMakeFiles/wave_recongize_stm32_f1.elf.dir/Drivers/STM32F1xx_HAL_Driver/Src/stm32f1xx_hal_uart.c.obj
 .text.UART_WaitOnFlagUntilTimeout
                0x08002fa4       0x6c CMakeFiles/wave_recongize_stm32_f1.elf.dir/Drivers/STM32F1xx_HAL_Driver/Src/stm32f1xx_hal_uart.c.obj
 .text.HAL_UART_Init
                0x08003010       0x5e CMakeFiles/wave_recongize_stm32_f1.elf.dir/Drivers/STM32F1xx_HAL_Driver/Src/stm32f1xx_hal_uart.c.obj
                0x08003010                HAL_UART_Init
 .text.HAL_UART_Transmit
                0x0800306e       0xd8 CMakeFiles/wave_recongize_stm32_f1.elf.dir/Drivers/STM32F1xx_HAL_Driver/Src/stm32f1xx_hal_uart.c.obj
                0x0800306e                HAL_UART_Transmit
 .text.HAL_UART_Receive
                0x08003146       0xe4 CMakeFiles/wave_recongize_stm32_f1.elf.dir/Drivers/STM32F1xx_HAL_Driver/Src/stm32f1xx_hal_uart.c.obj
                0x08003146                HAL_UART_Receive
 .text.HAL_UART_TxCpltCallback
                0x0800322a        0x2 CMakeFiles/wave_recongize_stm32_f1.elf.dir/Drivers/STM32F1xx_HAL_Driver/Src/stm32f1xx_hal_uart.c.obj
                0x0800322a                HAL_UART_TxCpltCallback
 .text.UART_EndTransmit_IT
                0x0800322c       0x1a CMakeFiles/wave_recongize_stm32_f1.elf.dir/Drivers/STM32F1xx_HAL_Driver/Src/stm32f1xx_hal_uart.c.obj
 .text.HAL_UART_RxCpltCallback
                0x08003246        0x2 CMakeFiles/wave_recongize_stm32_f1.elf.dir/Drivers/STM32F1xx_HAL_Driver/Src/stm32f1xx_hal_uart.c.obj
                0x08003246                HAL_UART_RxCpltCallback
 .text.HAL_UART_ErrorCallback
                0x08003248        0x2 CMakeFiles/wave_recongize_stm32_f1.elf.dir/Drivers/STM32F1xx_HAL_Driver/Src/stm32f1xx_hal_uart.c.obj
                0x08003248                HAL_UART_ErrorCallback
 .text.UART_DMAAbortOnError
                0x0800324a       0x10 CMakeFiles/wave_recongize_stm32_f1.elf.dir/Drivers/STM32F1xx_HAL_Driver/Src/stm32f1xx_hal_uart.c.obj
 .text.HAL_UARTEx_RxEventCallback
                0x0800325a        0x2 CMakeFiles/wave_recongize_stm32_f1.elf.dir/Drivers/STM32F1xx_HAL_Driver/Src/stm32f1xx_hal_uart.c.obj
                0x0800325a                HAL_UARTEx_RxEventCallback
 .text.UART_Receive_IT
                0x0800325c       0xd4 CMakeFiles/wave_recongize_stm32_f1.elf.dir/Drivers/STM32F1xx_HAL_Driver/Src/stm32f1xx_hal_uart.c.obj
 .text.HAL_UART_IRQHandler
                0x08003330      0x204 CMakeFiles/wave_recongize_stm32_f1.elf.dir/Drivers/STM32F1xx_HAL_Driver/Src/stm32f1xx_hal_uart.c.obj
                0x08003330                HAL_UART_IRQHandler
 .text.SDMMC_GetCmdError
                0x08003534       0x38 CMakeFiles/wave_recongize_stm32_f1.elf.dir/Drivers/STM32F1xx_HAL_Driver/Src/stm32f1xx_ll_sdmmc.c.obj
 .text.SDMMC_GetCmdResp2
                0x0800356c       0x5c CMakeFiles/wave_recongize_stm32_f1.elf.dir/Drivers/STM32F1xx_HAL_Driver/Src/stm32f1xx_ll_sdmmc.c.obj
 .text.SDMMC_GetCmdResp3
                0x080035c8       0x4c CMakeFiles/wave_recongize_stm32_f1.elf.dir/Drivers/STM32F1xx_HAL_Driver/Src/stm32f1xx_ll_sdmmc.c.obj
 .text.SDMMC_GetCmdResp7
                0x08003614       0x64 CMakeFiles/wave_recongize_stm32_f1.elf.dir/Drivers/STM32F1xx_HAL_Driver/Src/stm32f1xx_ll_sdmmc.c.obj
 .text.SDIO_Init
                0x08003678       0x32 CMakeFiles/wave_recongize_stm32_f1.elf.dir/Drivers/STM32F1xx_HAL_Driver/Src/stm32f1xx_ll_sdmmc.c.obj
                0x08003678                SDIO_Init
 .text.SDIO_ReadFIFO
                0x080036aa        0x6 CMakeFiles/wave_recongize_stm32_f1.elf.dir/Drivers/STM32F1xx_HAL_Driver/Src/stm32f1xx_ll_sdmmc.c.obj
                0x080036aa                SDIO_ReadFIFO
 .text.SDIO_WriteFIFO
                0x080036b0        0xa CMakeFiles/wave_recongize_stm32_f1.elf.dir/Drivers/STM32F1xx_HAL_Driver/Src/stm32f1xx_ll_sdmmc.c.obj
                0x080036b0                SDIO_WriteFIFO
 .text.SDIO_PowerState_ON
                0x080036ba       0x10 CMakeFiles/wave_recongize_stm32_f1.elf.dir/Drivers/STM32F1xx_HAL_Driver/Src/stm32f1xx_ll_sdmmc.c.obj
                0x080036ba                SDIO_PowerState_ON
 .text.SDIO_GetPowerState
                0x080036ca        0x8 CMakeFiles/wave_recongize_stm32_f1.elf.dir/Drivers/STM32F1xx_HAL_Driver/Src/stm32f1xx_ll_sdmmc.c.obj
                0x080036ca                SDIO_GetPowerState
 .text.SDIO_SendCommand
                0x080036d2       0x24 CMakeFiles/wave_recongize_stm32_f1.elf.dir/Drivers/STM32F1xx_HAL_Driver/Src/stm32f1xx_ll_sdmmc.c.obj
                0x080036d2                SDIO_SendCommand
 .text.SDIO_GetCommandResponse
                0x080036f6        0x6 CMakeFiles/wave_recongize_stm32_f1.elf.dir/Drivers/STM32F1xx_HAL_Driver/Src/stm32f1xx_ll_sdmmc.c.obj
                0x080036f6                SDIO_GetCommandResponse
 .text.SDIO_GetResponse
                0x080036fc        0x6 CMakeFiles/wave_recongize_stm32_f1.elf.dir/Drivers/STM32F1xx_HAL_Driver/Src/stm32f1xx_ll_sdmmc.c.obj
                0x080036fc                SDIO_GetResponse
 *fill*         0x08003702        0x2 
 .text.SDMMC_GetCmdResp1
                0x08003704      0x154 CMakeFiles/wave_recongize_stm32_f1.elf.dir/Drivers/STM32F1xx_HAL_Driver/Src/stm32f1xx_ll_sdmmc.c.obj
 .text.SDMMC_GetCmdResp6
                0x08003858       0xa0 CMakeFiles/wave_recongize_stm32_f1.elf.dir/Drivers/STM32F1xx_HAL_Driver/Src/stm32f1xx_ll_sdmmc.c.obj
 .text.SDIO_ConfigData
                0x080038f8       0x24 CMakeFiles/wave_recongize_stm32_f1.elf.dir/Drivers/STM32F1xx_HAL_Driver/Src/stm32f1xx_ll_sdmmc.c.obj
                0x080038f8                SDIO_ConfigData
 .text.SDMMC_CmdBlockLength
                0x0800391c       0x30 CMakeFiles/wave_recongize_stm32_f1.elf.dir/Drivers/STM32F1xx_HAL_Driver/Src/stm32f1xx_ll_sdmmc.c.obj
                0x0800391c                SDMMC_CmdBlockLength
 .text.SDMMC_CmdReadSingleBlock
                0x0800394c       0x30 CMakeFiles/wave_recongize_stm32_f1.elf.dir/Drivers/STM32F1xx_HAL_Driver/Src/stm32f1xx_ll_sdmmc.c.obj
                0x0800394c                SDMMC_CmdReadSingleBlock
 .text.SDMMC_CmdReadMultiBlock
                0x0800397c       0x30 CMakeFiles/wave_recongize_stm32_f1.elf.dir/Drivers/STM32F1xx_HAL_Driver/Src/stm32f1xx_ll_sdmmc.c.obj
                0x0800397c                SDMMC_CmdReadMultiBlock
 .text.SDMMC_CmdWriteSingleBlock
                0x080039ac       0x30 CMakeFiles/wave_recongize_stm32_f1.elf.dir/Drivers/STM32F1xx_HAL_Driver/Src/stm32f1xx_ll_sdmmc.c.obj
                0x080039ac                SDMMC_CmdWriteSingleBlock
 .text.SDMMC_CmdWriteMultiBlock
                0x080039dc       0x30 CMakeFiles/wave_recongize_stm32_f1.elf.dir/Drivers/STM32F1xx_HAL_Driver/Src/stm32f1xx_ll_sdmmc.c.obj
                0x080039dc                SDMMC_CmdWriteMultiBlock
 .text.SDMMC_CmdStopTransfer
                0x08003a0c       0x34 CMakeFiles/wave_recongize_stm32_f1.elf.dir/Drivers/STM32F1xx_HAL_Driver/Src/stm32f1xx_ll_sdmmc.c.obj
                0x08003a0c                SDMMC_CmdStopTransfer
 .text.SDMMC_CmdSelDesel
                0x08003a40       0x30 CMakeFiles/wave_recongize_stm32_f1.elf.dir/Drivers/STM32F1xx_HAL_Driver/Src/stm32f1xx_ll_sdmmc.c.obj
                0x08003a40                SDMMC_CmdSelDesel
 .text.SDMMC_CmdGoIdleState
                0x08003a70       0x26 CMakeFiles/wave_recongize_stm32_f1.elf.dir/Drivers/STM32F1xx_HAL_Driver/Src/stm32f1xx_ll_sdmmc.c.obj
                0x08003a70                SDMMC_CmdGoIdleState
 .text.SDMMC_CmdOperCond
                0x08003a96       0x2e CMakeFiles/wave_recongize_stm32_f1.elf.dir/Drivers/STM32F1xx_HAL_Driver/Src/stm32f1xx_ll_sdmmc.c.obj
                0x08003a96                SDMMC_CmdOperCond
 .text.SDMMC_CmdAppCommand
                0x08003ac4       0x30 CMakeFiles/wave_recongize_stm32_f1.elf.dir/Drivers/STM32F1xx_HAL_Driver/Src/stm32f1xx_ll_sdmmc.c.obj
                0x08003ac4                SDMMC_CmdAppCommand
 .text.SDMMC_CmdAppOperCommand
                0x08003af4       0x32 CMakeFiles/wave_recongize_stm32_f1.elf.dir/Drivers/STM32F1xx_HAL_Driver/Src/stm32f1xx_ll_sdmmc.c.obj
                0x08003af4                SDMMC_CmdAppOperCommand
 .text.SDMMC_CmdBusWidth
                0x08003b26       0x30 CMakeFiles/wave_recongize_stm32_f1.elf.dir/Drivers/STM32F1xx_HAL_Driver/Src/stm32f1xx_ll_sdmmc.c.obj
                0x08003b26                SDMMC_CmdBusWidth
 .text.SDMMC_CmdSendSCR
                0x08003b56       0x30 CMakeFiles/wave_recongize_stm32_f1.elf.dir/Drivers/STM32F1xx_HAL_Driver/Src/stm32f1xx_ll_sdmmc.c.obj
                0x08003b56                SDMMC_CmdSendSCR
 .text.SDMMC_CmdSendCID
                0x08003b86       0x2a CMakeFiles/wave_recongize_stm32_f1.elf.dir/Drivers/STM32F1xx_HAL_Driver/Src/stm32f1xx_ll_sdmmc.c.obj
                0x08003b86                SDMMC_CmdSendCID
 .text.SDMMC_CmdSendCSD
                0x08003bb0       0x2a CMakeFiles/wave_recongize_stm32_f1.elf.dir/Drivers/STM32F1xx_HAL_Driver/Src/stm32f1xx_ll_sdmmc.c.obj
                0x08003bb0                SDMMC_CmdSendCSD
 .text.SDMMC_CmdSetRelAdd
                0x08003bda       0x30 CMakeFiles/wave_recongize_stm32_f1.elf.dir/Drivers/STM32F1xx_HAL_Driver/Src/stm32f1xx_ll_sdmmc.c.obj
                0x08003bda                SDMMC_CmdSetRelAdd
 .text.SDMMC_CmdSendStatus
                0x08003c0a       0x30 CMakeFiles/wave_recongize_stm32_f1.elf.dir/Drivers/STM32F1xx_HAL_Driver/Src/stm32f1xx_ll_sdmmc.c.obj
                0x08003c0a                SDMMC_CmdSendStatus
 *fill*         0x08003c3a        0x2 
 .text.MX_FATFS_Init
                0x08003c3c       0x34 CMakeFiles/wave_recongize_stm32_f1.elf.dir/FATFS/App/fatfs.c.obj
                0x08003c3c                MX_FATFS_Init
 .text.BSP_SD_ReadBlocks
                0x08003c70       0x20 CMakeFiles/wave_recongize_stm32_f1.elf.dir/FATFS/Target/bsp_driver_sd.c.obj
                0x08003c70                BSP_SD_ReadBlocks
 .text.BSP_SD_WriteBlocks
                0x08003c90       0x20 CMakeFiles/wave_recongize_stm32_f1.elf.dir/FATFS/Target/bsp_driver_sd.c.obj
                0x08003c90                BSP_SD_WriteBlocks
 .text.BSP_SD_GetCardState
                0x08003cb0       0x14 CMakeFiles/wave_recongize_stm32_f1.elf.dir/FATFS/Target/bsp_driver_sd.c.obj
                0x08003cb0                BSP_SD_GetCardState
 .text.BSP_SD_GetCardInfo
                0x08003cc4       0x10 CMakeFiles/wave_recongize_stm32_f1.elf.dir/FATFS/Target/bsp_driver_sd.c.obj
                0x08003cc4                BSP_SD_GetCardInfo
 .text.BSP_SD_AbortCallback
                0x08003cd4        0x2 CMakeFiles/wave_recongize_stm32_f1.elf.dir/FATFS/Target/bsp_driver_sd.c.obj
                0x08003cd4                BSP_SD_AbortCallback
 .text.HAL_SD_AbortCallback
                0x08003cd6        0x8 CMakeFiles/wave_recongize_stm32_f1.elf.dir/FATFS/Target/bsp_driver_sd.c.obj
                0x08003cd6                HAL_SD_AbortCallback
 .text.BSP_SD_WriteCpltCallback
                0x08003cde        0x2 CMakeFiles/wave_recongize_stm32_f1.elf.dir/FATFS/Target/bsp_driver_sd.c.obj
                0x08003cde                BSP_SD_WriteCpltCallback
 .text.HAL_SD_TxCpltCallback
                0x08003ce0        0x8 CMakeFiles/wave_recongize_stm32_f1.elf.dir/FATFS/Target/bsp_driver_sd.c.obj
                0x08003ce0                HAL_SD_TxCpltCallback
 .text.BSP_SD_ReadCpltCallback
                0x08003ce8        0x2 CMakeFiles/wave_recongize_stm32_f1.elf.dir/FATFS/Target/bsp_driver_sd.c.obj
                0x08003ce8                BSP_SD_ReadCpltCallback
 .text.HAL_SD_RxCpltCallback
                0x08003cea        0x8 CMakeFiles/wave_recongize_stm32_f1.elf.dir/FATFS/Target/bsp_driver_sd.c.obj
                0x08003cea                HAL_SD_RxCpltCallback
 .text.BSP_SD_IsDetected
                0x08003cf2       0x10 CMakeFiles/wave_recongize_stm32_f1.elf.dir/FATFS/Target/bsp_driver_sd.c.obj
                0x08003cf2                BSP_SD_IsDetected
 *fill*         0x08003d02        0x2 
 .text.BSP_SD_Init
                0x08003d04       0x34 CMakeFiles/wave_recongize_stm32_f1.elf.dir/FATFS/Target/bsp_driver_sd.c.obj
                0x08003d04                BSP_SD_Init
 .text.USER_initialize
                0x08003d38       0x10 CMakeFiles/wave_recongize_stm32_f1.elf.dir/FATFS/Target/user_diskio.c.obj
                0x08003d38                USER_initialize
 .text.USER_status
                0x08003d48       0x10 CMakeFiles/wave_recongize_stm32_f1.elf.dir/FATFS/Target/user_diskio.c.obj
                0x08003d48                USER_status
 .text.USER_read
                0x08003d58        0x4 CMakeFiles/wave_recongize_stm32_f1.elf.dir/FATFS/Target/user_diskio.c.obj
                0x08003d58                USER_read
 .text.USER_write
                0x08003d5c        0x4 CMakeFiles/wave_recongize_stm32_f1.elf.dir/FATFS/Target/user_diskio.c.obj
                0x08003d5c                USER_write
 .text.USER_ioctl
                0x08003d60        0x4 CMakeFiles/wave_recongize_stm32_f1.elf.dir/FATFS/Target/user_diskio.c.obj
                0x08003d60                USER_ioctl
 .text.SD_initialize
                0x08003d64       0x24 CMakeFiles/wave_recongize_stm32_f1.elf.dir/Middlewares/Third_Party/FatFs/src/drivers/sd_diskio.c.obj
                0x08003d64                SD_initialize
 .text.SD_status
                0x08003d88       0x24 CMakeFiles/wave_recongize_stm32_f1.elf.dir/Middlewares/Third_Party/FatFs/src/drivers/sd_diskio.c.obj
                0x08003d88                SD_status
 .text.SD_read  0x08003dac       0x38 CMakeFiles/wave_recongize_stm32_f1.elf.dir/Middlewares/Third_Party/FatFs/src/drivers/sd_diskio.c.obj
                0x08003dac                SD_read
 .text.SD_write
                0x08003de4       0x38 CMakeFiles/wave_recongize_stm32_f1.elf.dir/Middlewares/Third_Party/FatFs/src/drivers/sd_diskio.c.obj
                0x08003de4                SD_write
 .text.SD_ioctl
                0x08003e1c       0x54 CMakeFiles/wave_recongize_stm32_f1.elf.dir/Middlewares/Third_Party/FatFs/src/drivers/sd_diskio.c.obj
                0x08003e1c                SD_ioctl
 .text.FATFS_LinkDriverEx
                0x08003e70       0x54 CMakeFiles/wave_recongize_stm32_f1.elf.dir/Middlewares/Third_Party/FatFs/src/ff_gen_drv.c.obj
                0x08003e70                FATFS_LinkDriverEx
 .text.FATFS_LinkDriver
                0x08003ec4        0xa CMakeFiles/wave_recongize_stm32_f1.elf.dir/Middlewares/Third_Party/FatFs/src/ff_gen_drv.c.obj
                0x08003ec4                FATFS_LinkDriver
 *fill*         0x08003ece        0x2 
 .text.Reset_Handler
                0x08003ed0       0x48 CMakeFiles/wave_recongize_stm32_f1.elf.dir/startup/startup_stm32f103xe.s.obj
                0x08003ed0                Reset_Handler
 .text.Default_Handler
                0x08003f18        0x2 CMakeFiles/wave_recongize_stm32_f1.elf.dir/startup/startup_stm32f103xe.s.obj
                0x08003f18                RTC_Alarm_IRQHandler
                0x08003f18                EXTI2_IRQHandler
                0x08003f18                TIM8_TRG_COM_IRQHandler
                0x08003f18                TIM8_CC_IRQHandler
                0x08003f18                TIM1_CC_IRQHandler
                0x08003f18                TIM6_IRQHandler
                0x08003f18                PVD_IRQHandler
                0x08003f18                EXTI3_IRQHandler
                0x08003f18                EXTI0_IRQHandler
                0x08003f18                I2C2_EV_IRQHandler
                0x08003f18                ADC1_2_IRQHandler
                0x08003f18                SPI1_IRQHandler
                0x08003f18                TAMPER_IRQHandler
                0x08003f18                TIM8_UP_IRQHandler
                0x08003f18                DMA2_Channel2_IRQHandler
                0x08003f18                DMA1_Channel4_IRQHandler
                0x08003f18                USART3_IRQHandler
                0x08003f18                RTC_IRQHandler
                0x08003f18                DMA1_Channel7_IRQHandler
                0x08003f18                CAN1_RX1_IRQHandler
                0x08003f18                UART5_IRQHandler
                0x08003f18                ADC3_IRQHandler
                0x08003f18                TIM4_IRQHandler
                0x08003f18                DMA2_Channel1_IRQHandler
                0x08003f18                I2C1_EV_IRQHandler
                0x08003f18                DMA1_Channel6_IRQHandler
                0x08003f18                UART4_IRQHandler
                0x08003f18                TIM3_IRQHandler
                0x08003f18                RCC_IRQHandler
                0x08003f18                TIM1_TRG_COM_IRQHandler
                0x08003f18                DMA1_Channel1_IRQHandler
                0x08003f18                Default_Handler
                0x08003f18                EXTI15_10_IRQHandler
                0x08003f18                TIM7_IRQHandler
                0x08003f18                TIM5_IRQHandler
                0x08003f18                EXTI9_5_IRQHandler
                0x08003f18                SPI2_IRQHandler
                0x08003f18                DMA1_Channel5_IRQHandler
                0x08003f18                EXTI4_IRQHandler
                0x08003f18                USB_LP_CAN1_RX0_IRQHandler
                0x08003f18                USB_HP_CAN1_TX_IRQHandler
                0x08003f18                DMA1_Channel3_IRQHandler
                0x08003f18                FSMC_IRQHandler
                0x08003f18                TIM1_UP_IRQHandler
                0x08003f18                WWDG_IRQHandler
                0x08003f18                TIM2_IRQHandler
                0x08003f18                TIM1_BRK_IRQHandler
                0x08003f18                EXTI1_IRQHandler
                0x08003f18                DMA2_Channel4_5_IRQHandler
                0x08003f18                USART2_IRQHandler
                0x08003f18                I2C2_ER_IRQHandler
                0x08003f18                DMA1_Channel2_IRQHandler
                0x08003f18                TIM8_BRK_IRQHandler
                0x08003f18                CAN1_SCE_IRQHandler
                0x08003f18                FLASH_IRQHandler
                0x08003f18                SPI3_IRQHandler
                0x08003f18                I2C1_ER_IRQHandler
                0x08003f18                USBWakeUp_IRQHandler
                0x08003f18                DMA2_Channel3_IRQHandler
 *fill*         0x08003f1a        0x2 
 .text.__errno  0x08003f1c        0xc c:/gun_tools/gcc-arm-none-eabi/bin/../lib/gcc/arm-none-eabi/10.3.1/../../../../arm-none-eabi/lib/thumb/v7-m/nofp\libg.a(lib_a-errno.o)
                0x08003f1c                __errno
 .text.__libc_init_array
                0x08003f28       0x48 c:/gun_tools/gcc-arm-none-eabi/bin/../lib/gcc/arm-none-eabi/10.3.1/../../../../arm-none-eabi/lib/thumb/v7-m/nofp\libg.a(lib_a-init.o)
                0x08003f28                __libc_init_array
 .text.memset   0x08003f70       0xa4 c:/gun_tools/gcc-arm-none-eabi/bin/../lib/gcc/arm-none-eabi/10.3.1/../../../../arm-none-eabi/lib/thumb/v7-m/nofp\libg.a(lib_a-memset.o)
                0x08003f70                memset
 .text.printf   0x08004014       0x28 c:/gun_tools/gcc-arm-none-eabi/bin/../lib/gcc/arm-none-eabi/10.3.1/../../../../arm-none-eabi/lib/thumb/v7-m/nofp\libg.a(lib_a-printf.o)
                0x08004014                printf
 .text._puts_r  0x0800403c       0x9c c:/gun_tools/gcc-arm-none-eabi/bin/../lib/gcc/arm-none-eabi/10.3.1/../../../../arm-none-eabi/lib/thumb/v7-m/nofp\libg.a(lib_a-puts.o)
                0x0800403c                _puts_r
 .text.puts     0x080040d8       0x10 c:/gun_tools/gcc-arm-none-eabi/bin/../lib/gcc/arm-none-eabi/10.3.1/../../../../arm-none-eabi/lib/thumb/v7-m/nofp\libg.a(lib_a-puts.o)
                0x080040d8                puts
 .text.setvbuf  0x080040e8      0x1b0 c:/gun_tools/gcc-arm-none-eabi/bin/../lib/gcc/arm-none-eabi/10.3.1/../../../../arm-none-eabi/lib/thumb/v7-m/nofp\libg.a(lib_a-setvbuf.o)
                0x080040e8                setvbuf
 .text.strlen   0x08004298       0x5c c:/gun_tools/gcc-arm-none-eabi/bin/../lib/gcc/arm-none-eabi/10.3.1/../../../../arm-none-eabi/lib/thumb/v7-m/nofp\libg.a(lib_a-strlen-stub.o)
                0x08004298                strlen
 .text._vfprintf_r
                0x080042f4     0x1b58 c:/gun_tools/gcc-arm-none-eabi/bin/../lib/gcc/arm-none-eabi/10.3.1/../../../../arm-none-eabi/lib/thumb/v7-m/nofp\libg.a(lib_a-vfprintf.o)
                0x080042f4                _vfprintf_r
 .text.__sbprintf
                0x08005e4c       0x84 c:/gun_tools/gcc-arm-none-eabi/bin/../lib/gcc/arm-none-eabi/10.3.1/../../../../arm-none-eabi/lib/thumb/v7-m/nofp\libg.a(lib_a-vfprintf.o)
 .text.__swsetup_r
                0x08005ed0       0xd4 c:/gun_tools/gcc-arm-none-eabi/bin/../lib/gcc/arm-none-eabi/10.3.1/../../../../arm-none-eabi/lib/thumb/v7-m/nofp\libg.a(lib_a-wsetup.o)
                0x08005ed0                __swsetup_r
 .text.startup.register_fini
                0x08005fa4       0x14 c:/gun_tools/gcc-arm-none-eabi/bin/../lib/gcc/arm-none-eabi/10.3.1/../../../../arm-none-eabi/lib/thumb/v7-m/nofp\libg.a(lib_a-__call_atexit.o)
 .text.atexit   0x08005fb8        0xc c:/gun_tools/gcc-arm-none-eabi/bin/../lib/gcc/arm-none-eabi/10.3.1/../../../../arm-none-eabi/lib/thumb/v7-m/nofp\libg.a(lib_a-atexit.o)
                0x08005fb8                atexit
 .text.quorem   0x08005fc4      0x12c c:/gun_tools/gcc-arm-none-eabi/bin/../lib/gcc/arm-none-eabi/10.3.1/../../../../arm-none-eabi/lib/thumb/v7-m/nofp\libg.a(lib_a-dtoa.o)
 .text._dtoa_r  0x080060f0      0xecc c:/gun_tools/gcc-arm-none-eabi/bin/../lib/gcc/arm-none-eabi/10.3.1/../../../../arm-none-eabi/lib/thumb/v7-m/nofp\libg.a(lib_a-dtoa.o)
                0x080060f0                _dtoa_r
 .text.__sflush_r
                0x08006fbc      0x124 c:/gun_tools/gcc-arm-none-eabi/bin/../lib/gcc/arm-none-eabi/10.3.1/../../../../arm-none-eabi/lib/thumb/v7-m/nofp\libg.a(lib_a-fflush.o)
                0x08006fbc                __sflush_r
 .text._fflush_r
                0x080070e0       0x5c c:/gun_tools/gcc-arm-none-eabi/bin/../lib/gcc/arm-none-eabi/10.3.1/../../../../arm-none-eabi/lib/thumb/v7-m/nofp\libg.a(lib_a-fflush.o)
                0x080070e0                _fflush_r
 .text._cleanup_r
                0x0800713c        0xc c:/gun_tools/gcc-arm-none-eabi/bin/../lib/gcc/arm-none-eabi/10.3.1/../../../../arm-none-eabi/lib/thumb/v7-m/nofp\libg.a(lib_a-findfp.o)
                0x0800713c                _cleanup_r
 .text.__sinit  0x08007148      0x10c c:/gun_tools/gcc-arm-none-eabi/bin/../lib/gcc/arm-none-eabi/10.3.1/../../../../arm-none-eabi/lib/thumb/v7-m/nofp\libg.a(lib_a-findfp.o)
                0x08007148                __sinit
 .text.__sfp_lock_acquire
                0x08007254        0xc c:/gun_tools/gcc-arm-none-eabi/bin/../lib/gcc/arm-none-eabi/10.3.1/../../../../arm-none-eabi/lib/thumb/v7-m/nofp\libg.a(lib_a-findfp.o)
                0x08007254                __sfp_lock_acquire
 .text.__sfp_lock_release
                0x08007260        0xc c:/gun_tools/gcc-arm-none-eabi/bin/../lib/gcc/arm-none-eabi/10.3.1/../../../../arm-none-eabi/lib/thumb/v7-m/nofp\libg.a(lib_a-findfp.o)
                0x08007260                __sfp_lock_release
 .text.__libc_fini_array
                0x0800726c       0x2c c:/gun_tools/gcc-arm-none-eabi/bin/../lib/gcc/arm-none-eabi/10.3.1/../../../../arm-none-eabi/lib/thumb/v7-m/nofp\libg.a(lib_a-fini.o)
                0x0800726c                __libc_fini_array
 .text._malloc_trim_r
                0x08007298       0xa0 c:/gun_tools/gcc-arm-none-eabi/bin/../lib/gcc/arm-none-eabi/10.3.1/../../../../arm-none-eabi/lib/thumb/v7-m/nofp\libg.a(lib_a-freer.o)
                0x08007298                _malloc_trim_r
 .text._free_r  0x08007338      0x200 c:/gun_tools/gcc-arm-none-eabi/bin/../lib/gcc/arm-none-eabi/10.3.1/../../../../arm-none-eabi/lib/thumb/v7-m/nofp\libg.a(lib_a-freer.o)
                0x08007338                _free_r
 .text.__sfvwrite_r
                0x08007538      0x2f0 c:/gun_tools/gcc-arm-none-eabi/bin/../lib/gcc/arm-none-eabi/10.3.1/../../../../arm-none-eabi/lib/thumb/v7-m/nofp\libg.a(lib_a-fvwrite.o)
                0x08007538                __sfvwrite_r
 .text._fwalk_reent
                0x08007828       0x48 c:/gun_tools/gcc-arm-none-eabi/bin/../lib/gcc/arm-none-eabi/10.3.1/../../../../arm-none-eabi/lib/thumb/v7-m/nofp\libg.a(lib_a-fwalk.o)
                0x08007828                _fwalk_reent
 .text._localeconv_r
                0x08007870        0x8 c:/gun_tools/gcc-arm-none-eabi/bin/../lib/gcc/arm-none-eabi/10.3.1/../../../../arm-none-eabi/lib/thumb/v7-m/nofp\libg.a(lib_a-localeconv.o)
                0x08007870                _localeconv_r
 .text.__retarget_lock_init_recursive
                0x08007878        0x4 c:/gun_tools/gcc-arm-none-eabi/bin/../lib/gcc/arm-none-eabi/10.3.1/../../../../arm-none-eabi/lib/thumb/v7-m/nofp\libg.a(lib_a-lock.o)
                0x08007878                __retarget_lock_init_recursive
 .text.__retarget_lock_close_recursive
                0x0800787c        0x4 c:/gun_tools/gcc-arm-none-eabi/bin/../lib/gcc/arm-none-eabi/10.3.1/../../../../arm-none-eabi/lib/thumb/v7-m/nofp\libg.a(lib_a-lock.o)
                0x0800787c                __retarget_lock_close_recursive
 .text.__retarget_lock_acquire_recursive
                0x08007880        0x4 c:/gun_tools/gcc-arm-none-eabi/bin/../lib/gcc/arm-none-eabi/10.3.1/../../../../arm-none-eabi/lib/thumb/v7-m/nofp\libg.a(lib_a-lock.o)
                0x08007880                __retarget_lock_acquire_recursive
 .text.__retarget_lock_release_recursive
                0x08007884        0x4 c:/gun_tools/gcc-arm-none-eabi/bin/../lib/gcc/arm-none-eabi/10.3.1/../../../../arm-none-eabi/lib/thumb/v7-m/nofp\libg.a(lib_a-lock.o)
                0x08007884                __retarget_lock_release_recursive
 .text.__smakebuf_r
                0x08007888       0xe0 c:/gun_tools/gcc-arm-none-eabi/bin/../lib/gcc/arm-none-eabi/10.3.1/../../../../arm-none-eabi/lib/thumb/v7-m/nofp\libg.a(lib_a-makebuf.o)
                0x08007888                __smakebuf_r
 .text.__swhatbuf_r
                0x08007968       0x60 c:/gun_tools/gcc-arm-none-eabi/bin/../lib/gcc/arm-none-eabi/10.3.1/../../../../arm-none-eabi/lib/thumb/v7-m/nofp\libg.a(lib_a-makebuf.o)
                0x08007968                __swhatbuf_r
 .text.malloc   0x080079c8       0x10 c:/gun_tools/gcc-arm-none-eabi/bin/../lib/gcc/arm-none-eabi/10.3.1/../../../../arm-none-eabi/lib/thumb/v7-m/nofp\libg.a(lib_a-malloc.o)
                0x080079c8                malloc
 .text._malloc_r
                0x080079d8      0x558 c:/gun_tools/gcc-arm-none-eabi/bin/../lib/gcc/arm-none-eabi/10.3.1/../../../../arm-none-eabi/lib/thumb/v7-m/nofp\libg.a(lib_a-mallocr.o)
                0x080079d8                _malloc_r
 .text.memchr   0x08007f30       0x90 c:/gun_tools/gcc-arm-none-eabi/bin/../lib/gcc/arm-none-eabi/10.3.1/../../../../arm-none-eabi/lib/thumb/v7-m/nofp\libg.a(lib_a-memchr-stub.o)
                0x08007f30                memchr
 .text.memmove  0x08007fc0       0xf8 c:/gun_tools/gcc-arm-none-eabi/bin/../lib/gcc/arm-none-eabi/10.3.1/../../../../arm-none-eabi/lib/thumb/v7-m/nofp\libg.a(lib_a-memmove.o)
                0x08007fc0                memmove
 .text.__malloc_lock
                0x080080b8        0xc c:/gun_tools/gcc-arm-none-eabi/bin/../lib/gcc/arm-none-eabi/10.3.1/../../../../arm-none-eabi/lib/thumb/v7-m/nofp\libg.a(lib_a-mlock.o)
                0x080080b8                __malloc_lock
 .text.__malloc_unlock
                0x080080c4        0xc c:/gun_tools/gcc-arm-none-eabi/bin/../lib/gcc/arm-none-eabi/10.3.1/../../../../arm-none-eabi/lib/thumb/v7-m/nofp\libg.a(lib_a-mlock.o)
                0x080080c4                __malloc_unlock
 .text._Balloc  0x080080d0       0x4c c:/gun_tools/gcc-arm-none-eabi/bin/../lib/gcc/arm-none-eabi/10.3.1/../../../../arm-none-eabi/lib/thumb/v7-m/nofp\libg.a(lib_a-mprec.o)
                0x080080d0                _Balloc
 .text._Bfree   0x0800811c       0x14 c:/gun_tools/gcc-arm-none-eabi/bin/../lib/gcc/arm-none-eabi/10.3.1/../../../../arm-none-eabi/lib/thumb/v7-m/nofp\libg.a(lib_a-mprec.o)
                0x0800811c                _Bfree
 .text.__multadd
                0x08008130       0xa4 c:/gun_tools/gcc-arm-none-eabi/bin/../lib/gcc/arm-none-eabi/10.3.1/../../../../arm-none-eabi/lib/thumb/v7-m/nofp\libg.a(lib_a-mprec.o)
                0x08008130                __multadd
 .text.__hi0bits
                0x080081d4       0x40 c:/gun_tools/gcc-arm-none-eabi/bin/../lib/gcc/arm-none-eabi/10.3.1/../../../../arm-none-eabi/lib/thumb/v7-m/nofp\libg.a(lib_a-mprec.o)
                0x080081d4                __hi0bits
 .text.__lo0bits
                0x08008214       0x58 c:/gun_tools/gcc-arm-none-eabi/bin/../lib/gcc/arm-none-eabi/10.3.1/../../../../arm-none-eabi/lib/thumb/v7-m/nofp\libg.a(lib_a-mprec.o)
                0x08008214                __lo0bits
 .text.__i2b    0x0800826c       0x5c c:/gun_tools/gcc-arm-none-eabi/bin/../lib/gcc/arm-none-eabi/10.3.1/../../../../arm-none-eabi/lib/thumb/v7-m/nofp\libg.a(lib_a-mprec.o)
                0x0800826c                __i2b
 .text.__multiply
                0x080082c8      0x15c c:/gun_tools/gcc-arm-none-eabi/bin/../lib/gcc/arm-none-eabi/10.3.1/../../../../arm-none-eabi/lib/thumb/v7-m/nofp\libg.a(lib_a-mprec.o)
                0x080082c8                __multiply
 .text.__pow5mult
                0x08008424       0xb8 c:/gun_tools/gcc-arm-none-eabi/bin/../lib/gcc/arm-none-eabi/10.3.1/../../../../arm-none-eabi/lib/thumb/v7-m/nofp\libg.a(lib_a-mprec.o)
                0x08008424                __pow5mult
 .text.__lshift
                0x080084dc       0xec c:/gun_tools/gcc-arm-none-eabi/bin/../lib/gcc/arm-none-eabi/10.3.1/../../../../arm-none-eabi/lib/thumb/v7-m/nofp\libg.a(lib_a-mprec.o)
                0x080084dc                __lshift
 .text.__mcmp   0x080085c8       0x40 c:/gun_tools/gcc-arm-none-eabi/bin/../lib/gcc/arm-none-eabi/10.3.1/../../../../arm-none-eabi/lib/thumb/v7-m/nofp\libg.a(lib_a-mprec.o)
                0x080085c8                __mcmp
 .text.__mdiff  0x08008608      0x14c c:/gun_tools/gcc-arm-none-eabi/bin/../lib/gcc/arm-none-eabi/10.3.1/../../../../arm-none-eabi/lib/thumb/v7-m/nofp\libg.a(lib_a-mprec.o)
                0x08008608                __mdiff
 .text.__d2b    0x08008754       0xc4 c:/gun_tools/gcc-arm-none-eabi/bin/../lib/gcc/arm-none-eabi/10.3.1/../../../../arm-none-eabi/lib/thumb/v7-m/nofp\libg.a(lib_a-mprec.o)
                0x08008754                __d2b
 .text._realloc_r
                0x08008818      0x3dc c:/gun_tools/gcc-arm-none-eabi/bin/../lib/gcc/arm-none-eabi/10.3.1/../../../../arm-none-eabi/lib/thumb/v7-m/nofp\libg.a(lib_a-reallocr.o)
                0x08008818                _realloc_r
 .text.frexp    0x08008bf4       0x70 c:/gun_tools/gcc-arm-none-eabi/bin/../lib/gcc/arm-none-eabi/10.3.1/../../../../arm-none-eabi/lib/thumb/v7-m/nofp\libg.a(lib_a-s_frexp.o)
                0x08008bf4                frexp
 .text._sbrk_r  0x08008c64       0x24 c:/gun_tools/gcc-arm-none-eabi/bin/../lib/gcc/arm-none-eabi/10.3.1/../../../../arm-none-eabi/lib/thumb/v7-m/nofp\libg.a(lib_a-sbrkr.o)
                0x08008c64                _sbrk_r
 .text.__sread  0x08008c88       0x24 c:/gun_tools/gcc-arm-none-eabi/bin/../lib/gcc/arm-none-eabi/10.3.1/../../../../arm-none-eabi/lib/thumb/v7-m/nofp\libg.a(lib_a-stdio.o)
                0x08008c88                __sread
 .text.__swrite
                0x08008cac       0x40 c:/gun_tools/gcc-arm-none-eabi/bin/../lib/gcc/arm-none-eabi/10.3.1/../../../../arm-none-eabi/lib/thumb/v7-m/nofp\libg.a(lib_a-stdio.o)
                0x08008cac                __swrite
 .text.__sseek  0x08008cec       0x20 c:/gun_tools/gcc-arm-none-eabi/bin/../lib/gcc/arm-none-eabi/10.3.1/../../../../arm-none-eabi/lib/thumb/v7-m/nofp\libg.a(lib_a-stdio.o)
                0x08008cec                __sseek
 .text.__sclose
                0x08008d0c        0x8 c:/gun_tools/gcc-arm-none-eabi/bin/../lib/gcc/arm-none-eabi/10.3.1/../../../../arm-none-eabi/lib/thumb/v7-m/nofp\libg.a(lib_a-stdio.o)
                0x08008d0c                __sclose
 .text.strncpy  0x08008d14       0x68 c:/gun_tools/gcc-arm-none-eabi/bin/../lib/gcc/arm-none-eabi/10.3.1/../../../../arm-none-eabi/lib/thumb/v7-m/nofp\libg.a(lib_a-strncpy.o)
                0x08008d14                strncpy
 .text.__sprint_r.part.0
                0x08008d7c       0x78 c:/gun_tools/gcc-arm-none-eabi/bin/../lib/gcc/arm-none-eabi/10.3.1/../../../../arm-none-eabi/lib/thumb/v7-m/nofp\libg.a(lib_a-vfiprintf.o)
 .text.__sprint_r
                0x08008df4       0x14 c:/gun_tools/gcc-arm-none-eabi/bin/../lib/gcc/arm-none-eabi/10.3.1/../../../../arm-none-eabi/lib/thumb/v7-m/nofp\libg.a(lib_a-vfiprintf.o)
                0x08008df4                __sprint_r
 .text._vfiprintf_r
                0x08008e08      0xd98 c:/gun_tools/gcc-arm-none-eabi/bin/../lib/gcc/arm-none-eabi/10.3.1/../../../../arm-none-eabi/lib/thumb/v7-m/nofp\libg.a(lib_a-vfiprintf.o)
                0x08008e08                _vfiprintf_r
 .text.__sbprintf
                0x08009ba0       0x84 c:/gun_tools/gcc-arm-none-eabi/bin/../lib/gcc/arm-none-eabi/10.3.1/../../../../arm-none-eabi/lib/thumb/v7-m/nofp\libg.a(lib_a-vfiprintf.o)
 .text._write_r
                0x08009c24       0x2c c:/gun_tools/gcc-arm-none-eabi/bin/../lib/gcc/arm-none-eabi/10.3.1/../../../../arm-none-eabi/lib/thumb/v7-m/nofp\libg.a(lib_a-writer.o)
                0x08009c24                _write_r
 .text.__register_exitproc
                0x08009c50       0x8c c:/gun_tools/gcc-arm-none-eabi/bin/../lib/gcc/arm-none-eabi/10.3.1/../../../../arm-none-eabi/lib/thumb/v7-m/nofp\libg.a(lib_a-__atexit.o)
                0x08009c50                __register_exitproc
 .text.__assert_func
                0x08009cdc       0x40 c:/gun_tools/gcc-arm-none-eabi/bin/../lib/gcc/arm-none-eabi/10.3.1/../../../../arm-none-eabi/lib/thumb/v7-m/nofp\libg.a(lib_a-assert.o)
                0x08009cdc                __assert_func
 .text._calloc_r
                0x08009d1c       0x78 c:/gun_tools/gcc-arm-none-eabi/bin/../lib/gcc/arm-none-eabi/10.3.1/../../../../arm-none-eabi/lib/thumb/v7-m/nofp\libg.a(lib_a-callocr.o)
                0x08009d1c                _calloc_r
 .text._close_r
                0x08009d94       0x24 c:/gun_tools/gcc-arm-none-eabi/bin/../lib/gcc/arm-none-eabi/10.3.1/../../../../arm-none-eabi/lib/thumb/v7-m/nofp\libg.a(lib_a-closer.o)
                0x08009d94                _close_r
 .text._fclose_r
                0x08009db8       0xcc c:/gun_tools/gcc-arm-none-eabi/bin/../lib/gcc/arm-none-eabi/10.3.1/../../../../arm-none-eabi/lib/thumb/v7-m/nofp\libg.a(lib_a-fclose.o)
                0x08009db8                _fclose_r
 .text.fiprintf
                0x08009e84       0x28 c:/gun_tools/gcc-arm-none-eabi/bin/../lib/gcc/arm-none-eabi/10.3.1/../../../../arm-none-eabi/lib/thumb/v7-m/nofp\libg.a(lib_a-fiprintf.o)
                0x08009e84                fiprintf
 .text.__fputwc
                0x08009eac       0xa0 c:/gun_tools/gcc-arm-none-eabi/bin/../lib/gcc/arm-none-eabi/10.3.1/../../../../arm-none-eabi/lib/thumb/v7-m/nofp\libg.a(lib_a-fputwc.o)
                0x08009eac                __fputwc
 .text._fputwc_r
                0x08009f4c       0x68 c:/gun_tools/gcc-arm-none-eabi/bin/../lib/gcc/arm-none-eabi/10.3.1/../../../../arm-none-eabi/lib/thumb/v7-m/nofp\libg.a(lib_a-fputwc.o)
                0x08009f4c                _fputwc_r
 .text._fstat_r
                0x08009fb4       0x28 c:/gun_tools/gcc-arm-none-eabi/bin/../lib/gcc/arm-none-eabi/10.3.1/../../../../arm-none-eabi/lib/thumb/v7-m/nofp\libg.a(lib_a-fstatr.o)
                0x08009fb4                _fstat_r
 .text._isatty_r
                0x08009fdc       0x24 c:/gun_tools/gcc-arm-none-eabi/bin/../lib/gcc/arm-none-eabi/10.3.1/../../../../arm-none-eabi/lib/thumb/v7-m/nofp\libg.a(lib_a-isattyr.o)
                0x08009fdc                _isatty_r
 .text.__locale_mb_cur_max
                0x0800a000        0xc c:/gun_tools/gcc-arm-none-eabi/bin/../lib/gcc/arm-none-eabi/10.3.1/../../../../arm-none-eabi/lib/thumb/v7-m/nofp\libg.a(lib_a-locale.o)
                0x0800a000                __locale_mb_cur_max
 .text._lseek_r
                0x0800a00c       0x2c c:/gun_tools/gcc-arm-none-eabi/bin/../lib/gcc/arm-none-eabi/10.3.1/../../../../arm-none-eabi/lib/thumb/v7-m/nofp\libg.a(lib_a-lseekr.o)
                0x0800a00c                _lseek_r
 .text.__ascii_mbtowc
                0x0800a038       0x2c c:/gun_tools/gcc-arm-none-eabi/bin/../lib/gcc/arm-none-eabi/10.3.1/../../../../arm-none-eabi/lib/thumb/v7-m/nofp\libg.a(lib_a-mbtowc_r.o)
                0x0800a038                __ascii_mbtowc
 .text._read_r  0x0800a064       0x2c c:/gun_tools/gcc-arm-none-eabi/bin/../lib/gcc/arm-none-eabi/10.3.1/../../../../arm-none-eabi/lib/thumb/v7-m/nofp\libg.a(lib_a-readr.o)
                0x0800a064                _read_r
 .text.__swbuf_r
                0x0800a090       0xb0 c:/gun_tools/gcc-arm-none-eabi/bin/../lib/gcc/arm-none-eabi/10.3.1/../../../../arm-none-eabi/lib/thumb/v7-m/nofp\libg.a(lib_a-wbuf.o)
                0x0800a090                __swbuf_r
 .text._wcrtomb_r
                0x0800a140       0x3c c:/gun_tools/gcc-arm-none-eabi/bin/../lib/gcc/arm-none-eabi/10.3.1/../../../../arm-none-eabi/lib/thumb/v7-m/nofp\libg.a(lib_a-wcrtomb.o)
                0x0800a140                _wcrtomb_r
 .text.__ascii_wctomb
                0x0800a17c       0x1c c:/gun_tools/gcc-arm-none-eabi/bin/../lib/gcc/arm-none-eabi/10.3.1/../../../../arm-none-eabi/lib/thumb/v7-m/nofp\libg.a(lib_a-wctomb_r.o)
                0x0800a17c                __ascii_wctomb
 .text.abort    0x0800a198       0x10 c:/gun_tools/gcc-arm-none-eabi/bin/../lib/gcc/arm-none-eabi/10.3.1/../../../../arm-none-eabi/lib/thumb/v7-m/nofp\libg.a(lib_a-abort.o)
                0x0800a198                abort
 .text.raise    0x0800a1a8       0x5c c:/gun_tools/gcc-arm-none-eabi/bin/../lib/gcc/arm-none-eabi/10.3.1/../../../../arm-none-eabi/lib/thumb/v7-m/nofp\libg.a(lib_a-signal.o)
                0x0800a1a8                raise
 .text._kill_r  0x0800a204       0x28 c:/gun_tools/gcc-arm-none-eabi/bin/../lib/gcc/arm-none-eabi/10.3.1/../../../../arm-none-eabi/lib/thumb/v7-m/nofp\libg.a(lib_a-signalr.o)
                0x0800a204                _kill_r
 .text._getpid_r
                0x0800a22c        0x4 c:/gun_tools/gcc-arm-none-eabi/bin/../lib/gcc/arm-none-eabi/10.3.1/../../../../arm-none-eabi/lib/thumb/v7-m/nofp\libg.a(lib_a-signalr.o)
                0x0800a22c                _getpid_r
 *(.glue_7)
 .glue_7        0x0800a230        0x0 linker stubs
 *(.glue_7t)
 .glue_7t       0x0800a230        0x0 linker stubs
 *(.eh_frame)
 .eh_frame      0x0800a230        0x0 c:/gun_tools/gcc-arm-none-eabi/bin/../lib/gcc/arm-none-eabi/10.3.1/thumb/v7-m/nofp/crtbegin.o
 *(.init)
 .init          0x0800a230        0x4 c:/gun_tools/gcc-arm-none-eabi/bin/../lib/gcc/arm-none-eabi/10.3.1/thumb/v7-m/nofp/crti.o
                0x0800a230                _init
 .init          0x0800a234        0x8 c:/gun_tools/gcc-arm-none-eabi/bin/../lib/gcc/arm-none-eabi/10.3.1/thumb/v7-m/nofp/crtn.o
 *(.fini)
 .fini          0x0800a23c        0x4 c:/gun_tools/gcc-arm-none-eabi/bin/../lib/gcc/arm-none-eabi/10.3.1/thumb/v7-m/nofp/crti.o
                0x0800a23c                _fini
 .fini          0x0800a240        0x8 c:/gun_tools/gcc-arm-none-eabi/bin/../lib/gcc/arm-none-eabi/10.3.1/thumb/v7-m/nofp/crtn.o
                0x0800a248                . = ALIGN (0x4)
                0x0800a248                _etext = .

.vfp11_veneer   0x0800a248        0x0
 .vfp11_veneer  0x0800a248        0x0 linker stubs

.v4_bx          0x0800a248        0x0
 .v4_bx         0x0800a248        0x0 linker stubs

.iplt           0x0800a248        0x0
 .iplt          0x0800a248        0x0 c:/gun_tools/gcc-arm-none-eabi/bin/../lib/gcc/arm-none-eabi/10.3.1/thumb/v7-m/nofp/crtbegin.o

.rodata         0x0800a248      0x498
                0x0800a248                . = ALIGN (0x4)
 *(.rodata)
 *(.rodata*)
 .rodata.main.str1.4
                0x0800a248       0x56 CMakeFiles/wave_recongize_stm32_f1.elf.dir/Core/Src/main.c.obj
 *fill*         0x0800a29e        0x2 
 .rodata.AHBPrescTable
                0x0800a2a0       0x10 CMakeFiles/wave_recongize_stm32_f1.elf.dir/Core/Src/system_stm32f1xx.c.obj
                0x0800a2a0                AHBPrescTable
 .rodata.APBPrescTable
                0x0800a2b0        0x8 CMakeFiles/wave_recongize_stm32_f1.elf.dir/Core/Src/system_stm32f1xx.c.obj
                0x0800a2b0                APBPrescTable
 .rodata.HAL_RCC_GetSysClockFreq.str1.4
                0x0800a2b8       0x11 CMakeFiles/wave_recongize_stm32_f1.elf.dir/Drivers/STM32F1xx_HAL_Driver/Src/stm32f1xx_hal_rcc.c.obj
 *fill*         0x0800a2c9        0x3 
 .rodata.SD_Driver
                0x0800a2cc       0x14 CMakeFiles/wave_recongize_stm32_f1.elf.dir/Middlewares/Third_Party/FatFs/src/drivers/sd_diskio.c.obj
                0x0800a2cc                SD_Driver
 .rodata._global_impure_ptr
                0x0800a2e0        0x4 c:/gun_tools/gcc-arm-none-eabi/bin/../lib/gcc/arm-none-eabi/10.3.1/../../../../arm-none-eabi/lib/thumb/v7-m/nofp\libg.a(lib_a-impure.o)
                0x0800a2e0                _global_impure_ptr
 .rodata._puts_r.str1.4
                0x0800a2e4       0x11 c:/gun_tools/gcc-arm-none-eabi/bin/../lib/gcc/arm-none-eabi/10.3.1/../../../../arm-none-eabi/lib/thumb/v7-m/nofp\libg.a(lib_a-puts.o)
                                  0x2 (size before relaxing)
 .rodata._vfprintf_r.str1.4
                0x0800a2e4       0x42 c:/gun_tools/gcc-arm-none-eabi/bin/../lib/gcc/arm-none-eabi/10.3.1/../../../../arm-none-eabi/lib/thumb/v7-m/nofp\libg.a(lib_a-vfprintf.o)
 *fill*         0x0800a326        0x2 
 .rodata.blanks.1
                0x0800a328       0x10 c:/gun_tools/gcc-arm-none-eabi/bin/../lib/gcc/arm-none-eabi/10.3.1/../../../../arm-none-eabi/lib/thumb/v7-m/nofp\libg.a(lib_a-vfprintf.o)
 .rodata.zeroes.0
                0x0800a338       0x10 c:/gun_tools/gcc-arm-none-eabi/bin/../lib/gcc/arm-none-eabi/10.3.1/../../../../arm-none-eabi/lib/thumb/v7-m/nofp\libg.a(lib_a-vfprintf.o)
 .rodata._dtoa_r.str1.4
                0x0800a348       0xa2 c:/gun_tools/gcc-arm-none-eabi/bin/../lib/gcc/arm-none-eabi/10.3.1/../../../../arm-none-eabi/lib/thumb/v7-m/nofp\libg.a(lib_a-dtoa.o)
                                 0xa6 (size before relaxing)
 *fill*         0x0800a3ea        0x2 
 .rodata.__multadd.str1.4
                0x0800a3ec       0x7f c:/gun_tools/gcc-arm-none-eabi/bin/../lib/gcc/arm-none-eabi/10.3.1/../../../../arm-none-eabi/lib/thumb/v7-m/nofp\libg.a(lib_a-mprec.o)
                                 0x93 (size before relaxing)
 *fill*         0x0800a46b        0x5 
 .rodata.__mprec_bigtens
                0x0800a470       0x28 c:/gun_tools/gcc-arm-none-eabi/bin/../lib/gcc/arm-none-eabi/10.3.1/../../../../arm-none-eabi/lib/thumb/v7-m/nofp\libg.a(lib_a-mprec.o)
                0x0800a470                __mprec_bigtens
 .rodata.__mprec_tens
                0x0800a498       0xc8 c:/gun_tools/gcc-arm-none-eabi/bin/../lib/gcc/arm-none-eabi/10.3.1/../../../../arm-none-eabi/lib/thumb/v7-m/nofp\libg.a(lib_a-mprec.o)
                0x0800a498                __mprec_tens
 .rodata.p05.0  0x0800a560        0xc c:/gun_tools/gcc-arm-none-eabi/bin/../lib/gcc/arm-none-eabi/10.3.1/../../../../arm-none-eabi/lib/thumb/v7-m/nofp\libg.a(lib_a-mprec.o)
 .rodata._vfiprintf_r.str1.4
                0x0800a56c       0x2f c:/gun_tools/gcc-arm-none-eabi/bin/../lib/gcc/arm-none-eabi/10.3.1/../../../../arm-none-eabi/lib/thumb/v7-m/nofp\libg.a(lib_a-vfiprintf.o)
 .rodata.blanks.1
                0x0800a56c       0x10 c:/gun_tools/gcc-arm-none-eabi/bin/../lib/gcc/arm-none-eabi/10.3.1/../../../../arm-none-eabi/lib/thumb/v7-m/nofp\libg.a(lib_a-vfiprintf.o)
 .rodata.zeroes.0
                0x0800a57c       0x10 c:/gun_tools/gcc-arm-none-eabi/bin/../lib/gcc/arm-none-eabi/10.3.1/../../../../arm-none-eabi/lib/thumb/v7-m/nofp\libg.a(lib_a-vfiprintf.o)
 .rodata.__assert_func.str1.4
                0x0800a58c       0x3f c:/gun_tools/gcc-arm-none-eabi/bin/../lib/gcc/arm-none-eabi/10.3.1/../../../../arm-none-eabi/lib/thumb/v7-m/nofp\libg.a(lib_a-assert.o)
                                 0x43 (size before relaxing)
 *fill*         0x0800a5cb        0x1 
 .rodata._setlocale_r.str1.4
                0x0800a5cc        0xa c:/gun_tools/gcc-arm-none-eabi/bin/../lib/gcc/arm-none-eabi/10.3.1/../../../../arm-none-eabi/lib/thumb/v7-m/nofp\libg.a(lib_a-locale.o)
                                  0xd (size before relaxing)
 *fill*         0x0800a5d6        0x2 
 .rodata.str1.4
                0x0800a5d8        0x2 c:/gun_tools/gcc-arm-none-eabi/bin/../lib/gcc/arm-none-eabi/10.3.1/../../../../arm-none-eabi/lib/thumb/v7-m/nofp\libg.a(lib_a-locale.o)
 *fill*         0x0800a5da        0x2 
 .rodata._ctype_
                0x0800a5dc      0x101 c:/gun_tools/gcc-arm-none-eabi/bin/../lib/gcc/arm-none-eabi/10.3.1/../../../../arm-none-eabi/lib/thumb/v7-m/nofp\libg.a(lib_a-ctype_.o)
                0x0800a5dc                _ctype_
                0x0800a6e0                . = ALIGN (0x4)
 *fill*         0x0800a6dd        0x3 

.ARM.extab
 *(.ARM.extab* .gnu.linkonce.armextab.*)

.ARM            0x0800a6e0        0x8
                0x0800a6e0                __exidx_start = .
 *(.ARM.exidx*)
 .ARM.exidx     0x0800a6e0        0x8 c:/gun_tools/gcc-arm-none-eabi/bin/../lib/gcc/arm-none-eabi/10.3.1/thumb/v7-m/nofp\libgcc.a(_udivmoddi4.o)
                0x0800a6e8                __exidx_end = .

.rel.dyn        0x0800a6e8        0x0
 .rel.iplt      0x0800a6e8        0x0 c:/gun_tools/gcc-arm-none-eabi/bin/../lib/gcc/arm-none-eabi/10.3.1/thumb/v7-m/nofp/crtbegin.o

.preinit_array  0x0800a6e8        0x0
                0x0800a6e8                PROVIDE (__preinit_array_start = .)
 *(.preinit_array*)
                0x0800a6e8                PROVIDE (__preinit_array_end = .)

.init_array     0x0800a6e8        0x8
                0x0800a6e8                PROVIDE (__init_array_start = .)
 *(SORT_BY_NAME(.init_array.*))
 .init_array.00000
                0x0800a6e8        0x4 c:/gun_tools/gcc-arm-none-eabi/bin/../lib/gcc/arm-none-eabi/10.3.1/../../../../arm-none-eabi/lib/thumb/v7-m/nofp\libg.a(lib_a-__call_atexit.o)
 *(.init_array*)
 .init_array    0x0800a6ec        0x4 c:/gun_tools/gcc-arm-none-eabi/bin/../lib/gcc/arm-none-eabi/10.3.1/thumb/v7-m/nofp/crtbegin.o
                0x0800a6f0                PROVIDE (__init_array_end = .)

.fini_array     0x0800a6f0        0x4
                0x0800a6f0                PROVIDE (__fini_array_start = .)
 *(SORT_BY_NAME(.fini_array.*))
 *(.fini_array*)
 .fini_array    0x0800a6f0        0x4 c:/gun_tools/gcc-arm-none-eabi/bin/../lib/gcc/arm-none-eabi/10.3.1/thumb/v7-m/nofp/crtbegin.o
                0x0800a6f4                PROVIDE (__fini_array_end = .)
                0x0800a6f4                _sidata = LOADADDR (.data)

.data           0x20000000      0x9d8 load address 0x0800a6f4
                0x20000000                . = ALIGN (0x4)
                0x20000000                _sdata = .
 *(.data)
 *(.data*)
 .data.SystemCoreClock
                0x20000000        0x4 CMakeFiles/wave_recongize_stm32_f1.elf.dir/Core/Src/system_stm32f1xx.c.obj
                0x20000000                SystemCoreClock
 .data.uwTickFreq
                0x20000004        0x1 CMakeFiles/wave_recongize_stm32_f1.elf.dir/Drivers/STM32F1xx_HAL_Driver/Src/stm32f1xx_hal.c.obj
                0x20000004                uwTickFreq
 *fill*         0x20000005        0x3 
 .data.uwTickPrio
                0x20000008        0x4 CMakeFiles/wave_recongize_stm32_f1.elf.dir/Drivers/STM32F1xx_HAL_Driver/Src/stm32f1xx_hal.c.obj
                0x20000008                uwTickPrio
 .data.Stat     0x2000000c        0x1 CMakeFiles/wave_recongize_stm32_f1.elf.dir/FATFS/Target/user_diskio.c.obj
 *fill*         0x2000000d        0x3 
 .data.USER_Driver
                0x20000010       0x14 CMakeFiles/wave_recongize_stm32_f1.elf.dir/FATFS/Target/user_diskio.c.obj
                0x20000010                USER_Driver
 .data.Stat     0x20000024        0x1 CMakeFiles/wave_recongize_stm32_f1.elf.dir/Middlewares/Third_Party/FatFs/src/drivers/sd_diskio.c.obj
 *fill*         0x20000025        0x3 
 .data._impure_ptr
                0x20000028        0x4 c:/gun_tools/gcc-arm-none-eabi/bin/../lib/gcc/arm-none-eabi/10.3.1/../../../../arm-none-eabi/lib/thumb/v7-m/nofp\libg.a(lib_a-impure.o)
                0x20000028                _impure_ptr
 *fill*         0x2000002c        0x4 
 .data.impure_data
                0x20000030      0x428 c:/gun_tools/gcc-arm-none-eabi/bin/../lib/gcc/arm-none-eabi/10.3.1/../../../../arm-none-eabi/lib/thumb/v7-m/nofp\libg.a(lib_a-impure.o)
 .data.__atexit_recursive_mutex
                0x20000458        0x4 c:/gun_tools/gcc-arm-none-eabi/bin/../lib/gcc/arm-none-eabi/10.3.1/../../../../arm-none-eabi/lib/thumb/v7-m/nofp\libg.a(lib_a-__call_atexit.o)
                0x20000458                __atexit_recursive_mutex
 .data.__malloc_av_
                0x2000045c      0x408 c:/gun_tools/gcc-arm-none-eabi/bin/../lib/gcc/arm-none-eabi/10.3.1/../../../../arm-none-eabi/lib/thumb/v7-m/nofp\libg.a(lib_a-mallocr.o)
                0x2000045c                __malloc_av_
 .data.__malloc_sbrk_base
                0x20000864        0x4 c:/gun_tools/gcc-arm-none-eabi/bin/../lib/gcc/arm-none-eabi/10.3.1/../../../../arm-none-eabi/lib/thumb/v7-m/nofp\libg.a(lib_a-mallocr.o)
                0x20000864                __malloc_sbrk_base
 .data.__malloc_trim_threshold
                0x20000868        0x4 c:/gun_tools/gcc-arm-none-eabi/bin/../lib/gcc/arm-none-eabi/10.3.1/../../../../arm-none-eabi/lib/thumb/v7-m/nofp\libg.a(lib_a-mallocr.o)
                0x20000868                __malloc_trim_threshold
 .data.__global_locale
                0x2000086c      0x16c c:/gun_tools/gcc-arm-none-eabi/bin/../lib/gcc/arm-none-eabi/10.3.1/../../../../arm-none-eabi/lib/thumb/v7-m/nofp\libg.a(lib_a-locale.o)
                0x2000086c                __global_locale
                0x200009d8                . = ALIGN (0x4)
                0x200009d8                _edata = .

.igot.plt       0x200009d8        0x0 load address 0x0800b0cc
 .igot.plt      0x200009d8        0x0 c:/gun_tools/gcc-arm-none-eabi/bin/../lib/gcc/arm-none-eabi/10.3.1/thumb/v7-m/nofp/crtbegin.o
                0x200009d8                . = ALIGN (0x4)

.bss            0x200009d8      0x154 load address 0x0800b0cc
                0x200009d8                _sbss = .
                0x200009d8                __bss_start__ = _sbss
 *(.bss)
 .bss           0x200009d8       0x1c c:/gun_tools/gcc-arm-none-eabi/bin/../lib/gcc/arm-none-eabi/10.3.1/thumb/v7-m/nofp/crtbegin.o
 *(.bss*)
 .bss.gHuart    0x200009f4        0x4 CMakeFiles/wave_recongize_stm32_f1.elf.dir/APP/utils/retarget.c.obj
                0x200009f4                gHuart
 .bss.hsd       0x200009f8       0x84 CMakeFiles/wave_recongize_stm32_f1.elf.dir/Core/Src/sdio.c.obj
                0x200009f8                hsd
 .bss.heap_end.0
                0x20000a7c        0x4 CMakeFiles/wave_recongize_stm32_f1.elf.dir/Core/Src/syscalls.c.obj
 .bss.huart1    0x20000a80       0x44 CMakeFiles/wave_recongize_stm32_f1.elf.dir/Core/Src/usart.c.obj
                0x20000a80                huart1
 .bss.uwTick    0x20000ac4        0x4 CMakeFiles/wave_recongize_stm32_f1.elf.dir/Drivers/STM32F1xx_HAL_Driver/Src/stm32f1xx_hal.c.obj
                0x20000ac4                uwTick
 .bss.SDPath    0x20000ac8        0x4 CMakeFiles/wave_recongize_stm32_f1.elf.dir/FATFS/App/fatfs.c.obj
                0x20000ac8                SDPath
 .bss.USERPath  0x20000acc        0x4 CMakeFiles/wave_recongize_stm32_f1.elf.dir/FATFS/App/fatfs.c.obj
                0x20000acc                USERPath
 .bss.retSD     0x20000ad0        0x1 CMakeFiles/wave_recongize_stm32_f1.elf.dir/FATFS/App/fatfs.c.obj
                0x20000ad0                retSD
 .bss.retUSER   0x20000ad1        0x1 CMakeFiles/wave_recongize_stm32_f1.elf.dir/FATFS/App/fatfs.c.obj
                0x20000ad1                retUSER
 *fill*         0x20000ad2        0x2 
 .bss.disk      0x20000ad4       0x10 CMakeFiles/wave_recongize_stm32_f1.elf.dir/Middlewares/Third_Party/FatFs/src/ff_gen_drv.c.obj
                0x20000ad4                disk
 .bss.__lock___atexit_recursive_mutex
                0x20000ae4        0x1 c:/gun_tools/gcc-arm-none-eabi/bin/../lib/gcc/arm-none-eabi/10.3.1/../../../../arm-none-eabi/lib/thumb/v7-m/nofp\libg.a(lib_a-lock.o)
                0x20000ae4                __lock___atexit_recursive_mutex
 *fill*         0x20000ae5        0x3 
 .bss.__lock___malloc_recursive_mutex
                0x20000ae8        0x1 c:/gun_tools/gcc-arm-none-eabi/bin/../lib/gcc/arm-none-eabi/10.3.1/../../../../arm-none-eabi/lib/thumb/v7-m/nofp\libg.a(lib_a-lock.o)
                0x20000ae8                __lock___malloc_recursive_mutex
 *fill*         0x20000ae9        0x3 
 .bss.__lock___sfp_recursive_mutex
                0x20000aec        0x1 c:/gun_tools/gcc-arm-none-eabi/bin/../lib/gcc/arm-none-eabi/10.3.1/../../../../arm-none-eabi/lib/thumb/v7-m/nofp\libg.a(lib_a-lock.o)
                0x20000aec                __lock___sfp_recursive_mutex
 *fill*         0x20000aed        0x3 
 .bss.__lock___sinit_recursive_mutex
                0x20000af0        0x1 c:/gun_tools/gcc-arm-none-eabi/bin/../lib/gcc/arm-none-eabi/10.3.1/../../../../arm-none-eabi/lib/thumb/v7-m/nofp\libg.a(lib_a-lock.o)
                0x20000af0                __lock___sinit_recursive_mutex
 *fill*         0x20000af1        0x3 
 .bss.__malloc_current_mallinfo
                0x20000af4       0x28 c:/gun_tools/gcc-arm-none-eabi/bin/../lib/gcc/arm-none-eabi/10.3.1/../../../../arm-none-eabi/lib/thumb/v7-m/nofp\libg.a(lib_a-mallocr.o)
                0x20000af4                __malloc_current_mallinfo
 .bss.__malloc_max_sbrked_mem
                0x20000b1c        0x4 c:/gun_tools/gcc-arm-none-eabi/bin/../lib/gcc/arm-none-eabi/10.3.1/../../../../arm-none-eabi/lib/thumb/v7-m/nofp\libg.a(lib_a-mallocr.o)
                0x20000b1c                __malloc_max_sbrked_mem
 .bss.__malloc_max_total_mem
                0x20000b20        0x4 c:/gun_tools/gcc-arm-none-eabi/bin/../lib/gcc/arm-none-eabi/10.3.1/../../../../arm-none-eabi/lib/thumb/v7-m/nofp\libg.a(lib_a-mallocr.o)
                0x20000b20                __malloc_max_total_mem
 .bss.__malloc_top_pad
                0x20000b24        0x4 c:/gun_tools/gcc-arm-none-eabi/bin/../lib/gcc/arm-none-eabi/10.3.1/../../../../arm-none-eabi/lib/thumb/v7-m/nofp\libg.a(lib_a-mallocr.o)
                0x20000b24                __malloc_top_pad
 .bss.errno     0x20000b28        0x4 c:/gun_tools/gcc-arm-none-eabi/bin/../lib/gcc/arm-none-eabi/10.3.1/../../../../arm-none-eabi/lib/thumb/v7-m/nofp\libg.a(lib_a-reent.o)
                0x20000b28                errno
 *(COMMON)
                0x20000b2c                . = ALIGN (0x4)
                0x20000b2c                _ebss = .
                0x20000b2c                __bss_end__ = _ebss

._user_heap_stack
                0x20000b2c      0x604 load address 0x0800b0cc
                0x20000b30                . = ALIGN (0x8)
 *fill*         0x20000b2c        0x4 
                0x20000b30                PROVIDE (end = .)
                [!provide]                PROVIDE (_end = .)
                0x20000d30                . = (. + _Min_Heap_Size)
 *fill*         0x20000b30      0x200 
                0x20001130                . = (. + _Min_Stack_Size)
 *fill*         0x20000d30      0x400 
                0x20001130                . = ALIGN (0x8)

/DISCARD/
 libc.a(*)
 libm.a(*)
 libgcc.a(*)

.ARM.attributes
                0x00000000       0x29
 *(.ARM.attributes)
 .ARM.attributes
                0x00000000       0x1d c:/gun_tools/gcc-arm-none-eabi/bin/../lib/gcc/arm-none-eabi/10.3.1/thumb/v7-m/nofp/crti.o
 .ARM.attributes
                0x0000001d       0x2d c:/gun_tools/gcc-arm-none-eabi/bin/../lib/gcc/arm-none-eabi/10.3.1/thumb/v7-m/nofp/crtbegin.o
 .ARM.attributes
                0x0000004a       0x2d CMakeFiles/wave_recongize_stm32_f1.elf.dir/APP/utils/retarget.c.obj
 .ARM.attributes
                0x00000077       0x2d CMakeFiles/wave_recongize_stm32_f1.elf.dir/Core/Src/gpio.c.obj
 .ARM.attributes
                0x000000a4       0x2d CMakeFiles/wave_recongize_stm32_f1.elf.dir/Core/Src/main.c.obj
 .ARM.attributes
                0x000000d1       0x2d CMakeFiles/wave_recongize_stm32_f1.elf.dir/Core/Src/sdio.c.obj
 .ARM.attributes
                0x000000fe       0x2d CMakeFiles/wave_recongize_stm32_f1.elf.dir/Core/Src/stm32f1xx_hal_msp.c.obj
 .ARM.attributes
                0x0000012b       0x2d CMakeFiles/wave_recongize_stm32_f1.elf.dir/Core/Src/stm32f1xx_it.c.obj
 .ARM.attributes
                0x00000158       0x2d CMakeFiles/wave_recongize_stm32_f1.elf.dir/Core/Src/syscalls.c.obj
 .ARM.attributes
                0x00000185       0x2d CMakeFiles/wave_recongize_stm32_f1.elf.dir/Core/Src/system_stm32f1xx.c.obj
 .ARM.attributes
                0x000001b2       0x2d CMakeFiles/wave_recongize_stm32_f1.elf.dir/Core/Src/usart.c.obj
 .ARM.attributes
                0x000001df       0x2d CMakeFiles/wave_recongize_stm32_f1.elf.dir/Drivers/STM32F1xx_HAL_Driver/Src/stm32f1xx_hal.c.obj
 .ARM.attributes
                0x0000020c       0x2d CMakeFiles/wave_recongize_stm32_f1.elf.dir/Drivers/STM32F1xx_HAL_Driver/Src/stm32f1xx_hal_cortex.c.obj
 .ARM.attributes
                0x00000239       0x2d CMakeFiles/wave_recongize_stm32_f1.elf.dir/Drivers/STM32F1xx_HAL_Driver/Src/stm32f1xx_hal_dma.c.obj
 .ARM.attributes
                0x00000266       0x2d CMakeFiles/wave_recongize_stm32_f1.elf.dir/Drivers/STM32F1xx_HAL_Driver/Src/stm32f1xx_hal_gpio.c.obj
 .ARM.attributes
                0x00000293       0x2d CMakeFiles/wave_recongize_stm32_f1.elf.dir/Drivers/STM32F1xx_HAL_Driver/Src/stm32f1xx_hal_rcc.c.obj
 .ARM.attributes
                0x000002c0       0x2d CMakeFiles/wave_recongize_stm32_f1.elf.dir/Drivers/STM32F1xx_HAL_Driver/Src/stm32f1xx_hal_sd.c.obj
 .ARM.attributes
                0x000002ed       0x2d CMakeFiles/wave_recongize_stm32_f1.elf.dir/Drivers/STM32F1xx_HAL_Driver/Src/stm32f1xx_hal_uart.c.obj
 .ARM.attributes
                0x0000031a       0x2d CMakeFiles/wave_recongize_stm32_f1.elf.dir/Drivers/STM32F1xx_HAL_Driver/Src/stm32f1xx_ll_sdmmc.c.obj
 .ARM.attributes
                0x00000347       0x2d CMakeFiles/wave_recongize_stm32_f1.elf.dir/FATFS/App/fatfs.c.obj
 .ARM.attributes
                0x00000374       0x2d CMakeFiles/wave_recongize_stm32_f1.elf.dir/FATFS/Target/bsp_driver_sd.c.obj
 .ARM.attributes
                0x000003a1       0x2d CMakeFiles/wave_recongize_stm32_f1.elf.dir/FATFS/Target/user_diskio.c.obj
 .ARM.attributes
                0x000003ce       0x2d CMakeFiles/wave_recongize_stm32_f1.elf.dir/Middlewares/Third_Party/FatFs/src/drivers/sd_diskio.c.obj
 .ARM.attributes
                0x000003fb       0x2d CMakeFiles/wave_recongize_stm32_f1.elf.dir/Middlewares/Third_Party/FatFs/src/ff_gen_drv.c.obj
 .ARM.attributes
                0x00000428       0x21 CMakeFiles/wave_recongize_stm32_f1.elf.dir/startup/startup_stm32f103xe.s.obj
 .ARM.attributes
                0x00000449       0x2d c:/gun_tools/gcc-arm-none-eabi/bin/../lib/gcc/arm-none-eabi/10.3.1/../../../../arm-none-eabi/lib/thumb/v7-m/nofp\libg.a(lib_a-errno.o)
 .ARM.attributes
                0x00000476       0x2d c:/gun_tools/gcc-arm-none-eabi/bin/../lib/gcc/arm-none-eabi/10.3.1/../../../../arm-none-eabi/lib/thumb/v7-m/nofp\libg.a(lib_a-impure.o)
 .ARM.attributes
                0x000004a3       0x2d c:/gun_tools/gcc-arm-none-eabi/bin/../lib/gcc/arm-none-eabi/10.3.1/../../../../arm-none-eabi/lib/thumb/v7-m/nofp\libg.a(lib_a-init.o)
 .ARM.attributes
                0x000004d0       0x2d c:/gun_tools/gcc-arm-none-eabi/bin/../lib/gcc/arm-none-eabi/10.3.1/../../../../arm-none-eabi/lib/thumb/v7-m/nofp\libg.a(lib_a-memset.o)
 .ARM.attributes
                0x000004fd       0x2d c:/gun_tools/gcc-arm-none-eabi/bin/../lib/gcc/arm-none-eabi/10.3.1/../../../../arm-none-eabi/lib/thumb/v7-m/nofp\libg.a(lib_a-printf.o)
 .ARM.attributes
                0x0000052a       0x2d c:/gun_tools/gcc-arm-none-eabi/bin/../lib/gcc/arm-none-eabi/10.3.1/../../../../arm-none-eabi/lib/thumb/v7-m/nofp\libg.a(lib_a-puts.o)
 .ARM.attributes
                0x00000557       0x2d c:/gun_tools/gcc-arm-none-eabi/bin/../lib/gcc/arm-none-eabi/10.3.1/../../../../arm-none-eabi/lib/thumb/v7-m/nofp\libg.a(lib_a-setvbuf.o)
 .ARM.attributes
                0x00000584       0x2d c:/gun_tools/gcc-arm-none-eabi/bin/../lib/gcc/arm-none-eabi/10.3.1/../../../../arm-none-eabi/lib/thumb/v7-m/nofp\libg.a(lib_a-strlen-stub.o)
 .ARM.attributes
                0x000005b1       0x2d c:/gun_tools/gcc-arm-none-eabi/bin/../lib/gcc/arm-none-eabi/10.3.1/../../../../arm-none-eabi/lib/thumb/v7-m/nofp\libg.a(lib_a-vfprintf.o)
 .ARM.attributes
                0x000005de       0x2d c:/gun_tools/gcc-arm-none-eabi/bin/../lib/gcc/arm-none-eabi/10.3.1/../../../../arm-none-eabi/lib/thumb/v7-m/nofp\libg.a(lib_a-wsetup.o)
 .ARM.attributes
                0x0000060b       0x2d c:/gun_tools/gcc-arm-none-eabi/bin/../lib/gcc/arm-none-eabi/10.3.1/../../../../arm-none-eabi/lib/thumb/v7-m/nofp\libg.a(lib_a-__call_atexit.o)
 .ARM.attributes
                0x00000638       0x2d c:/gun_tools/gcc-arm-none-eabi/bin/../lib/gcc/arm-none-eabi/10.3.1/../../../../arm-none-eabi/lib/thumb/v7-m/nofp\libg.a(lib_a-atexit.o)
 .ARM.attributes
                0x00000665       0x2d c:/gun_tools/gcc-arm-none-eabi/bin/../lib/gcc/arm-none-eabi/10.3.1/../../../../arm-none-eabi/lib/thumb/v7-m/nofp\libg.a(lib_a-dtoa.o)
 .ARM.attributes
                0x00000692       0x2d c:/gun_tools/gcc-arm-none-eabi/bin/../lib/gcc/arm-none-eabi/10.3.1/../../../../arm-none-eabi/lib/thumb/v7-m/nofp\libg.a(lib_a-fflush.o)
 .ARM.attributes
                0x000006bf       0x2d c:/gun_tools/gcc-arm-none-eabi/bin/../lib/gcc/arm-none-eabi/10.3.1/../../../../arm-none-eabi/lib/thumb/v7-m/nofp\libg.a(lib_a-findfp.o)
 .ARM.attributes
                0x000006ec       0x2d c:/gun_tools/gcc-arm-none-eabi/bin/../lib/gcc/arm-none-eabi/10.3.1/../../../../arm-none-eabi/lib/thumb/v7-m/nofp\libg.a(lib_a-fini.o)
 .ARM.attributes
                0x00000719       0x2d c:/gun_tools/gcc-arm-none-eabi/bin/../lib/gcc/arm-none-eabi/10.3.1/../../../../arm-none-eabi/lib/thumb/v7-m/nofp\libg.a(lib_a-freer.o)
 .ARM.attributes
                0x00000746       0x2d c:/gun_tools/gcc-arm-none-eabi/bin/../lib/gcc/arm-none-eabi/10.3.1/../../../../arm-none-eabi/lib/thumb/v7-m/nofp\libg.a(lib_a-fvwrite.o)
 .ARM.attributes
                0x00000773       0x2d c:/gun_tools/gcc-arm-none-eabi/bin/../lib/gcc/arm-none-eabi/10.3.1/../../../../arm-none-eabi/lib/thumb/v7-m/nofp\libg.a(lib_a-fwalk.o)
 .ARM.attributes
                0x000007a0       0x2d c:/gun_tools/gcc-arm-none-eabi/bin/../lib/gcc/arm-none-eabi/10.3.1/../../../../arm-none-eabi/lib/thumb/v7-m/nofp\libg.a(lib_a-localeconv.o)
 .ARM.attributes
                0x000007cd       0x2d c:/gun_tools/gcc-arm-none-eabi/bin/../lib/gcc/arm-none-eabi/10.3.1/../../../../arm-none-eabi/lib/thumb/v7-m/nofp\libg.a(lib_a-lock.o)
 .ARM.attributes
                0x000007fa       0x2d c:/gun_tools/gcc-arm-none-eabi/bin/../lib/gcc/arm-none-eabi/10.3.1/../../../../arm-none-eabi/lib/thumb/v7-m/nofp\libg.a(lib_a-makebuf.o)
 .ARM.attributes
                0x00000827       0x2d c:/gun_tools/gcc-arm-none-eabi/bin/../lib/gcc/arm-none-eabi/10.3.1/../../../../arm-none-eabi/lib/thumb/v7-m/nofp\libg.a(lib_a-malloc.o)
 .ARM.attributes
                0x00000854       0x2d c:/gun_tools/gcc-arm-none-eabi/bin/../lib/gcc/arm-none-eabi/10.3.1/../../../../arm-none-eabi/lib/thumb/v7-m/nofp\libg.a(lib_a-mallocr.o)
 .ARM.attributes
                0x00000881       0x2d c:/gun_tools/gcc-arm-none-eabi/bin/../lib/gcc/arm-none-eabi/10.3.1/../../../../arm-none-eabi/lib/thumb/v7-m/nofp\libg.a(lib_a-memchr-stub.o)
 .ARM.attributes
                0x000008ae       0x1b c:/gun_tools/gcc-arm-none-eabi/bin/../lib/gcc/arm-none-eabi/10.3.1/../../../../arm-none-eabi/lib/thumb/v7-m/nofp\libg.a(lib_a-memcpy.o)
 .ARM.attributes
                0x000008c9       0x2d c:/gun_tools/gcc-arm-none-eabi/bin/../lib/gcc/arm-none-eabi/10.3.1/../../../../arm-none-eabi/lib/thumb/v7-m/nofp\libg.a(lib_a-memmove.o)
 .ARM.attributes
                0x000008f6       0x2d c:/gun_tools/gcc-arm-none-eabi/bin/../lib/gcc/arm-none-eabi/10.3.1/../../../../arm-none-eabi/lib/thumb/v7-m/nofp\libg.a(lib_a-mlock.o)
 .ARM.attributes
                0x00000923       0x2d c:/gun_tools/gcc-arm-none-eabi/bin/../lib/gcc/arm-none-eabi/10.3.1/../../../../arm-none-eabi/lib/thumb/v7-m/nofp\libg.a(lib_a-mprec.o)
 .ARM.attributes
                0x00000950       0x2d c:/gun_tools/gcc-arm-none-eabi/bin/../lib/gcc/arm-none-eabi/10.3.1/../../../../arm-none-eabi/lib/thumb/v7-m/nofp\libg.a(lib_a-reallocr.o)
 .ARM.attributes
                0x0000097d       0x2d c:/gun_tools/gcc-arm-none-eabi/bin/../lib/gcc/arm-none-eabi/10.3.1/../../../../arm-none-eabi/lib/thumb/v7-m/nofp\libg.a(lib_a-s_frexp.o)
 .ARM.attributes
                0x000009aa       0x2d c:/gun_tools/gcc-arm-none-eabi/bin/../lib/gcc/arm-none-eabi/10.3.1/../../../../arm-none-eabi/lib/thumb/v7-m/nofp\libg.a(lib_a-sbrkr.o)
 .ARM.attributes
                0x000009d7       0x2d c:/gun_tools/gcc-arm-none-eabi/bin/../lib/gcc/arm-none-eabi/10.3.1/../../../../arm-none-eabi/lib/thumb/v7-m/nofp\libg.a(lib_a-stdio.o)
 .ARM.attributes
                0x00000a04       0x2d c:/gun_tools/gcc-arm-none-eabi/bin/../lib/gcc/arm-none-eabi/10.3.1/../../../../arm-none-eabi/lib/thumb/v7-m/nofp\libg.a(lib_a-strncpy.o)
 .ARM.attributes
                0x00000a31       0x2d c:/gun_tools/gcc-arm-none-eabi/bin/../lib/gcc/arm-none-eabi/10.3.1/../../../../arm-none-eabi/lib/thumb/v7-m/nofp\libg.a(lib_a-vfiprintf.o)
 .ARM.attributes
                0x00000a5e       0x2d c:/gun_tools/gcc-arm-none-eabi/bin/../lib/gcc/arm-none-eabi/10.3.1/../../../../arm-none-eabi/lib/thumb/v7-m/nofp\libg.a(lib_a-writer.o)
 .ARM.attributes
                0x00000a8b       0x2d c:/gun_tools/gcc-arm-none-eabi/bin/../lib/gcc/arm-none-eabi/10.3.1/../../../../arm-none-eabi/lib/thumb/v7-m/nofp\libg.a(lib_a-__atexit.o)
 .ARM.attributes
                0x00000ab8       0x2d c:/gun_tools/gcc-arm-none-eabi/bin/../lib/gcc/arm-none-eabi/10.3.1/../../../../arm-none-eabi/lib/thumb/v7-m/nofp\libg.a(lib_a-assert.o)
 .ARM.attributes
                0x00000ae5       0x2d c:/gun_tools/gcc-arm-none-eabi/bin/../lib/gcc/arm-none-eabi/10.3.1/../../../../arm-none-eabi/lib/thumb/v7-m/nofp\libg.a(lib_a-callocr.o)
 .ARM.attributes
                0x00000b12       0x2d c:/gun_tools/gcc-arm-none-eabi/bin/../lib/gcc/arm-none-eabi/10.3.1/../../../../arm-none-eabi/lib/thumb/v7-m/nofp\libg.a(lib_a-closer.o)
 .ARM.attributes
                0x00000b3f       0x2d c:/gun_tools/gcc-arm-none-eabi/bin/../lib/gcc/arm-none-eabi/10.3.1/../../../../arm-none-eabi/lib/thumb/v7-m/nofp\libg.a(lib_a-fclose.o)
 .ARM.attributes
                0x00000b6c       0x2d c:/gun_tools/gcc-arm-none-eabi/bin/../lib/gcc/arm-none-eabi/10.3.1/../../../../arm-none-eabi/lib/thumb/v7-m/nofp\libg.a(lib_a-fiprintf.o)
 .ARM.attributes
                0x00000b99       0x2d c:/gun_tools/gcc-arm-none-eabi/bin/../lib/gcc/arm-none-eabi/10.3.1/../../../../arm-none-eabi/lib/thumb/v7-m/nofp\libg.a(lib_a-fputwc.o)
 .ARM.attributes
                0x00000bc6       0x2d c:/gun_tools/gcc-arm-none-eabi/bin/../lib/gcc/arm-none-eabi/10.3.1/../../../../arm-none-eabi/lib/thumb/v7-m/nofp\libg.a(lib_a-fstatr.o)
 .ARM.attributes
                0x00000bf3       0x2d c:/gun_tools/gcc-arm-none-eabi/bin/../lib/gcc/arm-none-eabi/10.3.1/../../../../arm-none-eabi/lib/thumb/v7-m/nofp\libg.a(lib_a-isattyr.o)
 .ARM.attributes
                0x00000c20       0x2d c:/gun_tools/gcc-arm-none-eabi/bin/../lib/gcc/arm-none-eabi/10.3.1/../../../../arm-none-eabi/lib/thumb/v7-m/nofp\libg.a(lib_a-locale.o)
 .ARM.attributes
                0x00000c4d       0x2d c:/gun_tools/gcc-arm-none-eabi/bin/../lib/gcc/arm-none-eabi/10.3.1/../../../../arm-none-eabi/lib/thumb/v7-m/nofp\libg.a(lib_a-lseekr.o)
 .ARM.attributes
                0x00000c7a       0x2d c:/gun_tools/gcc-arm-none-eabi/bin/../lib/gcc/arm-none-eabi/10.3.1/../../../../arm-none-eabi/lib/thumb/v7-m/nofp\libg.a(lib_a-mbtowc_r.o)
 .ARM.attributes
                0x00000ca7       0x2d c:/gun_tools/gcc-arm-none-eabi/bin/../lib/gcc/arm-none-eabi/10.3.1/../../../../arm-none-eabi/lib/thumb/v7-m/nofp\libg.a(lib_a-readr.o)
 .ARM.attributes
                0x00000cd4       0x2d c:/gun_tools/gcc-arm-none-eabi/bin/../lib/gcc/arm-none-eabi/10.3.1/../../../../arm-none-eabi/lib/thumb/v7-m/nofp\libg.a(lib_a-reent.o)
 .ARM.attributes
                0x00000d01       0x2d c:/gun_tools/gcc-arm-none-eabi/bin/../lib/gcc/arm-none-eabi/10.3.1/../../../../arm-none-eabi/lib/thumb/v7-m/nofp\libg.a(lib_a-wbuf.o)
 .ARM.attributes
                0x00000d2e       0x2d c:/gun_tools/gcc-arm-none-eabi/bin/../lib/gcc/arm-none-eabi/10.3.1/../../../../arm-none-eabi/lib/thumb/v7-m/nofp\libg.a(lib_a-wcrtomb.o)
 .ARM.attributes
                0x00000d5b       0x2d c:/gun_tools/gcc-arm-none-eabi/bin/../lib/gcc/arm-none-eabi/10.3.1/../../../../arm-none-eabi/lib/thumb/v7-m/nofp\libg.a(lib_a-wctomb_r.o)
 .ARM.attributes
                0x00000d88       0x2d c:/gun_tools/gcc-arm-none-eabi/bin/../lib/gcc/arm-none-eabi/10.3.1/../../../../arm-none-eabi/lib/thumb/v7-m/nofp\libg.a(lib_a-abort.o)
 .ARM.attributes
                0x00000db5       0x2d c:/gun_tools/gcc-arm-none-eabi/bin/../lib/gcc/arm-none-eabi/10.3.1/../../../../arm-none-eabi/lib/thumb/v7-m/nofp\libg.a(lib_a-ctype_.o)
 .ARM.attributes
                0x00000de2       0x2d c:/gun_tools/gcc-arm-none-eabi/bin/../lib/gcc/arm-none-eabi/10.3.1/../../../../arm-none-eabi/lib/thumb/v7-m/nofp\libg.a(lib_a-signal.o)
 .ARM.attributes
                0x00000e0f       0x2d c:/gun_tools/gcc-arm-none-eabi/bin/../lib/gcc/arm-none-eabi/10.3.1/../../../../arm-none-eabi/lib/thumb/v7-m/nofp\libg.a(lib_a-signalr.o)
 .ARM.attributes
                0x00000e3c       0x1d c:/gun_tools/gcc-arm-none-eabi/bin/../lib/gcc/arm-none-eabi/10.3.1/thumb/v7-m/nofp\libgcc.a(_arm_addsubdf3.o)
 .ARM.attributes
                0x00000e59       0x1d c:/gun_tools/gcc-arm-none-eabi/bin/../lib/gcc/arm-none-eabi/10.3.1/thumb/v7-m/nofp\libgcc.a(_arm_muldivdf3.o)
 .ARM.attributes
                0x00000e76       0x1d c:/gun_tools/gcc-arm-none-eabi/bin/../lib/gcc/arm-none-eabi/10.3.1/thumb/v7-m/nofp\libgcc.a(_arm_cmpdf2.o)
 .ARM.attributes
                0x00000e93       0x1d c:/gun_tools/gcc-arm-none-eabi/bin/../lib/gcc/arm-none-eabi/10.3.1/thumb/v7-m/nofp\libgcc.a(_arm_unorddf2.o)
 .ARM.attributes
                0x00000eb0       0x1d c:/gun_tools/gcc-arm-none-eabi/bin/../lib/gcc/arm-none-eabi/10.3.1/thumb/v7-m/nofp\libgcc.a(_arm_fixdfsi.o)
 .ARM.attributes