Archive member included to satisfy reference by file (symbol)

c:/gun_tools/gcc-arm-none-eabi/bin/../lib/gcc/arm-none-eabi/10.3.1/thumb/v7e-m/nofp\libgcc.a(_arm_mulsf3.o)
                              CMakeFiles/03_add_uart_project.elf.dir/Core/Src/system_stm32h7xx.c.obj (__aeabi_fmul)
c:/gun_tools/gcc-arm-none-eabi/bin/../lib/gcc/arm-none-eabi/10.3.1/thumb/v7e-m/nofp\libgcc.a(_arm_addsubsf3.o)
                              CMakeFiles/03_add_uart_project.elf.dir/Core/Src/system_stm32h7xx.c.obj (__aeabi_fadd)
c:/gun_tools/gcc-arm-none-eabi/bin/../lib/gcc/arm-none-eabi/10.3.1/thumb/v7e-m/nofp\libgcc.a(_arm_muldivsf3.o)
                              CMakeFiles/03_add_uart_project.elf.dir/Core/Src/system_stm32h7xx.c.obj (__aeabi_fdiv)
c:/gun_tools/gcc-arm-none-eabi/bin/../lib/gcc/arm-none-eabi/10.3.1/thumb/v7e-m/nofp\libgcc.a(_arm_fixunssfsi.o)
                              CMakeFiles/03_add_uart_project.elf.dir/Core/Src/system_stm32h7xx.c.obj (__aeabi_f2uiz)
c:/gun_tools/gcc-arm-none-eabi/bin/../lib/gcc/arm-none-eabi/10.3.1/thumb/v7e-m/nofp\libgcc.a(_aeabi_uldivmod.o)
                              CMakeFiles/03_add_uart_project.elf.dir/Drivers/STM32H7xx_HAL_Driver/Src/stm32h7xx_hal_uart.c.obj (__aeabi_uldivmod)
c:/gun_tools/gcc-arm-none-eabi/bin/../lib/gcc/arm-none-eabi/10.3.1/thumb/v7e-m/nofp\libgcc.a(_udivmoddi4.o)
                              c:/gun_tools/gcc-arm-none-eabi/bin/../lib/gcc/arm-none-eabi/10.3.1/thumb/v7e-m/nofp\libgcc.a(_aeabi_uldivmod.o) (__udivmoddi4)
c:/gun_tools/gcc-arm-none-eabi/bin/../lib/gcc/arm-none-eabi/10.3.1/thumb/v7e-m/nofp\libgcc.a(unwind-arm.o)
                              CMakeFiles/03_add_uart_project.elf.dir/Arduino/main.cpp.obj (__aeabi_unwind_cpp_pr0)
c:/gun_tools/gcc-arm-none-eabi/bin/../lib/gcc/arm-none-eabi/10.3.1/thumb/v7e-m/nofp\libgcc.a(libunwind.o)
                              c:/gun_tools/gcc-arm-none-eabi/bin/../lib/gcc/arm-none-eabi/10.3.1/thumb/v7e-m/nofp\libgcc.a(unwind-arm.o) (restore_core_regs)
c:/gun_tools/gcc-arm-none-eabi/bin/../lib/gcc/arm-none-eabi/10.3.1/thumb/v7e-m/nofp\libgcc.a(pr-support.o)
                              c:/gun_tools/gcc-arm-none-eabi/bin/../lib/gcc/arm-none-eabi/10.3.1/thumb/v7e-m/nofp\libgcc.a(unwind-arm.o) (__gnu_unwind_execute)
c:/gun_tools/gcc-arm-none-eabi/bin/../lib/gcc/arm-none-eabi/10.3.1/thumb/v7e-m/nofp\libgcc.a(_dvmd_tls.o)
                              c:/gun_tools/gcc-arm-none-eabi/bin/../lib/gcc/arm-none-eabi/10.3.1/thumb/v7e-m/nofp\libgcc.a(_aeabi_uldivmod.o) (__aeabi_ldiv0)
c:/gun_tools/gcc-arm-none-eabi/bin/../lib/gcc/arm-none-eabi/10.3.1/../../../../arm-none-eabi/lib/thumb/v7e-m/nofp\libg.a(lib_a-abort.o)
                              c:/gun_tools/gcc-arm-none-eabi/bin/../lib/gcc/arm-none-eabi/10.3.1/thumb/v7e-m/nofp\libgcc.a(unwind-arm.o) (abort)
c:/gun_tools/gcc-arm-none-eabi/bin/../lib/gcc/arm-none-eabi/10.3.1/../../../../arm-none-eabi/lib/thumb/v7e-m/nofp\libg.a(lib_a-errno.o)
                              CMakeFiles/03_add_uart_project.elf.dir/Arduino/utils/retarget.c.obj (__errno)
c:/gun_tools/gcc-arm-none-eabi/bin/../lib/gcc/arm-none-eabi/10.3.1/../../../../arm-none-eabi/lib/thumb/v7e-m/nofp\libg.a(lib_a-exit.o)
                              c:/gun_tools/gcc-arm-none-eabi/bin/../lib/gcc/arm-none-eabi/10.3.1/../../../../arm-none-eabi/lib/thumb/v7e-m/nofp/crt0.o (exit)
c:/gun_tools/gcc-arm-none-eabi/bin/../lib/gcc/arm-none-eabi/10.3.1/../../../../arm-none-eabi/lib/thumb/v7e-m/nofp\libg.a(lib_a-impure.o)
                              c:/gun_tools/gcc-arm-none-eabi/bin/../lib/gcc/arm-none-eabi/10.3.1/../../../../arm-none-eabi/lib/thumb/v7e-m/nofp\libg.a(lib_a-exit.o) (_global_impure_ptr)
c:/gun_tools/gcc-arm-none-eabi/bin/../lib/gcc/arm-none-eabi/10.3.1/../../../../arm-none-eabi/lib/thumb/v7e-m/nofp\libg.a(lib_a-init.o)
                              c:/gun_tools/gcc-arm-none-eabi/bin/../lib/gcc/arm-none-eabi/10.3.1/../../../../arm-none-eabi/lib/thumb/v7e-m/nofp/crt0.o (__libc_init_array)
c:/gun_tools/gcc-arm-none-eabi/bin/../lib/gcc/arm-none-eabi/10.3.1/../../../../arm-none-eabi/lib/thumb/v7e-m/nofp\libg.a(lib_a-memcpy.o)
                              c:/gun_tools/gcc-arm-none-eabi/bin/../lib/gcc/arm-none-eabi/10.3.1/thumb/v7e-m/nofp\libgcc.a(unwind-arm.o) (memcpy)
c:/gun_tools/gcc-arm-none-eabi/bin/../lib/gcc/arm-none-eabi/10.3.1/../../../../arm-none-eabi/lib/thumb/v7e-m/nofp\libg.a(lib_a-memset.o)
                              c:/gun_tools/gcc-arm-none-eabi/bin/../lib/gcc/arm-none-eabi/10.3.1/../../../../arm-none-eabi/lib/thumb/v7e-m/nofp/crt0.o (memset)
c:/gun_tools/gcc-arm-none-eabi/bin/../lib/gcc/arm-none-eabi/10.3.1/../../../../arm-none-eabi/lib/thumb/v7e-m/nofp\libg.a(lib_a-printf.o)
                              CMakeFiles/03_add_uart_project.elf.dir/Arduino/main.cpp.obj (printf)
c:/gun_tools/gcc-arm-none-eabi/bin/../lib/gcc/arm-none-eabi/10.3.1/../../../../arm-none-eabi/lib/thumb/v7e-m/nofp\libg.a(lib_a-puts.o)
[...]
Memory Configuration

Name             Origin             Length             Attributes
DTCMRAM          0x20000000         0x00020000         xrw
RAM_D1           0x24000000         0x00080000         xrw
RAM_D2           0x30000000         0x00048000         xrw
RAM_D3           0x38000000         0x00010000         xrw
ITCMRAM          0x00000000         0x00010000         xrw
FLASH            0x08000000         0x00020000         xr
*default*        0x00000000         0xffffffff

Linker script and memory map

LOAD c:/gun_tools/gcc-arm-none-eabi/bin/../lib/gcc/arm-none-eabi/10.3.1/thumb/v7e-m/nofp/crti.o
LOAD c:/gun_tools/gcc-arm-none-eabi/bin/../lib/gcc/arm-none-eabi/10.3.1/thumb/v7e-m/nofp/crtbegin.o
LOAD c:/gun_tools/gcc-arm-none-eabi/bin/../lib/gcc/arm-none-eabi/10.3.1/../../../../arm-none-eabi/lib/thumb/v7e-m/nofp/crt0.o
LOAD CMakeFiles/03_add_uart_project.elf.dir/Arduino/main.cpp.obj
LOAD CMakeFiles/03_add_uart_project.elf.dir/Arduino/utils/retarget.c.obj
LOAD CMakeFiles/03_add_uart_project.elf.dir/Core/Src/gpio.c.obj
LOAD CMakeFiles/03_add_uart_project.elf.dir/Core/Src/main.c.obj
LOAD CMakeFiles/03_add_uart_project.elf.dir/Core/Src/stm32h7xx_hal_msp.c.obj
LOAD CMakeFiles/03_add_uart_project.elf.dir/Core/Src/stm32h7xx_it.c.obj
LOAD CMakeFiles/03_add_uart_project.elf.dir/Core/Src/syscalls.c.obj
LOAD CMakeFiles/03_add_uart_project.elf.dir/Core/Src/system_stm32h7xx.c.obj
LOAD CMakeFiles/03_add_uart_project.elf.dir/Core/Src/usart.c.obj
LOAD CMakeFiles/03_add_uart_project.elf.dir/Drivers/STM32H7xx_HAL_Driver/Src/stm32h7xx_hal.c.obj
LOAD CMakeFiles/03_add_uart_project.elf.dir/Drivers/STM32H7xx_HAL_Driver/Src/stm32h7xx_hal_cortex.c.obj
LOAD CMakeFiles/03_add_uart_project.elf.dir/Drivers/STM32H7xx_HAL_Driver/Src/stm32h7xx_hal_dma.c.obj
LOAD CMakeFiles/03_add_uart_project.elf.dir/Drivers/STM32H7xx_HAL_Driver/Src/stm32h7xx_hal_dma_ex.c.obj
LOAD CMakeFiles/03_add_uart_project.elf.dir/Drivers/STM32H7xx_HAL_Driver/Src/stm32h7xx_hal_exti.c.obj
LOAD CMakeFiles/03_add_uart_project.elf.dir/Drivers/STM32H7xx_HAL_Driver/Src/stm32h7xx_hal_flash.c.obj
LOAD CMakeFiles/03_add_uart_project.elf.dir/Drivers/STM32H7xx_HAL_Driver/Src/stm32h7xx_hal_flash_ex.c.obj
LOAD CMakeFiles/03_add_uart_project.elf.dir/Drivers/STM32H7xx_HAL_Driver/Src/stm32h7xx_hal_gpio.c.obj
LOAD CMakeFiles/03_add_uart_project.elf.dir/Drivers/STM32H7xx_HAL_Driver/Src/stm32h7xx_hal_hsem.c.obj
LOAD CMakeFiles/03_add_uart_project.elf.dir/Drivers/STM32H7xx_HAL_Driver/Src/stm32h7xx_hal_i2c.c.obj
LOAD CMakeFiles/03_add_uart_project.elf.dir/Drivers/STM32H7xx_HAL_Driver/Src/stm32h7xx_hal_i2c_ex.c.obj
LOAD CMakeFiles/03_add_uart_project.elf.dir/Drivers/STM32H7xx_HAL_Driver/Src/stm32h7xx_hal_mdma.c.obj
LOAD CMakeFiles/03_add_uart_project.elf.dir/Drivers/STM32H7xx_HAL_Driver/Src/stm32h7xx_hal_pwr.c.obj
LOAD CMakeFiles/03_add_uart_project.elf.dir/Drivers/STM32H7xx_HAL_Driver/Src/stm32h7xx_hal_pwr_ex.c.obj
LOAD CMakeFiles/03_add_uart_project.elf.dir/Drivers/STM32H7xx_HAL_Driver/Src/stm32h7xx_hal_rcc.c.obj
LOAD CMakeFiles/03_add_uart_project.elf.dir/Drivers/STM32H7xx_HAL_Driver/Src/stm32h7xx_hal_rcc_ex.c.obj
LOAD CMakeFiles/03_add_uart_project.elf.dir/Drivers/STM32H7xx_HAL_Driver/Src/stm32h7xx_hal_tim.c.obj
LOAD CMakeFiles/03_add_uart_project.elf.dir/Drivers/STM32H7xx_HAL_Driver/Src/stm32h7xx_hal_tim_ex.c.obj
LOAD CMakeFiles/03_add_uart_project.elf.dir/Drivers/STM32H7xx_HAL_Driver/Src/stm32h7xx_hal_uart.c.obj
LOAD CMakeFiles/03_add_uart_project.elf.dir/Drivers/STM32H7xx_HAL_Driver/Src/stm32h7xx_hal_uart_ex.c.obj
LOAD CMakeFiles/03_add_uart_project.elf.dir/startup/startup_stm32h750xx.s.obj
LOAD c:/gun_tools/gcc-arm-none-eabi/bin/../lib/gcc/arm-none-eabi/10.3.1/../../../../arm-none-eabi/lib/thumb/v7e-m/nofp\libstdc++.a
LOAD c:/gun_tools/gcc-arm-none-eabi/bin/../lib/gcc/arm-none-eabi/10.3.1/../../../../arm-none-eabi/lib/thumb/v7e-m/nofp\libm.a
START GROUP
LOAD c:/gun_tools/gcc-arm-none-eabi/bin/../lib/gcc/arm-none-eabi/10.3.1/thumb/v7e-m/nofp\libgcc.a
LOAD c:/gun_tools/gcc-arm-none-eabi/bin/../lib/gcc/arm-none-eabi/10.3.1/../../../../arm-none-eabi/lib/thumb/v7e-m/nofp\libg.a
LOAD c:/gun_tools/gcc-arm-none-eabi/bin/../lib/gcc/arm-none-eabi/10.3.1/../../../../arm-none-eabi/lib/thumb/v7e-m/nofp\libc.a
END GROUP
LOAD c:/gun_tools/gcc-arm-none-eabi/bin/../lib/gcc/arm-none-eabi/10.3.1/thumb/v7e-m/nofp/crtend.o
LOAD c:/gun_tools/gcc-arm-none-eabi/bin/../lib/gcc/arm-none-eabi/10.3.1/thumb/v7e-m/nofp/crtn.o
                0x20020000                _estack = 0x20020000
                0x00000200                _Min_Heap_Size = 0x200
                0x00000400                _Min_Stack_Size = 0x400

.isr_vector     0x08000000      0x298
                0x08000000                . = ALIGN (0x4)
 *(.isr_vector)
 .isr_vector    0x08000000      0x298 CMakeFiles/03_add_uart_project.elf.dir/startup/startup_stm32h750xx.s.obj
                0x08000000                g_pfnVectors
                0x08000298                . = ALIGN (0x4)

.text           0x080002c0     0xb6f4
                0x080002c0                . = ALIGN (0x4)
 *(.text)
 .text          0x080002c0       0x40 c:/gun_tools/gcc-arm-none-eabi/bin/../lib/gcc/arm-none-eabi/10.3.1/thumb/v7e-m/nofp/crtbegin.o
 .text          0x08000300      0x21c c:/gun_tools/gcc-arm-none-eabi/bin/../lib/gcc/arm-none-eabi/10.3.1/thumb/v7e-m/nofp\libgcc.a(_arm_addsubsf3.o)
                0x08000300                __aeabi_frsub
                0x08000308                __subsf3
                0x08000308                __aeabi_fsub
                0x0800030c                __aeabi_fadd
                0x0800030c                __addsf3
                0x0800046c                __aeabi_ui2f
                0x0800046c                __floatunsisf
                0x08000474                __aeabi_i2f
                0x08000474                __floatsisf
                0x08000490                __aeabi_ul2f
                0x08000490                __floatundisf
                0x080004a0                __aeabi_l2f
                0x080004a0                __floatdisf
 .text          0x0800051c      0x2a0 c:/gun_tools/gcc-arm-none-eabi/bin/../lib/gcc/arm-none-eabi/10.3.1/thumb/v7e-m/nofp\libgcc.a(_arm_muldivsf3.o)
                0x0800051c                __mulsf3
                0x0800051c                __aeabi_fmul
                0x08000684                __aeabi_fdiv
                0x08000684                __divsf3
 .text          0x080007bc       0x40 c:/gun_tools/gcc-arm-none-eabi/bin/../lib/gcc/arm-none-eabi/10.3.1/thumb/v7e-m/nofp\libgcc.a(_arm_fixunssfsi.o)
                0x080007bc                __fixunssfsi
                0x080007bc                __aeabi_f2uiz
 .text          0x080007fc       0x30 c:/gun_tools/gcc-arm-none-eabi/bin/../lib/gcc/arm-none-eabi/10.3.1/thumb/v7e-m/nofp\libgcc.a(_aeabi_uldivmod.o)
                0x080007fc                __aeabi_uldivmod
 .text          0x0800082c      0x2d0 c:/gun_tools/gcc-arm-none-eabi/bin/../lib/gcc/arm-none-eabi/10.3.1/thumb/v7e-m/nofp\libgcc.a(_udivmoddi4.o)
                0x0800082c                __udivmoddi4
 .text          0x08000afc      0x9d8 c:/gun_tools/gcc-arm-none-eabi/bin/../lib/gcc/arm-none-eabi/10.3.1/thumb/v7e-m/nofp\libgcc.a(unwind-arm.o)
                0x08000da4                _Unwind_GetCFA
                0x08000da8                __gnu_Unwind_RaiseException
                0x08000e10                __gnu_Unwind_ForcedUnwind
                0x08000e20                __gnu_Unwind_Resume
                0x08000e64                __gnu_Unwind_Resume_or_Rethrow
                0x08000e74                _Unwind_Complete
                0x08000e78                _Unwind_DeleteException
                0x08000e84                _Unwind_VRS_Get
                0x08000ed0                _Unwind_VRS_Set
                0x08000f18                __gnu_Unwind_Backtrace
                0x08001244                __aeabi_unwind_cpp_pr0
                0x08001248                __aeabi_unwind_cpp_pr1
                0x0800124c                __aeabi_unwind_cpp_pr2
                0x08001250                _Unwind_VRS_Pop
 .text          0x080014d4      0x1ac c:/gun_tools/gcc-arm-none-eabi/bin/../lib/gcc/arm-none-eabi/10.3.1/thumb/v7e-m/nofp\libgcc.a(libunwind.o)
                0x080014d4                __restore_core_regs
                0x080014d4                restore_core_regs
                0x080014ec                __gnu_Unwind_Restore_VFP
                0x080014f4                __gnu_Unwind_Save_VFP
                0x080014fc                __gnu_Unwind_Restore_VFP_D
                0x08001504                __gnu_Unwind_Save_VFP_D
                0x0800150c                __gnu_Unwind_Restore_VFP_D_16_to_31
                0x08001514                __gnu_Unwind_Save_VFP_D_16_to_31
                0x0800151c                __gnu_Unwind_Restore_WMMXD
                0x08001560                __gnu_Unwind_Save_WMMXD
                0x080015a4                __gnu_Unwind_Restore_WMMXC
                0x080015b8                __gnu_Unwind_Save_WMMXC
                0x080015cc                ___Unwind_RaiseException
                0x080015cc                _Unwind_RaiseException
                0x080015f0                _Unwind_Resume
                0x080015f0                ___Unwind_Resume
                0x08001614                _Unwind_Resume_or_Rethrow
                0x08001614                ___Unwind_Resume_or_Rethrow
                0x08001638                _Unwind_ForcedUnwind
                0x08001638                ___Unwind_ForcedUnwind
                0x0800165c                ___Unwind_Backtrace
                0x0800165c                _Unwind_Backtrace
 .text          0x08001680      0x350 c:/gun_tools/gcc-arm-none-eabi/bin/../lib/gcc/arm-none-eabi/10.3.1/thumb/v7e-m/nofp\libgcc.a(pr-support.o)
                0x080016d8                __gnu_unwind_execute
                0x08001984                __gnu_unwind_frame
                0x080019b0                _Unwind_GetRegionStart
                0x080019bc                _Unwind_GetLanguageSpecificData
 .text          0x080019d0        0x4 c:/gun_tools/gcc-arm-none-eabi/bin/../lib/gcc/arm-none-eabi/10.3.1/thumb/v7e-m/nofp\libgcc.a(_dvmd_tls.o)
                0x080019d0                __aeabi_idiv0
                0x080019d0                __aeabi_ldiv0
 .text          0x080019d4      0x134 c:/gun_tools/gcc-arm-none-eabi/bin/../lib/gcc/arm-none-eabi/10.3.1/../../../../arm-none-eabi/lib/thumb/v7e-m/nofp\libg.a(lib_a-memcpy.o)
                0x080019d4                memcpy
 *fill*         0x08001b08       0x38 
 .text          0x08001b40       0xdc c:/gun_tools/gcc-arm-none-eabi/bin/../lib/gcc/arm-none-eabi/10.3.1/../../../../arm-none-eabi/lib/thumb/v7e-m/nofp\libg.a(lib_a-strlen.o)
                0x08001b40                strlen
 *fill*         0x08001c1c        0x4 
 .text          0x08001c20       0xa0 c:/gun_tools/gcc-arm-none-eabi/bin/../lib/gcc/arm-none-eabi/10.3.1/../../../../arm-none-eabi/lib/thumb/v7e-m/nofp\libg.a(lib_a-memchr.o)
                0x08001c20                memchr
 .text          0x08001cc0      0x378 c:/gun_tools/gcc-arm-none-eabi/bin/../lib/gcc/arm-none-eabi/10.3.1/thumb/v7e-m/nofp\libgcc.a(_arm_addsubdf3.o)
                0x08001cc0                __aeabi_drsub
                0x08001cc8                __aeabi_dsub
                0x08001cc8                __subdf3
                0x08001ccc                __aeabi_dadd
                0x08001ccc                __adddf3
                0x08001f44                __floatunsidf
                0x08001f44                __aeabi_ui2d
                0x08001f64                __floatsidf
                0x08001f64                __aeabi_i2d
                0x08001f88                __aeabi_f2d
                0x08001f88                __extendsfdf2
                0x08001fcc                __floatundidf
                0x08001fcc                __aeabi_ul2d
                0x08001fdc                __floatdidf
                0x08001fdc                __aeabi_l2d
 .text          0x08002038      0x424 c:/gun_tools/gcc-arm-none-eabi/bin/../lib/gcc/arm-none-eabi/10.3.1/thumb/v7e-m/nofp\libgcc.a(_arm_muldivdf3.o)
                0x08002038                __aeabi_dmul
                0x08002038                __muldf3
                0x0800228c                __divdf3
                0x0800228c                __aeabi_ddiv
 .text          0x0800245c      0x110 c:/gun_tools/gcc-arm-none-eabi/bin/../lib/gcc/arm-none-eabi/10.3.1/thumb/v7e-m/nofp\libgcc.a(_arm_cmpdf2.o)
                0x0800245c                __gtdf2
                0x0800245c                __gedf2
                0x08002464                __ltdf2
                0x08002464                __ledf2
                0x0800246c                __nedf2
                0x0800246c                __eqdf2
                0x0800246c                __cmpdf2
                0x080024e8                __aeabi_cdrcmple
                0x080024f8                __aeabi_cdcmpeq
                0x080024f8                __aeabi_cdcmple
                0x08002508                __aeabi_dcmpeq
                0x0800251c                __aeabi_dcmplt
                0x08002530                __aeabi_dcmple
                0x08002544                __aeabi_dcmpge
                0x08002558                __aeabi_dcmpgt
 .text          0x0800256c       0x2c c:/gun_tools/gcc-arm-none-eabi/bin/../lib/gcc/arm-none-eabi/10.3.1/thumb/v7e-m/nofp\libgcc.a(_arm_unorddf2.o)
                0x0800256c                __unorddf2
                0x0800256c                __aeabi_dcmpun
 .text          0x08002598       0x50 c:/gun_tools/gcc-arm-none-eabi/bin/../lib/gcc/arm-none-eabi/10.3.1/thumb/v7e-m/nofp\libgcc.a(_arm_fixdfsi.o)
                0x08002598                __aeabi_d2iz
                0x08002598                __fixdfsi
 *(.text*)
 .text._Z6millisv
                0x080025e8        0xc CMakeFiles/03_add_uart_project.elf.dir/Arduino/main.cpp.obj
                0x080025e8                millis()
 .text._Z6microsv
                0x080025f4       0x40 CMakeFiles/03_add_uart_project.elf.dir/Arduino/main.cpp.obj
                0x080025f4                micros()
 .text.initial_do
                0x08002634       0x70 CMakeFiles/03_add_uart_project.elf.dir/Arduino/main.cpp.obj
                0x08002634                initial_do
 .text.loop_do  0x080026a4       0x1c CMakeFiles/03_add_uart_project.elf.dir/Arduino/main.cpp.obj
                0x080026a4                loop_do
 .text.RetargetInit
                0x080026c0       0x20 CMakeFiles/03_add_uart_project.elf.dir/Arduino/utils/retarget.c.obj
                0x080026c0                RetargetInit
 .text._isatty  0x080026e0       0x16 CMakeFiles/03_add_uart_project.elf.dir/Arduino/utils/retarget.c.obj
                0x080026e0                _isatty
 *fill*         0x080026f6        0x2 
 .text._write   0x080026f8       0x34 CMakeFiles/03_add_uart_project.elf.dir/Arduino/utils/retarget.c.obj
                0x080026f8                _write
 .text._close   0x0800272c       0x18 CMakeFiles/03_add_uart_project.elf.dir/Arduino/utils/retarget.c.obj
                0x0800272c                _close
 .text._lseek   0x08002744       0x10 CMakeFiles/03_add_uart_project.elf.dir/Arduino/utils/retarget.c.obj
                0x08002744                _lseek
 .text._read    0x08002754       0x30 CMakeFiles/03_add_uart_project.elf.dir/Arduino/utils/retarget.c.obj
                0x08002754                _read
 .text._fstat   0x08002784       0x1a CMakeFiles/03_add_uart_project.elf.dir/Arduino/utils/retarget.c.obj
                0x08002784                _fstat
 *fill*         0x0800279e        0x2 
 .text.MX_GPIO_Init
                0x080027a0       0x8c CMakeFiles/03_add_uart_project.elf.dir/Core/Src/gpio.c.obj
                0x080027a0                MX_GPIO_Init
 .text.Error_Handler
                0x0800282c        0x4 CMakeFiles/03_add_uart_project.elf.dir/Core/Src/main.c.obj
                0x0800282c                Error_Handler
 .text.SystemClock_Config
                0x08002830       0xc4 CMakeFiles/03_add_uart_project.elf.dir/Core/Src/main.c.obj
                0x08002830                SystemClock_Config
 .text.main     0x080028f4       0x1c CMakeFiles/03_add_uart_project.elf.dir/Core/Src/main.c.obj
                0x080028f4                main
 .text.HAL_MspInit
                0x08002910       0x24 CMakeFiles/03_add_uart_project.elf.dir/Core/Src/stm32h7xx_hal_msp.c.obj
                0x08002910                HAL_MspInit
 .text.NMI_Handler
                0x08002934        0x2 CMakeFiles/03_add_uart_project.elf.dir/Core/Src/stm32h7xx_it.c.obj
                0x08002934                NMI_Handler
 .text.HardFault_Handler
                0x08002936        0x2 CMakeFiles/03_add_uart_project.elf.dir/Core/Src/stm32h7xx_it.c.obj
                0x08002936                HardFault_Handler
 .text.MemManage_Handler
                0x08002938        0x2 CMakeFiles/03_add_uart_project.elf.dir/Core/Src/stm32h7xx_it.c.obj
                0x08002938                MemManage_Handler
 .text.BusFault_Handler
                0x0800293a        0x2 CMakeFiles/03_add_uart_project.elf.dir/Core/Src/stm32h7xx_it.c.obj
                0x0800293a                BusFault_Handler
 .text.UsageFault_Handler
                0x0800293c        0x2 CMakeFiles/03_add_uart_project.elf.dir/Core/Src/stm32h7xx_it.c.obj
                0x0800293c                UsageFault_Handler
 .text.SVC_Handler
                0x0800293e        0x2 CMakeFiles/03_add_uart_project.elf.dir/Core/Src/stm32h7xx_it.c.obj
                0x0800293e                SVC_Handler
 .text.DebugMon_Handler
                0x08002940        0x2 CMakeFiles/03_add_uart_project.elf.dir/Core/Src/stm32h7xx_it.c.obj
                0x08002940                DebugMon_Handler
 .text.PendSV_Handler
                0x08002942        0x2 CMakeFiles/03_add_uart_project.elf.dir/Core/Src/stm32h7xx_it.c.obj
                0x08002942                PendSV_Handler
 .text.SysTick_Handler
                0x08002944        0x8 CMakeFiles/03_add_uart_project.elf.dir/Core/Src/stm32h7xx_it.c.obj
                0x08002944                SysTick_Handler
 .text._getpid  0x0800294c        0x4 CMakeFiles/03_add_uart_project.elf.dir/Core/Src/syscalls.c.obj
                0x0800294c                _getpid
 .text._kill    0x08002950       0x10 CMakeFiles/03_add_uart_project.elf.dir/Core/Src/syscalls.c.obj
                0x08002950                _kill
 .text._exit    0x08002960        0xc CMakeFiles/03_add_uart_project.elf.dir/Core/Src/syscalls.c.obj
                0x08002960                _exit
 .text._sbrk    0x0800296c       0x3c CMakeFiles/03_add_uart_project.elf.dir/Core/Src/syscalls.c.obj
                0x0800296c                _sbrk
 .text.SystemInit
                0x080029a8       0xbc CMakeFiles/03_add_uart_project.elf.dir/Core/Src/system_stm32h7xx.c.obj
                0x080029a8                SystemInit
 .text.MX_UART4_Init
                0x08002a64       0x68 CMakeFiles/03_add_uart_project.elf.dir/Core/Src/usart.c.obj
                0x08002a64                MX_UART4_Init
 .text.HAL_UART_MspInit
                0x08002acc       0xc8 CMakeFiles/03_add_uart_project.elf.dir/Core/Src/usart.c.obj
                0x08002acc                HAL_UART_MspInit
 .text.HAL_InitTick
                0x08002b94       0x50 CMakeFiles/03_add_uart_project.elf.dir/Drivers/STM32H7xx_HAL_Driver/Src/stm32h7xx_hal.c.obj
                0x08002b94                HAL_InitTick
 .text.HAL_Init
                0x08002be4       0x5c CMakeFiles/03_add_uart_project.elf.dir/Drivers/STM32H7xx_HAL_Driver/Src/stm32h7xx_hal.c.obj
                0x08002be4                HAL_Init
 .text.HAL_IncTick
                0x08002c40       0x18 CMakeFiles/03_add_uart_project.elf.dir/Drivers/STM32H7xx_HAL_Driver/Src/stm32h7xx_hal.c.obj
                0x08002c40                HAL_IncTick
 .text.HAL_GetTick
                0x08002c58        0xc CMakeFiles/03_add_uart_project.elf.dir/Drivers/STM32H7xx_HAL_Driver/Src/stm32h7xx_hal.c.obj
                0x08002c58                HAL_GetTick
 .text.HAL_Delay
                0x08002c64       0x28 CMakeFiles/03_add_uart_project.elf.dir/Drivers/STM32H7xx_HAL_Driver/Src/stm32h7xx_hal.c.obj
                0x08002c64                HAL_Delay
 .text.HAL_GetREVID
                0x08002c8c        0xc CMakeFiles/03_add_uart_project.elf.dir/Drivers/STM32H7xx_HAL_Driver/Src/stm32h7xx_hal.c.obj
                0x08002c8c                HAL_GetREVID
 .text.HAL_NVIC_SetPriorityGrouping
                0x08002c98       0x24 CMakeFiles/03_add_uart_project.elf.dir/Drivers/STM32H7xx_HAL_Driver/Src/stm32h7xx_hal_cortex.c.obj
                0x08002c98                HAL_NVIC_SetPriorityGrouping
 .text.HAL_NVIC_SetPriority
                0x08002cbc       0x6c CMakeFiles/03_add_uart_project.elf.dir/Drivers/STM32H7xx_HAL_Driver/Src/stm32h7xx_hal_cortex.c.obj
                0x08002cbc                HAL_NVIC_SetPriority
 .text.HAL_SYSTICK_Config
                0x08002d28       0x28 CMakeFiles/03_add_uart_project.elf.dir/Drivers/STM32H7xx_HAL_Driver/Src/stm32h7xx_hal_cortex.c.obj
                0x08002d28                HAL_SYSTICK_Config
 .text.HAL_GPIO_Init
                0x08002d50      0x228 CMakeFiles/03_add_uart_project.elf.dir/Drivers/STM32H7xx_HAL_Driver/Src/stm32h7xx_hal_gpio.c.obj
                0x08002d50                HAL_GPIO_Init
 .text.HAL_GPIO_WritePin
                0x08002f78        0xc CMakeFiles/03_add_uart_project.elf.dir/Drivers/STM32H7xx_HAL_Driver/Src/stm32h7xx_hal_gpio.c.obj
                0x08002f78                HAL_GPIO_WritePin
 .text.HAL_GPIO_TogglePin
                0x08002f84       0x12 CMakeFiles/03_add_uart_project.elf.dir/Drivers/STM32H7xx_HAL_Driver/Src/stm32h7xx_hal_gpio.c.obj
                0x08002f84                HAL_GPIO_TogglePin
 *fill*         0x08002f96        0x2 
 .text.HAL_PWREx_ConfigSupply
                0x08002f98       0x54 CMakeFiles/03_add_uart_project.elf.dir/Drivers/STM32H7xx_HAL_Driver/Src/stm32h7xx_hal_pwr_ex.c.obj
                0x08002f98                HAL_PWREx_ConfigSupply
 .text.HAL_RCC_OscConfig
                0x08002fec      0x674 CMakeFiles/03_add_uart_project.elf.dir/Drivers/STM32H7xx_HAL_Driver/Src/stm32h7xx_hal_rcc.c.obj
                0x08002fec                HAL_RCC_OscConfig
 .text.HAL_RCC_GetSysClockFreq
                0x08003660      0x218 CMakeFiles/03_add_uart_project.elf.dir/Drivers/STM32H7xx_HAL_Driver/Src/stm32h7xx_hal_rcc.c.obj
                0x08003660                HAL_RCC_GetSysClockFreq
 .text.HAL_RCC_ClockConfig
                0x08003878      0x294 CMakeFiles/03_add_uart_project.elf.dir/Drivers/STM32H7xx_HAL_Driver/Src/stm32h7xx_hal_rcc.c.obj
                0x08003878                HAL_RCC_ClockConfig
 .text.HAL_RCC_GetHCLKFreq
                0x08003b0c       0x44 CMakeFiles/03_add_uart_project.elf.dir/Drivers/STM32H7xx_HAL_Driver/Src/stm32h7xx_hal_rcc.c.obj
                0x08003b0c                HAL_RCC_GetHCLKFreq
 .text.HAL_RCC_GetPCLK1Freq
                0x08003b50       0x24 CMakeFiles/03_add_uart_project.elf.dir/Drivers/STM32H7xx_HAL_Driver/Src/stm32h7xx_hal_rcc.c.obj
                0x08003b50                HAL_RCC_GetPCLK1Freq
 .text.HAL_RCC_GetPCLK2Freq
                0x08003b74       0x24 CMakeFiles/03_add_uart_project.elf.dir/Drivers/STM32H7xx_HAL_Driver/Src/stm32h7xx_hal_rcc.c.obj
                0x08003b74                HAL_RCC_GetPCLK2Freq
 .text.RCCEx_PLL2_Config
                0x08003b98      0x10c CMakeFiles/03_add_uart_project.elf.dir/Drivers/STM32H7xx_HAL_Driver/Src/stm32h7xx_hal_rcc_ex.c.obj
 .text.RCCEx_PLL3_Config
                0x08003ca4      0x10c CMakeFiles/03_add_uart_project.elf.dir/Drivers/STM32H7xx_HAL_Driver/Src/stm32h7xx_hal_rcc_ex.c.obj
 .text.HAL_RCCEx_PeriphCLKConfig
                0x08003db0      0x9c4 CMakeFiles/03_add_uart_project.elf.dir/Drivers/STM32H7xx_HAL_Driver/Src/stm32h7xx_hal_rcc_ex.c.obj
                0x08003db0                HAL_RCCEx_PeriphCLKConfig
 .text.HAL_RCCEx_GetD3PCLK1Freq
                0x08004774       0x24 CMakeFiles/03_add_uart_project.elf.dir/Drivers/STM32H7xx_HAL_Driver/Src/stm32h7xx_hal_rcc_ex.c.obj
                0x08004774                HAL_RCCEx_GetD3PCLK1Freq
 .text.HAL_RCCEx_GetPLL2ClockFreq
                0x08004798      0x234 CMakeFiles/03_add_uart_project.elf.dir/Drivers/STM32H7xx_HAL_Driver/Src/stm32h7xx_hal_rcc_ex.c.obj
                0x08004798                HAL_RCCEx_GetPLL2ClockFreq
 .text.HAL_RCCEx_GetPLL3ClockFreq
                0x080049cc      0x234 CMakeFiles/03_add_uart_project.elf.dir/Drivers/STM32H7xx_HAL_Driver/Src/stm32h7xx_hal_rcc_ex.c.obj
                0x080049cc                HAL_RCCEx_GetPLL3ClockFreq
 .text.UART_SetConfig
                0x08004c00      0x5f4 CMakeFiles/03_add_uart_project.elf.dir/Drivers/STM32H7xx_HAL_Driver/Src/stm32h7xx_hal_uart.c.obj
                0x08004c00                UART_SetConfig
 .text.UART_AdvFeatureConfig
                0x080051f4       0xca CMakeFiles/03_add_uart_project.elf.dir/Drivers/STM32H7xx_HAL_Driver/Src/stm32h7xx_hal_uart.c.obj
                0x080051f4                UART_AdvFeatureConfig
 .text.UART_WaitOnFlagUntilTimeout
                0x080052be       0xdc CMakeFiles/03_add_uart_project.elf.dir/Drivers/STM32H7xx_HAL_Driver/Src/stm32h7xx_hal_uart.c.obj
                0x080052be                UART_WaitOnFlagUntilTimeout
 .text.HAL_UART_Transmit
                0x0800539a       0xda CMakeFiles/03_add_uart_project.elf.dir/Drivers/STM32H7xx_HAL_Driver/Src/stm32h7xx_hal_uart.c.obj
                0x0800539a                HAL_UART_Transmit
 .text.HAL_UART_Receive
                0x08005474      0x128 CMakeFiles/03_add_uart_project.elf.dir/Drivers/STM32H7xx_HAL_Driver/Src/stm32h7xx_hal_uart.c.obj
                0x08005474                HAL_UART_Receive
 .text.UART_CheckIdleState
                0x0800559c       0x74 CMakeFiles/03_add_uart_project.elf.dir/Drivers/STM32H7xx_HAL_Driver/Src/stm32h7xx_hal_uart.c.obj
                0x0800559c                UART_CheckIdleState
 .text.HAL_UART_Init
                0x08005610       0x66 CMakeFiles/03_add_uart_project.elf.dir/Drivers/STM32H7xx_HAL_Driver/Src/stm32h7xx_hal_uart.c.obj
                0x08005610                HAL_UART_Init
 *fill*         0x08005676        0x2 
 .text.UARTEx_SetNbDataToProcess
                0x08005678       0x4c CMakeFiles/03_add_uart_project.elf.dir/Drivers/STM32H7xx_HAL_Driver/Src/stm32h7xx_hal_uart_ex.c.obj
 .text.HAL_UARTEx_DisableFifoMode
                0x080056c4       0x3e CMakeFiles/03_add_uart_project.elf.dir/Drivers/STM32H7xx_HAL_Driver/Src/stm32h7xx_hal_uart_ex.c.obj
                0x080056c4                HAL_UARTEx_DisableFifoMode
 .text.HAL_UARTEx_SetTxFifoThreshold
                0x08005702       0x4a CMakeFiles/03_add_uart_project.elf.dir/Drivers/STM32H7xx_HAL_Driver/Src/stm32h7xx_hal_uart_ex.c.obj
                0x08005702                HAL_UARTEx_SetTxFifoThreshold
 .text.HAL_UARTEx_SetRxFifoThreshold
                0x0800574c       0x4a CMakeFiles/03_add_uart_project.elf.dir/Drivers/STM32H7xx_HAL_Driver/Src/stm32h7xx_hal_uart_ex.c.obj
                0x0800574c                HAL_UARTEx_SetRxFifoThreshold
 *fill*         0x08005796        0x2 
 .text.Reset_Handler
                0x08005798       0x50 CMakeFiles/03_add_uart_project.elf.dir/startup/startup_stm32h750xx.s.obj
                0x08005798                Reset_Handler
 .text.Default_Handler
                0x080057e8        0x2 CMakeFiles/03_add_uart_project.elf.dir/startup/startup_stm32h750xx.s.obj
                0x080057e8                RTC_Alarm_IRQHandler
                0x080057e8                HASH_RNG_IRQHandler
                0x080057e8                EXTI2_IRQHandler
                0x080057e8                TIM8_CC_IRQHandler
                0x080057e8                HRTIM1_Master_IRQHandler
                0x080057e8                UART8_IRQHandler
                0x080057e8                SPI4_IRQHandler
                0x080057e8                TIM1_CC_IRQHandler
                0x080057e8                BDMA_Channel6_IRQHandler
                0x080057e8                DMA2_Stream5_IRQHandler
                0x080057e8                HRTIM1_FLT_IRQHandler
                0x080057e8                JPEG_IRQHandler
                0x080057e8                DMA1_Stream5_IRQHandler
                0x080057e8                BDMA_Channel1_IRQHandler
                0x080057e8                HRTIM1_TIMD_IRQHandler
                0x080057e8                TAMP_STAMP_IRQHandler
                0x080057e8                EXTI3_IRQHandler
                0x080057e8                LPTIM4_IRQHandler
                0x080057e8                TIM8_TRG_COM_TIM14_IRQHandler
                0x080057e8                LPTIM2_IRQHandler
                0x080057e8                DFSDM1_FLT1_IRQHandler
                0x080057e8                DMAMUX2_OVR_IRQHandler
                0x080057e8                TIM8_UP_TIM13_IRQHandler
                0x080057e8                I2C3_ER_IRQHandler
                0x080057e8                DFSDM1_FLT2_IRQHandler
                0x080057e8                MDMA_IRQHandler
                0x080057e8                LPTIM3_IRQHandler
                0x080057e8                HSEM1_IRQHandler
                0x080057e8                EXTI0_IRQHandler
                0x080057e8                I2C2_EV_IRQHandler
                0x080057e8                DMA1_Stream2_IRQHandler
                0x080057e8                FPU_IRQHandler
                0x080057e8                OTG_HS_WKUP_IRQHandler
                0x080057e8                FDCAN1_IT1_IRQHandler
                0x080057e8                LTDC_ER_IRQHandler
                0x080057e8                DMA2_Stream2_IRQHandler
                0x080057e8                HRTIM1_TIME_IRQHandler
                0x080057e8                SPI1_IRQHandler
                0x080057e8                TIM6_DAC_IRQHandler
                0x080057e8                DCMI_IRQHandler
                0x080057e8                HRTIM1_TIMC_IRQHandler
                0x080057e8                DMA2_Stream3_IRQHandler
                0x080057e8                SAI2_IRQHandler
                0x080057e8                DFSDM1_FLT3_IRQHandler
                0x080057e8                USART6_IRQHandler
                0x080057e8                TIM17_IRQHandler
                0x080057e8                USART3_IRQHandler
                0x080057e8                BDMA_Channel7_IRQHandler
                0x080057e8                CRYP_IRQHandler
                0x080057e8                LPTIM5_IRQHandler
                0x080057e8                UART5_IRQHandler
                0x080057e8                ADC3_IRQHandler
                0x080057e8                DMA2_Stream0_IRQHandler
                0x080057e8                TIM4_IRQHandler
                0x080057e8                BDMA_Channel2_IRQHandler
                0x080057e8                QUADSPI_IRQHandler
                0x080057e8                I2C1_EV_IRQHandler
                0x080057e8                DMA1_Stream6_IRQHandler
                0x080057e8                DMAMUX1_OVR_IRQHandler
                0x080057e8                DMA1_Stream1_IRQHandler
                0x080057e8                TIM16_IRQHandler
                0x080057e8                UART4_IRQHandler
                0x080057e8                BDMA_Channel5_IRQHandler
                0x080057e8                TIM3_IRQHandler
                0x080057e8                RCC_IRQHandler
                0x080057e8                TIM8_BRK_TIM12_IRQHandler
                0x080057e8                TIM1_TRG_COM_IRQHandler
                0x080057e8                Default_Handler
                0x080057e8                ECC_IRQHandler
                0x080057e8                CEC_IRQHandler
                0x080057e8                EXTI15_10_IRQHandler
                0x080057e8                BDMA_Channel0_IRQHandler
                0x080057e8                ADC_IRQHandler
                0x080057e8                DMA1_Stream7_IRQHandler
                0x080057e8                HRTIM1_TIMA_IRQHandler
                0x080057e8                SPI5_IRQHandler
                0x080057e8                TIM7_IRQHandler
                0x080057e8                SDMMC1_IRQHandler
                0x080057e8                TIM5_IRQHandler
                0x080057e8                DMA2_Stream7_IRQHandler
                0x080057e8                TIM15_IRQHandler
                0x080057e8                PVD_AVD_IRQHandler
                0x080057e8                I2C3_EV_IRQHandler
                0x080057e8                EXTI9_5_IRQHandler
                0x080057e8                RTC_WKUP_IRQHandler
                0x080057e8                LTDC_IRQHandler
                0x080057e8                SAI3_IRQHandler
                0x080057e8                ETH_WKUP_IRQHandler
                0x080057e8                SPDIF_RX_IRQHandler
                0x080057e8                SPI2_IRQHandler
                0x080057e8                OTG_HS_EP1_IN_IRQHandler
                0x080057e8                DMA1_Stream0_IRQHandler
                0x080057e8                CRS_IRQHandler
                0x080057e8                EXTI4_IRQHandler
                0x080057e8                HRTIM1_TIMB_IRQHandler
                0x080057e8                FDCAN2_IT1_IRQHandler
                0x080057e8                ETH_IRQHandler
                0x080057e8                TIM1_UP_IRQHandler
                0x080057e8                BDMA_Channel4_IRQHandler
                0x080057e8                OTG_HS_EP1_OUT_IRQHandler
                0x080057e8                WWDG_IRQHandler
                0x080057e8                SPI6_IRQHandler
                0x080057e8                MDIOS_IRQHandler
                0x080057e8                I2C4_EV_IRQHandler
                0x080057e8                FDCAN2_IT0_IRQHandler
                0x080057e8                LPUART1_IRQHandler
                0x080057e8                FDCAN1_IT0_IRQHandler
                0x080057e8                TIM2_IRQHandler
                0x080057e8                OTG_FS_WKUP_IRQHandler
                0x080057e8                OTG_HS_IRQHandler
                0x080057e8                DMA2D_IRQHandler
                0x080057e8                TIM1_BRK_IRQHandler
                0x080057e8                EXTI1_IRQHandler
                0x080057e8                SDMMC2_IRQHandler
                0x080057e8                OTG_FS_EP1_OUT_IRQHandler
                0x080057e8                BDMA_Channel3_IRQHandler
                0x080057e8                UART7_IRQHandler
                0x080057e8                MDIOS_WKUP_IRQHandler
                0x080057e8                USART2_IRQHandler
                0x080057e8                DFSDM1_FLT0_IRQHandler
                0x080057e8                SAI4_IRQHandler
                0x080057e8                I2C2_ER_IRQHandler
                0x080057e8                DMA2_Stream1_IRQHandler
                0x080057e8                FLASH_IRQHandler
                0x080057e8                DMA2_Stream4_IRQHandler
                0x080057e8                USART1_IRQHandler
                0x080057e8                OTG_FS_IRQHandler
                0x080057e8                SPI3_IRQHandler
                0x080057e8                WAKEUP_PIN_IRQHandler
                0x080057e8                DMA1_Stream4_IRQHandler
                0x080057e8                OTG_FS_EP1_IN_IRQHandler
                0x080057e8                I2C1_ER_IRQHandler
                0x080057e8                FMC_IRQHandler
                0x080057e8                FDCAN_CAL_IRQHandler
                0x080057e8                SWPMI1_IRQHandler
                0x080057e8                COMP1_IRQHandler
                0x080057e8                LPTIM1_IRQHandler
                0x080057e8                I2C4_ER_IRQHandler
                0x080057e8                DMA2_Stream6_IRQHandler
                0x080057e8                SAI1_IRQHandler
                0x080057e8                DMA1_Stream3_IRQHandler
 *fill*         0x080057ea        0x2 
 .text.abort    0x080057ec       0x10 c:/gun_tools/gcc-arm-none-eabi/bin/../lib/gcc/arm-none-eabi/10.3.1/../../../../arm-none-eabi/lib/thumb/v7e-m/nofp\libg.a(lib_a-abort.o)
                0x080057ec                abort
 .text.__errno  0x080057fc        0xc c:/gun_tools/gcc-arm-none-eabi/bin/../lib/gcc/arm-none-eabi/10.3.1/../../../../arm-none-eabi/lib/thumb/v7e-m/nofp\libg.a(lib_a-errno.o)
                0x080057fc                __errno
 .text.__libc_init_array
                0x08005808       0x48 c:/gun_tools/gcc-arm-none-eabi/bin/../lib/gcc/arm-none-eabi/10.3.1/../../../../arm-none-eabi/lib/thumb/v7e-m/nofp\libg.a(lib_a-init.o)
                0x08005808                __libc_init_array
 .text.memset   0x08005850       0xa4 c:/gun_tools/gcc-arm-none-eabi/bin/../lib/gcc/arm-none-eabi/10.3.1/../../../../arm-none-eabi/lib/thumb/v7e-m/nofp\libg.a(lib_a-memset.o)
                0x08005850                memset
 .text.printf   0x080058f4       0x28 c:/gun_tools/gcc-arm-none-eabi/bin/../lib/gcc/arm-none-eabi/10.3.1/../../../../arm-none-eabi/lib/thumb/v7e-m/nofp\libg.a(lib_a-printf.o)
                0x080058f4                printf
 .text._puts_r  0x0800591c       0x9c c:/gun_tools/gcc-arm-none-eabi/bin/../lib/gcc/arm-none-eabi/10.3.1/../../../../arm-none-eabi/lib/thumb/v7e-m/nofp\libg.a(lib_a-puts.o)
                0x0800591c                _puts_r
 .text.puts     0x080059b8       0x10 c:/gun_tools/gcc-arm-none-eabi/bin/../lib/gcc/arm-none-eabi/10.3.1/../../../../arm-none-eabi/lib/thumb/v7e-m/nofp\libg.a(lib_a-puts.o)
                0x080059b8                puts
 .text.setvbuf  0x080059c8      0x1b0 c:/gun_tools/gcc-arm-none-eabi/bin/../lib/gcc/arm-none-eabi/10.3.1/../../../../arm-none-eabi/lib/thumb/v7e-m/nofp\libg.a(lib_a-setvbuf.o)
                0x080059c8                setvbuf
 .text.raise    0x08005b78       0x5c c:/gun_tools/gcc-arm-none-eabi/bin/../lib/gcc/arm-none-eabi/10.3.1/../../../../arm-none-eabi/lib/thumb/v7e-m/nofp\libg.a(lib_a-signal.o)
                0x08005b78                raise
 .text._kill_r  0x08005bd4       0x2c c:/gun_tools/gcc-arm-none-eabi/bin/../lib/gcc/arm-none-eabi/10.3.1/../../../../arm-none-eabi/lib/thumb/v7e-m/nofp\libg.a(lib_a-signalr.o)
                0x08005bd4                _kill_r
 .text._getpid_r
                0x08005c00        0x4 c:/gun_tools/gcc-arm-none-eabi/bin/../lib/gcc/arm-none-eabi/10.3.1/../../../../arm-none-eabi/lib/thumb/v7e-m/nofp\libg.a(lib_a-signalr.o)
                0x08005c00                _getpid_r
 .text._vfprintf_r
                0x08005c04     0x1ad4 c:/gun_tools/gcc-arm-none-eabi/bin/../lib/gcc/arm-none-eabi/10.3.1/../../../../arm-none-eabi/lib/thumb/v7e-m/nofp\libg.a(lib_a-vfprintf.o)
                0x08005c04                _vfprintf_r
 .text.__sbprintf
                0x080076d8       0x80 c:/gun_tools/gcc-arm-none-eabi/bin/../lib/gcc/arm-none-eabi/10.3.1/../../../../arm-none-eabi/lib/thumb/v7e-m/nofp\libg.a(lib_a-vfprintf.o)
 .text.__swsetup_r
                0x08007758       0xd4 c:/gun_tools/gcc-arm-none-eabi/bin/../lib/gcc/arm-none-eabi/10.3.1/../../../../arm-none-eabi/lib/thumb/v7e-m/nofp\libg.a(lib_a-wsetup.o)
                0x08007758                __swsetup_r
 .text.startup.register_fini
                0x0800782c       0x14 c:/gun_tools/gcc-arm-none-eabi/bin/../lib/gcc/arm-none-eabi/10.3.1/../../../../arm-none-eabi/lib/thumb/v7e-m/nofp\libg.a(lib_a-__call_atexit.o)
 .text.atexit   0x08007840        0xc c:/gun_tools/gcc-arm-none-eabi/bin/../lib/gcc/arm-none-eabi/10.3.1/../../../../arm-none-eabi/lib/thumb/v7e-m/nofp\libg.a(lib_a-atexit.o)
                0x08007840                atexit
 .text.quorem   0x0800784c      0x124 c:/gun_tools/gcc-arm-none-eabi/bin/../lib/gcc/arm-none-eabi/10.3.1/../../../../arm-none-eabi/lib/thumb/v7e-m/nofp\libg.a(lib_a-dtoa.o)
 .text._dtoa_r  0x08007970      0xec4 c:/gun_tools/gcc-arm-none-eabi/bin/../lib/gcc/arm-none-eabi/10.3.1/../../../../arm-none-eabi/lib/thumb/v7e-m/nofp\libg.a(lib_a-dtoa.o)
                0x08007970                _dtoa_r
 .text.__sflush_r
                0x08008834      0x120 c:/gun_tools/gcc-arm-none-eabi/bin/../lib/gcc/arm-none-eabi/10.3.1/../../../../arm-none-eabi/lib/thumb/v7e-m/nofp\libg.a(lib_a-fflush.o)
                0x08008834                __sflush_r
 .text._fflush_r
                0x08008954       0x5c c:/gun_tools/gcc-arm-none-eabi/bin/../lib/gcc/arm-none-eabi/10.3.1/../../../../arm-none-eabi/lib/thumb/v7e-m/nofp\libg.a(lib_a-fflush.o)
                0x08008954                _fflush_r
 .text._cleanup_r
                0x080089b0        0xc c:/gun_tools/gcc-arm-none-eabi/bin/../lib/gcc/arm-none-eabi/10.3.1/../../../../arm-none-eabi/lib/thumb/v7e-m/nofp\libg.a(lib_a-findfp.o)
                0x080089b0                _cleanup_r
 .text.__sinit  0x080089bc      0x10c c:/gun_tools/gcc-arm-none-eabi/bin/../lib/gcc/arm-none-eabi/10.3.1/../../../../arm-none-eabi/lib/thumb/v7e-m/nofp\libg.a(lib_a-findfp.o)
                0x080089bc                __sinit
 .text.__sfp_lock_acquire
                0x08008ac8        0xc c:/gun_tools/gcc-arm-none-eabi/bin/../lib/gcc/arm-none-eabi/10.3.1/../../../../arm-none-eabi/lib/thumb/v7e-m/nofp\libg.a(lib_a-findfp.o)
                0x08008ac8                __sfp_lock_acquire
 .text.__sfp_lock_release
                0x08008ad4        0xc c:/gun_tools/gcc-arm-none-eabi/bin/../lib/gcc/arm-none-eabi/10.3.1/../../../../arm-none-eabi/lib/thumb/v7e-m/nofp\libg.a(lib_a-findfp.o)
                0x08008ad4                __sfp_lock_release
 .text.__libc_fini_array
                0x08008ae0       0x2c c:/gun_tools/gcc-arm-none-eabi/bin/../lib/gcc/arm-none-eabi/10.3.1/../../../../arm-none-eabi/lib/thumb/v7e-m/nofp\libg.a(lib_a-fini.o)
                0x08008ae0                __libc_fini_array
 .text._malloc_trim_r
                0x08008b0c       0xa0 c:/gun_tools/gcc-arm-none-eabi/bin/../lib/gcc/arm-none-eabi/10.3.1/../../../../arm-none-eabi/lib/thumb/v7e-m/nofp\libg.a(lib_a-freer.o)
                0x08008b0c                _malloc_trim_r
 .text._free_r  0x08008bac      0x20c c:/gun_tools/gcc-arm-none-eabi/bin/../lib/gcc/arm-none-eabi/10.3.1/../../../../arm-none-eabi/lib/thumb/v7e-m/nofp\libg.a(lib_a-freer.o)
                0x08008bac                _free_r
 .text.__sfvwrite_r
                0x08008db8      0x2e8 c:/gun_tools/gcc-arm-none-eabi/bin/../lib/gcc/arm-none-eabi/10.3.1/../../../../arm-none-eabi/lib/thumb/v7e-m/nofp\libg.a(lib_a-fvwrite.o)
                0x08008db8                __sfvwrite_r
 .text._fwalk_reent
                0x080090a0       0x48 c:/gun_tools/gcc-arm-none-eabi/bin/../lib/gcc/arm-none-eabi/10.3.1/../../../../arm-none-eabi/lib/thumb/v7e-m/nofp\libg.a(lib_a-fwalk.o)
                0x080090a0                _fwalk_reent
 .text._localeconv_r
                0x080090e8        0x8 c:/gun_tools/gcc-arm-none-eabi/bin/../lib/gcc/arm-none-eabi/10.3.1/../../../../arm-none-eabi/lib/thumb/v7e-m/nofp\libg.a(lib_a-localeconv.o)
                0x080090e8                _localeconv_r
 .text.__retarget_lock_init_recursive
                0x080090f0        0x4 c:/gun_tools/gcc-arm-none-eabi/bin/../lib/gcc/arm-none-eabi/10.3.1/../../../../arm-none-eabi/lib/thumb/v7e-m/nofp\libg.a(lib_a-lock.o)
                0x080090f0                __retarget_lock_init_recursive
 .text.__retarget_lock_close_recursive
                0x080090f4        0x4 c:/gun_tools/gcc-arm-none-eabi/bin/../lib/gcc/arm-none-eabi/10.3.1/../../../../arm-none-eabi/lib/thumb/v7e-m/nofp\libg.a(lib_a-lock.o)
                0x080090f4                __retarget_lock_close_recursive
 .text.__retarget_lock_acquire_recursive
                0x080090f8        0x4 c:/gun_tools/gcc-arm-none-eabi/bin/../lib/gcc/arm-none-eabi/10.3.1/../../../../arm-none-eabi/lib/thumb/v7e-m/nofp\libg.a(lib_a-lock.o)
                0x080090f8                __retarget_lock_acquire_recursive
 .text.__retarget_lock_release_recursive
                0x080090fc        0x4 c:/gun_tools/gcc-arm-none-eabi/bin/../lib/gcc/arm-none-eabi/10.3.1/../../../../arm-none-eabi/lib/thumb/v7e-m/nofp\libg.a(lib_a-lock.o)
                0x080090fc                __retarget_lock_release_recursive
 .text.__smakebuf_r
                0x08009100       0xe0 c:/gun_tools/gcc-arm-none-eabi/bin/../lib/gcc/arm-none-eabi/10.3.1/../../../../arm-none-eabi/lib/thumb/v7e-m/nofp\libg.a(lib_a-makebuf.o)
                0x08009100                __smakebuf_r
 .text.__swhatbuf_r
                0x080091e0       0x60 c:/gun_tools/gcc-arm-none-eabi/bin/../lib/gcc/arm-none-eabi/10.3.1/../../../../arm-none-eabi/lib/thumb/v7e-m/nofp\libg.a(lib_a-makebuf.o)
                0x080091e0                __swhatbuf_r
 .text.malloc   0x08009240       0x10 c:/gun_tools/gcc-arm-none-eabi/bin/../lib/gcc/arm-none-eabi/10.3.1/../../../../arm-none-eabi/lib/thumb/v7e-m/nofp\libg.a(lib_a-malloc.o)
                0x08009240                malloc
 .text._malloc_r
                0x08009250      0x560 c:/gun_tools/gcc-arm-none-eabi/bin/../lib/gcc/arm-none-eabi/10.3.1/../../../../arm-none-eabi/lib/thumb/v7e-m/nofp\libg.a(lib_a-mallocr.o)
                0x08009250                _malloc_r
 .text.memmove  0x080097b0       0xf8 c:/gun_tools/gcc-arm-none-eabi/bin/../lib/gcc/arm-none-eabi/10.3.1/../../../../arm-none-eabi/lib/thumb/v7e-m/nofp\libg.a(lib_a-memmove.o)
                0x080097b0                memmove
 .text.__malloc_lock
                0x080098a8        0xc c:/gun_tools/gcc-arm-none-eabi/bin/../lib/gcc/arm-none-eabi/10.3.1/../../../../arm-none-eabi/lib/thumb/v7e-m/nofp\libg.a(lib_a-mlock.o)
                0x080098a8                __malloc_lock
 .text.__malloc_unlock
                0x080098b4        0xc c:/gun_tools/gcc-arm-none-eabi/bin/../lib/gcc/arm-none-eabi/10.3.1/../../../../arm-none-eabi/lib/thumb/v7e-m/nofp\libg.a(lib_a-mlock.o)
                0x080098b4                __malloc_unlock
 .text._Balloc  0x080098c0       0x4c c:/gun_tools/gcc-arm-none-eabi/bin/../lib/gcc/arm-none-eabi/10.3.1/../../../../arm-none-eabi/lib/thumb/v7e-m/nofp\libg.a(lib_a-mprec.o)
                0x080098c0                _Balloc
 .text._Bfree   0x0800990c       0x14 c:/gun_tools/gcc-arm-none-eabi/bin/../lib/gcc/arm-none-eabi/10.3.1/../../../../arm-none-eabi/lib/thumb/v7e-m/nofp\libg.a(lib_a-mprec.o)
                0x0800990c                _Bfree
 .text.__multadd
                0x08009920       0xa0 c:/gun_tools/gcc-arm-none-eabi/bin/../lib/gcc/arm-none-eabi/10.3.1/../../../../arm-none-eabi/lib/thumb/v7e-m/nofp\libg.a(lib_a-mprec.o)
                0x08009920                __multadd
 .text.__hi0bits
                0x080099c0       0x40 c:/gun_tools/gcc-arm-none-eabi/bin/../lib/gcc/arm-none-eabi/10.3.1/../../../../arm-none-eabi/lib/thumb/v7e-m/nofp\libg.a(lib_a-mprec.o)
                0x080099c0                __hi0bits
 .text.__lo0bits
                0x08009a00       0x5c c:/gun_tools/gcc-arm-none-eabi/bin/../lib/gcc/arm-none-eabi/10.3.1/../../../../arm-none-eabi/lib/thumb/v7e-m/nofp\libg.a(lib_a-mprec.o)
                0x08009a00                __lo0bits
 .text.__i2b    0x08009a5c       0x5c c:/gun_tools/gcc-arm-none-eabi/bin/../lib/gcc/arm-none-eabi/10.3.1/../../../../arm-none-eabi/lib/thumb/v7e-m/nofp\libg.a(lib_a-mprec.o)
                0x08009a5c                __i2b
 .text.__multiply
                0x08009ab8      0x15c c:/gun_tools/gcc-arm-none-eabi/bin/../lib/gcc/arm-none-eabi/10.3.1/../../../../arm-none-eabi/lib/thumb/v7e-m/nofp\libg.a(lib_a-mprec.o)
                0x08009ab8                __multiply
 .text.__pow5mult
                0x08009c14       0xc0 c:/gun_tools/gcc-arm-none-eabi/bin/../lib/gcc/arm-none-eabi/10.3.1/../../../../arm-none-eabi/lib/thumb/v7e-m/nofp\libg.a(lib_a-mprec.o)
                0x08009c14                __pow5mult
 .text.__lshift
                0x08009cd4       0xf0 c:/gun_tools/gcc-arm-none-eabi/bin/../lib/gcc/arm-none-eabi/10.3.1/../../../../arm-none-eabi/lib/thumb/v7e-m/nofp\libg.a(lib_a-mprec.o)
                0x08009cd4                __lshift
 .text.__mcmp   0x08009dc4       0x40 c:/gun_tools/gcc-arm-none-eabi/bin/../lib/gcc/arm-none-eabi/10.3.1/../../../../arm-none-eabi/lib/thumb/v7e-m/nofp\libg.a(lib_a-mprec.o)
                0x08009dc4                __mcmp
 .text.__mdiff  0x08009e04      0x14c c:/gun_tools/gcc-arm-none-eabi/bin/../lib/gcc/arm-none-eabi/10.3.1/../../../../arm-none-eabi/lib/thumb/v7e-m/nofp\libg.a(lib_a-mprec.o)
                0x08009e04                __mdiff
 .text.__d2b    0x08009f50       0xc4 c:/gun_tools/gcc-arm-none-eabi/bin/../lib/gcc/arm-none-eabi/10.3.1/../../../../arm-none-eabi/lib/thumb/v7e-m/nofp\libg.a(lib_a-mprec.o)
                0x08009f50                __d2b
 .text._realloc_r
                0x0800a014      0x3d8 c:/gun_tools/gcc-arm-none-eabi/bin/../lib/gcc/arm-none-eabi/10.3.1/../../../../arm-none-eabi/lib/thumb/v7e-m/nofp\libg.a(lib_a-reallocr.o)
                0x0800a014                _realloc_r
 .text.frexp    0x0800a3ec       0x70 c:/gun_tools/gcc-arm-none-eabi/bin/../lib/gcc/arm-none-eabi/10.3.1/../../../../arm-none-eabi/lib/thumb/v7e-m/nofp\libg.a(lib_a-s_frexp.o)
                0x0800a3ec                frexp
 .text._sbrk_r  0x0800a45c       0x24 c:/gun_tools/gcc-arm-none-eabi/bin/../lib/gcc/arm-none-eabi/10.3.1/../../../../arm-none-eabi/lib/thumb/v7e-m/nofp\libg.a(lib_a-sbrkr.o)
                0x0800a45c                _sbrk_r
 .text.__sread  0x0800a480       0x24 c:/gun_tools/gcc-arm-none-eabi/bin/../lib/gcc/arm-none-eabi/10.3.1/../../../../arm-none-eabi/lib/thumb/v7e-m/nofp\libg.a(lib_a-stdio.o)
                0x0800a480                __sread
 .text.__swrite
                0x0800a4a4       0x40 c:/gun_tools/gcc-arm-none-eabi/bin/../lib/gcc/arm-none-eabi/10.3.1/../../../../arm-none-eabi/lib/thumb/v7e-m/nofp\libg.a(lib_a-stdio.o)
                0x0800a4a4                __swrite
 .text.__sseek  0x0800a4e4       0x20 c:/gun_tools/gcc-arm-none-eabi/bin/../lib/gcc/arm-none-eabi/10.3.1/../../../../arm-none-eabi/lib/thumb/v7e-m/nofp\libg.a(lib_a-stdio.o)
                0x0800a4e4                __sseek
 .text.__sclose
                0x0800a504        0x8 c:/gun_tools/gcc-arm-none-eabi/bin/../lib/gcc/arm-none-eabi/10.3.1/../../../../arm-none-eabi/lib/thumb/v7e-m/nofp\libg.a(lib_a-stdio.o)
                0x0800a504                __sclose
 .text.strncpy  0x0800a50c       0x64 c:/gun_tools/gcc-arm-none-eabi/bin/../lib/gcc/arm-none-eabi/10.3.1/../../../../arm-none-eabi/lib/thumb/v7e-m/nofp\libg.a(lib_a-strncpy.o)
                0x0800a50c                strncpy
 .text.__sprint_r.part.0
                0x0800a570       0x78 c:/gun_tools/gcc-arm-none-eabi/bin/../lib/gcc/arm-none-eabi/10.3.1/../../../../arm-none-eabi/lib/thumb/v7e-m/nofp\libg.a(lib_a-vfiprintf.o)
 .text.__sprint_r
                0x0800a5e8       0x14 c:/gun_tools/gcc-arm-none-eabi/bin/../lib/gcc/arm-none-eabi/10.3.1/../../../../arm-none-eabi/lib/thumb/v7e-m/nofp\libg.a(lib_a-vfiprintf.o)
                0x0800a5e8                __sprint_r
 .text._vfiprintf_r
                0x0800a5fc      0xda0 c:/gun_tools/gcc-arm-none-eabi/bin/../lib/gcc/arm-none-eabi/10.3.1/../../../../arm-none-eabi/lib/thumb/v7e-m/nofp\libg.a(lib_a-vfiprintf.o)
                0x0800a5fc                _vfiprintf_r
 .text.__sbprintf
                0x0800b39c       0x80 c:/gun_tools/gcc-arm-none-eabi/bin/../lib/gcc/arm-none-eabi/10.3.1/../../../../arm-none-eabi/lib/thumb/v7e-m/nofp\libg.a(lib_a-vfiprintf.o)
 .text._write_r
                0x0800b41c       0x2c c:/gun_tools/gcc-arm-none-eabi/bin/../lib/gcc/arm-none-eabi/10.3.1/../../../../arm-none-eabi/lib/thumb/v7e-m/nofp\libg.a(lib_a-writer.o)
                0x0800b41c                _write_r
 .text.__register_exitproc
                0x0800b448       0x8c c:/gun_tools/gcc-arm-none-eabi/bin/../lib/gcc/arm-none-eabi/10.3.1/../../../../arm-none-eabi/lib/thumb/v7e-m/nofp\libg.a(lib_a-__atexit.o)
                0x0800b448                __register_exitproc
 .text.__assert_func
                0x0800b4d4       0x40 c:/gun_tools/gcc-arm-none-eabi/bin/../lib/gcc/arm-none-eabi/10.3.1/../../../../arm-none-eabi/lib/thumb/v7e-m/nofp\libg.a(lib_a-assert.o)
                0x0800b4d4                __assert_func
 .text._calloc_r
                0x0800b514       0x78 c:/gun_tools/gcc-arm-none-eabi/bin/../lib/gcc/arm-none-eabi/10.3.1/../../../../arm-none-eabi/lib/thumb/v7e-m/nofp\libg.a(lib_a-callocr.o)
                0x0800b514                _calloc_r
 .text._close_r
                0x0800b58c       0x24 c:/gun_tools/gcc-arm-none-eabi/bin/../lib/gcc/arm-none-eabi/10.3.1/../../../../arm-none-eabi/lib/thumb/v7e-m/nofp\libg.a(lib_a-closer.o)
                0x0800b58c                _close_r
 .text._fclose_r
                0x0800b5b0       0xcc c:/gun_tools/gcc-arm-none-eabi/bin/../lib/gcc/arm-none-eabi/10.3.1/../../../../arm-none-eabi/lib/thumb/v7e-m/nofp\libg.a(lib_a-fclose.o)
                0x0800b5b0                _fclose_r
 .text.fiprintf
                0x0800b67c       0x28 c:/gun_tools/gcc-arm-none-eabi/bin/../lib/gcc/arm-none-eabi/10.3.1/../../../../arm-none-eabi/lib/thumb/v7e-m/nofp\libg.a(lib_a-fiprintf.o)
                0x0800b67c                fiprintf
 .text.__fputwc
                0x0800b6a4       0xa8 c:/gun_tools/gcc-arm-none-eabi/bin/../lib/gcc/arm-none-eabi/10.3.1/../../../../arm-none-eabi/lib/thumb/v7e-m/nofp\libg.a(lib_a-fputwc.o)
                0x0800b6a4                __fputwc
 .text._fputwc_r
                0x0800b74c       0x68 c:/gun_tools/gcc-arm-none-eabi/bin/../lib/gcc/arm-none-eabi/10.3.1/../../../../arm-none-eabi/lib/thumb/v7e-m/nofp\libg.a(lib_a-fputwc.o)
                0x0800b74c                _fputwc_r
 .text._fstat_r
                0x0800b7b4       0x2c c:/gun_tools/gcc-arm-none-eabi/bin/../lib/gcc/arm-none-eabi/10.3.1/../../../../arm-none-eabi/lib/thumb/v7e-m/nofp\libg.a(lib_a-fstatr.o)
                0x0800b7b4                _fstat_r
 .text._isatty_r
                0x0800b7e0       0x24 c:/gun_tools/gcc-arm-none-eabi/bin/../lib/gcc/arm-none-eabi/10.3.1/../../../../arm-none-eabi/lib/thumb/v7e-m/nofp\libg.a(lib_a-isattyr.o)
                0x0800b7e0                _isatty_r
 .text.__locale_mb_cur_max
                0x0800b804        0xc c:/gun_tools/gcc-arm-none-eabi/bin/../lib/gcc/arm-none-eabi/10.3.1/../../../../arm-none-eabi/lib/thumb/v7e-m/nofp\libg.a(lib_a-locale.o)
                0x0800b804                __locale_mb_cur_max
 .text._lseek_r
                0x0800b810       0x2c c:/gun_tools/gcc-arm-none-eabi/bin/../lib/gcc/arm-none-eabi/10.3.1/../../../../arm-none-eabi/lib/thumb/v7e-m/nofp\libg.a(lib_a-lseekr.o)
                0x0800b810                _lseek_r
 .text.__ascii_mbtowc
                0x0800b83c       0x2c c:/gun_tools/gcc-arm-none-eabi/bin/../lib/gcc/arm-none-eabi/10.3.1/../../../../arm-none-eabi/lib/thumb/v7e-m/nofp\libg.a(lib_a-mbtowc_r.o)
                0x0800b83c                __ascii_mbtowc
 .text._read_r  0x0800b868       0x2c c:/gun_tools/gcc-arm-none-eabi/bin/../lib/gcc/arm-none-eabi/10.3.1/../../../../arm-none-eabi/lib/thumb/v7e-m/nofp\libg.a(lib_a-readr.o)
                0x0800b868                _read_r
 .text.__swbuf_r
                0x0800b894       0xb0 c:/gun_tools/gcc-arm-none-eabi/bin/../lib/gcc/arm-none-eabi/10.3.1/../../../../arm-none-eabi/lib/thumb/v7e-m/nofp\libg.a(lib_a-wbuf.o)
                0x0800b894                __swbuf_r
 .text._wcrtomb_r
                0x0800b944       0x3c c:/gun_tools/gcc-arm-none-eabi/bin/../lib/gcc/arm-none-eabi/10.3.1/../../../../arm-none-eabi/lib/thumb/v7e-m/nofp\libg.a(lib_a-wcrtomb.o)
                0x0800b944                _wcrtomb_r
 .text.__ascii_wctomb
                0x0800b980       0x1c c:/gun_tools/gcc-arm-none-eabi/bin/../lib/gcc/arm-none-eabi/10.3.1/../../../../arm-none-eabi/lib/thumb/v7e-m/nofp\libg.a(lib_a-wctomb_r.o)
                0x0800b980                __ascii_wctomb
 *(.glue_7)
 .glue_7        0x0800b99c        0x0 linker stubs
 *(.glue_7t)
 .glue_7t       0x0800b99c        0x0 linker stubs
 *(.eh_frame)
 .eh_frame      0x0800b99c        0x0 c:/gun_tools/gcc-arm-none-eabi/bin/../lib/gcc/arm-none-eabi/10.3.1/thumb/v7e-m/nofp/crtbegin.o
 *(.init)
 .init          0x0800b99c        0x4 c:/gun_tools/gcc-arm-none-eabi/bin/../lib/gcc/arm-none-eabi/10.3.1/thumb/v7e-m/nofp/crti.o
                0x0800b99c                _init
 .init          0x0800b9a0        0x8 c:/gun_tools/gcc-arm-none-eabi/bin/../lib/gcc/arm-none-eabi/10.3.1/thumb/v7e-m/nofp/crtn.o
 *(.fini)
 .fini          0x0800b9a8        0x4 c:/gun_tools/gcc-arm-none-eabi/bin/../lib/gcc/arm-none-eabi/10.3.1/thumb/v7e-m/nofp/crti.o
                0x0800b9a8                _fini
 .fini          0x0800b9ac        0x8 c:/gun_tools/gcc-arm-none-eabi/bin/../lib/gcc/arm-none-eabi/10.3.1/thumb/v7e-m/nofp/crtn.o
                0x0800b9b4                . = ALIGN (0x4)
                0x0800b9b4                _etext = .

.vfp11_veneer   0x0800b9b4        0x0
 .vfp11_veneer  0x0800b9b4        0x0 linker stubs

.v4_bx          0x0800b9b4        0x0
 .v4_bx         0x0800b9b4        0x0 linker stubs

.iplt           0x0800b9b4        0x0
 .iplt          0x0800b9b4        0x0 c:/gun_tools/gcc-arm-none-eabi/bin/../lib/gcc/arm-none-eabi/10.3.1/thumb/v7e-m/nofp/crtbegin.o

.rodata         0x0800b9b8      0x488
                0x0800b9b8                . = ALIGN (0x4)
 *(.rodata)
 *(.rodata*)
 .rodata.initial_do.str1.4
                0x0800b9b8       0x52 CMakeFiles/03_add_uart_project.elf.dir/Arduino/main.cpp.obj
 *fill*         0x0800ba0a        0x2 
 .rodata.D1CorePrescTable
                0x0800ba0c       0x10 CMakeFiles/03_add_uart_project.elf.dir/Core/Src/system_stm32h7xx.c.obj
                0x0800ba0c                D1CorePrescTable
 .rodata.UARTPrescTable
                0x0800ba1c       0x18 CMakeFiles/03_add_uart_project.elf.dir/Drivers/STM32H7xx_HAL_Driver/Src/stm32h7xx_hal_uart.c.obj
                0x0800ba1c                UARTPrescTable
 .rodata.denominator.0
                0x0800ba34        0x8 CMakeFiles/03_add_uart_project.elf.dir/Drivers/STM32H7xx_HAL_Driver/Src/stm32h7xx_hal_uart_ex.c.obj
 .rodata.numerator.1
                0x0800ba3c        0x8 CMakeFiles/03_add_uart_project.elf.dir/Drivers/STM32H7xx_HAL_Driver/Src/stm32h7xx_hal_uart_ex.c.obj
 .rodata._global_impure_ptr
                0x0800ba44        0x4 c:/gun_tools/gcc-arm-none-eabi/bin/../lib/gcc/arm-none-eabi/10.3.1/../../../../arm-none-eabi/lib/thumb/v7e-m/nofp\libg.a(lib_a-impure.o)
                0x0800ba44                _global_impure_ptr
 .rodata._puts_r.str1.4
                0x0800ba48       0x52 c:/gun_tools/gcc-arm-none-eabi/bin/../lib/gcc/arm-none-eabi/10.3.1/../../../../arm-none-eabi/lib/thumb/v7e-m/nofp\libg.a(lib_a-puts.o)
                                  0x2 (size before relaxing)
 .rodata._vfprintf_r.str1.4
                0x0800ba48       0x42 c:/gun_tools/gcc-arm-none-eabi/bin/../lib/gcc/arm-none-eabi/10.3.1/../../../../arm-none-eabi/lib/thumb/v7e-m/nofp\libg.a(lib_a-vfprintf.o)
 *fill*         0x0800ba8a        0x2 
 .rodata.blanks.1
                0x0800ba8c       0x10 c:/gun_tools/gcc-arm-none-eabi/bin/../lib/gcc/arm-none-eabi/10.3.1/../../../../arm-none-eabi/lib/thumb/v7e-m/nofp\libg.a(lib_a-vfprintf.o)
 .rodata.zeroes.0
                0x0800ba9c       0x10 c:/gun_tools/gcc-arm-none-eabi/bin/../lib/gcc/arm-none-eabi/10.3.1/../../../../arm-none-eabi/lib/thumb/v7e-m/nofp\libg.a(lib_a-vfprintf.o)
 .rodata._dtoa_r.str1.4
                0x0800baac       0xa2 c:/gun_tools/gcc-arm-none-eabi/bin/../lib/gcc/arm-none-eabi/10.3.1/../../../../arm-none-eabi/lib/thumb/v7e-m/nofp\libg.a(lib_a-dtoa.o)
                                 0xa6 (size before relaxing)
 *fill*         0x0800bb4e        0x2 
 .rodata.__multadd.str1.4
                0x0800bb50       0x7f c:/gun_tools/gcc-arm-none-eabi/bin/../lib/gcc/arm-none-eabi/10.3.1/../../../../arm-none-eabi/lib/thumb/v7e-m/nofp\libg.a(lib_a-mprec.o)
                                 0x93 (size before relaxing)
 *fill*         0x0800bbcf        0x1 
 .rodata.__mprec_bigtens
                0x0800bbd0       0x28 c:/gun_tools/gcc-arm-none-eabi/bin/../lib/gcc/arm-none-eabi/10.3.1/../../../../arm-none-eabi/lib/thumb/v7e-m/nofp\libg.a(lib_a-mprec.o)
                0x0800bbd0                __mprec_bigtens
 .rodata.__mprec_tens
                0x0800bbf8       0xc8 c:/gun_tools/gcc-arm-none-eabi/bin/../lib/gcc/arm-none-eabi/10.3.1/../../../../arm-none-eabi/lib/thumb/v7e-m/nofp\libg.a(lib_a-mprec.o)
                0x0800bbf8                __mprec_tens
 .rodata.p05.0  0x0800bcc0        0xc c:/gun_tools/gcc-arm-none-eabi/bin/../lib/gcc/arm-none-eabi/10.3.1/../../../../arm-none-eabi/lib/thumb/v7e-m/nofp\libg.a(lib_a-mprec.o)
 .rodata._vfiprintf_r.str1.4
                0x0800bccc       0x2f c:/gun_tools/gcc-arm-none-eabi/bin/../lib/gcc/arm-none-eabi/10.3.1/../../../../arm-none-eabi/lib/thumb/v7e-m/nofp\libg.a(lib_a-vfiprintf.o)
 .rodata.blanks.1
                0x0800bccc       0x10 c:/gun_tools/gcc-arm-none-eabi/bin/../lib/gcc/arm-none-eabi/10.3.1/../../../../arm-none-eabi/lib/thumb/v7e-m/nofp\libg.a(lib_a-vfiprintf.o)
 .rodata.zeroes.0
                0x0800bcdc       0x10 c:/gun_tools/gcc-arm-none-eabi/bin/../lib/gcc/arm-none-eabi/10.3.1/../../../../arm-none-eabi/lib/thumb/v7e-m/nofp\libg.a(lib_a-vfiprintf.o)
 .rodata.__assert_func.str1.4
                0x0800bcec       0x3f c:/gun_tools/gcc-arm-none-eabi/bin/../lib/gcc/arm-none-eabi/10.3.1/../../../../arm-none-eabi/lib/thumb/v7e-m/nofp\libg.a(lib_a-assert.o)
                                 0x43 (size before relaxing)
 *fill*         0x0800bd2b        0x1 
 .rodata._setlocale_r.str1.4
                0x0800bd2c        0xa c:/gun_tools/gcc-arm-none-eabi/bin/../lib/gcc/arm-none-eabi/10.3.1/../../../../arm-none-eabi/lib/thumb/v7e-m/nofp\libg.a(lib_a-locale.o)
                                  0xd (size before relaxing)
 *fill*         0x0800bd36        0x2 
 .rodata.str1.4
                0x0800bd38        0x2 c:/gun_tools/gcc-arm-none-eabi/bin/../lib/gcc/arm-none-eabi/10.3.1/../../../../arm-none-eabi/lib/thumb/v7e-m/nofp\libg.a(lib_a-locale.o)
 *fill*         0x0800bd3a        0x2 
 .rodata._ctype_
                0x0800bd3c      0x101 c:/gun_tools/gcc-arm-none-eabi/bin/../lib/gcc/arm-none-eabi/10.3.1/../../../../arm-none-eabi/lib/thumb/v7e-m/nofp\libg.a(lib_a-ctype_.o)
                0x0800bd3c                _ctype_
                0x0800be40                . = ALIGN (0x4)
 *fill*         0x0800be3d        0x3 

.ARM.extab      0x0800be40       0x24
 *(.ARM.extab* .gnu.linkonce.armextab.*)
 .ARM.extab.text.loop_do
                0x0800be40        0xc CMakeFiles/03_add_uart_project.elf.dir/Arduino/main.cpp.obj
 .ARM.extab     0x0800be4c       0x18 c:/gun_tools/gcc-arm-none-eabi/bin/../lib/gcc/arm-none-eabi/10.3.1/thumb/v7e-m/nofp\libgcc.a(pr-support.o)

.ARM            0x0800be64       0xd0
                0x0800be64                __exidx_start = .
 *(.ARM.exidx*)
 .ARM.exidx.text._Z6millisv
                0x0800bf1c        0x0 CMakeFiles/03_add_uart_project.elf.dir/Arduino/main.cpp.obj
                                  0x8 (size before relaxing)
 .ARM.exidx.text._Z6microsv
                0x0800bf1c        0x0 CMakeFiles/03_add_uart_project.elf.dir/Arduino/main.cpp.obj
                                  0x8 (size before relaxing)
 .ARM.exidx.text.initial_do
                0x0800bf1c        0x8 CMakeFiles/03_add_uart_project.elf.dir/Arduino/main.cpp.obj
 .ARM.exidx.text.loop_do
                0x0800bf24       0x10 CMakeFiles/03_add_uart_project.elf.dir/Arduino/main.cpp.obj
                                  0x8 (size before relaxing)
 .ARM.exidx     0x0800be64        0x8 c:/gun_tools/gcc-arm-none-eabi/bin/../lib/gcc/arm-none-eabi/10.3.1/thumb/v7e-m/nofp\libgcc.a(_udivmoddi4.o)
 .ARM.exidx     0x0800be6c       0x78 c:/gun_tools/gcc-arm-none-eabi/bin/../lib/gcc/arm-none-eabi/10.3.1/thumb/v7e-m/nofp\libgcc.a(unwind-arm.o)
                                 0xd8 (size before relaxing)
 .ARM.exidx     0x0800bee4       0x38 c:/gun_tools/gcc-arm-none-eabi/bin/../lib/gcc/arm-none-eabi/10.3.1/thumb/v7e-m/nofp\libgcc.a(pr-support.o)
                0x0800bf34                __exidx_end = .

.rel.dyn        0x0800bf34        0x0
 .rel.iplt      0x0800bf34        0x0 c:/gun_tools/gcc-arm-none-eabi/bin/../lib/gcc/arm-none-eabi/10.3.1/thumb/v7e-m/nofp/crtbegin.o

.preinit_array  0x0800bf34        0x0
                0x0800bf34                PROVIDE (__preinit_array_start = .)
 *(.preinit_array*)
                0x0800bf34                PROVIDE (__preinit_array_end = .)

.init_array     0x0800bf34        0x8
                0x0800bf34                PROVIDE (__init_array_start = .)
 *(SORT_BY_NAME(.init_array.*))
 .init_array.00000
                0x0800bf34        0x4 c:/gun_tools/gcc-arm-none-eabi/bin/../lib/gcc/arm-none-eabi/10.3.1/../../../../arm-none-eabi/lib/thumb/v7e-m/nofp\libg.a(lib_a-__call_atexit.o)
 *(.init_array*)
 .init_array    0x0800bf38        0x4 c:/gun_tools/gcc-arm-none-eabi/bin/../lib/gcc/arm-none-eabi/10.3.1/thumb/v7e-m/nofp/crtbegin.o
                0x0800bf3c                PROVIDE (__init_array_end = .)

.fini_array     0x0800bf3c        0x4
                0x0800bf3c                PROVIDE (__fini_array_start = .)
 *(SORT_BY_NAME(.fini_array.*))
 *(.fini_array*)
 .fini_array    0x0800bf3c        0x4 c:/gun_tools/gcc-arm-none-eabi/bin/../lib/gcc/arm-none-eabi/10.3.1/thumb/v7e-m/nofp/crtbegin.o
                0x0800bf40                PROVIDE (__fini_array_end = .)
                0x0800bf40                _sidata = LOADADDR (.data)

.data           0x20000000      0x9c0 load address 0x0800bf40
                0x20000000                . = ALIGN (0x4)
                0x20000000                _sdata = .
 *(.data)
 *(.data*)
 .data.SystemCoreClock
                0x20000000        0x4 CMakeFiles/03_add_uart_project.elf.dir/Core/Src/system_stm32h7xx.c.obj
                0x20000000                SystemCoreClock
 .data.SystemD2Clock
                0x20000004        0x4 CMakeFiles/03_add_uart_project.elf.dir/Core/Src/system_stm32h7xx.c.obj
                0x20000004                SystemD2Clock
 .data.uwTickFreq
                0x20000008        0x1 CMakeFiles/03_add_uart_project.elf.dir/Drivers/STM32H7xx_HAL_Driver/Src/stm32h7xx_hal.c.obj
                0x20000008                uwTickFreq
 *fill*         0x20000009        0x3 
 .data.uwTickPrio
                0x2000000c        0x4 CMakeFiles/03_add_uart_project.elf.dir/Drivers/STM32H7xx_HAL_Driver/Src/stm32h7xx_hal.c.obj
                0x2000000c                uwTickPrio
 .data._impure_ptr
                0x20000010        0x4 c:/gun_tools/gcc-arm-none-eabi/bin/../lib/gcc/arm-none-eabi/10.3.1/../../../../arm-none-eabi/lib/thumb/v7e-m/nofp\libg.a(lib_a-impure.o)
                0x20000010                _impure_ptr
 *fill*         0x20000014        0x4 
 .data.impure_data
                0x20000018      0x428 c:/gun_tools/gcc-arm-none-eabi/bin/../lib/gcc/arm-none-eabi/10.3.1/../../../../arm-none-eabi/lib/thumb/v7e-m/nofp\libg.a(lib_a-impure.o)
 .data.__atexit_recursive_mutex
                0x20000440        0x4 c:/gun_tools/gcc-arm-none-eabi/bin/../lib/gcc/arm-none-eabi/10.3.1/../../../../arm-none-eabi/lib/thumb/v7e-m/nofp\libg.a(lib_a-__call_atexit.o)
                0x20000440                __atexit_recursive_mutex
 .data.__malloc_av_
                0x20000444      0x408 c:/gun_tools/gcc-arm-none-eabi/bin/../lib/gcc/arm-none-eabi/10.3.1/../../../../arm-none-eabi/lib/thumb/v7e-m/nofp\libg.a(lib_a-mallocr.o)
                0x20000444                __malloc_av_
 .data.__malloc_sbrk_base
                0x2000084c        0x4 c:/gun_tools/gcc-arm-none-eabi/bin/../lib/gcc/arm-none-eabi/10.3.1/../../../../arm-none-eabi/lib/thumb/v7e-m/nofp\libg.a(lib_a-mallocr.o)
                0x2000084c                __malloc_sbrk_base
 .data.__malloc_trim_threshold
                0x20000850        0x4 c:/gun_tools/gcc-arm-none-eabi/bin/../lib/gcc/arm-none-eabi/10.3.1/../../../../arm-none-eabi/lib/thumb/v7e-m/nofp\libg.a(lib_a-mallocr.o)
                0x20000850                __malloc_trim_threshold
 .data.__global_locale
                0x20000854      0x16c c:/gun_tools/gcc-arm-none-eabi/bin/../lib/gcc/arm-none-eabi/10.3.1/../../../../arm-none-eabi/lib/thumb/v7e-m/nofp\libg.a(lib_a-locale.o)
                0x20000854                __global_locale
                0x200009c0                . = ALIGN (0x4)
                0x200009c0                _edata = .

.igot.plt       0x200009c0        0x0 load address 0x0800c900
 .igot.plt      0x200009c0        0x0 c:/gun_tools/gcc-arm-none-eabi/bin/../lib/gcc/arm-none-eabi/10.3.1/thumb/v7e-m/nofp/crtbegin.o
                0x200009c0                . = ALIGN (0x4)

.bss            0x200009c0      0x100 load address 0x0800c900
                0x200009c0                _sbss = .
                0x200009c0                __bss_start__ = _sbss
 *(.bss)
 .bss           0x200009c0       0x1c c:/gun_tools/gcc-arm-none-eabi/bin/../lib/gcc/arm-none-eabi/10.3.1/thumb/v7e-m/nofp/crtbegin.o
 *(.bss*)
 .bss.gHuart    0x200009dc        0x4 CMakeFiles/03_add_uart_project.elf.dir/Arduino/utils/retarget.c.obj
                0x200009dc                gHuart
 .bss.heap_end.0
                0x200009e0        0x4 CMakeFiles/03_add_uart_project.elf.dir/Core/Src/syscalls.c.obj
 .bss.huart4    0x200009e4       0x90 CMakeFiles/03_add_uart_project.elf.dir/Core/Src/usart.c.obj
                0x200009e4                huart4
 .bss.uwTick    0x20000a74        0x4 CMakeFiles/03_add_uart_project.elf.dir/Drivers/STM32H7xx_HAL_Driver/Src/stm32h7xx_hal.c.obj
                0x20000a74                uwTick
 .bss.__lock___atexit_recursive_mutex
                0x20000a78        0x1 c:/gun_tools/gcc-arm-none-eabi/bin/../lib/gcc/arm-none-eabi/10.3.1/../../../../arm-none-eabi/lib/thumb/v7e-m/nofp\libg.a(lib_a-lock.o)
                0x20000a78                __lock___atexit_recursive_mutex
 *fill*         0x20000a79        0x3 
 .bss.__lock___malloc_recursive_mutex
                0x20000a7c        0x1 c:/gun_tools/gcc-arm-none-eabi/bin/../lib/gcc/arm-none-eabi/10.3.1/../../../../arm-none-eabi/lib/thumb/v7e-m/nofp\libg.a(lib_a-lock.o)
                0x20000a7c                __lock___malloc_recursive_mutex
 *fill*         0x20000a7d        0x3 
 .bss.__lock___sfp_recursive_mutex
                0x20000a80        0x1 c:/gun_tools/gcc-arm-none-eabi/bin/../lib/gcc/arm-none-eabi/10.3.1/../../../../arm-none-eabi/lib/thumb/v7e-m/nofp\libg.a(lib_a-lock.o)
                0x20000a80                __lock___sfp_recursive_mutex
 *fill*         0x20000a81        0x3 
 .bss.__lock___sinit_recursive_mutex
                0x20000a84        0x1 c:/gun_tools/gcc-arm-none-eabi/bin/../lib/gcc/arm-none-eabi/10.3.1/../../../../arm-none-eabi/lib/thumb/v7e-m/nofp\libg.a(lib_a-lock.o)
                0x20000a84                __lock___sinit_recursive_mutex
 *fill*         0x20000a85        0x3 
 .bss.__malloc_current_mallinfo
                0x20000a88       0x28 c:/gun_tools/gcc-arm-none-eabi/bin/../lib/gcc/arm-none-eabi/10.3.1/../../../../arm-none-eabi/lib/thumb/v7e-m/nofp\libg.a(lib_a-mallocr.o)
                0x20000a88                __malloc_current_mallinfo
 .bss.__malloc_max_sbrked_mem
                0x20000ab0        0x4 c:/gun_tools/gcc-arm-none-eabi/bin/../lib/gcc/arm-none-eabi/10.3.1/../../../../arm-none-eabi/lib/thumb/v7e-m/nofp\libg.a(lib_a-mallocr.o)
                0x20000ab0                __malloc_max_sbrked_mem
 .bss.__malloc_max_total_mem
                0x20000ab4        0x4 c:/gun_tools/gcc-arm-none-eabi/bin/../lib/gcc/arm-none-eabi/10.3.1/../../../../arm-none-eabi/lib/thumb/v7e-m/nofp\libg.a(lib_a-mallocr.o)
                0x20000ab4                __malloc_max_total_mem
 .bss.__malloc_top_pad
                0x20000ab8        0x4 c:/gun_tools/gcc-arm-none-eabi/bin/../lib/gcc/arm-none-eabi/10.3.1/../../../../arm-none-eabi/lib/thumb/v7e-m/nofp\libg.a(lib_a-mallocr.o)
                0x20000ab8                __malloc_top_pad
 .bss.errno     0x20000abc        0x4 c:/gun_tools/gcc-arm-none-eabi/bin/../lib/gcc/arm-none-eabi/10.3.1/../../../../arm-none-eabi/lib/thumb/v7e-m/nofp\libg.a(lib_a-reent.o)
                0x20000abc                errno
 *(COMMON)
                0x20000ac0                . = ALIGN (0x4)
                0x20000ac0                _ebss = .
                0x20000ac0                __bss_end__ = _ebss

._user_heap_stack
                0x20000ac0      0x600 load address 0x0800c900
                0x20000ac0                . = ALIGN (0x8)
                0x20000ac0                PROVIDE (end = .)
                [!provide]                PROVIDE (_end = .)
                0x20000cc0                . = (. + _Min_Heap_Size)
 *fill*         0x20000ac0      0x200 
                0x200010c0                . = (. + _Min_Stack_Size)
 *fill*         0x20000cc0      0x400 
                0x200010c0                . = ALIGN (0x8)

/DISCARD/
 libc.a(*)
 libm.a(*)
 libgcc.a(*)

.ARM.attributes
                0x00000000       0x2a
 *(.ARM.attributes)
 .ARM.attributes
                0x00000000       0x1e c:/gun_tools/gcc-arm-none-eabi/bin/../lib/gcc/arm-none-eabi/10.3.1/thumb/v7e-m/nofp/crti.o
 .ARM.attributes
                0x0000001e       0x2e c:/gun_tools/gcc-arm-none-eabi/bin/../lib/gcc/arm-none-eabi/10.3.1/thumb/v7e-m/nofp/crtbegin.o
 .ARM.attributes
                0x0000004c       0x2e CMakeFiles/03_add_uart_project.elf.dir/Arduino/main.cpp.obj
 .ARM.attributes
                0x0000007a       0x2e CMakeFiles/03_add_uart_project.elf.dir/Arduino/utils/retarget.c.obj
 .ARM.attributes
                0x000000a8       0x2e CMakeFiles/03_add_uart_project.elf.dir/Core/Src/gpio.c.obj
 .ARM.attributes
                0x000000d6       0x2e CMakeFiles/03_add_uart_project.elf.dir/Core/Src/main.c.obj
 .ARM.attributes
                0x00000104       0x2e CMakeFiles/03_add_uart_project.elf.dir/Core/Src/stm32h7xx_hal_msp.c.obj
 .ARM.attributes
                0x00000132       0x2e CMakeFiles/03_add_uart_project.elf.dir/Core/Src/stm32h7xx_it.c.obj
 .ARM.attributes
                0x00000160       0x2e CMakeFiles/03_add_uart_project.elf.dir/Core/Src/syscalls.c.obj
 .ARM.attributes
                0x0000018e       0x2e CMakeFiles/03_add_uart_project.elf.dir/Core/Src/system_stm32h7xx.c.obj
 .ARM.attributes
                0x000001bc       0x2e CMakeFiles/03_add_uart_project.elf.dir/Core/Src/usart.c.obj
 .ARM.attributes
                0x000001ea       0x2e CMakeFiles/03_add_uart_project.elf.dir/Drivers/STM32H7xx_HAL_Driver/Src/stm32h7xx_hal.c.obj
 .ARM.attributes
                0x00000218       0x2e CMakeFiles/03_add_uart_project.elf.dir/Drivers/STM32H7xx_HAL_Driver/Src/stm32h7xx_hal_cortex.c.obj
 .ARM.attributes
                0x00000246       0x2e CMakeFiles/03_add_uart_project.elf.dir/Drivers/STM32H7xx_HAL_Driver/Src/stm32h7xx_hal_gpio.c.obj
 .ARM.attributes
                0x00000274       0x2e CMakeFiles/03_add_uart_project.elf.dir/Drivers/STM32H7xx_HAL_Driver/Src/stm32h7xx_hal_pwr_ex.c.obj
 .ARM.attributes
                0x000002a2       0x2e CMakeFiles/03_add_uart_project.elf.dir/Drivers/STM32H7xx_HAL_Driver/Src/stm32h7xx_hal_rcc.c.obj
 .ARM.attributes
                0x000002d0       0x2e CMakeFiles/03_add_uart_project.elf.dir/Drivers/STM32H7xx_HAL_Driver/Src/stm32h7xx_hal_rcc_ex.c.obj
 .ARM.attributes
                0x000002fe       0x2e CMakeFiles/03_add_uart_project.elf.dir/Drivers/STM32H7xx_HAL_Driver/Src/stm32h7xx_hal_uart.c.obj
 .ARM.attributes
                0x0000032c       0x2e CMakeFiles/03_add_uart_project.elf.dir/Drivers/STM32H7xx_HAL_Driver/Src/stm32h7xx_hal_uart_ex.c.obj
 .ARM.attributes
                0x0000035a       0x21 CMakeFiles/03_add_uart_project.elf.dir/startup/startup_stm32h750xx.s.obj
 .ARM.attributes
                0x0000037b       0x1e c:/gun_tools/gcc-arm-none-eabi/bin/../lib/gcc/arm-none-eabi/10.3.1/thumb/v7e-m/nofp\libgcc.a(_arm_addsubsf3.o)
 .ARM.attributes
                0x00000399       0x1e c:/gun_tools/gcc-arm-none-eabi/bin/../lib/gcc/arm-none-eabi/10.3.1/thumb/v7e-m/nofp\libgcc.a(_arm_muldivsf3.o)
 .ARM.attributes
                0x000003b7       0x1e c:/gun_tools/gcc-arm-none-eabi/bin/../lib/gcc/arm-none-eabi/10.3.1/thumb/v7e-m/nofp\libgcc.a(_arm_fixunssfsi.o)
 .ARM.attributes
                0x000003d5       0x1e c:/gun_tools/gcc-arm-none-eabi/bin/../lib/gcc/arm-none-eabi/10.3.1/thumb/v7e-m/nofp\libgcc.a(_aeabi_uldivmod.o)
 .ARM.attributes
                0x000003f3       0x2e c:/gun_tools/gcc-arm-none-eabi/bin/../lib/gcc/arm-none-eabi/10.3.1/thumb/v7e-m/nofp\libgcc.a(_udivmoddi4.o)
 .ARM.attributes
                0x00000421       0x2e c:/gun_tools/gcc-arm-none-eabi/bin/../lib/gcc/arm-none-eabi/10.3.1/thumb/v7e-m/nofp\libgcc.a(unwind-arm.o)
 .ARM.attributes
                0x0000044f       0x1e c:/gun_tools/gcc-arm-none-eabi/bin/../lib/gcc/arm-none-eabi/10.3.1/thumb/v7e-m/nofp\libgcc.a(libunwind.o)
 .ARM.attributes
                0x0000046d       0x2e c:/gun_tools/gcc-arm-none-eabi/bin/../lib/gcc/arm-none-eabi/10.3.1/thumb/v7e-m/nofp\libgcc.a(pr-support.o)
 .ARM.attributes
                0x0000049b       0x1e c:/gun_tools/gcc-arm-none-eabi/bin/../lib/gcc/arm-none-eabi/10.3.1/thumb/v7e-m/nofp\libgcc.a(_dvmd_tls.o)
 .ARM.attributes
                0x000004b9       0x2e c:/gun_tools/gcc-arm-none-eabi/bin/../lib/gcc/arm-none-eabi/10.3.1/../../../../arm-none-eabi/lib/thumb/v7e-m/nofp\libg.a(lib_a-abort.o)
 .ARM.attributes
                0x000004e7       0x2e c:/gun_tools/gcc-arm-none-eabi/bin/../lib/gcc/arm-none-eabi/10.3.1/../../../../arm-none-eabi/lib/thumb/v7e-m/nofp\libg.a(lib_a-errno.o)
 .ARM.attributes
                0x00000515       0x2e c:/gun_tools/gcc-arm-none-eabi/bin/../lib/gcc/arm-none-eabi/10.3.1/../../../../arm-none-eabi/lib/thumb/v7e-m/nofp\libg.a(lib_a-impure.o)
 .ARM.attributes
                0x00000543       0x2e c:/gun_tools/gcc-arm-none-eabi/bin/../lib/gcc/arm-none-eabi/10.3.1/../../../../arm-none-eabi/lib/thumb/v7e-m/nofp\libg.a(lib_a-init.o)
 .ARM.attributes
                0x00000571       0x1c c:/gun_tools/gcc-arm-none-eabi/bin/../lib/gcc/arm-none-eabi/10.3.1/../../../../arm-none-eabi/lib/thumb/v7e-m/nofp\libg.a(lib_a-memcpy.o)
 .ARM.attributes
                0x0000058d       0x2e c:/gun_tools/gcc-arm-none-eabi/bin/../lib/gcc/arm-none-eabi/10.3.1/../../../../arm-none-eabi/lib/thumb/v7e-m/nofp\libg.a(lib_a-memset.o)
 .ARM.attributes
                0x000005bb       0x2e c:/gun_tools/gcc-arm-none-eabi/bin/../lib/gcc/arm-none-eabi/10.3.1/../../../../arm-none-eabi/lib/thumb/v7e-m/nofp\libg.a(lib_a-printf.o)
 .ARM.attributes
                0x000005e9       0x2e c:/gun_tools/gcc-arm-none-eabi/bin/../lib/gcc/arm-none-eabi/10.3.1/../../../../arm-none-eabi/lib/thumb/v7e-m/nofp\libg.a(lib_a-puts.o)
 .ARM.attributes
                0x00000617       0x2e c:/gun_tools/gcc-arm-none-eabi/bin/../lib/gcc/arm-none-eabi/10.3.1/../../../../arm-none-eabi/lib/thumb/v7e-m/nofp\libg.a(lib_a-setvbuf.o)
 .ARM.attributes
                0x00000645       0x2e c:/gun_tools/gcc-arm-none-eabi/bin/../lib/gcc/arm-none-eabi/10.3.1/../../../../arm-none-eabi/lib/thumb/v7e-m/nofp\libg.a(lib_a-signal.o)
 .ARM.attributes
                0x00000673       0x2e c:/gun_tools/gcc-arm-none-eabi/bin/../lib/gcc/arm-none-eabi/10.3.1/../../../../arm-none-eabi/lib/thumb/v7e-m/nofp\libg.a(lib_a-signalr.o)
 .ARM.attributes
                0x000006a1       0x1c c:/gun_tools/gcc-arm-none-eabi/bin/../lib/gcc/arm-none-eabi/10.3.1/../../../../arm-none-eabi/lib/thumb/v7e-m/nofp\libg.a(lib_a-strlen.o)
 .ARM.attributes
                0x000006bd       0x2e c:/gun_tools/gcc-arm-none-eabi/bin/../lib/gcc/arm-none-eabi/10.3.1/../../../../arm-none-eabi/lib/thumb/v7e-m/nofp\libg.a(lib_a-vfprintf.o)
 .ARM.attributes
                0x000006eb       0x2e c:/gun_tools/gcc-arm-none-eabi/bin/../lib/gcc/arm-none-eabi/10.3.1/../../../../arm-none-eabi/lib/thumb/v7e-m/nofp\libg.a(lib_a-wsetup.o)
 .ARM.attributes
                0x00000719       0x2e c:/gun_tools/gcc-arm-none-eabi/bin/../lib/gcc/arm-none-eabi/10.3.1/../../../../arm-none-eabi/lib/thumb/v7e-m/nofp\libg.a(lib_a-__call_atexit.o)
 .ARM.attributes
                0x00000747       0x2e c:/gun_tools/gcc-arm-none-eabi/bin/../lib/gcc/arm-none-eabi/10.3.1/../../../../arm-none-eabi/lib/thumb/v7e-m/nofp\libg.a(lib_a-atexit.o)
 .ARM.attributes
                0x00000775       0x2e c:/gun_tools/gcc-arm-none-eabi/bin/../lib/gcc/arm-none-eabi/10.3.1/../../../../arm-none-eabi/lib/thumb/v7e-m/nofp\libg.a(lib_a-dtoa.o)
 .ARM.attributes
                0x000007a3       0x2e c:/gun_tools/gcc-arm-none-eabi/bin/../lib/gcc/arm-none-eabi/10.3.1/../../../../arm-none-eabi/lib/thumb/v7e-m/nofp\libg.a(lib_a-fflush.o)
 .ARM.attributes
                0x000007d1       0x2e c:/gun_tools/gcc-arm-none-eabi/bin/../lib/gcc/arm-none-eabi/10.3.1/../../../../arm-none-eabi/lib/thumb/v7e-m/nofp\libg.a(lib_a-findfp.o)
 .ARM.attributes
                0x000007ff       0x2e c:/gun_tools/gcc-arm-none-eabi/bin/../lib/gcc/arm-none-eabi/10.3.1/../../../../arm-none-eabi/lib/thumb/v7e-m/nofp\libg.a(lib_a-fini.o)
 .ARM.attributes
                0x0000082d       0x2e c:/gun_tools/gcc-arm-none-eabi/bin/../lib/gcc/arm-none-eabi/10.3.1/../../../../arm-none-eabi/lib/thumb/v7e-m/nofp\libg.a(lib_a-freer.o)
 .ARM.attributes
                0x0000085b       0x2e c:/gun_tools/gcc-arm-none-eabi/bin/../lib/gcc/arm-none-eabi/10.3.1/../../../../arm-none-eabi/lib/thumb/v7e-m/nofp\libg.a(lib_a-fvwrite.o)
 .ARM.attributes
                0x00000889       0x2e c:/gun_tools/gcc-arm-none-eabi/bin/../lib/gcc/arm-none-eabi/10.3.1/../../../../arm-none-eabi/lib/thumb/v7e-m/nofp\libg.a(lib_a-fwalk.o)
 .ARM.attributes
                0x000008b7       0x2e c:/gun_tools/gcc-arm-none-eabi/bin/../lib/gcc/arm-none-eabi/10.3.1/../../../../arm-none-eabi/lib/thumb/v7e-m/nofp\libg.a(lib_a-localeconv.o)
 .ARM.attributes
                0x000008e5       0x2e c:/gun_tools/gcc-arm-none-eabi/bin/../lib/gcc/arm-none-eabi/10.3.1/../../../../arm-none-eabi/lib/thumb/v7e-m/nofp\libg.a(lib_a-lock.o)
 .ARM.attributes
                0x00000913       0x2e c:/gun_tools/gcc-arm-none-eabi/bin/../lib/gcc/arm-none-eabi/10.3.1/../../../../arm-none-eabi/lib/thumb/v7e-m/nofp\libg.a(lib_a-makebuf.o)
 .ARM.attributes
                0x00000941       0x2e c:/gun_tools/gcc-arm-none-eabi/bin/../lib/gcc/arm-none-eabi/10.3.1/../../../../arm-none-eabi/lib/thumb/v7e-m/nofp\libg.a(lib_a-malloc.o)
 .ARM.attributes
                0x0000096f       0x2e c:/gun_tools/gcc-arm-none-eabi/bin/../lib/gcc/arm-none-eabi/10.3.1/../../../../arm-none-eabi/lib/thumb/v7e-m/nofp\libg.a(lib_a-mallocr.o)
 .ARM.attributes
                0x0000099d       0x1c c:/gun_tools/gcc-arm-none-eabi/bin/../lib/gcc/arm-none-eabi/10.3.1/../../../../arm-none-eabi/lib/thumb/v7e-m/nofp\libg.a(lib_a-memchr.o)
 .ARM.attributes
                0x000009b9       0x2e c:/gun_tools/gcc-arm-none-eabi/bin/../lib/gcc/arm-none-eabi/10.3.1/../../../../arm-none-eabi/lib/thumb/v7e-m/nofp\libg.a(lib_a-memmove.o)
 .ARM.attributes
                0x000009e7       0x2e c:/gun_tools/gcc-arm-none-eabi/bin/../lib/gcc/arm-none-eabi/10.3.1/../../../../arm-none-eabi/lib/thumb/v7e-m/nofp\libg.a(lib_a-mlock.o)
 .ARM.attributes
                0x00000a15       0x2e c:/gun_tools/gcc-arm-none-eabi/bin/../lib/gcc/arm-none-eabi/10.3.1/../../../../arm-none-eabi/lib/thumb/v7e-m/nofp\libg.a(lib_a-mprec.o)
 .ARM.attributes
                0x00000a43       0x2e c:/gun_tools/gcc-arm-none-eabi/bin/../lib/gcc/arm-none-eabi/10.3.1/../../../../arm-none-eabi/lib/thumb/v7e-m/nofp\libg.a(lib_a-reallocr.o)
 .ARM.attributes
                0x00000a71       0x2e c:/gun_tools/gcc-arm-none-eabi/bin/../lib/gcc/arm-none-eabi/10.3.1/../../../../arm-none-eabi/lib/thumb/v7e-m/nofp\libg.a(lib_a-reent.o)
 .ARM.attributes
                0x00000a9f       0x2e c:/gun_tools/gcc-arm-none-eabi/bin/../lib/gcc/arm-none-eabi/10.3.1/../../../../arm-none-eabi/lib/thumb/v7e-m/nofp\libg.a(lib_a-s_frexp.o)
 .ARM.attributes
                0x00000acd       0x2e c:/gun_tools/gcc-arm-none-eabi/bin/../lib/gcc/arm-none-eabi/10.3.1/../../../../arm-none-eabi/lib/thumb/v7e-m/nofp\libg.a(lib_a-sbrkr.o)
 .ARM.attributes
                0x00000afb       0x2e c:/gun_tools/gcc-arm-none-eabi/bin/../lib/gcc/arm-none-eabi/10.3.1/../../../../arm-none-eabi/lib/thumb/v7e-m/nofp\libg.a(lib_a-stdio.o)
 .ARM.attributes
                0x00000b29       0x2e c:/gun_tools/gcc-arm-none-eabi/bin/../lib/gcc/arm-none-eabi/10.3.1/../../../../arm-none-eabi/lib/thumb/v7e-m/nofp\libg.a(lib_a-strncpy.o)
 .ARM.attributes
                0x00000b57       0x2e c:/gun_tools/gcc-arm-none-eabi/bin/../lib/gcc/arm-none-eabi/10.3.1/../../../../arm-none-eabi/lib/thumb/v7e-m/nofp\libg.a(lib_a-vfiprintf.o)
 .ARM.attributes
                0x00000b85       0x2e c:/gun_tools/gcc-arm-none-eabi/bin/../lib/gcc/arm-none-eabi/10.3.1/../../../../arm-none-eabi/lib/thumb/v7e-m/nofp\libg.a(lib_a-writer.o)
 .ARM.attributes
                0x00000bb3       0x2e c:/gun_tools/gcc-arm-none-eabi/bin/../lib/gcc/arm-none-eabi/10.3.1/../../../../arm-none-eabi/lib/thumb/v7e-m/nofp\libg.a(lib_a-__atexit.o)
 .ARM.attributes
                0x00000be1       0x2e c:/gun_tools/gcc-arm-none-eabi/bin/../lib/gcc/arm-none-eabi/10.3.1/../../../../arm-none-eabi/lib/thumb/v7e-m/nofp\libg.a(lib_a-assert.o)
 .ARM.attributes
                0x00000c0f       0x2e c:/gun_tools/gcc-arm-none-eabi/bin/../lib/gcc/arm-none-eabi/10.3.1/../../../../arm-none-eabi/lib/thumb/v7e-m/nofp\libg.a(lib_a-callocr.o)
 .ARM.attributes
                0x00000c3d       0x2e c:/gun_tools/gcc-arm-none-eabi/bin/../lib/gcc/arm-none-eabi/10.3.1/../../../../arm-none-eabi/lib/thumb/v7e-m/nofp\libg.a(lib_a-closer.o)
 .ARM.attributes
                0x00000c6b       0x2e c:/gun_tools/gcc-arm-none-eabi/bin/../lib/gcc/arm-none-eabi/10.3.1/../../../../arm-none-eabi/lib/thumb/v7e-m/nofp\libg.a(lib_a-fclose.o)
 .ARM.attributes
                0x00000c99       0x2e c:/gun_tools/gcc-arm-none-eabi/bin/../lib/gcc/arm-none-eabi/10.3.1/../../../../arm-none-eabi/lib/thumb/v7e-m/nofp\libg.a(lib_a-fiprintf.o)
 .ARM.attributes
                0x00000cc7       0x2e c:/gun_tools/gcc-arm-none-eabi/bin/../lib/gcc/arm-none-eabi/10.3.1/../../../../arm-none-eabi/lib/thumb/v7e-m/nofp\libg.a(lib_a-fputwc.o)
 .ARM.attributes
                0x00000cf5       0x2e c:/gun_tools/gcc-arm-none-eabi/bin/../lib/gcc/arm-none-eabi/10.3.1/../../../../arm-none-eabi/lib/thumb/v7e-m/nofp\libg.a(lib_a-fstatr.o)
 .ARM.attributes
                0x00000d23       0x2e c:/gun_tools/gcc-arm-none-eabi/bin/../lib/gcc/arm-none-eabi/10.3.1/../../../../arm-none-eabi/lib/thumb/v7e-m/nofp\libg.a(lib_a-isattyr.o)
 .ARM.attributes
                0x00000d51       0x2e c:/gun_tools/gcc-arm-none-eabi/bin/../lib/gcc/arm-none-eabi/10.3.1/../../../../arm-none-eabi/lib/thumb/v7e-m/nofp\libg.a(lib_a-locale.o)
 .ARM.attributes
                0x00000d7f       0x2e c:/gun_tools/gcc-arm-none-eabi/bin/../lib/gcc/arm-none-eabi/10.3.1/../../../../arm-none-eabi/lib/thumb/v7e-m/nofp\libg.a(lib_a-lseekr.o)
 .ARM.attributes
                0x00000dad       0x2e c:/gun_tools/gcc-arm-none-eabi/bin/../lib/gcc/arm-none-eabi/10.3.1/../../../../arm-none-eabi/lib/thumb/v7e-m/nofp\libg.a(lib_a-mbtowc_r.o)
 .ARM.attributes
                0x00000ddb       0x2e c:/gun_tools/gcc-arm-none-eabi/bin/../lib/gcc/arm-none-eabi/10.3.1/../../../../arm-none-eabi/lib/thumb/v7e-m/nofp\libg.a(lib_a-readr.o)
 .ARM.attributes
                0x00000e09       0x2e c:/gun_tools/gcc-arm-none-eabi/bin/../lib/gcc/arm-none-eabi/10.3.1/../../../../arm-none-eabi/lib/thumb/v7e-m/nofp\libg.a(lib_a-wbuf.o)
 .ARM.attributes
                0x00000e37       0x2e c:/gun_tools/gcc-arm-none-eabi/bin/../lib/gcc/arm-none-eabi/10.3.1/../../../../arm-none-eabi/lib/thumb/v7e-m/nofp\libg.a(lib_a-wcrtomb.o)
 .ARM.attributes
                0x00000e65       0x2e c:/gun_tools/gcc-arm-none-eabi/bin/../lib/gcc/arm-none-eabi/10.3.1/../../../../arm-none-eabi/lib/thumb/v7e-m/nofp\libg.a(lib_a-wctomb_r.o)
 .ARM.attributes
                0x00000e93       0x2e c:/gun_tools/gcc-arm-none-eabi/bin/../lib/gcc/arm-none-eabi/10.3.1/../../../../arm-none-eabi/lib/thumb/v7e-m/nofp\libg.a(lib_a-ctype_.o)
 .ARM.attributes
                0x00000ec1       0x1e c:/gun_tools/gcc-arm-none-eabi/bin/../lib/gcc/arm-none-eabi/10.3.1/thumb/v7e-m/nofp\libgcc.a(_arm_addsubdf3.o)
 .ARM.attributes
                0x00000edf       0x1e c:/gun_tools/gcc-arm-none-eabi/bin/../lib/gcc/arm-none-eabi/10.3.1/thumb/v7e-m/nofp\libgcc.a(_arm_muldivdf3.o)
 .ARM.attributes
                0x00000efd       0x1e c:/gun_tools/gcc-arm-none-eabi/bin/../lib/gcc/arm-none-eabi/10.3.1/thumb/v7e-m/nofp\libgcc.a(_arm_cmpdf2.o)
 .ARM.attributes
                0x00000f1b       0x1e c:/gun_tools/gcc-arm-none-eabi/bin/../lib/gcc/arm-none-eabi/10.3.1/thumb/v7e-m/nofp\libgcc.a(_arm_unorddf2.o)
 .ARM.attributes
                0x00000f39       0x1e c:/gun_tools/gcc-arm-none-eabi/bin/../lib/gcc/arm-none-eabi/10.3.1/thumb/v7e-m/nofp\libgcc.a(_arm_fixdfsi.o)
 .ARM.attributes
                0x00000f57       0x1e c:/gun_tools/gcc-arm-none-eabi/bin/../lib/gcc/arm-none-eabi/10.3.1/thumb/v7e-m/nofp/crtn.o
OUTPUT(03_add_uart_project.elf elf32-littlearm)
LOAD linker stubs
LOAD c:/gun_tools/gcc-arm-none-eabi/bin/../lib/gcc/arm-none-eabi/10.3.1/../../../../arm-none-eabi/lib/thumb/v7e-m/nofp\libc.a
LOAD c:/gun_tools/gcc-arm-none-eabi/bin/../lib/gcc/arm-none-eabi/10.3.1/../../../../arm-none-eabi/lib/thumb/v7e-m/nofp\libm.a
LOAD c:/gun_tools/gcc-arm-none-eabi/bin/../lib/gcc/arm-none-eabi/10.3.1/thumb/v7e-m/nofp\libgcc.a

.debug_info     0x00000000    0x1629a
 .debug_info    0x00000000     0x21b3 CMakeFiles/03_add_uart_project.elf.dir/Arduino/main.cpp.obj
 .debug_info    0x000021b3     0x14e0 CMakeFiles/03_add_uart_project.elf.dir/Arduino/utils/retarget.c.obj
 .debug_info    0x00003693      0x676 CMakeFiles/03_add_uart_project.elf.dir/Core/Src/gpio.c.obj
 .debug_info    0x00003d09      0x710 CMakeFiles/03_add_uart_project.elf.dir/Core/Src/main.c.obj
 .debug_info    0x00004419      0x4a0 CMakeFiles/03_add_uart_project.elf.dir/Core/Src/stm32h7xx_hal_msp.c.obj
 .debug_info    0x000048b9      0x145 CMakeFiles/03_add_uart_project.elf.dir/Core/Src/stm32h7xx_it.c.obj
 .debug_info    0x000049fe      0x750 CMakeFiles/03_add_uart_project.elf.dir/Core/Src/syscalls.c.obj
 .debug_info    0x0000514e      0xaf5 CMakeFiles/03_add_uart_project.elf.dir/Core/Src/system_stm32h7xx.c.obj
 .debug_info    0x00005c43     0x11d3 CMakeFiles/03_add_uart_project.elf.dir/Core/Src/usart.c.obj
 .debug_info    0x00006e16     0x16a6 CMakeFiles/03_add_uart_project.elf.dir/Drivers/STM32H7xx_HAL_Driver/Src/stm32h7xx_hal.c.obj
 .debug_info    0x000084bc     0x13f0 CMakeFiles/03_add_uart_project.elf.dir/Drivers/STM32H7xx_HAL_Driver/Src/stm32h7xx_hal_cortex.c.obj
 .debug_info    0x000098ac      0xd66 CMakeFiles/03_add_uart_project.elf.dir/Drivers/STM32H7xx_HAL_Driver/Src/stm32h7xx_hal_gpio.c.obj
 .debug_info    0x0000a612     0x122e CMakeFiles/03_add_uart_project.elf.dir/Drivers/STM32H7xx_HAL_Driver/Src/stm32h7xx_hal_pwr_ex.c.obj
 .debug_info    0x0000b840     0x13b3 CMakeFiles/03_add_uart_project.elf.dir/Drivers/STM32H7xx_HAL_Driver/Src/stm32h7xx_hal_rcc.c.obj
 .debug_info    0x0000cbf3     0x1f48 CMakeFiles/03_add_uart_project.elf.dir/Drivers/STM32H7xx_HAL_Driver/Src/stm32h7xx_hal_rcc_ex.c.obj
 .debug_info    0x0000eb3b     0x652f CMakeFiles/03_add_uart_project.elf.dir/Drivers/STM32H7xx_HAL_Driver/Src/stm32h7xx_hal_uart.c.obj
 .debug_info    0x0001506a     0x120e CMakeFiles/03_add_uart_project.elf.dir/Drivers/STM32H7xx_HAL_Driver/Src/stm32h7xx_hal_uart_ex.c.obj
 .debug_info    0x00016278       0x22 CMakeFiles/03_add_uart_project.elf.dir/startup/startup_stm32h750xx.s.obj

.debug_abbrev   0x00000000     0x2563
 .debug_abbrev  0x00000000      0x2b4 CMakeFiles/03_add_uart_project.elf.dir/Arduino/main.cpp.obj
 .debug_abbrev  0x000002b4      0x2b4 CMakeFiles/03_add_uart_project.elf.dir/Arduino/utils/retarget.c.obj
 .debug_abbrev  0x00000568      0x181 CMakeFiles/03_add_uart_project.elf.dir/Core/Src/gpio.c.obj
 .debug_abbrev  0x000006e9      0x1e8 CMakeFiles/03_add_uart_project.elf.dir/Core/Src/main.c.obj
 .debug_abbrev  0x000008d1       0xd7 CMakeFiles/03_add_uart_project.elf.dir/Core/Src/stm32h7xx_hal_msp.c.obj
 .debug_abbrev  0x000009a8       0x7e CMakeFiles/03_add_uart_project.elf.dir/Core/Src/stm32h7xx_it.c.obj
 .debug_abbrev  0x00000a26      0x1da CMakeFiles/03_add_uart_project.elf.dir/Core/Src/syscalls.c.obj
 .debug_abbrev  0x00000c00      0x162 CMakeFiles/03_add_uart_project.elf.dir/Core/Src/system_stm32h7xx.c.obj
 .debug_abbrev  0x00000d62      0x20b CMakeFiles/03_add_uart_project.elf.dir/Core/Src/usart.c.obj
 .debug_abbrev  0x00000f6d      0x264 CMakeFiles/03_add_uart_project.elf.dir/Drivers/STM32H7xx_HAL_Driver/Src/stm32h7xx_hal.c.obj
 .debug_abbrev  0x000011d1      0x37d CMakeFiles/03_add_uart_project.elf.dir/Drivers/STM32H7xx_HAL_Driver/Src/stm32h7xx_hal_cortex.c.obj
 .debug_abbrev  0x0000154e      0x239 CMakeFiles/03_add_uart_project.elf.dir/Drivers/STM32H7xx_HAL_Driver/Src/stm32h7xx_hal_gpio.c.obj
 .debug_abbrev  0x00001787      0x29b CMakeFiles/03_add_uart_project.elf.dir/Drivers/STM32H7xx_HAL_Driver/Src/stm32h7xx_hal_pwr_ex.c.obj
 .debug_abbrev  0x00001a22      0x28c CMakeFiles/03_add_uart_project.elf.dir/Drivers/STM32H7xx_HAL_Driver/Src/stm32h7xx_hal_rcc.c.obj
 .debug_abbrev  0x00001cae      0x285 CMakeFiles/03_add_uart_project.elf.dir/Drivers/STM32H7xx_HAL_Driver/Src/stm32h7xx_hal_rcc_ex.c.obj
 .debug_abbrev  0x00001f33      0x337 CMakeFiles/03_add_uart_project.elf.dir/Drivers/STM32H7xx_HAL_Driver/Src/stm32h7xx_hal_uart.c.obj
 .debug_abbrev  0x0000226a      0x2e7 CMakeFiles/03_add_uart_project.elf.dir/Drivers/STM32H7xx_HAL_Driver/Src/stm32h7xx_hal_uart_ex.c.obj
 .debug_abbrev  0x00002551       0x12 CMakeFiles/03_add_uart_project.elf.dir/startup/startup_stm32h750xx.s.obj

.debug_aranges  0x00000000      0xac8
 .debug_aranges
                0x00000000       0x38 CMakeFiles/03_add_uart_project.elf.dir/Arduino/main.cpp.obj
 .debug_aranges
                0x00000038       0x50 CMakeFiles/03_add_uart_project.elf.dir/Arduino/utils/retarget.c.obj
 .debug_aranges
                0x00000088       0x20 CMakeFiles/03_add_uart_project.elf.dir/Core/Src/gpio.c.obj
 .debug_aranges
                0x000000a8       0x30 CMakeFiles/03_add_uart_project.elf.dir/Core/Src/main.c.obj
 .debug_aranges