Archive member included to satisfy reference by file (symbol)

c:/gun_tools/gcc-arm-none-eabi/bin/../lib/gcc/arm-none-eabi/10.3.1/thumb/v7e-m/nofp\libgcc.a(_arm_mulsf3.o)
                              CMakeFiles/03_add_uart_project.elf.dir/Core/Src/system_stm32h7xx.c.obj (__aeabi_fmul)
c:/gun_tools/gcc-arm-none-eabi/bin/../lib/gcc/arm-none-eabi/10.3.1/thumb/v7e-m/nofp\libgcc.a(_arm_addsubsf3.o)
                              CMakeFiles/03_add_uart_project.elf.dir/Core/Src/system_stm32h7xx.c.obj (__aeabi_fadd)
c:/gun_tools/gcc-arm-none-eabi/bin/../lib/gcc/arm-none-eabi/10.3.1/thumb/v7e-m/nofp\libgcc.a(_arm_muldivsf3.o)
                              CMakeFiles/03_add_uart_project.elf.dir/Core/Src/system_stm32h7xx.c.obj (__aeabi_fdiv)
c:/gun_tools/gcc-arm-none-eabi/bin/../lib/gcc/arm-none-eabi/10.3.1/thumb/v7e-m/nofp\libgcc.a(_arm_fixunssfsi.o)
                              CMakeFiles/03_add_uart_project.elf.dir/Core/Src/system_stm32h7xx.c.obj (__aeabi_f2uiz)
c:/gun_tools/gcc-arm-none-eabi/bin/../lib/gcc/arm-none-eabi/10.3.1/thumb/v7e-m/nofp\libgcc.a(_aeabi_uldivmod.o)
                              CMakeFiles/03_add_uart_project.elf.dir/Drivers/STM32H7xx_HAL_Driver/Src/stm32h7xx_hal_uart.c.obj (__aeabi_uldivmod)
c:/gun_tools/gcc-arm-none-eabi/bin/../lib/gcc/arm-none-eabi/10.3.1/thumb/v7e-m/nofp\libgcc.a(_udivmoddi4.o)
                              c:/gun_tools/gcc-arm-none-eabi/bin/../lib/gcc/arm-none-eabi/10.3.1/thumb/v7e-m/nofp\libgcc.a(_aeabi_uldivmod.o) (__udivmoddi4)
c:/gun_tools/gcc-arm-none-eabi/bin/../lib/gcc/arm-none-eabi/10.3.1/thumb/v7e-m/nofp\libgcc.a(_dvmd_tls.o)
                              c:/gun_tools/gcc-arm-none-eabi/bin/../lib/gcc/arm-none-eabi/10.3.1/thumb/v7e-m/nofp\libgcc.a(_aeabi_uldivmod.o) (__aeabi_ldiv0)
c:/gun_tools/gcc-arm-none-eabi/bin/../lib/gcc/arm-none-eabi/10.3.1/../../../../arm-none-eabi/lib/thumb/v7e-m/nofp\libg.a(lib_a-errno.o)
                              CMakeFiles/03_add_uart_project.elf.dir/Arduino/utils/retarget.c.obj (__errno)
c:/gun_tools/gcc-arm-none-eabi/bin/../lib/gcc/arm-none-eabi/10.3.1/../../../../arm-none-eabi/lib/thumb/v7e-m/nofp\libg.a(lib_a-exit.o)
                              c:/gun_tools/gcc-arm-none-eabi/bin/../lib/gcc/arm-none-eabi/10.3.1/../../../../arm-none-eabi/lib/thumb/v7e-m/nofp/crt0.o (exit)
c:/gun_tools/gcc-arm-none-eabi/bin/../lib/gcc/arm-none-eabi/10.3.1/../../../../arm-none-eabi/lib/thumb/v7e-m/nofp\libg.a(lib_a-impure.o)
                              c:/gun_tools/gcc-arm-none-eabi/bin/../lib/gcc/arm-none-eabi/10.3.1/../../../../arm-none-eabi/lib/thumb/v7e-m/nofp\libg.a(lib_a-exit.o) (_global_impure_ptr)
c:/gun_tools/gcc-arm-none-eabi/bin/../lib/gcc/arm-none-eabi/10.3.1/../../../../arm-none-eabi/lib/thumb/v7e-m/nofp\libg.a(lib_a-init.o)
                              c:/gun_tools/gcc-arm-none-eabi/bin/../lib/gcc/arm-none-eabi/10.3.1/../../../../arm-none-eabi/lib/thumb/v7e-m/nofp/crt0.o (__libc_init_array)
c:/gun_tools/gcc-arm-none-eabi/bin/../lib/gcc/arm-none-eabi/10.3.1/../../../../arm-none-eabi/lib/thumb/v7e-m/nofp\libg.a(lib_a-memset.o)
                              c:/gun_tools/gcc-arm-none-eabi/bin/../lib/gcc/arm-none-eabi/10.3.1/../../../../arm-none-eabi/lib/thumb/v7e-m/nofp/crt0.o (memset)
c:/gun_tools/gcc-arm-none-eabi/bin/../lib/gcc/arm-none-eabi/10.3.1/../../../../arm-none-eabi/lib/thumb/v7e-m/nofp\libg.a(lib_a-printf.o)
                              CMakeFiles/03_add_uart_project.elf.dir/Arduino/userAPP.c.obj (printf)
c:/gun_tools/gcc-arm-none-eabi/bin/../lib/gcc/arm-none-eabi/10.3.1/../../../../arm-none-eabi/lib/thumb/v7e-m/nofp\libg.a(lib_a-puts.o)
                              CMakeFiles/03_add_uart_project.elf.dir/Arduino/userAPP.c.obj (puts)
c:/gun_tools/gcc-arm-none-eabi/bin/../lib/gcc/arm-none-eabi/10.3.1/../../../../arm-none-eabi/lib/thumb/v7e-m/nofp\libg.a(lib_a-setvbuf.o)
                              CMakeFiles/03_add_uart_project.elf.dir/Arduino/utils/retarget.c.obj (setvbuf)
c:/gun_tools/gcc-arm-none-eabi/bin/../lib/gcc/arm-none-eabi/10.3.1/../../../../arm-none-eabi/lib/thumb/v7e-m/nofp\libg.a(lib_a-strlen.o)
                              c:/gun_tools/gcc-arm-none-eabi/bin/../lib/gcc/arm-none-eabi/10.3.1/../../../../arm-none-eabi/lib/thumb/v7e-m/nofp\libg.a(lib_a-puts.o) (strlen)
c:/gun_tools/gcc-arm-none-eabi/bin/../lib/gcc/arm-none-eabi/10.3.1/../../../../arm-none-eabi/lib/thumb/v7e-m/nofp\libg.a(lib_a-vfprintf.o)
                              c:/gun_tools/gcc-arm-none-eabi/bin/../lib/gcc/arm-none-eabi/10.3.1/../../../../arm-none-eabi/lib/thumb/v7e-m/nofp\libg.a(lib_a-printf.o) (_vfprintf_r)
c:/gun_tools/gcc-arm-none-eabi/bin/../lib/gcc/arm-none-eabi/10.3.1/../../../../arm-none-eabi/lib/thumb/v7e-m/nofp\libg.a(lib_a-wsetup.o)
                              c:/gun_tools/gcc-arm-none-eabi/bin/../lib/gcc/arm-none-eabi/10.3.1/../../../../arm-none-eabi/lib/thumb/v7e-m/nofp\libg.a(lib_a-vfprintf.o) (__swsetup_r)
[...]
Memory Configuration

Name             Origin             Length             Attributes
DTCMRAM          0x20000000         0x00020000         xrw
RAM_D1           0x24000000         0x00080000         xrw
RAM_D2           0x30000000         0x00048000         xrw
RAM_D3           0x38000000         0x00010000         xrw
ITCMRAM          0x00000000         0x00010000         xrw
FLASH            0x08000000         0x00020000         xr
*default*        0x00000000         0xffffffff

Linker script and memory map

LOAD c:/gun_tools/gcc-arm-none-eabi/bin/../lib/gcc/arm-none-eabi/10.3.1/thumb/v7e-m/nofp/crti.o
LOAD c:/gun_tools/gcc-arm-none-eabi/bin/../lib/gcc/arm-none-eabi/10.3.1/thumb/v7e-m/nofp/crtbegin.o
LOAD c:/gun_tools/gcc-arm-none-eabi/bin/../lib/gcc/arm-none-eabi/10.3.1/../../../../arm-none-eabi/lib/thumb/v7e-m/nofp/crt0.o
LOAD CMakeFiles/03_add_uart_project.elf.dir/Arduino/userAPP.c.obj
LOAD CMakeFiles/03_add_uart_project.elf.dir/Arduino/utils/retarget.c.obj
LOAD CMakeFiles/03_add_uart_project.elf.dir/Core/Src/gpio.c.obj
LOAD CMakeFiles/03_add_uart_project.elf.dir/Core/Src/main.c.obj
LOAD CMakeFiles/03_add_uart_project.elf.dir/Core/Src/stm32h7xx_hal_msp.c.obj
LOAD CMakeFiles/03_add_uart_project.elf.dir/Core/Src/stm32h7xx_it.c.obj
LOAD CMakeFiles/03_add_uart_project.elf.dir/Core/Src/syscalls.c.obj
LOAD CMakeFiles/03_add_uart_project.elf.dir/Core/Src/system_stm32h7xx.c.obj
LOAD CMakeFiles/03_add_uart_project.elf.dir/Core/Src/usart.c.obj
LOAD CMakeFiles/03_add_uart_project.elf.dir/Drivers/STM32H7xx_HAL_Driver/Src/stm32h7xx_hal.c.obj
LOAD CMakeFiles/03_add_uart_project.elf.dir/Drivers/STM32H7xx_HAL_Driver/Src/stm32h7xx_hal_cortex.c.obj
LOAD CMakeFiles/03_add_uart_project.elf.dir/Drivers/STM32H7xx_HAL_Driver/Src/stm32h7xx_hal_dma.c.obj
LOAD CMakeFiles/03_add_uart_project.elf.dir/Drivers/STM32H7xx_HAL_Driver/Src/stm32h7xx_hal_dma_ex.c.obj
LOAD CMakeFiles/03_add_uart_project.elf.dir/Drivers/STM32H7xx_HAL_Driver/Src/stm32h7xx_hal_exti.c.obj
LOAD CMakeFiles/03_add_uart_project.elf.dir/Drivers/STM32H7xx_HAL_Driver/Src/stm32h7xx_hal_flash.c.obj
LOAD CMakeFiles/03_add_uart_project.elf.dir/Drivers/STM32H7xx_HAL_Driver/Src/stm32h7xx_hal_flash_ex.c.obj
LOAD CMakeFiles/03_add_uart_project.elf.dir/Drivers/STM32H7xx_HAL_Driver/Src/stm32h7xx_hal_gpio.c.obj
LOAD CMakeFiles/03_add_uart_project.elf.dir/Drivers/STM32H7xx_HAL_Driver/Src/stm32h7xx_hal_hsem.c.obj
LOAD CMakeFiles/03_add_uart_project.elf.dir/Drivers/STM32H7xx_HAL_Driver/Src/stm32h7xx_hal_i2c.c.obj
LOAD CMakeFiles/03_add_uart_project.elf.dir/Drivers/STM32H7xx_HAL_Driver/Src/stm32h7xx_hal_i2c_ex.c.obj
LOAD CMakeFiles/03_add_uart_project.elf.dir/Drivers/STM32H7xx_HAL_Driver/Src/stm32h7xx_hal_mdma.c.obj
LOAD CMakeFiles/03_add_uart_project.elf.dir/Drivers/STM32H7xx_HAL_Driver/Src/stm32h7xx_hal_pwr.c.obj
LOAD CMakeFiles/03_add_uart_project.elf.dir/Drivers/STM32H7xx_HAL_Driver/Src/stm32h7xx_hal_pwr_ex.c.obj
LOAD CMakeFiles/03_add_uart_project.elf.dir/Drivers/STM32H7xx_HAL_Driver/Src/stm32h7xx_hal_rcc.c.obj
LOAD CMakeFiles/03_add_uart_project.elf.dir/Drivers/STM32H7xx_HAL_Driver/Src/stm32h7xx_hal_rcc_ex.c.obj
LOAD CMakeFiles/03_add_uart_project.elf.dir/Drivers/STM32H7xx_HAL_Driver/Src/stm32h7xx_hal_tim.c.obj
LOAD CMakeFiles/03_add_uart_project.elf.dir/Drivers/STM32H7xx_HAL_Driver/Src/stm32h7xx_hal_tim_ex.c.obj
LOAD CMakeFiles/03_add_uart_project.elf.dir/Drivers/STM32H7xx_HAL_Driver/Src/stm32h7xx_hal_uart.c.obj
LOAD CMakeFiles/03_add_uart_project.elf.dir/Drivers/STM32H7xx_HAL_Driver/Src/stm32h7xx_hal_uart_ex.c.obj
LOAD CMakeFiles/03_add_uart_project.elf.dir/MyFunction/cevent/cevent.c.obj
LOAD CMakeFiles/03_add_uart_project.elf.dir/MyFunction/cpost/cpost.c.obj
LOAD CMakeFiles/03_add_uart_project.elf.dir/startup/startup_stm32h750xx.s.obj
START GROUP
LOAD c:/gun_tools/gcc-arm-none-eabi/bin/../lib/gcc/arm-none-eabi/10.3.1/thumb/v7e-m/nofp\libgcc.a
LOAD c:/gun_tools/gcc-arm-none-eabi/bin/../lib/gcc/arm-none-eabi/10.3.1/../../../../arm-none-eabi/lib/thumb/v7e-m/nofp\libg.a
LOAD c:/gun_tools/gcc-arm-none-eabi/bin/../lib/gcc/arm-none-eabi/10.3.1/../../../../arm-none-eabi/lib/thumb/v7e-m/nofp\libc.a
END GROUP
LOAD c:/gun_tools/gcc-arm-none-eabi/bin/../lib/gcc/arm-none-eabi/10.3.1/thumb/v7e-m/nofp/crtend.o
LOAD c:/gun_tools/gcc-arm-none-eabi/bin/../lib/gcc/arm-none-eabi/10.3.1/thumb/v7e-m/nofp/crtn.o
                0x20020000                _estack = 0x20020000
                0x00000200                _Min_Heap_Size = 0x200
                0x00000400                _Min_Stack_Size = 0x400

.isr_vector     0x08000000      0x298
                0x08000000                . = ALIGN (0x4)
 *(.isr_vector)
 .isr_vector    0x08000000      0x298 CMakeFiles/03_add_uart_project.elf.dir/startup/startup_stm32h750xx.s.obj
                0x08000000                g_pfnVectors
                0x08000298                . = ALIGN (0x4)

.text           0x080002c0     0xa970
                0x080002c0                . = ALIGN (0x4)
 *(.text)
 .text          0x080002c0       0x40 c:/gun_tools/gcc-arm-none-eabi/bin/../lib/gcc/arm-none-eabi/10.3.1/thumb/v7e-m/nofp/crtbegin.o
 .text          0x08000300      0x21c c:/gun_tools/gcc-arm-none-eabi/bin/../lib/gcc/arm-none-eabi/10.3.1/thumb/v7e-m/nofp\libgcc.a(_arm_addsubsf3.o)
                0x08000300                __aeabi_frsub
                0x08000308                __subsf3
                0x08000308                __aeabi_fsub
                0x0800030c                __aeabi_fadd
                0x0800030c                __addsf3
                0x0800046c                __aeabi_ui2f
                0x0800046c                __floatunsisf
                0x08000474                __aeabi_i2f
                0x08000474                __floatsisf
                0x08000490                __aeabi_ul2f
                0x08000490                __floatundisf
                0x080004a0                __aeabi_l2f
                0x080004a0                __floatdisf
 .text          0x0800051c      0x2a0 c:/gun_tools/gcc-arm-none-eabi/bin/../lib/gcc/arm-none-eabi/10.3.1/thumb/v7e-m/nofp\libgcc.a(_arm_muldivsf3.o)
                0x0800051c                __mulsf3
                0x0800051c                __aeabi_fmul
                0x08000684                __aeabi_fdiv
                0x08000684                __divsf3
 .text          0x080007bc       0x40 c:/gun_tools/gcc-arm-none-eabi/bin/../lib/gcc/arm-none-eabi/10.3.1/thumb/v7e-m/nofp\libgcc.a(_arm_fixunssfsi.o)
                0x080007bc                __fixunssfsi
                0x080007bc                __aeabi_f2uiz
 .text          0x080007fc       0x30 c:/gun_tools/gcc-arm-none-eabi/bin/../lib/gcc/arm-none-eabi/10.3.1/thumb/v7e-m/nofp\libgcc.a(_aeabi_uldivmod.o)
                0x080007fc                __aeabi_uldivmod
 .text          0x0800082c      0x2d0 c:/gun_tools/gcc-arm-none-eabi/bin/../lib/gcc/arm-none-eabi/10.3.1/thumb/v7e-m/nofp\libgcc.a(_udivmoddi4.o)
                0x0800082c                __udivmoddi4
 .text          0x08000afc        0x4 c:/gun_tools/gcc-arm-none-eabi/bin/../lib/gcc/arm-none-eabi/10.3.1/thumb/v7e-m/nofp\libgcc.a(_dvmd_tls.o)
                0x08000afc                __aeabi_idiv0
                0x08000afc                __aeabi_ldiv0
 .text          0x08000b00       0xdc c:/gun_tools/gcc-arm-none-eabi/bin/../lib/gcc/arm-none-eabi/10.3.1/../../../../arm-none-eabi/lib/thumb/v7e-m/nofp\libg.a(lib_a-strlen.o)
                0x08000b00                strlen
 *fill*         0x08000bdc        0x4 
 .text          0x08000be0       0xa0 c:/gun_tools/gcc-arm-none-eabi/bin/../lib/gcc/arm-none-eabi/10.3.1/../../../../arm-none-eabi/lib/thumb/v7e-m/nofp\libg.a(lib_a-memchr.o)
                0x08000be0                memchr
 .text          0x08000c80      0x134 c:/gun_tools/gcc-arm-none-eabi/bin/../lib/gcc/arm-none-eabi/10.3.1/../../../../arm-none-eabi/lib/thumb/v7e-m/nofp\libg.a(lib_a-memcpy.o)
                0x08000c80                memcpy
 .text          0x08000db4      0x378 c:/gun_tools/gcc-arm-none-eabi/bin/../lib/gcc/arm-none-eabi/10.3.1/thumb/v7e-m/nofp\libgcc.a(_arm_addsubdf3.o)
                0x08000db4                __aeabi_drsub
                0x08000dbc                __aeabi_dsub
                0x08000dbc                __subdf3
                0x08000dc0                __aeabi_dadd
                0x08000dc0                __adddf3
                0x08001038                __floatunsidf
                0x08001038                __aeabi_ui2d
                0x08001058                __floatsidf
                0x08001058                __aeabi_i2d
                0x0800107c                __aeabi_f2d
                0x0800107c                __extendsfdf2
                0x080010c0                __floatundidf
                0x080010c0                __aeabi_ul2d
                0x080010d0                __floatdidf
                0x080010d0                __aeabi_l2d
 .text          0x0800112c      0x424 c:/gun_tools/gcc-arm-none-eabi/bin/../lib/gcc/arm-none-eabi/10.3.1/thumb/v7e-m/nofp\libgcc.a(_arm_muldivdf3.o)
                0x0800112c                __aeabi_dmul
                0x0800112c                __muldf3
                0x08001380                __divdf3
                0x08001380                __aeabi_ddiv
 .text          0x08001550      0x110 c:/gun_tools/gcc-arm-none-eabi/bin/../lib/gcc/arm-none-eabi/10.3.1/thumb/v7e-m/nofp\libgcc.a(_arm_cmpdf2.o)
                0x08001550                __gtdf2
                0x08001550                __gedf2
                0x08001558                __ltdf2
                0x08001558                __ledf2
                0x08001560                __nedf2
                0x08001560                __eqdf2
                0x08001560                __cmpdf2
                0x080015dc                __aeabi_cdrcmple
                0x080015ec                __aeabi_cdcmpeq
                0x080015ec                __aeabi_cdcmple
                0x080015fc                __aeabi_dcmpeq
                0x08001610                __aeabi_dcmplt
                0x08001624                __aeabi_dcmple
                0x08001638                __aeabi_dcmpge
                0x0800164c                __aeabi_dcmpgt
 .text          0x08001660       0x2c c:/gun_tools/gcc-arm-none-eabi/bin/../lib/gcc/arm-none-eabi/10.3.1/thumb/v7e-m/nofp\libgcc.a(_arm_unorddf2.o)
                0x08001660                __unorddf2
                0x08001660                __aeabi_dcmpun
 .text          0x0800168c       0x50 c:/gun_tools/gcc-arm-none-eabi/bin/../lib/gcc/arm-none-eabi/10.3.1/thumb/v7e-m/nofp\libgcc.a(_arm_fixdfsi.o)
                0x0800168c                __aeabi_d2iz
                0x0800168c                __fixdfsi
 *(.text*)
 .text.say_hello
                0x080016dc       0x10 CMakeFiles/03_add_uart_project.elf.dir/Arduino/userAPP.c.obj
                0x080016dc                say_hello
 .text.millis   0x080016ec        0xc CMakeFiles/03_add_uart_project.elf.dir/Arduino/userAPP.c.obj
                0x080016ec                millis
 .text.micros   0x080016f8       0x40 CMakeFiles/03_add_uart_project.elf.dir/Arduino/userAPP.c.obj
                0x080016f8                micros
 .text.initial_do
                0x08001738       0x70 CMakeFiles/03_add_uart_project.elf.dir/Arduino/userAPP.c.obj
                0x08001738                initial_do
 .text.loop_do  0x080017a8       0x5c CMakeFiles/03_add_uart_project.elf.dir/Arduino/userAPP.c.obj
                0x080017a8                loop_do
 .text.RetargetInit
                0x08001804       0x20 CMakeFiles/03_add_uart_project.elf.dir/Arduino/utils/retarget.c.obj
                0x08001804                RetargetInit
 .text._isatty  0x08001824       0x16 CMakeFiles/03_add_uart_project.elf.dir/Arduino/utils/retarget.c.obj
                0x08001824                _isatty
 *fill*         0x0800183a        0x2 
 .text._write   0x0800183c       0x34 CMakeFiles/03_add_uart_project.elf.dir/Arduino/utils/retarget.c.obj
                0x0800183c                _write
 .text._close   0x08001870       0x18 CMakeFiles/03_add_uart_project.elf.dir/Arduino/utils/retarget.c.obj
                0x08001870                _close
 .text._lseek   0x08001888       0x10 CMakeFiles/03_add_uart_project.elf.dir/Arduino/utils/retarget.c.obj
                0x08001888                _lseek
 .text._read    0x08001898       0x30 CMakeFiles/03_add_uart_project.elf.dir/Arduino/utils/retarget.c.obj
                0x08001898                _read
 .text._fstat   0x080018c8       0x1a CMakeFiles/03_add_uart_project.elf.dir/Arduino/utils/retarget.c.obj
                0x080018c8                _fstat
 *fill*         0x080018e2        0x2 
 .text.MX_GPIO_Init
                0x080018e4       0x8c CMakeFiles/03_add_uart_project.elf.dir/Core/Src/gpio.c.obj
                0x080018e4                MX_GPIO_Init
 .text.Error_Handler
                0x08001970        0x4 CMakeFiles/03_add_uart_project.elf.dir/Core/Src/main.c.obj
                0x08001970                Error_Handler
 .text.SystemClock_Config
                0x08001974       0xc4 CMakeFiles/03_add_uart_project.elf.dir/Core/Src/main.c.obj
                0x08001974                SystemClock_Config
 .text.main     0x08001a38       0x1c CMakeFiles/03_add_uart_project.elf.dir/Core/Src/main.c.obj
                0x08001a38                main
 .text.HAL_MspInit
                0x08001a54       0x24 CMakeFiles/03_add_uart_project.elf.dir/Core/Src/stm32h7xx_hal_msp.c.obj
                0x08001a54                HAL_MspInit
 .text.NMI_Handler
                0x08001a78        0x2 CMakeFiles/03_add_uart_project.elf.dir/Core/Src/stm32h7xx_it.c.obj
                0x08001a78                NMI_Handler
 .text.HardFault_Handler
                0x08001a7a        0x2 CMakeFiles/03_add_uart_project.elf.dir/Core/Src/stm32h7xx_it.c.obj
                0x08001a7a                HardFault_Handler
 .text.MemManage_Handler
                0x08001a7c        0x2 CMakeFiles/03_add_uart_project.elf.dir/Core/Src/stm32h7xx_it.c.obj
                0x08001a7c                MemManage_Handler
 .text.BusFault_Handler
                0x08001a7e        0x2 CMakeFiles/03_add_uart_project.elf.dir/Core/Src/stm32h7xx_it.c.obj
                0x08001a7e                BusFault_Handler
 .text.UsageFault_Handler
                0x08001a80        0x2 CMakeFiles/03_add_uart_project.elf.dir/Core/Src/stm32h7xx_it.c.obj
                0x08001a80                UsageFault_Handler
 .text.SVC_Handler
                0x08001a82        0x2 CMakeFiles/03_add_uart_project.elf.dir/Core/Src/stm32h7xx_it.c.obj
                0x08001a82                SVC_Handler
 .text.DebugMon_Handler
                0x08001a84        0x2 CMakeFiles/03_add_uart_project.elf.dir/Core/Src/stm32h7xx_it.c.obj
                0x08001a84                DebugMon_Handler
 .text.PendSV_Handler
                0x08001a86        0x2 CMakeFiles/03_add_uart_project.elf.dir/Core/Src/stm32h7xx_it.c.obj
                0x08001a86                PendSV_Handler
 .text.SysTick_Handler
                0x08001a88        0x8 CMakeFiles/03_add_uart_project.elf.dir/Core/Src/stm32h7xx_it.c.obj
                0x08001a88                SysTick_Handler
 .text._getpid  0x08001a90        0x4 CMakeFiles/03_add_uart_project.elf.dir/Core/Src/syscalls.c.obj
                0x08001a90                _getpid
 .text._kill    0x08001a94       0x10 CMakeFiles/03_add_uart_project.elf.dir/Core/Src/syscalls.c.obj
                0x08001a94                _kill
 .text._exit    0x08001aa4        0xc CMakeFiles/03_add_uart_project.elf.dir/Core/Src/syscalls.c.obj
                0x08001aa4                _exit
 .text._sbrk    0x08001ab0       0x3c CMakeFiles/03_add_uart_project.elf.dir/Core/Src/syscalls.c.obj
                0x08001ab0                _sbrk
 .text.SystemInit
                0x08001aec       0xbc CMakeFiles/03_add_uart_project.elf.dir/Core/Src/system_stm32h7xx.c.obj
                0x08001aec                SystemInit
 .text.MX_UART4_Init
                0x08001ba8       0x68 CMakeFiles/03_add_uart_project.elf.dir/Core/Src/usart.c.obj
                0x08001ba8                MX_UART4_Init
 .text.HAL_UART_MspInit
                0x08001c10       0xc8 CMakeFiles/03_add_uart_project.elf.dir/Core/Src/usart.c.obj
                0x08001c10                HAL_UART_MspInit
 .text.HAL_InitTick
                0x08001cd8       0x50 CMakeFiles/03_add_uart_project.elf.dir/Drivers/STM32H7xx_HAL_Driver/Src/stm32h7xx_hal.c.obj
                0x08001cd8                HAL_InitTick
 .text.HAL_Init
                0x08001d28       0x5c CMakeFiles/03_add_uart_project.elf.dir/Drivers/STM32H7xx_HAL_Driver/Src/stm32h7xx_hal.c.obj
                0x08001d28                HAL_Init
 .text.HAL_IncTick
                0x08001d84       0x18 CMakeFiles/03_add_uart_project.elf.dir/Drivers/STM32H7xx_HAL_Driver/Src/stm32h7xx_hal.c.obj
                0x08001d84                HAL_IncTick
 .text.HAL_GetTick
                0x08001d9c        0xc CMakeFiles/03_add_uart_project.elf.dir/Drivers/STM32H7xx_HAL_Driver/Src/stm32h7xx_hal.c.obj
                0x08001d9c                HAL_GetTick
 .text.HAL_Delay
                0x08001da8       0x28 CMakeFiles/03_add_uart_project.elf.dir/Drivers/STM32H7xx_HAL_Driver/Src/stm32h7xx_hal.c.obj
                0x08001da8                HAL_Delay
 .text.HAL_GetREVID
                0x08001dd0        0xc CMakeFiles/03_add_uart_project.elf.dir/Drivers/STM32H7xx_HAL_Driver/Src/stm32h7xx_hal.c.obj
                0x08001dd0                HAL_GetREVID
 .text.HAL_NVIC_SetPriorityGrouping
                0x08001ddc       0x24 CMakeFiles/03_add_uart_project.elf.dir/Drivers/STM32H7xx_HAL_Driver/Src/stm32h7xx_hal_cortex.c.obj
                0x08001ddc                HAL_NVIC_SetPriorityGrouping
 .text.HAL_NVIC_SetPriority
                0x08001e00       0x6c CMakeFiles/03_add_uart_project.elf.dir/Drivers/STM32H7xx_HAL_Driver/Src/stm32h7xx_hal_cortex.c.obj
                0x08001e00                HAL_NVIC_SetPriority
 .text.HAL_SYSTICK_Config
                0x08001e6c       0x28 CMakeFiles/03_add_uart_project.elf.dir/Drivers/STM32H7xx_HAL_Driver/Src/stm32h7xx_hal_cortex.c.obj
                0x08001e6c                HAL_SYSTICK_Config
 .text.HAL_GPIO_Init
                0x08001e94      0x228 CMakeFiles/03_add_uart_project.elf.dir/Drivers/STM32H7xx_HAL_Driver/Src/stm32h7xx_hal_gpio.c.obj
                0x08001e94                HAL_GPIO_Init
 .text.HAL_GPIO_WritePin
                0x080020bc        0xc CMakeFiles/03_add_uart_project.elf.dir/Drivers/STM32H7xx_HAL_Driver/Src/stm32h7xx_hal_gpio.c.obj
                0x080020bc                HAL_GPIO_WritePin
 .text.HAL_GPIO_TogglePin
                0x080020c8       0x12 CMakeFiles/03_add_uart_project.elf.dir/Drivers/STM32H7xx_HAL_Driver/Src/stm32h7xx_hal_gpio.c.obj
                0x080020c8                HAL_GPIO_TogglePin
 *fill*         0x080020da        0x2 
 .text.HAL_PWREx_ConfigSupply
                0x080020dc       0x54 CMakeFiles/03_add_uart_project.elf.dir/Drivers/STM32H7xx_HAL_Driver/Src/stm32h7xx_hal_pwr_ex.c.obj
                0x080020dc                HAL_PWREx_ConfigSupply
 .text.HAL_RCC_OscConfig
                0x08002130      0x674 CMakeFiles/03_add_uart_project.elf.dir/Drivers/STM32H7xx_HAL_Driver/Src/stm32h7xx_hal_rcc.c.obj
                0x08002130                HAL_RCC_OscConfig
 .text.HAL_RCC_GetSysClockFreq
                0x080027a4      0x218 CMakeFiles/03_add_uart_project.elf.dir/Drivers/STM32H7xx_HAL_Driver/Src/stm32h7xx_hal_rcc.c.obj
                0x080027a4                HAL_RCC_GetSysClockFreq
 .text.HAL_RCC_ClockConfig
                0x080029bc      0x294 CMakeFiles/03_add_uart_project.elf.dir/Drivers/STM32H7xx_HAL_Driver/Src/stm32h7xx_hal_rcc.c.obj
                0x080029bc                HAL_RCC_ClockConfig
 .text.HAL_RCC_GetHCLKFreq
                0x08002c50       0x44 CMakeFiles/03_add_uart_project.elf.dir/Drivers/STM32H7xx_HAL_Driver/Src/stm32h7xx_hal_rcc.c.obj
                0x08002c50                HAL_RCC_GetHCLKFreq
 .text.HAL_RCC_GetPCLK1Freq
                0x08002c94       0x24 CMakeFiles/03_add_uart_project.elf.dir/Drivers/STM32H7xx_HAL_Driver/Src/stm32h7xx_hal_rcc.c.obj
                0x08002c94                HAL_RCC_GetPCLK1Freq
 .text.HAL_RCC_GetPCLK2Freq
                0x08002cb8       0x24 CMakeFiles/03_add_uart_project.elf.dir/Drivers/STM32H7xx_HAL_Driver/Src/stm32h7xx_hal_rcc.c.obj
                0x08002cb8                HAL_RCC_GetPCLK2Freq
 .text.RCCEx_PLL2_Config
                0x08002cdc      0x10c CMakeFiles/03_add_uart_project.elf.dir/Drivers/STM32H7xx_HAL_Driver/Src/stm32h7xx_hal_rcc_ex.c.obj
 .text.RCCEx_PLL3_Config
                0x08002de8      0x10c CMakeFiles/03_add_uart_project.elf.dir/Drivers/STM32H7xx_HAL_Driver/Src/stm32h7xx_hal_rcc_ex.c.obj
 .text.HAL_RCCEx_PeriphCLKConfig
                0x08002ef4      0x9c4 CMakeFiles/03_add_uart_project.elf.dir/Drivers/STM32H7xx_HAL_Driver/Src/stm32h7xx_hal_rcc_ex.c.obj
                0x08002ef4                HAL_RCCEx_PeriphCLKConfig
 .text.HAL_RCCEx_GetD3PCLK1Freq
                0x080038b8       0x24 CMakeFiles/03_add_uart_project.elf.dir/Drivers/STM32H7xx_HAL_Driver/Src/stm32h7xx_hal_rcc_ex.c.obj
                0x080038b8                HAL_RCCEx_GetD3PCLK1Freq
 .text.HAL_RCCEx_GetPLL2ClockFreq
                0x080038dc      0x234 CMakeFiles/03_add_uart_project.elf.dir/Drivers/STM32H7xx_HAL_Driver/Src/stm32h7xx_hal_rcc_ex.c.obj
                0x080038dc                HAL_RCCEx_GetPLL2ClockFreq
 .text.HAL_RCCEx_GetPLL3ClockFreq
                0x08003b10      0x234 CMakeFiles/03_add_uart_project.elf.dir/Drivers/STM32H7xx_HAL_Driver/Src/stm32h7xx_hal_rcc_ex.c.obj
                0x08003b10                HAL_RCCEx_GetPLL3ClockFreq
 .text.UART_SetConfig
                0x08003d44      0x5f4 CMakeFiles/03_add_uart_project.elf.dir/Drivers/STM32H7xx_HAL_Driver/Src/stm32h7xx_hal_uart.c.obj
                0x08003d44                UART_SetConfig
 .text.UART_AdvFeatureConfig
                0x08004338       0xca CMakeFiles/03_add_uart_project.elf.dir/Drivers/STM32H7xx_HAL_Driver/Src/stm32h7xx_hal_uart.c.obj
                0x08004338                UART_AdvFeatureConfig
 .text.UART_WaitOnFlagUntilTimeout
                0x08004402       0xdc CMakeFiles/03_add_uart_project.elf.dir/Drivers/STM32H7xx_HAL_Driver/Src/stm32h7xx_hal_uart.c.obj
                0x08004402                UART_WaitOnFlagUntilTimeout
 .text.HAL_UART_Transmit
                0x080044de       0xda CMakeFiles/03_add_uart_project.elf.dir/Drivers/STM32H7xx_HAL_Driver/Src/stm32h7xx_hal_uart.c.obj
                0x080044de                HAL_UART_Transmit
 .text.HAL_UART_Receive
                0x080045b8      0x128 CMakeFiles/03_add_uart_project.elf.dir/Drivers/STM32H7xx_HAL_Driver/Src/stm32h7xx_hal_uart.c.obj
                0x080045b8                HAL_UART_Receive
 .text.UART_CheckIdleState
                0x080046e0       0x74 CMakeFiles/03_add_uart_project.elf.dir/Drivers/STM32H7xx_HAL_Driver/Src/stm32h7xx_hal_uart.c.obj
                0x080046e0                UART_CheckIdleState
 .text.HAL_UART_Init
                0x08004754       0x66 CMakeFiles/03_add_uart_project.elf.dir/Drivers/STM32H7xx_HAL_Driver/Src/stm32h7xx_hal_uart.c.obj
                0x08004754                HAL_UART_Init
 *fill*         0x080047ba        0x2 
 .text.UARTEx_SetNbDataToProcess
                0x080047bc       0x4c CMakeFiles/03_add_uart_project.elf.dir/Drivers/STM32H7xx_HAL_Driver/Src/stm32h7xx_hal_uart_ex.c.obj
 .text.HAL_UARTEx_DisableFifoMode
                0x08004808       0x3e CMakeFiles/03_add_uart_project.elf.dir/Drivers/STM32H7xx_HAL_Driver/Src/stm32h7xx_hal_uart_ex.c.obj
                0x08004808                HAL_UARTEx_DisableFifoMode
 .text.HAL_UARTEx_SetTxFifoThreshold
                0x08004846       0x4a CMakeFiles/03_add_uart_project.elf.dir/Drivers/STM32H7xx_HAL_Driver/Src/stm32h7xx_hal_uart_ex.c.obj
                0x08004846                HAL_UARTEx_SetTxFifoThreshold
 .text.HAL_UARTEx_SetRxFifoThreshold
                0x08004890       0x4a CMakeFiles/03_add_uart_project.elf.dir/Drivers/STM32H7xx_HAL_Driver/Src/stm32h7xx_hal_uart_ex.c.obj
                0x08004890                HAL_UARTEx_SetRxFifoThreshold
 *fill*         0x080048da        0x2 
 .text.cpostRemove
                0x080048dc       0x30 CMakeFiles/03_add_uart_project.elf.dir/MyFunction/cpost/cpost.c.obj
                0x080048dc                cpostRemove
 .text.cpostIsInList
                0x0800490c       0x28 CMakeFiles/03_add_uart_project.elf.dir/MyFunction/cpost/cpost.c.obj
                0x0800490c                cpostIsInList
 .text.cpostAddHandler
                0x08004934       0x6c CMakeFiles/03_add_uart_project.elf.dir/MyFunction/cpost/cpost.c.obj
                0x08004934                cpostAddHandler
 .text.cpostProcess
                0x080049a0       0x74 CMakeFiles/03_add_uart_project.elf.dir/MyFunction/cpost/cpost.c.obj
                0x080049a0                cpostProcess
 .text.Reset_Handler
                0x08004a14       0x50 CMakeFiles/03_add_uart_project.elf.dir/startup/startup_stm32h750xx.s.obj
                0x08004a14                Reset_Handler
 .text.Default_Handler
                0x08004a64        0x2 CMakeFiles/03_add_uart_project.elf.dir/startup/startup_stm32h750xx.s.obj
                0x08004a64                RTC_Alarm_IRQHandler
                0x08004a64                HASH_RNG_IRQHandler
                0x08004a64                EXTI2_IRQHandler
                0x08004a64                TIM8_CC_IRQHandler
                0x08004a64                HRTIM1_Master_IRQHandler
                0x08004a64                UART8_IRQHandler
                0x08004a64                SPI4_IRQHandler
                0x08004a64                TIM1_CC_IRQHandler
                0x08004a64                BDMA_Channel6_IRQHandler
                0x08004a64                DMA2_Stream5_IRQHandler
                0x08004a64                HRTIM1_FLT_IRQHandler
                0x08004a64                JPEG_IRQHandler
                0x08004a64                DMA1_Stream5_IRQHandler
                0x08004a64                BDMA_Channel1_IRQHandler
                0x08004a64                HRTIM1_TIMD_IRQHandler
                0x08004a64                TAMP_STAMP_IRQHandler
                0x08004a64                EXTI3_IRQHandler
                0x08004a64                LPTIM4_IRQHandler
                0x08004a64                TIM8_TRG_COM_TIM14_IRQHandler
                0x08004a64                LPTIM2_IRQHandler
                0x08004a64                DFSDM1_FLT1_IRQHandler
                0x08004a64                DMAMUX2_OVR_IRQHandler
                0x08004a64                TIM8_UP_TIM13_IRQHandler
                0x08004a64                I2C3_ER_IRQHandler
                0x08004a64                DFSDM1_FLT2_IRQHandler
                0x08004a64                MDMA_IRQHandler
                0x08004a64                LPTIM3_IRQHandler
                0x08004a64                HSEM1_IRQHandler
                0x08004a64                EXTI0_IRQHandler
                0x08004a64                I2C2_EV_IRQHandler
                0x08004a64                DMA1_Stream2_IRQHandler
                0x08004a64                FPU_IRQHandler
                0x08004a64                OTG_HS_WKUP_IRQHandler
                0x08004a64                FDCAN1_IT1_IRQHandler
                0x08004a64                LTDC_ER_IRQHandler
                0x08004a64                DMA2_Stream2_IRQHandler
                0x08004a64                HRTIM1_TIME_IRQHandler
                0x08004a64                SPI1_IRQHandler
                0x08004a64                TIM6_DAC_IRQHandler
                0x08004a64                DCMI_IRQHandler
                0x08004a64                HRTIM1_TIMC_IRQHandler
                0x08004a64                DMA2_Stream3_IRQHandler
                0x08004a64                SAI2_IRQHandler
                0x08004a64                DFSDM1_FLT3_IRQHandler
                0x08004a64                USART6_IRQHandler
                0x08004a64                TIM17_IRQHandler
                0x08004a64                USART3_IRQHandler
                0x08004a64                BDMA_Channel7_IRQHandler
                0x08004a64                CRYP_IRQHandler
                0x08004a64                LPTIM5_IRQHandler
                0x08004a64                UART5_IRQHandler
                0x08004a64                ADC3_IRQHandler
                0x08004a64                DMA2_Stream0_IRQHandler
                0x08004a64                TIM4_IRQHandler
                0x08004a64                BDMA_Channel2_IRQHandler
                0x08004a64                QUADSPI_IRQHandler
                0x08004a64                I2C1_EV_IRQHandler
                0x08004a64                DMA1_Stream6_IRQHandler
                0x08004a64                DMAMUX1_OVR_IRQHandler
                0x08004a64                DMA1_Stream1_IRQHandler
                0x08004a64                TIM16_IRQHandler
                0x08004a64                UART4_IRQHandler
                0x08004a64                BDMA_Channel5_IRQHandler
                0x08004a64                TIM3_IRQHandler
                0x08004a64                RCC_IRQHandler
                0x08004a64                TIM8_BRK_TIM12_IRQHandler
                0x08004a64                TIM1_TRG_COM_IRQHandler
                0x08004a64                Default_Handler
                0x08004a64                ECC_IRQHandler
                0x08004a64                CEC_IRQHandler
                0x08004a64                EXTI15_10_IRQHandler
                0x08004a64                BDMA_Channel0_IRQHandler
                0x08004a64                ADC_IRQHandler
                0x08004a64                DMA1_Stream7_IRQHandler
                0x08004a64                HRTIM1_TIMA_IRQHandler
                0x08004a64                SPI5_IRQHandler
                0x08004a64                TIM7_IRQHandler
                0x08004a64                SDMMC1_IRQHandler
                0x08004a64                TIM5_IRQHandler
                0x08004a64                DMA2_Stream7_IRQHandler
                0x08004a64                TIM15_IRQHandler
                0x08004a64                PVD_AVD_IRQHandler
                0x08004a64                I2C3_EV_IRQHandler
                0x08004a64                EXTI9_5_IRQHandler
                0x08004a64                RTC_WKUP_IRQHandler
                0x08004a64                LTDC_IRQHandler
                0x08004a64                SAI3_IRQHandler
                0x08004a64                ETH_WKUP_IRQHandler
                0x08004a64                SPDIF_RX_IRQHandler
                0x08004a64                SPI2_IRQHandler
                0x08004a64                OTG_HS_EP1_IN_IRQHandler
                0x08004a64                DMA1_Stream0_IRQHandler
                0x08004a64                CRS_IRQHandler
                0x08004a64                EXTI4_IRQHandler
                0x08004a64                HRTIM1_TIMB_IRQHandler
                0x08004a64                FDCAN2_IT1_IRQHandler
                0x08004a64                ETH_IRQHandler
                0x08004a64                TIM1_UP_IRQHandler
                0x08004a64                BDMA_Channel4_IRQHandler
                0x08004a64                OTG_HS_EP1_OUT_IRQHandler
                0x08004a64                WWDG_IRQHandler
                0x08004a64                SPI6_IRQHandler
                0x08004a64                MDIOS_IRQHandler
                0x08004a64                I2C4_EV_IRQHandler
                0x08004a64                FDCAN2_IT0_IRQHandler
                0x08004a64                LPUART1_IRQHandler
                0x08004a64                FDCAN1_IT0_IRQHandler
                0x08004a64                TIM2_IRQHandler
                0x08004a64                OTG_FS_WKUP_IRQHandler
                0x08004a64                OTG_HS_IRQHandler
                0x08004a64                DMA2D_IRQHandler
                0x08004a64                TIM1_BRK_IRQHandler
                0x08004a64                EXTI1_IRQHandler
                0x08004a64                SDMMC2_IRQHandler
                0x08004a64                OTG_FS_EP1_OUT_IRQHandler
                0x08004a64                BDMA_Channel3_IRQHandler
                0x08004a64                UART7_IRQHandler
                0x08004a64                MDIOS_WKUP_IRQHandler
                0x08004a64                USART2_IRQHandler
                0x08004a64                DFSDM1_FLT0_IRQHandler
                0x08004a64                SAI4_IRQHandler
                0x08004a64                I2C2_ER_IRQHandler
                0x08004a64                DMA2_Stream1_IRQHandler
                0x08004a64                FLASH_IRQHandler
                0x08004a64                DMA2_Stream4_IRQHandler
                0x08004a64                USART1_IRQHandler
                0x08004a64                OTG_FS_IRQHandler
                0x08004a64                SPI3_IRQHandler
                0x08004a64                WAKEUP_PIN_IRQHandler
                0x08004a64                DMA1_Stream4_IRQHandler
                0x08004a64                OTG_FS_EP1_IN_IRQHandler
                0x08004a64                I2C1_ER_IRQHandler
                0x08004a64                FMC_IRQHandler
                0x08004a64                FDCAN_CAL_IRQHandler
                0x08004a64                SWPMI1_IRQHandler
                0x08004a64                COMP1_IRQHandler
                0x08004a64                LPTIM1_IRQHandler
                0x08004a64                I2C4_ER_IRQHandler
                0x08004a64                DMA2_Stream6_IRQHandler
                0x08004a64                SAI1_IRQHandler
                0x08004a64                DMA1_Stream3_IRQHandler
 *fill*         0x08004a66        0x2 
 .text.__errno  0x08004a68        0xc c:/gun_tools/gcc-arm-none-eabi/bin/../lib/gcc/arm-none-eabi/10.3.1/../../../../arm-none-eabi/lib/thumb/v7e-m/nofp\libg.a(lib_a-errno.o)
                0x08004a68                __errno
 .text.__libc_init_array
                0x08004a74       0x48 c:/gun_tools/gcc-arm-none-eabi/bin/../lib/gcc/arm-none-eabi/10.3.1/../../../../arm-none-eabi/lib/thumb/v7e-m/nofp\libg.a(lib_a-init.o)
                0x08004a74                __libc_init_array
 .text.memset   0x08004abc       0xa4 c:/gun_tools/gcc-arm-none-eabi/bin/../lib/gcc/arm-none-eabi/10.3.1/../../../../arm-none-eabi/lib/thumb/v7e-m/nofp\libg.a(lib_a-memset.o)
                0x08004abc                memset
 .text.printf   0x08004b60       0x28 c:/gun_tools/gcc-arm-none-eabi/bin/../lib/gcc/arm-none-eabi/10.3.1/../../../../arm-none-eabi/lib/thumb/v7e-m/nofp\libg.a(lib_a-printf.o)
                0x08004b60                printf
 .text._puts_r  0x08004b88       0x9c c:/gun_tools/gcc-arm-none-eabi/bin/../lib/gcc/arm-none-eabi/10.3.1/../../../../arm-none-eabi/lib/thumb/v7e-m/nofp\libg.a(lib_a-puts.o)
                0x08004b88                _puts_r
 .text.puts     0x08004c24       0x10 c:/gun_tools/gcc-arm-none-eabi/bin/../lib/gcc/arm-none-eabi/10.3.1/../../../../arm-none-eabi/lib/thumb/v7e-m/nofp\libg.a(lib_a-puts.o)
                0x08004c24                puts
 .text.setvbuf  0x08004c34      0x1b0 c:/gun_tools/gcc-arm-none-eabi/bin/../lib/gcc/arm-none-eabi/10.3.1/../../../../arm-none-eabi/lib/thumb/v7e-m/nofp\libg.a(lib_a-setvbuf.o)
                0x08004c34                setvbuf
 .text._vfprintf_r
                0x08004de4     0x1ad4 c:/gun_tools/gcc-arm-none-eabi/bin/../lib/gcc/arm-none-eabi/10.3.1/../../../../arm-none-eabi/lib/thumb/v7e-m/nofp\libg.a(lib_a-vfprintf.o)
                0x08004de4                _vfprintf_r
 .text.__sbprintf
                0x080068b8       0x80 c:/gun_tools/gcc-arm-none-eabi/bin/../lib/gcc/arm-none-eabi/10.3.1/../../../../arm-none-eabi/lib/thumb/v7e-m/nofp\libg.a(lib_a-vfprintf.o)
 .text.__swsetup_r
                0x08006938       0xd4 c:/gun_tools/gcc-arm-none-eabi/bin/../lib/gcc/arm-none-eabi/10.3.1/../../../../arm-none-eabi/lib/thumb/v7e-m/nofp\libg.a(lib_a-wsetup.o)
                0x08006938                __swsetup_r
 .text.startup.register_fini
                0x08006a0c       0x14 c:/gun_tools/gcc-arm-none-eabi/bin/../lib/gcc/arm-none-eabi/10.3.1/../../../../arm-none-eabi/lib/thumb/v7e-m/nofp\libg.a(lib_a-__call_atexit.o)
 .text.atexit   0x08006a20        0xc c:/gun_tools/gcc-arm-none-eabi/bin/../lib/gcc/arm-none-eabi/10.3.1/../../../../arm-none-eabi/lib/thumb/v7e-m/nofp\libg.a(lib_a-atexit.o)
                0x08006a20                atexit
 .text.quorem   0x08006a2c      0x124 c:/gun_tools/gcc-arm-none-eabi/bin/../lib/gcc/arm-none-eabi/10.3.1/../../../../arm-none-eabi/lib/thumb/v7e-m/nofp\libg.a(lib_a-dtoa.o)
 .text._dtoa_r  0x08006b50      0xec4 c:/gun_tools/gcc-arm-none-eabi/bin/../lib/gcc/arm-none-eabi/10.3.1/../../../../arm-none-eabi/lib/thumb/v7e-m/nofp\libg.a(lib_a-dtoa.o)
                0x08006b50                _dtoa_r
 .text.__sflush_r
                0x08007a14      0x120 c:/gun_tools/gcc-arm-none-eabi/bin/../lib/gcc/arm-none-eabi/10.3.1/../../../../arm-none-eabi/lib/thumb/v7e-m/nofp\libg.a(lib_a-fflush.o)
                0x08007a14                __sflush_r
 .text._fflush_r
                0x08007b34       0x5c c:/gun_tools/gcc-arm-none-eabi/bin/../lib/gcc/arm-none-eabi/10.3.1/../../../../arm-none-eabi/lib/thumb/v7e-m/nofp\libg.a(lib_a-fflush.o)
                0x08007b34                _fflush_r
 .text._cleanup_r
                0x08007b90        0xc c:/gun_tools/gcc-arm-none-eabi/bin/../lib/gcc/arm-none-eabi/10.3.1/../../../../arm-none-eabi/lib/thumb/v7e-m/nofp\libg.a(lib_a-findfp.o)
                0x08007b90                _cleanup_r
 .text.__sinit  0x08007b9c      0x10c c:/gun_tools/gcc-arm-none-eabi/bin/../lib/gcc/arm-none-eabi/10.3.1/../../../../arm-none-eabi/lib/thumb/v7e-m/nofp\libg.a(lib_a-findfp.o)
                0x08007b9c                __sinit
 .text.__sfp_lock_acquire
                0x08007ca8        0xc c:/gun_tools/gcc-arm-none-eabi/bin/../lib/gcc/arm-none-eabi/10.3.1/../../../../arm-none-eabi/lib/thumb/v7e-m/nofp\libg.a(lib_a-findfp.o)
                0x08007ca8                __sfp_lock_acquire
 .text.__sfp_lock_release
                0x08007cb4        0xc c:/gun_tools/gcc-arm-none-eabi/bin/../lib/gcc/arm-none-eabi/10.3.1/../../../../arm-none-eabi/lib/thumb/v7e-m/nofp\libg.a(lib_a-findfp.o)
                0x08007cb4                __sfp_lock_release
 .text.__libc_fini_array
                0x08007cc0       0x2c c:/gun_tools/gcc-arm-none-eabi/bin/../lib/gcc/arm-none-eabi/10.3.1/../../../../arm-none-eabi/lib/thumb/v7e-m/nofp\libg.a(lib_a-fini.o)
                0x08007cc0                __libc_fini_array
 .text._malloc_trim_r
                0x08007cec       0xa0 c:/gun_tools/gcc-arm-none-eabi/bin/../lib/gcc/arm-none-eabi/10.3.1/../../../../arm-none-eabi/lib/thumb/v7e-m/nofp\libg.a(lib_a-freer.o)
                0x08007cec                _malloc_trim_r
 .text._free_r  0x08007d8c      0x20c c:/gun_tools/gcc-arm-none-eabi/bin/../lib/gcc/arm-none-eabi/10.3.1/../../../../arm-none-eabi/lib/thumb/v7e-m/nofp\libg.a(lib_a-freer.o)
                0x08007d8c                _free_r
 .text.__sfvwrite_r
                0x08007f98      0x2e8 c:/gun_tools/gcc-arm-none-eabi/bin/../lib/gcc/arm-none-eabi/10.3.1/../../../../arm-none-eabi/lib/thumb/v7e-m/nofp\libg.a(lib_a-fvwrite.o)
                0x08007f98                __sfvwrite_r
 .text._fwalk_reent
                0x08008280       0x48 c:/gun_tools/gcc-arm-none-eabi/bin/../lib/gcc/arm-none-eabi/10.3.1/../../../../arm-none-eabi/lib/thumb/v7e-m/nofp\libg.a(lib_a-fwalk.o)
                0x08008280                _fwalk_reent
 .text._localeconv_r
                0x080082c8        0x8 c:/gun_tools/gcc-arm-none-eabi/bin/../lib/gcc/arm-none-eabi/10.3.1/../../../../arm-none-eabi/lib/thumb/v7e-m/nofp\libg.a(lib_a-localeconv.o)
                0x080082c8                _localeconv_r
 .text.__retarget_lock_init_recursive
                0x080082d0        0x4 c:/gun_tools/gcc-arm-none-eabi/bin/../lib/gcc/arm-none-eabi/10.3.1/../../../../arm-none-eabi/lib/thumb/v7e-m/nofp\libg.a(lib_a-lock.o)
                0x080082d0                __retarget_lock_init_recursive
 .text.__retarget_lock_close_recursive
                0x080082d4        0x4 c:/gun_tools/gcc-arm-none-eabi/bin/../lib/gcc/arm-none-eabi/10.3.1/../../../../arm-none-eabi/lib/thumb/v7e-m/nofp\libg.a(lib_a-lock.o)
                0x080082d4                __retarget_lock_close_recursive
 .text.__retarget_lock_acquire_recursive
                0x080082d8        0x4 c:/gun_tools/gcc-arm-none-eabi/bin/../lib/gcc/arm-none-eabi/10.3.1/../../../../arm-none-eabi/lib/thumb/v7e-m/nofp\libg.a(lib_a-lock.o)
                0x080082d8                __retarget_lock_acquire_recursive
 .text.__retarget_lock_release_recursive
                0x080082dc        0x4 c:/gun_tools/gcc-arm-none-eabi/bin/../lib/gcc/arm-none-eabi/10.3.1/../../../../arm-none-eabi/lib/thumb/v7e-m/nofp\libg.a(lib_a-lock.o)
                0x080082dc                __retarget_lock_release_recursive
 .text.__smakebuf_r
                0x080082e0       0xe0 c:/gun_tools/gcc-arm-none-eabi/bin/../lib/gcc/arm-none-eabi/10.3.1/../../../../arm-none-eabi/lib/thumb/v7e-m/nofp\libg.a(lib_a-makebuf.o)
                0x080082e0                __smakebuf_r
 .text.__swhatbuf_r
                0x080083c0       0x60 c:/gun_tools/gcc-arm-none-eabi/bin/../lib/gcc/arm-none-eabi/10.3.1/../../../../arm-none-eabi/lib/thumb/v7e-m/nofp\libg.a(lib_a-makebuf.o)
                0x080083c0                __swhatbuf_r
 .text.malloc   0x08008420       0x10 c:/gun_tools/gcc-arm-none-eabi/bin/../lib/gcc/arm-none-eabi/10.3.1/../../../../arm-none-eabi/lib/thumb/v7e-m/nofp\libg.a(lib_a-malloc.o)
                0x08008420                malloc
 .text._malloc_r
                0x08008430      0x560 c:/gun_tools/gcc-arm-none-eabi/bin/../lib/gcc/arm-none-eabi/10.3.1/../../../../arm-none-eabi/lib/thumb/v7e-m/nofp\libg.a(lib_a-mallocr.o)
                0x08008430                _malloc_r
 .text.memmove  0x08008990       0xf8 c:/gun_tools/gcc-arm-none-eabi/bin/../lib/gcc/arm-none-eabi/10.3.1/../../../../arm-none-eabi/lib/thumb/v7e-m/nofp\libg.a(lib_a-memmove.o)
                0x08008990                memmove
 .text.__malloc_lock
                0x08008a88        0xc c:/gun_tools/gcc-arm-none-eabi/bin/../lib/gcc/arm-none-eabi/10.3.1/../../../../arm-none-eabi/lib/thumb/v7e-m/nofp\libg.a(lib_a-mlock.o)
                0x08008a88                __malloc_lock
 .text.__malloc_unlock
                0x08008a94        0xc c:/gun_tools/gcc-arm-none-eabi/bin/../lib/gcc/arm-none-eabi/10.3.1/../../../../arm-none-eabi/lib/thumb/v7e-m/nofp\libg.a(lib_a-mlock.o)
                0x08008a94                __malloc_unlock
 .text._Balloc  0x08008aa0       0x4c c:/gun_tools/gcc-arm-none-eabi/bin/../lib/gcc/arm-none-eabi/10.3.1/../../../../arm-none-eabi/lib/thumb/v7e-m/nofp\libg.a(lib_a-mprec.o)
                0x08008aa0                _Balloc
 .text._Bfree   0x08008aec       0x14 c:/gun_tools/gcc-arm-none-eabi/bin/../lib/gcc/arm-none-eabi/10.3.1/../../../../arm-none-eabi/lib/thumb/v7e-m/nofp\libg.a(lib_a-mprec.o)
                0x08008aec                _Bfree
 .text.__multadd
                0x08008b00       0xa0 c:/gun_tools/gcc-arm-none-eabi/bin/../lib/gcc/arm-none-eabi/10.3.1/../../../../arm-none-eabi/lib/thumb/v7e-m/nofp\libg.a(lib_a-mprec.o)
                0x08008b00                __multadd
 .text.__hi0bits
                0x08008ba0       0x40 c:/gun_tools/gcc-arm-none-eabi/bin/../lib/gcc/arm-none-eabi/10.3.1/../../../../arm-none-eabi/lib/thumb/v7e-m/nofp\libg.a(lib_a-mprec.o)
                0x08008ba0                __hi0bits
 .text.__lo0bits
                0x08008be0       0x5c c:/gun_tools/gcc-arm-none-eabi/bin/../lib/gcc/arm-none-eabi/10.3.1/../../../../arm-none-eabi/lib/thumb/v7e-m/nofp\libg.a(lib_a-mprec.o)
                0x08008be0                __lo0bits
 .text.__i2b    0x08008c3c       0x5c c:/gun_tools/gcc-arm-none-eabi/bin/../lib/gcc/arm-none-eabi/10.3.1/../../../../arm-none-eabi/lib/thumb/v7e-m/nofp\libg.a(lib_a-mprec.o)
                0x08008c3c                __i2b
 .text.__multiply
                0x08008c98      0x15c c:/gun_tools/gcc-arm-none-eabi/bin/../lib/gcc/arm-none-eabi/10.3.1/../../../../arm-none-eabi/lib/thumb/v7e-m/nofp\libg.a(lib_a-mprec.o)
                0x08008c98                __multiply
 .text.__pow5mult
                0x08008df4       0xc0 c:/gun_tools/gcc-arm-none-eabi/bin/../lib/gcc/arm-none-eabi/10.3.1/../../../../arm-none-eabi/lib/thumb/v7e-m/nofp\libg.a(lib_a-mprec.o)
                0x08008df4                __pow5mult
 .text.__lshift
                0x08008eb4       0xf0 c:/gun_tools/gcc-arm-none-eabi/bin/../lib/gcc/arm-none-eabi/10.3.1/../../../../arm-none-eabi/lib/thumb/v7e-m/nofp\libg.a(lib_a-mprec.o)
                0x08008eb4                __lshift
 .text.__mcmp   0x08008fa4       0x40 c:/gun_tools/gcc-arm-none-eabi/bin/../lib/gcc/arm-none-eabi/10.3.1/../../../../arm-none-eabi/lib/thumb/v7e-m/nofp\libg.a(lib_a-mprec.o)
                0x08008fa4                __mcmp
 .text.__mdiff  0x08008fe4      0x14c c:/gun_tools/gcc-arm-none-eabi/bin/../lib/gcc/arm-none-eabi/10.3.1/../../../../arm-none-eabi/lib/thumb/v7e-m/nofp\libg.a(lib_a-mprec.o)
                0x08008fe4                __mdiff
 .text.__d2b    0x08009130       0xc4 c:/gun_tools/gcc-arm-none-eabi/bin/../lib/gcc/arm-none-eabi/10.3.1/../../../../arm-none-eabi/lib/thumb/v7e-m/nofp\libg.a(lib_a-mprec.o)
                0x08009130                __d2b
 .text._realloc_r
                0x080091f4      0x3d8 c:/gun_tools/gcc-arm-none-eabi/bin/../lib/gcc/arm-none-eabi/10.3.1/../../../../arm-none-eabi/lib/thumb/v7e-m/nofp\libg.a(lib_a-reallocr.o)
                0x080091f4                _realloc_r
 .text.frexp    0x080095cc       0x70 c:/gun_tools/gcc-arm-none-eabi/bin/../lib/gcc/arm-none-eabi/10.3.1/../../../../arm-none-eabi/lib/thumb/v7e-m/nofp\libg.a(lib_a-s_frexp.o)
                0x080095cc                frexp
 .text._sbrk_r  0x0800963c       0x24 c:/gun_tools/gcc-arm-none-eabi/bin/../lib/gcc/arm-none-eabi/10.3.1/../../../../arm-none-eabi/lib/thumb/v7e-m/nofp\libg.a(lib_a-sbrkr.o)
                0x0800963c                _sbrk_r
 .text.__sread  0x08009660       0x24 c:/gun_tools/gcc-arm-none-eabi/bin/../lib/gcc/arm-none-eabi/10.3.1/../../../../arm-none-eabi/lib/thumb/v7e-m/nofp\libg.a(lib_a-stdio.o)
                0x08009660                __sread
 .text.__swrite
                0x08009684       0x40 c:/gun_tools/gcc-arm-none-eabi/bin/../lib/gcc/arm-none-eabi/10.3.1/../../../../arm-none-eabi/lib/thumb/v7e-m/nofp\libg.a(lib_a-stdio.o)
                0x08009684                __swrite
 .text.__sseek  0x080096c4       0x20 c:/gun_tools/gcc-arm-none-eabi/bin/../lib/gcc/arm-none-eabi/10.3.1/../../../../arm-none-eabi/lib/thumb/v7e-m/nofp\libg.a(lib_a-stdio.o)
                0x080096c4                __sseek
 .text.__sclose
                0x080096e4        0x8 c:/gun_tools/gcc-arm-none-eabi/bin/../lib/gcc/arm-none-eabi/10.3.1/../../../../arm-none-eabi/lib/thumb/v7e-m/nofp\libg.a(lib_a-stdio.o)
                0x080096e4                __sclose
 .text.strncpy  0x080096ec       0x64 c:/gun_tools/gcc-arm-none-eabi/bin/../lib/gcc/arm-none-eabi/10.3.1/../../../../arm-none-eabi/lib/thumb/v7e-m/nofp\libg.a(lib_a-strncpy.o)
                0x080096ec                strncpy
 .text.__sprint_r.part.0
                0x08009750       0x78 c:/gun_tools/gcc-arm-none-eabi/bin/../lib/gcc/arm-none-eabi/10.3.1/../../../../arm-none-eabi/lib/thumb/v7e-m/nofp\libg.a(lib_a-vfiprintf.o)
 .text.__sprint_r
                0x080097c8       0x14 c:/gun_tools/gcc-arm-none-eabi/bin/../lib/gcc/arm-none-eabi/10.3.1/../../../../arm-none-eabi/lib/thumb/v7e-m/nofp\libg.a(lib_a-vfiprintf.o)
                0x080097c8                __sprint_r
 .text._vfiprintf_r
                0x080097dc      0xda0 c:/gun_tools/gcc-arm-none-eabi/bin/../lib/gcc/arm-none-eabi/10.3.1/../../../../arm-none-eabi/lib/thumb/v7e-m/nofp\libg.a(lib_a-vfiprintf.o)
                0x080097dc                _vfiprintf_r
 .text.__sbprintf
                0x0800a57c       0x80 c:/gun_tools/gcc-arm-none-eabi/bin/../lib/gcc/arm-none-eabi/10.3.1/../../../../arm-none-eabi/lib/thumb/v7e-m/nofp\libg.a(lib_a-vfiprintf.o)
 .text._write_r
                0x0800a5fc       0x2c c:/gun_tools/gcc-arm-none-eabi/bin/../lib/gcc/arm-none-eabi/10.3.1/../../../../arm-none-eabi/lib/thumb/v7e-m/nofp\libg.a(lib_a-writer.o)
                0x0800a5fc                _write_r
 .text.__register_exitproc
                0x0800a628       0x8c c:/gun_tools/gcc-arm-none-eabi/bin/../lib/gcc/arm-none-eabi/10.3.1/../../../../arm-none-eabi/lib/thumb/v7e-m/nofp\libg.a(lib_a-__atexit.o)
                0x0800a628                __register_exitproc
 .text.__assert_func
                0x0800a6b4       0x40 c:/gun_tools/gcc-arm-none-eabi/bin/../lib/gcc/arm-none-eabi/10.3.1/../../../../arm-none-eabi/lib/thumb/v7e-m/nofp\libg.a(lib_a-assert.o)
                0x0800a6b4                __assert_func
 .text._calloc_r
                0x0800a6f4       0x78 c:/gun_tools/gcc-arm-none-eabi/bin/../lib/gcc/arm-none-eabi/10.3.1/../../../../arm-none-eabi/lib/thumb/v7e-m/nofp\libg.a(lib_a-callocr.o)
                0x0800a6f4                _calloc_r
 .text._close_r
                0x0800a76c       0x24 c:/gun_tools/gcc-arm-none-eabi/bin/../lib/gcc/arm-none-eabi/10.3.1/../../../../arm-none-eabi/lib/thumb/v7e-m/nofp\libg.a(lib_a-closer.o)
                0x0800a76c                _close_r
 .text._fclose_r
                0x0800a790       0xcc c:/gun_tools/gcc-arm-none-eabi/bin/../lib/gcc/arm-none-eabi/10.3.1/../../../../arm-none-eabi/lib/thumb/v7e-m/nofp\libg.a(lib_a-fclose.o)
                0x0800a790                _fclose_r
 .text.fiprintf
                0x0800a85c       0x28 c:/gun_tools/gcc-arm-none-eabi/bin/../lib/gcc/arm-none-eabi/10.3.1/../../../../arm-none-eabi/lib/thumb/v7e-m/nofp\libg.a(lib_a-fiprintf.o)
                0x0800a85c                fiprintf
 .text.__fputwc
                0x0800a884       0xa8 c:/gun_tools/gcc-arm-none-eabi/bin/../lib/gcc/arm-none-eabi/10.3.1/../../../../arm-none-eabi/lib/thumb/v7e-m/nofp\libg.a(lib_a-fputwc.o)
                0x0800a884                __fputwc
 .text._fputwc_r
                0x0800a92c       0x68 c:/gun_tools/gcc-arm-none-eabi/bin/../lib/gcc/arm-none-eabi/10.3.1/../../../../arm-none-eabi/lib/thumb/v7e-m/nofp\libg.a(lib_a-fputwc.o)
                0x0800a92c                _fputwc_r
 .text._fstat_r
                0x0800a994       0x2c c:/gun_tools/gcc-arm-none-eabi/bin/../lib/gcc/arm-none-eabi/10.3.1/../../../../arm-none-eabi/lib/thumb/v7e-m/nofp\libg.a(lib_a-fstatr.o)
                0x0800a994                _fstat_r
 .text._isatty_r
                0x0800a9c0       0x24 c:/gun_tools/gcc-arm-none-eabi/bin/../lib/gcc/arm-none-eabi/10.3.1/../../../../arm-none-eabi/lib/thumb/v7e-m/nofp\libg.a(lib_a-isattyr.o)
                0x0800a9c0                _isatty_r
 .text.__locale_mb_cur_max
                0x0800a9e4        0xc c:/gun_tools/gcc-arm-none-eabi/bin/../lib/gcc/arm-none-eabi/10.3.1/../../../../arm-none-eabi/lib/thumb/v7e-m/nofp\libg.a(lib_a-locale.o)
                0x0800a9e4                __locale_mb_cur_max
 .text._lseek_r
                0x0800a9f0       0x2c c:/gun_tools/gcc-arm-none-eabi/bin/../lib/gcc/arm-none-eabi/10.3.1/../../../../arm-none-eabi/lib/thumb/v7e-m/nofp\libg.a(lib_a-lseekr.o)
                0x0800a9f0                _lseek_r
 .text.__ascii_mbtowc
                0x0800aa1c       0x2c c:/gun_tools/gcc-arm-none-eabi/bin/../lib/gcc/arm-none-eabi/10.3.1/../../../../arm-none-eabi/lib/thumb/v7e-m/nofp\libg.a(lib_a-mbtowc_r.o)
                0x0800aa1c                __ascii_mbtowc
 .text._read_r  0x0800aa48       0x2c c:/gun_tools/gcc-arm-none-eabi/bin/../lib/gcc/arm-none-eabi/10.3.1/../../../../arm-none-eabi/lib/thumb/v7e-m/nofp\libg.a(lib_a-readr.o)
                0x0800aa48                _read_r
 .text.__swbuf_r
                0x0800aa74       0xb0 c:/gun_tools/gcc-arm-none-eabi/bin/../lib/gcc/arm-none-eabi/10.3.1/../../../../arm-none-eabi/lib/thumb/v7e-m/nofp\libg.a(lib_a-wbuf.o)
                0x0800aa74                __swbuf_r
 .text._wcrtomb_r
                0x0800ab24       0x3c c:/gun_tools/gcc-arm-none-eabi/bin/../lib/gcc/arm-none-eabi/10.3.1/../../../../arm-none-eabi/lib/thumb/v7e-m/nofp\libg.a(lib_a-wcrtomb.o)
                0x0800ab24                _wcrtomb_r
 .text.__ascii_wctomb
                0x0800ab60       0x1c c:/gun_tools/gcc-arm-none-eabi/bin/../lib/gcc/arm-none-eabi/10.3.1/../../../../arm-none-eabi/lib/thumb/v7e-m/nofp\libg.a(lib_a-wctomb_r.o)
                0x0800ab60                __ascii_wctomb
 .text.abort    0x0800ab7c       0x10 c:/gun_tools/gcc-arm-none-eabi/bin/../lib/gcc/arm-none-eabi/10.3.1/../../../../arm-none-eabi/lib/thumb/v7e-m/nofp\libg.a(lib_a-abort.o)
                0x0800ab7c                abort
 .text.raise    0x0800ab8c       0x5c c:/gun_tools/gcc-arm-none-eabi/bin/../lib/gcc/arm-none-eabi/10.3.1/../../../../arm-none-eabi/lib/thumb/v7e-m/nofp\libg.a(lib_a-signal.o)
                0x0800ab8c                raise
 .text._kill_r  0x0800abe8       0x2c c:/gun_tools/gcc-arm-none-eabi/bin/../lib/gcc/arm-none-eabi/10.3.1/../../../../arm-none-eabi/lib/thumb/v7e-m/nofp\libg.a(lib_a-signalr.o)
                0x0800abe8                _kill_r
 .text._getpid_r
                0x0800ac14        0x4 c:/gun_tools/gcc-arm-none-eabi/bin/../lib/gcc/arm-none-eabi/10.3.1/../../../../arm-none-eabi/lib/thumb/v7e-m/nofp\libg.a(lib_a-signalr.o)
                0x0800ac14                _getpid_r
 *(.glue_7)
 .glue_7        0x0800ac18        0x0 linker stubs
 *(.glue_7t)
 .glue_7t       0x0800ac18        0x0 linker stubs
 *(.eh_frame)
 .eh_frame      0x0800ac18        0x0 c:/gun_tools/gcc-arm-none-eabi/bin/../lib/gcc/arm-none-eabi/10.3.1/thumb/v7e-m/nofp/crtbegin.o
 *(.init)
 .init          0x0800ac18        0x4 c:/gun_tools/gcc-arm-none-eabi/bin/../lib/gcc/arm-none-eabi/10.3.1/thumb/v7e-m/nofp/crti.o
                0x0800ac18                _init
 .init          0x0800ac1c        0x8 c:/gun_tools/gcc-arm-none-eabi/bin/../lib/gcc/arm-none-eabi/10.3.1/thumb/v7e-m/nofp/crtn.o
 *(.fini)
 .fini          0x0800ac24        0x4 c:/gun_tools/gcc-arm-none-eabi/bin/../lib/gcc/arm-none-eabi/10.3.1/thumb/v7e-m/nofp/crti.o
                0x0800ac24                _fini
 .fini          0x0800ac28        0x8 c:/gun_tools/gcc-arm-none-eabi/bin/../lib/gcc/arm-none-eabi/10.3.1/thumb/v7e-m/nofp/crtn.o
                0x0800ac30                . = ALIGN (0x4)
                0x0800ac30                _etext = .

.vfp11_veneer   0x0800ac30        0x0
 .vfp11_veneer  0x0800ac30        0x0 linker stubs

.v4_bx          0x0800ac30        0x0
 .v4_bx         0x0800ac30        0x0 linker stubs

.iplt           0x0800ac30        0x0
 .iplt          0x0800ac30        0x0 c:/gun_tools/gcc-arm-none-eabi/bin/../lib/gcc/arm-none-eabi/10.3.1/thumb/v7e-m/nofp/crtbegin.o

.rodata         0x0800ac30      0x490
                0x0800ac30                . = ALIGN (0x4)
 *(.rodata)
 *(.rodata*)
 .rodata.say_hello.str1.4
                0x0800ac30        0x7 CMakeFiles/03_add_uart_project.elf.dir/Arduino/userAPP.c.obj
 *fill*         0x0800ac37        0x1 
 .rodata.initial_do.str1.4
                0x0800ac38       0x52 CMakeFiles/03_add_uart_project.elf.dir/Arduino/userAPP.c.obj
 *fill*         0x0800ac8a        0x2 
 .rodata.D1CorePrescTable
                0x0800ac8c       0x10 CMakeFiles/03_add_uart_project.elf.dir/Core/Src/system_stm32h7xx.c.obj
                0x0800ac8c                D1CorePrescTable
 .rodata.UARTPrescTable
                0x0800ac9c       0x18 CMakeFiles/03_add_uart_project.elf.dir/Drivers/STM32H7xx_HAL_Driver/Src/stm32h7xx_hal_uart.c.obj
                0x0800ac9c                UARTPrescTable
 .rodata.denominator.0
                0x0800acb4        0x8 CMakeFiles/03_add_uart_project.elf.dir/Drivers/STM32H7xx_HAL_Driver/Src/stm32h7xx_hal_uart_ex.c.obj
 .rodata.numerator.1
                0x0800acbc        0x8 CMakeFiles/03_add_uart_project.elf.dir/Drivers/STM32H7xx_HAL_Driver/Src/stm32h7xx_hal_uart_ex.c.obj
 .rodata._global_impure_ptr
                0x0800acc4        0x4 c:/gun_tools/gcc-arm-none-eabi/bin/../lib/gcc/arm-none-eabi/10.3.1/../../../../arm-none-eabi/lib/thumb/v7e-m/nofp\libg.a(lib_a-impure.o)
                0x0800acc4                _global_impure_ptr
 .rodata._puts_r.str1.4
                0x0800acc8       0x52 c:/gun_tools/gcc-arm-none-eabi/bin/../lib/gcc/arm-none-eabi/10.3.1/../../../../arm-none-eabi/lib/thumb/v7e-m/nofp\libg.a(lib_a-puts.o)
                                  0x2 (size before relaxing)
 .rodata._vfprintf_r.str1.4
                0x0800acc8       0x42 c:/gun_tools/gcc-arm-none-eabi/bin/../lib/gcc/arm-none-eabi/10.3.1/../../../../arm-none-eabi/lib/thumb/v7e-m/nofp\libg.a(lib_a-vfprintf.o)
 *fill*         0x0800ad0a        0x2 
 .rodata.blanks.1
                0x0800ad0c       0x10 c:/gun_tools/gcc-arm-none-eabi/bin/../lib/gcc/arm-none-eabi/10.3.1/../../../../arm-none-eabi/lib/thumb/v7e-m/nofp\libg.a(lib_a-vfprintf.o)
 .rodata.zeroes.0
                0x0800ad1c       0x10 c:/gun_tools/gcc-arm-none-eabi/bin/../lib/gcc/arm-none-eabi/10.3.1/../../../../arm-none-eabi/lib/thumb/v7e-m/nofp\libg.a(lib_a-vfprintf.o)
 .rodata._dtoa_r.str1.4
                0x0800ad2c       0xa2 c:/gun_tools/gcc-arm-none-eabi/bin/../lib/gcc/arm-none-eabi/10.3.1/../../../../arm-none-eabi/lib/thumb/v7e-m/nofp\libg.a(lib_a-dtoa.o)
                                 0xa6 (size before relaxing)
 *fill*         0x0800adce        0x2 
 .rodata.__multadd.str1.4
                0x0800add0       0x7f c:/gun_tools/gcc-arm-none-eabi/bin/../lib/gcc/arm-none-eabi/10.3.1/../../../../arm-none-eabi/lib/thumb/v7e-m/nofp\libg.a(lib_a-mprec.o)
                                 0x93 (size before relaxing)
 *fill*         0x0800ae4f        0x1 
 .rodata.__mprec_bigtens
                0x0800ae50       0x28 c:/gun_tools/gcc-arm-none-eabi/bin/../lib/gcc/arm-none-eabi/10.3.1/../../../../arm-none-eabi/lib/thumb/v7e-m/nofp\libg.a(lib_a-mprec.o)
                0x0800ae50                __mprec_bigtens
 .rodata.__mprec_tens
                0x0800ae78       0xc8 c:/gun_tools/gcc-arm-none-eabi/bin/../lib/gcc/arm-none-eabi/10.3.1/../../../../arm-none-eabi/lib/thumb/v7e-m/nofp\libg.a(lib_a-mprec.o)
                0x0800ae78                __mprec_tens
 .rodata.p05.0  0x0800af40        0xc c:/gun_tools/gcc-arm-none-eabi/bin/../lib/gcc/arm-none-eabi/10.3.1/../../../../arm-none-eabi/lib/thumb/v7e-m/nofp\libg.a(lib_a-mprec.o)
 .rodata._vfiprintf_r.str1.4
                0x0800af4c       0x2f c:/gun_tools/gcc-arm-none-eabi/bin/../lib/gcc/arm-none-eabi/10.3.1/../../../../arm-none-eabi/lib/thumb/v7e-m/nofp\libg.a(lib_a-vfiprintf.o)
 .rodata.blanks.1
                0x0800af4c       0x10 c:/gun_tools/gcc-arm-none-eabi/bin/../lib/gcc/arm-none-eabi/10.3.1/../../../../arm-none-eabi/lib/thumb/v7e-m/nofp\libg.a(lib_a-vfiprintf.o)
 .rodata.zeroes.0
                0x0800af5c       0x10 c:/gun_tools/gcc-arm-none-eabi/bin/../lib/gcc/arm-none-eabi/10.3.1/../../../../arm-none-eabi/lib/thumb/v7e-m/nofp\libg.a(lib_a-vfiprintf.o)
 .rodata.__assert_func.str1.4
                0x0800af6c       0x3f c:/gun_tools/gcc-arm-none-eabi/bin/../lib/gcc/arm-none-eabi/10.3.1/../../../../arm-none-eabi/lib/thumb/v7e-m/nofp\libg.a(lib_a-assert.o)
                                 0x43 (size before relaxing)
 *fill*         0x0800afab        0x1 
 .rodata._setlocale_r.str1.4
                0x0800afac        0xa c:/gun_tools/gcc-arm-none-eabi/bin/../lib/gcc/arm-none-eabi/10.3.1/../../../../arm-none-eabi/lib/thumb/v7e-m/nofp\libg.a(lib_a-locale.o)
                                  0xd (size before relaxing)
 *fill*         0x0800afb6        0x2 
 .rodata.str1.4
                0x0800afb8        0x2 c:/gun_tools/gcc-arm-none-eabi/bin/../lib/gcc/arm-none-eabi/10.3.1/../../../../arm-none-eabi/lib/thumb/v7e-m/nofp\libg.a(lib_a-locale.o)
 *fill*         0x0800afba        0x2 
 .rodata._ctype_
                0x0800afbc      0x101 c:/gun_tools/gcc-arm-none-eabi/bin/../lib/gcc/arm-none-eabi/10.3.1/../../../../arm-none-eabi/lib/thumb/v7e-m/nofp\libg.a(lib_a-ctype_.o)
                0x0800afbc                _ctype_
                0x0800b0c0                . = ALIGN (0x4)
 *fill*         0x0800b0bd        0x3 

.ARM.extab
 *(.ARM.extab* .gnu.linkonce.armextab.*)

.ARM            0x0800b0c0        0x8
                0x0800b0c0                __exidx_start = .
 *(.ARM.exidx*)
 .ARM.exidx     0x0800b0c0        0x8 c:/gun_tools/gcc-arm-none-eabi/bin/../lib/gcc/arm-none-eabi/10.3.1/thumb/v7e-m/nofp\libgcc.a(_udivmoddi4.o)
                0x0800b0c8                __exidx_end = .

.rel.dyn        0x0800b0c8        0x0
 .rel.iplt      0x0800b0c8        0x0 c:/gun_tools/gcc-arm-none-eabi/bin/../lib/gcc/arm-none-eabi/10.3.1/thumb/v7e-m/nofp/crtbegin.o

.preinit_array  0x0800b0c8        0x0
                0x0800b0c8                PROVIDE (__preinit_array_start = .)
 *(.preinit_array*)
                0x0800b0c8                PROVIDE (__preinit_array_end = .)

.init_array     0x0800b0c8        0x8
                0x0800b0c8                PROVIDE (__init_array_start = .)
 *(SORT_BY_NAME(.init_array.*))
 .init_array.00000
                0x0800b0c8        0x4 c:/gun_tools/gcc-arm-none-eabi/bin/../lib/gcc/arm-none-eabi/10.3.1/../../../../arm-none-eabi/lib/thumb/v7e-m/nofp\libg.a(lib_a-__call_atexit.o)
 *(.init_array*)
 .init_array    0x0800b0cc        0x4 c:/gun_tools/gcc-arm-none-eabi/bin/../lib/gcc/arm-none-eabi/10.3.1/thumb/v7e-m/nofp/crtbegin.o
                0x0800b0d0                PROVIDE (__init_array_end = .)

.fini_array     0x0800b0d0        0x4
                0x0800b0d0                PROVIDE (__fini_array_start = .)
 *(SORT_BY_NAME(.fini_array.*))
 *(.fini_array*)
 .fini_array    0x0800b0d0        0x4 c:/gun_tools/gcc-arm-none-eabi/bin/../lib/gcc/arm-none-eabi/10.3.1/thumb/v7e-m/nofp/crtbegin.o
                0x0800b0d4                PROVIDE (__fini_array_end = .)
                0x0800b0d4                _sidata = LOADADDR (.data)

.data           0x20000000      0x9c0 load address 0x0800b0d4
                0x20000000                . = ALIGN (0x4)
                0x20000000                _sdata = .
 *(.data)
 *(.data*)
 .data.SystemCoreClock
                0x20000000        0x4 CMakeFiles/03_add_uart_project.elf.dir/Core/Src/system_stm32h7xx.c.obj
                0x20000000                SystemCoreClock
 .data.SystemD2Clock
                0x20000004        0x4 CMakeFiles/03_add_uart_project.elf.dir/Core/Src/system_stm32h7xx.c.obj
                0x20000004                SystemD2Clock
 .data.uwTickFreq
                0x20000008        0x1 CMakeFiles/03_add_uart_project.elf.dir/Drivers/STM32H7xx_HAL_Driver/Src/stm32h7xx_hal.c.obj
                0x20000008                uwTickFreq
 *fill*         0x20000009        0x3 
 .data.uwTickPrio
                0x2000000c        0x4 CMakeFiles/03_add_uart_project.elf.dir/Drivers/STM32H7xx_HAL_Driver/Src/stm32h7xx_hal.c.obj
                0x2000000c                uwTickPrio
 .data._impure_ptr
                0x20000010        0x4 c:/gun_tools/gcc-arm-none-eabi/bin/../lib/gcc/arm-none-eabi/10.3.1/../../../../arm-none-eabi/lib/thumb/v7e-m/nofp\libg.a(lib_a-impure.o)
                0x20000010                _impure_ptr
 *fill*         0x20000014        0x4 
 .data.impure_data
                0x20000018      0x428 c:/gun_tools/gcc-arm-none-eabi/bin/../lib/gcc/arm-none-eabi/10.3.1/../../../../arm-none-eabi/lib/thumb/v7e-m/nofp\libg.a(lib_a-impure.o)
 .data.__atexit_recursive_mutex
                0x20000440        0x4 c:/gun_tools/gcc-arm-none-eabi/bin/../lib/gcc/arm-none-eabi/10.3.1/../../../../arm-none-eabi/lib/thumb/v7e-m/nofp\libg.a(lib_a-__call_atexit.o)
                0x20000440                __atexit_recursive_mutex
 .data.__malloc_av_
                0x20000444      0x408 c:/gun_tools/gcc-arm-none-eabi/bin/../lib/gcc/arm-none-eabi/10.3.1/../../../../arm-none-eabi/lib/thumb/v7e-m/nofp\libg.a(lib_a-mallocr.o)
                0x20000444                __malloc_av_
 .data.__malloc_sbrk_base
                0x2000084c        0x4 c:/gun_tools/gcc-arm-none-eabi/bin/../lib/gcc/arm-none-eabi/10.3.1/../../../../arm-none-eabi/lib/thumb/v7e-m/nofp\libg.a(lib_a-mallocr.o)
                0x2000084c                __malloc_sbrk_base
 .data.__malloc_trim_threshold
                0x20000850        0x4 c:/gun_tools/gcc-arm-none-eabi/bin/../lib/gcc/arm-none-eabi/10.3.1/../../../../arm-none-eabi/lib/thumb/v7e-m/nofp\libg.a(lib_a-mallocr.o)
                0x20000850                __malloc_trim_threshold
 .data.__global_locale
                0x20000854      0x16c c:/gun_tools/gcc-arm-none-eabi/bin/../lib/gcc/arm-none-eabi/10.3.1/../../../../arm-none-eabi/lib/thumb/v7e-m/nofp\libg.a(lib_a-locale.o)
                0x20000854                __global_locale
                0x200009c0                . = ALIGN (0x4)
                0x200009c0                _edata = .

.igot.plt       0x200009c0        0x0 load address 0x0800ba94
 .igot.plt      0x200009c0        0x0 c:/gun_tools/gcc-arm-none-eabi/bin/../lib/gcc/arm-none-eabi/10.3.1/thumb/v7e-m/nofp/crtbegin.o
                0x200009c0                . = ALIGN (0x4)

.bss            0x200009c0      0x1c4 load address 0x0800ba94
                0x200009c0                _sbss = .
                0x200009c0                __bss_start__ = _sbss
 *(.bss)
 .bss           0x200009c0       0x1c c:/gun_tools/gcc-arm-none-eabi/bin/../lib/gcc/arm-none-eabi/10.3.1/thumb/v7e-m/nofp/crtbegin.o
 *(.bss*)
 .bss.time.0    0x200009dc        0x4 CMakeFiles/03_add_uart_project.elf.dir/Arduino/userAPP.c.obj
 .bss.gHuart    0x200009e0        0x4 CMakeFiles/03_add_uart_project.elf.dir/Arduino/utils/retarget.c.obj
                0x200009e0                gHuart
 .bss.heap_end.0
                0x200009e4        0x4 CMakeFiles/03_add_uart_project.elf.dir/Core/Src/syscalls.c.obj
 .bss.huart4    0x200009e8       0x90 CMakeFiles/03_add_uart_project.elf.dir/Core/Src/usart.c.obj
                0x200009e8                huart4
 .bss.uwTick    0x20000a78        0x4 CMakeFiles/03_add_uart_project.elf.dir/Drivers/STM32H7xx_HAL_Driver/Src/stm32h7xx_hal.c.obj
                0x20000a78                uwTick
 .bss.cposhHandlers
                0x20000a7c       0xc0 CMakeFiles/03_add_uart_project.elf.dir/MyFunction/cpost/cpost.c.obj
                0x20000a7c                cposhHandlers
 .bss.__lock___atexit_recursive_mutex
                0x20000b3c        0x1 c:/gun_tools/gcc-arm-none-eabi/bin/../lib/gcc/arm-none-eabi/10.3.1/../../../../arm-none-eabi/lib/thumb/v7e-m/nofp\libg.a(lib_a-lock.o)
                0x20000b3c                __lock___atexit_recursive_mutex
 *fill*         0x20000b3d        0x3 
 .bss.__lock___malloc_recursive_mutex
                0x20000b40        0x1 c:/gun_tools/gcc-arm-none-eabi/bin/../lib/gcc/arm-none-eabi/10.3.1/../../../../arm-none-eabi/lib/thumb/v7e-m/nofp\libg.a(lib_a-lock.o)
                0x20000b40                __lock___malloc_recursive_mutex
 *fill*         0x20000b41        0x3 
 .bss.__lock___sfp_recursive_mutex
                0x20000b44        0x1 c:/gun_tools/gcc-arm-none-eabi/bin/../lib/gcc/arm-none-eabi/10.3.1/../../../../arm-none-eabi/lib/thumb/v7e-m/nofp\libg.a(lib_a-lock.o)
                0x20000b44                __lock___sfp_recursive_mutex
 *fill*         0x20000b45        0x3 
 .bss.__lock___sinit_recursive_mutex
                0x20000b48        0x1 c:/gun_tools/gcc-arm-none-eabi/bin/../lib/gcc/arm-none-eabi/10.3.1/../../../../arm-none-eabi/lib/thumb/v7e-m/nofp\libg.a(lib_a-lock.o)
                0x20000b48                __lock___sinit_recursive_mutex
 *fill*         0x20000b49        0x3 
 .bss.__malloc_current_mallinfo
                0x20000b4c       0x28 c:/gun_tools/gcc-arm-none-eabi/bin/../lib/gcc/arm-none-eabi/10.3.1/../../../../arm-none-eabi/lib/thumb/v7e-m/nofp\libg.a(lib_a-mallocr.o)
                0x20000b4c                __malloc_current_mallinfo
 .bss.__malloc_max_sbrked_mem
                0x20000b74        0x4 c:/gun_tools/gcc-arm-none-eabi/bin/../lib/gcc/arm-none-eabi/10.3.1/../../../../arm-none-eabi/lib/thumb/v7e-m/nofp\libg.a(lib_a-mallocr.o)
                0x20000b74                __malloc_max_sbrked_mem
 .bss.__malloc_max_total_mem
                0x20000b78        0x4 c:/gun_tools/gcc-arm-none-eabi/bin/../lib/gcc/arm-none-eabi/10.3.1/../../../../arm-none-eabi/lib/thumb/v7e-m/nofp\libg.a(lib_a-mallocr.o)
                0x20000b78                __malloc_max_total_mem
 .bss.__malloc_top_pad
                0x20000b7c        0x4 c:/gun_tools/gcc-arm-none-eabi/bin/../lib/gcc/arm-none-eabi/10.3.1/../../../../arm-none-eabi/lib/thumb/v7e-m/nofp\libg.a(lib_a-mallocr.o)
                0x20000b7c                __malloc_top_pad
 .bss.errno     0x20000b80        0x4 c:/gun_tools/gcc-arm-none-eabi/bin/../lib/gcc/arm-none-eabi/10.3.1/../../../../arm-none-eabi/lib/thumb/v7e-m/nofp\libg.a(lib_a-reent.o)
                0x20000b80                errno
 *(COMMON)
                0x20000b84                . = ALIGN (0x4)
                0x20000b84                _ebss = .
                0x20000b84                __bss_end__ = _ebss

._user_heap_stack
                0x20000b84      0x604 load address 0x0800ba94
                0x20000b88                . = ALIGN (0x8)
 *fill*         0x20000b84        0x4 
                0x20000b88                PROVIDE (end = .)
                [!provide]                PROVIDE (_end = .)
                0x20000d88                . = (. + _Min_Heap_Size)
 *fill*         0x20000b88      0x200 
                0x20001188                . = (. + _Min_Stack_Size)
 *fill*         0x20000d88      0x400 
                0x20001188                . = ALIGN (0x8)

/DISCARD/
 libc.a(*)
 libm.a(*)
 libgcc.a(*)

.ARM.attributes
                0x00000000       0x2a
 *(.ARM.attributes)
 .ARM.attributes
                0x00000000       0x1e c:/gun_tools/gcc-arm-none-eabi/bin/../lib/gcc/arm-none-eabi/10.3.1/thumb/v7e-m/nofp/crti.o
 .ARM.attributes
                0x0000001e       0x2e c:/gun_tools/gcc-arm-none-eabi/bin/../lib/gcc/arm-none-eabi/10.3.1/thumb/v7e-m/nofp/crtbegin.o
 .ARM.attributes
                0x0000004c       0x2e CMakeFiles/03_add_uart_project.elf.dir/Arduino/userAPP.c.obj
 .ARM.attributes
                0x0000007a       0x2e CMakeFiles/03_add_uart_project.elf.dir/Arduino/utils/retarget.c.obj
 .ARM.attributes
                0x000000a8       0x2e CMakeFiles/03_add_uart_project.elf.dir/Core/Src/gpio.c.obj
 .ARM.attributes
                0x000000d6       0x2e CMakeFiles/03_add_uart_project.elf.dir/Core/Src/main.c.obj
 .ARM.attributes
                0x00000104       0x2e CMakeFiles/03_add_uart_project.elf.dir/Core/Src/stm32h7xx_hal_msp.c.obj
 .ARM.attributes
                0x00000132       0x2e CMakeFiles/03_add_uart_project.elf.dir/Core/Src/stm32h7xx_it.c.obj
 .ARM.attributes
                0x00000160       0x2e CMakeFiles/03_add_uart_project.elf.dir/Core/Src/syscalls.c.obj
 .ARM.attributes
                0x0000018e       0x2e CMakeFiles/03_add_uart_project.elf.dir/Core/Src/system_stm32h7xx.c.obj
 .ARM.attributes
                0x000001bc       0x2e CMakeFiles/03_add_uart_project.elf.dir/Core/Src/usart.c.obj
 .ARM.attributes
                0x000001ea       0x2e CMakeFiles/03_add_uart_project.elf.dir/Drivers/STM32H7xx_HAL_Driver/Src/stm32h7xx_hal.c.obj
 .ARM.attributes
                0x00000218       0x2e CMakeFiles/03_add_uart_project.elf.dir/Drivers/STM32H7xx_HAL_Driver/Src/stm32h7xx_hal_cortex.c.obj
 .ARM.attributes
                0x00000246       0x2e CMakeFiles/03_add_uart_project.elf.dir/Drivers/STM32H7xx_HAL_Driver/Src/stm32h7xx_hal_gpio.c.obj
 .ARM.attributes
                0x00000274       0x2e CMakeFiles/03_add_uart_project.elf.dir/Drivers/STM32H7xx_HAL_Driver/Src/stm32h7xx_hal_pwr_ex.c.obj
 .ARM.attributes
                0x000002a2       0x2e CMakeFiles/03_add_uart_project.elf.dir/Drivers/STM32H7xx_HAL_Driver/Src/stm32h7xx_hal_rcc.c.obj
 .ARM.attributes
                0x000002d0       0x2e CMakeFiles/03_add_uart_project.elf.dir/Drivers/STM32H7xx_HAL_Driver/Src/stm32h7xx_hal_rcc_ex.c.obj
 .ARM.attributes
                0x000002fe       0x2e CMakeFiles/03_add_uart_project.elf.dir/Drivers/STM32H7xx_HAL_Driver/Src/stm32h7xx_hal_uart.c.obj
 .ARM.attributes
                0x0000032c       0x2e CMakeFiles/03_add_uart_project.elf.dir/Drivers/STM32H7xx_HAL_Driver/Src/stm32h7xx_hal_uart_ex.c.obj
 .ARM.attributes
                0x0000035a       0x2e CMakeFiles/03_add_uart_project.elf.dir/MyFunction/cpost/cpost.c.obj
 .ARM.attributes
                0x00000388       0x21 CMakeFiles/03_add_uart_project.elf.dir/startup/startup_stm32h750xx.s.obj
 .ARM.attributes
                0x000003a9       0x1e c:/gun_tools/gcc-arm-none-eabi/bin/../lib/gcc/arm-none-eabi/10.3.1/thumb/v7e-m/nofp\libgcc.a(_arm_addsubsf3.o)
 .ARM.attributes
                0x000003c7       0x1e c:/gun_tools/gcc-arm-none-eabi/bin/../lib/gcc/arm-none-eabi/10.3.1/thumb/v7e-m/nofp\libgcc.a(_arm_muldivsf3.o)
 .ARM.attributes
                0x000003e5       0x1e c:/gun_tools/gcc-arm-none-eabi/bin/../lib/gcc/arm-none-eabi/10.3.1/thumb/v7e-m/nofp\libgcc.a(_arm_fixunssfsi.o)
 .ARM.attributes
                0x00000403       0x1e c:/gun_tools/gcc-arm-none-eabi/bin/../lib/gcc/arm-none-eabi/10.3.1/thumb/v7e-m/nofp\libgcc.a(_aeabi_uldivmod.o)
 .ARM.attributes
                0x00000421       0x2e c:/gun_tools/gcc-arm-none-eabi/bin/../lib/gcc/arm-none-eabi/10.3.1/thumb/v7e-m/nofp\libgcc.a(_udivmoddi4.o)
 .ARM.attributes
                0x0000044f       0x1e c:/gun_tools/gcc-arm-none-eabi/bin/../lib/gcc/arm-none-eabi/10.3.1/thumb/v7e-m/nofp\libgcc.a(_dvmd_tls.o)
 .ARM.attributes
                0x0000046d       0x2e c:/gun_tools/gcc-arm-none-eabi/bin/../lib/gcc/arm-none-eabi/10.3.1/../../../../arm-none-eabi/lib/thumb/v7e-m/nofp\libg.a(lib_a-errno.o)
 .ARM.attributes
                0x0000049b       0x2e c:/gun_tools/gcc-arm-none-eabi/bin/../lib/gcc/arm-none-eabi/10.3.1/../../../../arm-none-eabi/lib/thumb/v7e-m/nofp\libg.a(lib_a-impure.o)
 .ARM.attributes
                0x000004c9       0x2e c:/gun_tools/gcc-arm-none-eabi/bin/../lib/gcc/arm-none-eabi/10.3.1/../../../../arm-none-eabi/lib/thumb/v7e-m/nofp\libg.a(lib_a-init.o)
 .ARM.attributes
                0x000004f7       0x2e c:/gun_tools/gcc-arm-none-eabi/bin/../lib/gcc/arm-none-eabi/10.3.1/../../../../arm-none-eabi/lib/thumb/v7e-m/nofp\libg.a(lib_a-memset.o)
 .ARM.attributes
                0x00000525       0x2e c:/gun_tools/gcc-arm-none-eabi/bin/../lib/gcc/arm-none-eabi/10.3.1/../../../../arm-none-eabi/lib/thumb/v7e-m/nofp\libg.a(lib_a-printf.o)
 .ARM.attributes
                0x00000553       0x2e c:/gun_tools/gcc-arm-none-eabi/bin/../lib/gcc/arm-none-eabi/10.3.1/../../../../arm-none-eabi/lib/thumb/v7e-m/nofp\libg.a(lib_a-puts.o)
 .ARM.attributes
                0x00000581       0x2e c:/gun_tools/gcc-arm-none-eabi/bin/../lib/gcc/arm-none-eabi/10.3.1/../../../../arm-none-eabi/lib/thumb/v7e-m/nofp\libg.a(lib_a-setvbuf.o)
 .ARM.attributes
                0x000005af       0x1c c:/gun_tools/gcc-arm-none-eabi/bin/../lib/gcc/arm-none-eabi/10.3.1/../../../../arm-none-eabi/lib/thumb/v7e-m/nofp\libg.a(lib_a-strlen.o)
 .ARM.attributes
                0x000005cb       0x2e c:/gun_tools/gcc-arm-none-eabi/bin/../lib/gcc/arm-none-eabi/10.3.1/../../../../arm-none-eabi/lib/thumb/v7e-m/nofp\libg.a(lib_a-vfprintf.o)
 .ARM.attributes
                0x000005f9       0x2e c:/gun_tools/gcc-arm-none-eabi/bin/../lib/gcc/arm-none-eabi/10.3.1/../../../../arm-none-eabi/lib/thumb/v7e-m/nofp\libg.a(lib_a-wsetup.o)
 .ARM.attributes
                0x00000627       0x2e c:/gun_tools/gcc-arm-none-eabi/bin/../lib/gcc/arm-none-eabi/10.3.1/../../../../arm-none-eabi/lib/thumb/v7e-m/nofp\libg.a(lib_a-__call_atexit.o)
 .ARM.attributes
                0x00000655       0x2e c:/gun_tools/gcc-arm-none-eabi/bin/../lib/gcc/arm-none-eabi/10.3.1/../../../../arm-none-eabi/lib/thumb/v7e-m/nofp\libg.a(lib_a-atexit.o)
 .ARM.attributes
                0x00000683       0x2e c:/gun_tools/gcc-arm-none-eabi/bin/../lib/gcc/arm-none-eabi/10.3.1/../../../../arm-none-eabi/lib/thumb/v7e-m/nofp\libg.a(lib_a-dtoa.o)
 .ARM.attributes
                0x000006b1       0x2e c:/gun_tools/gcc-arm-none-eabi/bin/../lib/gcc/arm-none-eabi/10.3.1/../../../../arm-none-eabi/lib/thumb/v7e-m/nofp\libg.a(lib_a-fflush.o)
 .ARM.attributes
                0x000006df       0x2e c:/gun_tools/gcc-arm-none-eabi/bin/../lib/gcc/arm-none-eabi/10.3.1/../../../../arm-none-eabi/lib/thumb/v7e-m/nofp\libg.a(lib_a-findfp.o)
 .ARM.attributes
                0x0000070d       0x2e c:/gun_tools/gcc-arm-none-eabi/bin/../lib/gcc/arm-none-eabi/10.3.1/../../../../arm-none-eabi/lib/thumb/v7e-m/nofp\libg.a(lib_a-fini.o)
 .ARM.attributes
                0x0000073b       0x2e c:/gun_tools/gcc-arm-none-eabi/bin/../lib/gcc/arm-none-eabi/10.3.1/../../../../arm-none-eabi/lib/thumb/v7e-m/nofp\libg.a(lib_a-freer.o)
 .ARM.attributes
                0x00000769       0x2e c:/gun_tools/gcc-arm-none-eabi/bin/../lib/gcc/arm-none-eabi/10.3.1/../../../../arm-none-eabi/lib/thumb/v7e-m/nofp\libg.a(lib_a-fvwrite.o)
 .ARM.attributes
                0x00000797       0x2e c:/gun_tools/gcc-arm-none-eabi/bin/../lib/gcc/arm-none-eabi/10.3.1/../../../../arm-none-eabi/lib/thumb/v7e-m/nofp\libg.a(lib_a-fwalk.o)
 .ARM.attributes
                0x000007c5       0x2e c:/gun_tools/gcc-arm-none-eabi/bin/../lib/gcc/arm-none-eabi/10.3.1/../../../../arm-none-eabi/lib/thumb/v7e-m/nofp\libg.a(lib_a-localeconv.o)
 .ARM.attributes
                0x000007f3       0x2e c:/gun_tools/gcc-arm-none-eabi/bin/../lib/gcc/arm-none-eabi/10.3.1/../../../../arm-none-eabi/lib/thumb/v7e-m/nofp\libg.a(lib_a-lock.o)
 .ARM.attributes
                0x00000821       0x2e c:/gun_tools/gcc-arm-none-eabi/bin/../lib/gcc/arm-none-eabi/10.3.1/../../../../arm-none-eabi/lib/thumb/v7e-m/nofp\libg.a(lib_a-makebuf.o)
 .ARM.attributes
                0x0000084f       0x2e c:/gun_tools/gcc-arm-none-eabi/bin/../lib/gcc/arm-none-eabi/10.3.1/../../../../arm-none-eabi/lib/thumb/v7e-m/nofp\libg.a(lib_a-malloc.o)
 .ARM.attributes
                0x0000087d       0x2e c:/gun_tools/gcc-arm-none-eabi/bin/../lib/gcc/arm-none-eabi/10.3.1/../../../../arm-none-eabi/lib/thumb/v7e-m/nofp\libg.a(lib_a-mallocr.o)
 .ARM.attributes
                0x000008ab       0x1c c:/gun_tools/gcc-arm-none-eabi/bin/../lib/gcc/arm-none-eabi/10.3.1/../../../../arm-none-eabi/lib/thumb/v7e-m/nofp\libg.a(lib_a-memchr.o)
 .ARM.attributes
                0x000008c7       0x1c c:/gun_tools/gcc-arm-none-eabi/bin/../lib/gcc/arm-none-eabi/10.3.1/../../../../arm-none-eabi/lib/thumb/v7e-m/nofp\libg.a(lib_a-memcpy.o)
 .ARM.attributes
                0x000008e3       0x2e c:/gun_tools/gcc-arm-none-eabi/bin/../lib/gcc/arm-none-eabi/10.3.1/../../../../arm-none-eabi/lib/thumb/v7e-m/nofp\libg.a(lib_a-memmove.o)
 .ARM.attributes
                0x00000911       0x2e c:/gun_tools/gcc-arm-none-eabi/bin/../lib/gcc/arm-none-eabi/10.3.1/../../../../arm-none-eabi/lib/thumb/v7e-m/nofp\libg.a(lib_a-mlock.o)
 .ARM.attributes
                0x0000093f       0x2e c:/gun_tools/gcc-arm-none-eabi/bin/../lib/gcc/arm-none-eabi/10.3.1/../../../../arm-none-eabi/lib/thumb/v7e-m/nofp\libg.a(lib_a-mprec.o)
 .ARM.attributes
                0x0000096d       0x2e c:/gun_tools/gcc-arm-none-eabi/bin/../lib/gcc/arm-none-eabi/10.3.1/../../../../arm-none-eabi/lib/thumb/v7e-m/nofp\libg.a(lib_a-reallocr.o)
 .ARM.attributes
                0x0000099b       0x2e c:/gun_tools/gcc-arm-none-eabi/bin/../lib/gcc/arm-none-eabi/10.3.1/../../../../arm-none-eabi/lib/thumb/v7e-m/nofp\libg.a(lib_a-s_frexp.o)
 .ARM.attributes
                0x000009c9       0x2e c:/gun_tools/gcc-arm-none-eabi/bin/../lib/gcc/arm-none-eabi/10.3.1/../../../../arm-none-eabi/lib/thumb/v7e-m/nofp\libg.a(lib_a-sbrkr.o)
 .ARM.attributes
                0x000009f7       0x2e c:/gun_tools/gcc-arm-none-eabi/bin/../lib/gcc/arm-none-eabi/10.3.1/../../../../arm-none-eabi/lib/thumb/v7e-m/nofp\libg.a(lib_a-stdio.o)
 .ARM.attributes
                0x00000a25       0x2e c:/gun_tools/gcc-arm-none-eabi/bin/../lib/gcc/arm-none-eabi/10.3.1/../../../../arm-none-eabi/lib/thumb/v7e-m/nofp\libg.a(lib_a-strncpy.o)
 .ARM.attributes
                0x00000a53       0x2e c:/gun_tools/gcc-arm-none-eabi/bin/../lib/gcc/arm-none-eabi/10.3.1/../../../../arm-none-eabi/lib/thumb/v7e-m/nofp\libg.a(lib_a-vfiprintf.o)
 .ARM.attributes
                0x00000a81       0x2e c:/gun_tools/gcc-arm-none-eabi/bin/../lib/gcc/arm-none-eabi/10.3.1/../../../../arm-none-eabi/lib/thumb/v7e-m/nofp\libg.a(lib_a-writer.o)
 .ARM.attributes
                0x00000aaf       0x2e c:/gun_tools/gcc-arm-none-eabi/bin/../lib/gcc/arm-none-eabi/10.3.1/../../../../arm-none-eabi/lib/thumb/v7e-m/nofp\libg.a(lib_a-__atexit.o)
 .ARM.attributes
                0x00000add       0x2e c:/gun_tools/gcc-arm-none-eabi/bin/../lib/gcc/arm-none-eabi/10.3.1/../../../../arm-none-eabi/lib/thumb/v7e-m/nofp\libg.a(lib_a-assert.o)
 .ARM.attributes
                0x00000b0b       0x2e c:/gun_tools/gcc-arm-none-eabi/bin/../lib/gcc/arm-none-eabi/10.3.1/../../../../arm-none-eabi/lib/thumb/v7e-m/nofp\libg.a(lib_a-callocr.o)
 .ARM.attributes
                0x00000b39       0x2e c:/gun_tools/gcc-arm-none-eabi/bin/../lib/gcc/arm-none-eabi/10.3.1/../../../../arm-none-eabi/lib/thumb/v7e-m/nofp\libg.a(lib_a-closer.o)
 .ARM.attributes
                0x00000b67       0x2e c:/gun_tools/gcc-arm-none-eabi/bin/../lib/gcc/arm-none-eabi/10.3.1/../../../../arm-none-eabi/lib/thumb/v7e-m/nofp\libg.a(lib_a-fclose.o)
 .ARM.attributes
                0x00000b95       0x2e c:/gun_tools/gcc-arm-none-eabi/bin/../lib/gcc/arm-none-eabi/10.3.1/../../../../arm-none-eabi/lib/thumb/v7e-m/nofp\libg.a(lib_a-fiprintf.o)
 .ARM.attributes
                0x00000bc3       0x2e c:/gun_tools/gcc-arm-none-eabi/bin/../lib/gcc/arm-none-eabi/10.3.1/../../../../arm-none-eabi/lib/thumb/v7e-m/nofp\libg.a(lib_a-fputwc.o)
 .ARM.attributes
                0x00000bf1       0x2e c:/gun_tools/gcc-arm-none-eabi/bin/../lib/gcc/arm-none-eabi/10.3.1/../../../../arm-none-eabi/lib/thumb/v7e-m/nofp\libg.a(lib_a-fstatr.o)
 .ARM.attributes
                0x00000c1f       0x2e c:/gun_tools/gcc-arm-none-eabi/bin/../lib/gcc/arm-none-eabi/10.3.1/../../../../arm-none-eabi/lib/thumb/v7e-m/nofp\libg.a(lib_a-isattyr.o)
 .ARM.attributes
                0x00000c4d       0x2e c:/gun_tools/gcc-arm-none-eabi/bin/../lib/gcc/arm-none-eabi/10.3.1/../../../../arm-none-eabi/lib/thumb/v7e-m/nofp\libg.a(lib_a-locale.o)
 .ARM.attributes
                0x00000c7b       0x2e c:/gun_tools/gcc-arm-none-eabi/bin/../lib/gcc/arm-none-eabi/10.3.1/../../../../arm-none-eabi/lib/thumb/v7e-m/nofp\libg.a(lib_a-lseekr.o)
 .ARM.attributes
                0x00000ca9       0x2e c:/gun_tools/gcc-arm-none-eabi/bin/../lib/gcc/arm-none-eabi/10.3.1/../../../../arm-none-eabi/lib/thumb/v7e-m/nofp\libg.a(lib_a-mbtowc_r.o)
 .ARM.attributes
                0x00000cd7       0x2e c:/gun_tools/gcc-arm-none-eabi/bin/../lib/gcc/arm-none-eabi/10.3.1/../../../../arm-none-eabi/lib/thumb/v7e-m/nofp\libg.a(lib_a-readr.o)
 .ARM.attributes
                0x00000d05       0x2e c:/gun_tools/gcc-arm-none-eabi/bin/../lib/gcc/arm-none-eabi/10.3.1/../../../../arm-none-eabi/lib/thumb/v7e-m/nofp\libg.a(lib_a-reent.o)
 .ARM.attributes
                0x00000d33       0x2e c:/gun_tools/gcc-arm-none-eabi/bin/../lib/gcc/arm-none-eabi/10.3.1/../../../../arm-none-eabi/lib/thumb/v7e-m/nofp\libg.a(lib_a-wbuf.o)
 .ARM.attributes
                0x00000d61       0x2e c:/gun_tools/gcc-arm-none-eabi/bin/../lib/gcc/arm-none-eabi/10.3.1/../../../../arm-none-eabi/lib/thumb/v7e-m/nofp\libg.a(lib_a-wcrtomb.o)
 .ARM.attributes
                0x00000d8f       0x2e c:/gun_tools/gcc-arm-none-eabi/bin/../lib/gcc/arm-none-eabi/10.3.1/../../../../arm-none-eabi/lib/thumb/v7e-m/nofp\libg.a(lib_a-wctomb_r.o)
 .ARM.attributes
                0x00000dbd       0x2e c:/gun_tools/gcc-arm-none-eabi/bin/../lib/gcc/arm-none-eabi/10.3.1/../../../../arm-none-eabi/lib/thumb/v7e-m/nofp\libg.a(lib_a-abort.o)
 .ARM.attributes
                0x00000deb       0x2e c:/gun_tools/gcc-arm-none-eabi/bin/../lib/gcc/arm-none-eabi/10.3.1/../../../../arm-none-eabi/lib/thumb/v7e-m/nofp\libg.a(lib_a-ctype_.o)
 .ARM.attributes
                0x00000e19       0x2e c:/gun_tools/gcc-arm-none-eabi/bin/../lib/gcc/arm-none-eabi/10.3.1/../../../../arm-none-eabi/lib/thumb/v7e-m/nofp\libg.a(lib_a-signal.o)
 .ARM.attributes
                0x00000e47       0x2e c:/gun_tools/gcc-arm-none-eabi/bin/../lib/gcc/arm-none-eabi/10.3.1/../../../../arm-none-eabi/lib/thumb/v7e-m/nofp\libg.a(lib_a-signalr.o)
 .ARM.attributes
                0x00000e75       0x1e c:/gun_tools/gcc-arm-none-eabi/bin/../lib/gcc/arm-none-eabi/10.3.1/thumb/v7e-m/nofp\libgcc.a(_arm_addsubdf3.o)
 .ARM.attributes
                0x00000e93       0x1e c:/gun_tools/gcc-arm-none-eabi/bin/../lib/gcc/arm-none-eabi/10.3.1/thumb/v7e-m/nofp\libgcc.a(_arm_muldivdf3.o)
 .ARM.attributes
                0x00000eb1       0x1e c:/gun_tools/gcc-arm-none-eabi/bin/../lib/gcc/arm-none-eabi/10.3.1/thumb/v7e-m/nofp\libgcc.a(_arm_cmpdf2.o)
 .ARM.attributes
                0x00000ecf       0x1e c:/gun_tools/gcc-arm-none-eabi/bin/../lib/gcc/arm-none-eabi/10.3.1/thumb/v7e-m/nofp\libgcc.a(_arm_unorddf2.o)
 .ARM.attributes
                0x00000eed       0x1e c:/gun_tools/gcc-arm-none-eabi/bin/../lib/gcc/arm-none-eabi/10.3.1/thumb/v7e-m/nofp\libgcc.a(_arm_fixdfsi.o)
 .ARM.attributes
                0x00000f0b       0x1e c:/gun_tools/gcc-arm-none-eabi/bin/../lib/gcc/arm-none-eabi/10.3.1/thumb/v7e-m/nofp/crtn.o
OUTPUT(03_add_uart_project.elf elf32-littlearm)
LOAD linker stubs
LOAD c:/gun_tools/gcc-arm-none-eabi/bin/../lib/gcc/arm-none-eabi/10.3.1/../../../../arm-none-eabi/lib/thumb/v7e-m/nofp\libc.a
LOAD c:/gun_tools/gcc-arm-none-eabi/bin/../lib/gcc/arm-none-eabi/10.3.1/../../../../arm-none-eabi/lib/thumb/v7e-m/nofp\libm.a
LOAD c:/gun_tools/gcc-arm-none-eabi/bin/../lib/gcc/arm-none-eabi/10.3.1/thumb/v7e-m/nofp\libgcc.a

.debug_info     0x00000000    0x14f11
 .debug_info    0x00000000      0xb18 CMakeFiles/03_add_uart_project.elf.dir/Arduino/userAPP.c.obj
 .debug_info    0x00000b18     0x14e0 CMakeFiles/03_add_uart_project.elf.dir/Arduino/utils/retarget.c.obj
 .debug_info    0x00001ff8      0x676 CMakeFiles/03_add_uart_project.elf.dir/Core/Src/gpio.c.obj
 .debug_info    0x0000266e      0x710 CMakeFiles/03_add_uart_project.elf.dir/Core/Src/main.c.obj
 .debug_info    0x00002d7e      0x4a0 CMakeFiles/03_add_uart_project.elf.dir/Core/Src/stm32h7xx_hal_msp.c.obj
 .debug_info    0x0000321e      0x145 CMakeFiles/03_add_uart_project.elf.dir/Core/Src/stm32h7xx_it.c.obj
 .debug_info    0x00003363      0x750 CMakeFiles/03_add_uart_project.elf.dir/Core/Src/syscalls.c.obj
 .debug_info    0x00003ab3      0xaf5 CMakeFiles/03_add_uart_project.elf.dir/Core/Src/system_stm32h7xx.c.obj
 .debug_info    0x000045a8     0x11d3 CMakeFiles/03_add_uart_project.elf.dir/Core/Src/usart.c.obj
 .debug_info    0x0000577b     0x16a6 CMakeFiles/03_add_uart_project.elf.dir/Drivers/STM32H7xx_HAL_Driver/Src/stm32h7xx_hal.c.obj
 .debug_info    0x00006e21     0x13f0 CMakeFiles/03_add_uart_project.elf.dir/Drivers/STM32H7xx_HAL_Driver/Src/stm32h7xx_hal_cortex.c.obj
 .debug_info    0x00008211      0xd66 CMakeFiles/03_add_uart_project.elf.dir/Drivers/STM32H7xx_HAL_Driver/Src/stm32h7xx_hal_gpio.c.obj
 .debug_info    0x00008f77     0x122e CMakeFiles/03_add_uart_project.elf.dir/Drivers/STM32H7xx_HAL_Driver/Src/stm32h7xx_hal_pwr_ex.c.obj
 .debug_info    0x0000a1a5     0x13b3 CMakeFiles/03_add_uart_project.elf.dir/Drivers/STM32H7xx_HAL_Driver/Src/stm32h7xx_hal_rcc.c.obj
 .debug_info    0x0000b558     0x1f48 CMakeFiles/03_add_uart_project.elf.dir/Drivers/STM32H7xx_HAL_Driver/Src/stm32h7xx_hal_rcc_ex.c.obj
 .debug_info    0x0000d4a0     0x652f CMakeFiles/03_add_uart_project.elf.dir/Drivers/STM32H7xx_HAL_Driver/Src/stm32h7xx_hal_uart.c.obj
 .debug_info    0x000139cf     0x120e CMakeFiles/03_add_uart_project.elf.dir/Drivers/STM32H7xx_HAL_Driver/Src/stm32h7xx_hal_uart_ex.c.obj
 .debug_info    0x00014bdd      0x312 CMakeFiles/03_add_uart_project.elf.dir/MyFunction/cpost/cpost.c.obj
 .debug_info    0x00014eef       0x22 CMakeFiles/03_add_uart_project.elf.dir/startup/startup_stm32h750xx.s.obj

.debug_abbrev   0x00000000     0x266e
 .debug_abbrev  0x00000000      0x20c CMakeFiles/03_add_uart_project.elf.dir/Arduino/userAPP.c.obj
 .debug_abbrev  0x0000020c      0x2b4 CMakeFiles/03_add_uart_project.elf.dir/Arduino/utils/retarget.c.obj
 .debug_abbrev  0x000004c0      0x181 CMakeFiles/03_add_uart_project.elf.dir/Core/Src/gpio.c.obj
 .debug_abbrev  0x00000641      0x1e8 CMakeFiles/03_add_uart_project.elf.dir/Core/Src/main.c.obj
 .debug_abbrev  0x00000829       0xd7 CMakeFiles/03_add_uart_project.elf.dir/Core/Src/stm32h7xx_hal_msp.c.obj
 .debug_abbrev  0x00000900       0x7e CMakeFiles/03_add_uart_project.elf.dir/Core/Src/stm32h7xx_it.c.obj
 .debug_abbrev  0x0000097e      0x1da CMakeFiles/03_add_uart_project.elf.dir/Core/Src/syscalls.c.obj
 .debug_abbrev  0x00000b58      0x162 CMakeFiles/03_add_uart_project.elf.dir/Core/Src/system_stm32h7xx.c.obj
 .debug_abbrev  0x00000cba      0x20b CMakeFiles/03_add_uart_project.elf.dir/Core/Src/usart.c.obj
 .debug_abbrev  0x00000ec5      0x264 CMakeFiles/03_add_uart_project.elf.dir/Drivers/STM32H7xx_HAL_Driver/Src/stm32h7xx_hal.c.obj
 .debug_abbrev  0x00001129      0x37d CMakeFiles/03_add_uart_project.elf.dir/Drivers/STM32H7xx_HAL_Driver/Src/stm32h7xx_hal_cortex.c.obj
 .debug_abbrev  0x000014a6      0x239 CMakeFiles/03_add_uart_project.elf.dir/Drivers/STM32H7xx_HAL_Driver/Src/stm32h7xx_hal_gpio.c.obj
 .debug_abbrev  0x000016df      0x29b CMakeFiles/03_add_uart_project.elf.dir/Drivers/STM32H7xx_HAL_Driver/Src/stm32h7xx_hal_pwr_ex.c.obj
 .debug_abbrev  0x0000197a      0x28c CMakeFiles/03_add_uart_project.elf.dir/Drivers/STM32H7xx_HAL_Driver/Src/stm32h7xx_hal_rcc.c.obj
 .debug_abbrev  0x00001c06      0x285 CMakeFiles/03_add_uart_project.elf.dir/Drivers/STM32H7xx_HAL_Driver/Src/stm32h7xx_hal_rcc_ex.c.obj
 .debug_abbrev  0x00001e8b      0x337 CMakeFiles/03_add_uart_project.elf.dir/Drivers/STM32H7xx_HAL_Driver/Src/stm32h7xx_hal_uart.c.obj
 .debug_abbrev  0x000021c2      0x2e7 CMakeFiles/03_add_uart_project.elf.dir/Drivers/STM32H7xx_HAL_Driver/Src/stm32h7xx_hal_uart_ex.c.obj
 .debug_abbrev  0x000024a9      0x1b3 CMakeFiles/03_add_uart_project.elf.dir/MyFunction/cpost/cpost.c.obj
 .debug_abbrev  0x0000265c       0x12 CMakeFiles/03_add_uart_project.elf.dir/startup/startup_stm32h750xx.s.obj

.debug_aranges  0x00000000      0xb10
 .debug_aranges
                0x00000000       0x40 CMakeFiles/03_add_uart_project.elf.dir/Arduino/userAPP.c.obj
 .debug_aranges
                0x00000040       0x50 CMakeFiles/03_add_uart_project.elf.dir/Arduino/utils/retarget.c.obj
 .debug_aranges
                0x00000090       0x20 CMakeFiles/03_add_uart_project.elf.dir/Core/Src/gpio.c.obj
 .debug_aranges
                0x000000b0       0x30 CMakeFiles/03_add_uart_project.elf.dir/Core/Src/main.c.obj
 .debug_aranges
                0x000000e0       0x20 CMakeFiles/03_add_uart_project.elf.dir/Core/Src/stm32h7xx_hal_msp.c.obj
 .debug_aranges
                0x00000100       0x60 CMakeFiles/03_add_uart_project.elf.dir/Core/Src/stm32h7xx_it.c.obj
 .debug_aranges
                0x00000160       0x90 CMakeFiles/03_add_uart_project.elf.dir/Core/Src/syscalls.c.obj
 .debug_aranges
                0x000001f0       0x28 CMakeFiles/03_add_uart_project.elf.dir/Core/Src/system_stm32h7xx.c.obj
 .debug_aranges
                0x00000218       0x30 CMakeFiles/03_add_uart_project.elf.dir/Core/Src/usart.c.obj
 .debug_aranges
                0x00000248      0x198 CMakeFiles/03_add_uart_project.elf.dir/Drivers/STM32H7xx_HAL_Driver/Src/stm32h7xx_hal.c.obj
 .debug_aranges
                0x000003e0       0xb0 CMakeFiles/03_add_uart_project.elf.dir/Drivers/STM32H7xx_HAL_Driver/Src/stm32h7xx_hal_cortex.c.obj
 .debug_aranges
                0x00000490       0x58 CMakeFiles/03_add_uart_project.elf.dir/Drivers/STM32H7xx_HAL_Driver/Src/stm32h7xx_hal_gpio.c.obj
 .debug_aranges
                0x000004e8      0x158 CMakeFiles/03_add_uart_project.elf.dir/Drivers/STM32H7xx_HAL_Driver/Src/stm32h7xx_hal_pwr_ex.c.obj
 .debug_aranges
                0x00000640       0x88 CMakeFiles/03_add_uart_project.elf.dir/Drivers/STM32H7xx_HAL_Driver/Src/stm32h7xx_hal_rcc.c.obj
 .debug_aranges
                0x000006c8       0xf8 CMakeFiles/03_add_uart_project.elf.dir/Drivers/STM32H7xx_HAL_Driver/Src/stm32h7xx_hal_rcc_ex.c.obj
 .debug_aranges
                0x000007c0      0x248 CMakeFiles/03_add_uart_project.elf.dir/Drivers/STM32H7xx_HAL_Driver/Src/stm32h7xx_hal_uart.c.obj
 .debug_aranges
                0x00000a08       0xa0 CMakeFiles/03_add_uart_project.elf.dir/Drivers/STM32H7xx_HAL_Driver/Src/stm32h7xx_hal_uart_ex.c.obj
 .debug_aranges
                0x00000aa8       0x40 CMakeFiles/03_add_uart_project.elf.dir/MyFunction/cpost/cpost.c.obj
 .debug_aranges
                0x00000ae8       0x28 CMakeFiles/03_add_uart_project.elf.dir/startup/startup_stm32h750xx.s.obj

.debug_ranges   0x00000000      0xb48
 .debug_ranges  0x00000000       0x30 CMakeFiles/03_add_uart_project.elf.dir/Arduino/userAPP.c.obj
 .debug_ranges  0x00000030       0x40 CMakeFiles/03_add_uart_project.elf.dir/Arduino/utils/retarget.c.obj
 .debug_ranges  0x00000070       0x10 CMakeFiles/03_add_uart_project.elf.dir/Core/Src/gpio.c.obj
 .debug_ranges  0x00000080       0x20 CMakeFiles/03_add_uart_project.elf.dir/Core/Src/main.c.obj
 .debug_ranges  0x000000a0       0x10 CMakeFiles/03_add_uart_project.elf.dir/Core/Src/stm32h7xx_hal_msp.c.obj
 .debug_ranges  0x000000b0       0x50 CMakeFiles/03_add_uart_project.elf.dir/Core/Src/stm32h7xx_it.c.obj
 .debug_ranges  0x00000100       0x80 CMakeFiles/03_add_uart_project.elf.dir/Core/Src/syscalls.c.obj
 .debug_ranges  0x00000180       0x18 CMakeFiles/03_add_uart_project.elf.dir/Core/Src/system_stm32h7xx.c.obj
 .debug_ranges  0x00000198       0x20 CMakeFiles/03_add_uart_project.elf.dir/Core/Src/usart.c.obj
 .debug_ranges  0x000001b8      0x188 CMakeFiles/03_add_uart_project.elf.dir/Drivers/STM32H7xx_HAL_Driver/Src/stm32h7xx_hal.c.obj
 .debug_ranges  0x00000340      0x100 CMakeFiles/03_add_uart_project.elf.dir/Drivers/STM32H7xx_HAL_Driver/Src/stm32h7xx_hal_cortex.c.obj