Archive member included to satisfy reference by file (symbol)

c:/gun_tools/gcc-arm-none-eabi/bin/../lib/gcc/arm-none-eabi/10.3.1/thumb/v7e-m/nofp\libgcc.a(_arm_mulsf3.o)
                              CMakeFiles/02_cpp_project.elf.dir/Core/Src/system_stm32h7xx.c.obj (__aeabi_fmul)
c:/gun_tools/gcc-arm-none-eabi/bin/../lib/gcc/arm-none-eabi/10.3.1/thumb/v7e-m/nofp\libgcc.a(_arm_addsubsf3.o)
                              CMakeFiles/02_cpp_project.elf.dir/Core/Src/system_stm32h7xx.c.obj (__aeabi_fadd)
c:/gun_tools/gcc-arm-none-eabi/bin/../lib/gcc/arm-none-eabi/10.3.1/thumb/v7e-m/nofp\libgcc.a(_arm_muldivsf3.o)
                              CMakeFiles/02_cpp_project.elf.dir/Core/Src/system_stm32h7xx.c.obj (__aeabi_fdiv)
c:/gun_tools/gcc-arm-none-eabi/bin/../lib/gcc/arm-none-eabi/10.3.1/thumb/v7e-m/nofp\libgcc.a(_arm_fixunssfsi.o)
                              CMakeFiles/02_cpp_project.elf.dir/Core/Src/system_stm32h7xx.c.obj (__aeabi_f2uiz)
c:/gun_tools/gcc-arm-none-eabi/bin/../lib/gcc/arm-none-eabi/10.3.1/thumb/v7e-m/nofp\libgcc.a(unwind-arm.o)
                              CMakeFiles/02_cpp_project.elf.dir/Arduino/main.cpp.obj (__aeabi_unwind_cpp_pr1)
c:/gun_tools/gcc-arm-none-eabi/bin/../lib/gcc/arm-none-eabi/10.3.1/thumb/v7e-m/nofp\libgcc.a(libunwind.o)
                              c:/gun_tools/gcc-arm-none-eabi/bin/../lib/gcc/arm-none-eabi/10.3.1/thumb/v7e-m/nofp\libgcc.a(unwind-arm.o) (restore_core_regs)
c:/gun_tools/gcc-arm-none-eabi/bin/../lib/gcc/arm-none-eabi/10.3.1/thumb/v7e-m/nofp\libgcc.a(pr-support.o)
                              c:/gun_tools/gcc-arm-none-eabi/bin/../lib/gcc/arm-none-eabi/10.3.1/thumb/v7e-m/nofp\libgcc.a(unwind-arm.o) (__gnu_unwind_execute)
c:/gun_tools/gcc-arm-none-eabi/bin/../lib/gcc/arm-none-eabi/10.3.1/../../../../arm-none-eabi/lib/thumb/v7e-m/nofp\libg.a(lib_a-abort.o)
                              c:/gun_tools/gcc-arm-none-eabi/bin/../lib/gcc/arm-none-eabi/10.3.1/thumb/v7e-m/nofp\libgcc.a(unwind-arm.o) (abort)
c:/gun_tools/gcc-arm-none-eabi/bin/../lib/gcc/arm-none-eabi/10.3.1/../../../../arm-none-eabi/lib/thumb/v7e-m/nofp\libg.a(lib_a-errno.o)
                              CMakeFiles/02_cpp_project.elf.dir/Core/Src/syscalls.c.obj (__errno)
c:/gun_tools/gcc-arm-none-eabi/bin/../lib/gcc/arm-none-eabi/10.3.1/../../../../arm-none-eabi/lib/thumb/v7e-m/nofp\libg.a(lib_a-exit.o)
                              c:/gun_tools/gcc-arm-none-eabi/bin/../lib/gcc/arm-none-eabi/10.3.1/../../../../arm-none-eabi/lib/thumb/v7e-m/nofp/crt0.o (exit)
c:/gun_tools/gcc-arm-none-eabi/bin/../lib/gcc/arm-none-eabi/10.3.1/../../../../arm-none-eabi/lib/thumb/v7e-m/nofp\libg.a(lib_a-impure.o)
                              c:/gun_tools/gcc-arm-none-eabi/bin/../lib/gcc/arm-none-eabi/10.3.1/../../../../arm-none-eabi/lib/thumb/v7e-m/nofp\libg.a(lib_a-exit.o) (_global_impure_ptr)
c:/gun_tools/gcc-arm-none-eabi/bin/../lib/gcc/arm-none-eabi/10.3.1/../../../../arm-none-eabi/lib/thumb/v7e-m/nofp\libg.a(lib_a-init.o)
                              c:/gun_tools/gcc-arm-none-eabi/bin/../lib/gcc/arm-none-eabi/10.3.1/../../../../arm-none-eabi/lib/thumb/v7e-m/nofp/crt0.o (__libc_init_array)
c:/gun_tools/gcc-arm-none-eabi/bin/../lib/gcc/arm-none-eabi/10.3.1/../../../../arm-none-eabi/lib/thumb/v7e-m/nofp\libg.a(lib_a-memcpy.o)
                              c:/gun_tools/gcc-arm-none-eabi/bin/../lib/gcc/arm-none-eabi/10.3.1/thumb/v7e-m/nofp\libgcc.a(unwind-arm.o) (memcpy)
c:/gun_tools/gcc-arm-none-eabi/bin/../lib/gcc/arm-none-eabi/10.3.1/../../../../arm-none-eabi/lib/thumb/v7e-m/nofp\libg.a(lib_a-memset.o)
                              c:/gun_tools/gcc-arm-none-eabi/bin/../lib/gcc/arm-none-eabi/10.3.1/../../../../arm-none-eabi/lib/thumb/v7e-m/nofp/crt0.o (memset)
c:/gun_tools/gcc-arm-none-eabi/bin/../lib/gcc/arm-none-eabi/10.3.1/../../../../arm-none-eabi/lib/thumb/v7e-m/nofp\libg.a(lib_a-signal.o)
                              c:/gun_tools/gcc-arm-none-eabi/bin/../lib/gcc/arm-none-eabi/10.3.1/../../../../arm-none-eabi/lib/thumb/v7e-m/nofp\libg.a(lib_a-abort.o) (raise)
c:/gun_tools/gcc-arm-none-eabi/bin/../lib/gcc/arm-none-eabi/10.3.1/../../../../arm-none-eabi/lib/thumb/v7e-m/nofp\libg.a(lib_a-signalr.o)
                              c:/gun_tools/gcc-arm-none-eabi/bin/../lib/gcc/arm-none-eabi/10.3.1/../../../../arm-none-eabi/lib/thumb/v7e-m/nofp\libg.a(lib_a-signal.o) (_kill_r)
c:/gun_tools/gcc-arm-none-eabi/bin/../lib/gcc/arm-none-eabi/10.3.1/../../../../arm-none-eabi/lib/thumb/v7e-m/nofp\libg.a(lib_a-__call_atexit.o)
                              c:/gun_tools/gcc-arm-none-eabi/bin/../lib/gcc/arm-none-eabi/10.3.1/../../../../arm-none-eabi/lib/thumb/v7e-m/nofp\libg.a(lib_a-exit.o) (__call_exitprocs)
c:/gun_tools/gcc-arm-none-eabi/bin/../lib/gcc/arm-none-eabi/10.3.1/../../../../arm-none-eabi/lib/thumb/v7e-m/nofp\libg.a(lib_a-atexit.o)
                              c:/gun_tools/gcc-arm-none-eabi/bin/../lib/gcc/arm-none-eabi/10.3.1/../../../../arm-none-eabi/lib/thumb/v7e-m/nofp\libg.a(lib_a-__call_atexit.o) (atexit)
[...]
Memory Configuration

Name             Origin             Length             Attributes
DTCMRAM          0x20000000         0x00020000         xrw
RAM_D1           0x24000000         0x00080000         xrw
RAM_D2           0x30000000         0x00048000         xrw
RAM_D3           0x38000000         0x00010000         xrw
ITCMRAM          0x00000000         0x00010000         xrw
FLASH            0x08000000         0x00020000         xr
*default*        0x00000000         0xffffffff

Linker script and memory map

LOAD c:/gun_tools/gcc-arm-none-eabi/bin/../lib/gcc/arm-none-eabi/10.3.1/thumb/v7e-m/nofp/crti.o
LOAD c:/gun_tools/gcc-arm-none-eabi/bin/../lib/gcc/arm-none-eabi/10.3.1/thumb/v7e-m/nofp/crtbegin.o
LOAD c:/gun_tools/gcc-arm-none-eabi/bin/../lib/gcc/arm-none-eabi/10.3.1/../../../../arm-none-eabi/lib/thumb/v7e-m/nofp/crt0.o
LOAD CMakeFiles/02_cpp_project.elf.dir/Arduino/main.cpp.obj
LOAD CMakeFiles/02_cpp_project.elf.dir/Core/Src/gpio.c.obj
LOAD CMakeFiles/02_cpp_project.elf.dir/Core/Src/main.c.obj
LOAD CMakeFiles/02_cpp_project.elf.dir/Core/Src/stm32h7xx_hal_msp.c.obj
LOAD CMakeFiles/02_cpp_project.elf.dir/Core/Src/stm32h7xx_it.c.obj
LOAD CMakeFiles/02_cpp_project.elf.dir/Core/Src/syscalls.c.obj
LOAD CMakeFiles/02_cpp_project.elf.dir/Core/Src/system_stm32h7xx.c.obj
LOAD CMakeFiles/02_cpp_project.elf.dir/Drivers/STM32H7xx_HAL_Driver/Src/stm32h7xx_hal.c.obj
LOAD CMakeFiles/02_cpp_project.elf.dir/Drivers/STM32H7xx_HAL_Driver/Src/stm32h7xx_hal_cortex.c.obj
LOAD CMakeFiles/02_cpp_project.elf.dir/Drivers/STM32H7xx_HAL_Driver/Src/stm32h7xx_hal_dma.c.obj
LOAD CMakeFiles/02_cpp_project.elf.dir/Drivers/STM32H7xx_HAL_Driver/Src/stm32h7xx_hal_dma_ex.c.obj
LOAD CMakeFiles/02_cpp_project.elf.dir/Drivers/STM32H7xx_HAL_Driver/Src/stm32h7xx_hal_exti.c.obj
LOAD CMakeFiles/02_cpp_project.elf.dir/Drivers/STM32H7xx_HAL_Driver/Src/stm32h7xx_hal_flash.c.obj
LOAD CMakeFiles/02_cpp_project.elf.dir/Drivers/STM32H7xx_HAL_Driver/Src/stm32h7xx_hal_flash_ex.c.obj
LOAD CMakeFiles/02_cpp_project.elf.dir/Drivers/STM32H7xx_HAL_Driver/Src/stm32h7xx_hal_gpio.c.obj
LOAD CMakeFiles/02_cpp_project.elf.dir/Drivers/STM32H7xx_HAL_Driver/Src/stm32h7xx_hal_hsem.c.obj
LOAD CMakeFiles/02_cpp_project.elf.dir/Drivers/STM32H7xx_HAL_Driver/Src/stm32h7xx_hal_i2c.c.obj
LOAD CMakeFiles/02_cpp_project.elf.dir/Drivers/STM32H7xx_HAL_Driver/Src/stm32h7xx_hal_i2c_ex.c.obj
LOAD CMakeFiles/02_cpp_project.elf.dir/Drivers/STM32H7xx_HAL_Driver/Src/stm32h7xx_hal_mdma.c.obj
LOAD CMakeFiles/02_cpp_project.elf.dir/Drivers/STM32H7xx_HAL_Driver/Src/stm32h7xx_hal_pwr.c.obj
LOAD CMakeFiles/02_cpp_project.elf.dir/Drivers/STM32H7xx_HAL_Driver/Src/stm32h7xx_hal_pwr_ex.c.obj
LOAD CMakeFiles/02_cpp_project.elf.dir/Drivers/STM32H7xx_HAL_Driver/Src/stm32h7xx_hal_rcc.c.obj
LOAD CMakeFiles/02_cpp_project.elf.dir/Drivers/STM32H7xx_HAL_Driver/Src/stm32h7xx_hal_rcc_ex.c.obj
LOAD CMakeFiles/02_cpp_project.elf.dir/Drivers/STM32H7xx_HAL_Driver/Src/stm32h7xx_hal_tim.c.obj
LOAD CMakeFiles/02_cpp_project.elf.dir/Drivers/STM32H7xx_HAL_Driver/Src/stm32h7xx_hal_tim_ex.c.obj
LOAD CMakeFiles/02_cpp_project.elf.dir/startup/startup_stm32h750xx.s.obj
LOAD c:/gun_tools/gcc-arm-none-eabi/bin/../lib/gcc/arm-none-eabi/10.3.1/../../../../arm-none-eabi/lib/thumb/v7e-m/nofp\libstdc++.a
LOAD c:/gun_tools/gcc-arm-none-eabi/bin/../lib/gcc/arm-none-eabi/10.3.1/../../../../arm-none-eabi/lib/thumb/v7e-m/nofp\libm.a
START GROUP
LOAD c:/gun_tools/gcc-arm-none-eabi/bin/../lib/gcc/arm-none-eabi/10.3.1/thumb/v7e-m/nofp\libgcc.a
LOAD c:/gun_tools/gcc-arm-none-eabi/bin/../lib/gcc/arm-none-eabi/10.3.1/../../../../arm-none-eabi/lib/thumb/v7e-m/nofp\libg.a
LOAD c:/gun_tools/gcc-arm-none-eabi/bin/../lib/gcc/arm-none-eabi/10.3.1/../../../../arm-none-eabi/lib/thumb/v7e-m/nofp\libc.a
END GROUP
LOAD c:/gun_tools/gcc-arm-none-eabi/bin/../lib/gcc/arm-none-eabi/10.3.1/thumb/v7e-m/nofp/crtend.o
LOAD c:/gun_tools/gcc-arm-none-eabi/bin/../lib/gcc/arm-none-eabi/10.3.1/thumb/v7e-m/nofp/crtn.o
                0x20020000                _estack = 0x20020000
                0x00000200                _Min_Heap_Size = 0x200
                0x00000400                _Min_Stack_Size = 0x400

.isr_vector     0x08000000      0x298
                0x08000000                . = ALIGN (0x4)
 *(.isr_vector)
 .isr_vector    0x08000000      0x298 CMakeFiles/02_cpp_project.elf.dir/startup/startup_stm32h750xx.s.obj
                0x08000000                g_pfnVectors
                0x08000298                . = ALIGN (0x4)

.text           0x08000298     0x2a40
                0x08000298                . = ALIGN (0x4)
 *(.text)
 .text          0x08000298       0x40 c:/gun_tools/gcc-arm-none-eabi/bin/../lib/gcc/arm-none-eabi/10.3.1/thumb/v7e-m/nofp/crtbegin.o
 .text          0x080002d8      0x21c c:/gun_tools/gcc-arm-none-eabi/bin/../lib/gcc/arm-none-eabi/10.3.1/thumb/v7e-m/nofp\libgcc.a(_arm_addsubsf3.o)
                0x080002d8                __aeabi_frsub
                0x080002e0                __subsf3
                0x080002e0                __aeabi_fsub
                0x080002e4                __aeabi_fadd
                0x080002e4                __addsf3
                0x08000444                __aeabi_ui2f
                0x08000444                __floatunsisf
                0x0800044c                __aeabi_i2f
                0x0800044c                __floatsisf
                0x08000468                __aeabi_ul2f
                0x08000468                __floatundisf
                0x08000478                __aeabi_l2f
                0x08000478                __floatdisf
 .text          0x080004f4      0x2a0 c:/gun_tools/gcc-arm-none-eabi/bin/../lib/gcc/arm-none-eabi/10.3.1/thumb/v7e-m/nofp\libgcc.a(_arm_muldivsf3.o)
                0x080004f4                __mulsf3
                0x080004f4                __aeabi_fmul
                0x0800065c                __aeabi_fdiv
                0x0800065c                __divsf3
 .text          0x08000794       0x40 c:/gun_tools/gcc-arm-none-eabi/bin/../lib/gcc/arm-none-eabi/10.3.1/thumb/v7e-m/nofp\libgcc.a(_arm_fixunssfsi.o)
                0x08000794                __fixunssfsi
                0x08000794                __aeabi_f2uiz
 .text          0x080007d4      0x9d8 c:/gun_tools/gcc-arm-none-eabi/bin/../lib/gcc/arm-none-eabi/10.3.1/thumb/v7e-m/nofp\libgcc.a(unwind-arm.o)
                0x08000a7c                _Unwind_GetCFA
                0x08000a80                __gnu_Unwind_RaiseException
                0x08000ae8                __gnu_Unwind_ForcedUnwind
                0x08000af8                __gnu_Unwind_Resume
                0x08000b3c                __gnu_Unwind_Resume_or_Rethrow
                0x08000b4c                _Unwind_Complete
                0x08000b50                _Unwind_DeleteException
                0x08000b5c                _Unwind_VRS_Get
                0x08000ba8                _Unwind_VRS_Set
                0x08000bf0                __gnu_Unwind_Backtrace
                0x08000f1c                __aeabi_unwind_cpp_pr0
                0x08000f20                __aeabi_unwind_cpp_pr1
                0x08000f24                __aeabi_unwind_cpp_pr2
                0x08000f28                _Unwind_VRS_Pop
 .text          0x080011ac      0x1ac c:/gun_tools/gcc-arm-none-eabi/bin/../lib/gcc/arm-none-eabi/10.3.1/thumb/v7e-m/nofp\libgcc.a(libunwind.o)
                0x080011ac                __restore_core_regs
                0x080011ac                restore_core_regs
                0x080011c4                __gnu_Unwind_Restore_VFP
                0x080011cc                __gnu_Unwind_Save_VFP
                0x080011d4                __gnu_Unwind_Restore_VFP_D
                0x080011dc                __gnu_Unwind_Save_VFP_D
                0x080011e4                __gnu_Unwind_Restore_VFP_D_16_to_31
                0x080011ec                __gnu_Unwind_Save_VFP_D_16_to_31
                0x080011f4                __gnu_Unwind_Restore_WMMXD
                0x08001238                __gnu_Unwind_Save_WMMXD
                0x0800127c                __gnu_Unwind_Restore_WMMXC
                0x08001290                __gnu_Unwind_Save_WMMXC
                0x080012a4                ___Unwind_RaiseException
                0x080012a4                _Unwind_RaiseException
                0x080012c8                _Unwind_Resume
                0x080012c8                ___Unwind_Resume
                0x080012ec                _Unwind_Resume_or_Rethrow
                0x080012ec                ___Unwind_Resume_or_Rethrow
                0x08001310                _Unwind_ForcedUnwind
                0x08001310                ___Unwind_ForcedUnwind
                0x08001334                ___Unwind_Backtrace
                0x08001334                _Unwind_Backtrace
 .text          0x08001358      0x350 c:/gun_tools/gcc-arm-none-eabi/bin/../lib/gcc/arm-none-eabi/10.3.1/thumb/v7e-m/nofp\libgcc.a(pr-support.o)
                0x080013b0                __gnu_unwind_execute
                0x0800165c                __gnu_unwind_frame
                0x08001688                _Unwind_GetRegionStart
                0x08001694                _Unwind_GetLanguageSpecificData
 .text          0x080016a8      0x134 c:/gun_tools/gcc-arm-none-eabi/bin/../lib/gcc/arm-none-eabi/10.3.1/../../../../arm-none-eabi/lib/thumb/v7e-m/nofp\libg.a(lib_a-memcpy.o)
                0x080016a8                memcpy
 *(.text*)
 .text.initial_do
                0x080017dc        0x2 CMakeFiles/02_cpp_project.elf.dir/Arduino/main.cpp.obj
                0x080017dc                initial_do
 *fill*         0x080017de        0x2 
 .text.loop_do  0x080017e0       0x1c CMakeFiles/02_cpp_project.elf.dir/Arduino/main.cpp.obj
                0x080017e0                loop_do
 .text.MX_GPIO_Init
                0x080017fc       0x8c CMakeFiles/02_cpp_project.elf.dir/Core/Src/gpio.c.obj
                0x080017fc                MX_GPIO_Init
 .text.Error_Handler
                0x08001888        0x4 CMakeFiles/02_cpp_project.elf.dir/Core/Src/main.c.obj
                0x08001888                Error_Handler
 .text.SystemClock_Config
                0x0800188c       0xc4 CMakeFiles/02_cpp_project.elf.dir/Core/Src/main.c.obj
                0x0800188c                SystemClock_Config
 .text.main     0x08001950       0x18 CMakeFiles/02_cpp_project.elf.dir/Core/Src/main.c.obj
                0x08001950                main
 .text.HAL_MspInit
                0x08001968       0x24 CMakeFiles/02_cpp_project.elf.dir/Core/Src/stm32h7xx_hal_msp.c.obj
                0x08001968                HAL_MspInit
 .text.NMI_Handler
                0x0800198c        0x2 CMakeFiles/02_cpp_project.elf.dir/Core/Src/stm32h7xx_it.c.obj
                0x0800198c                NMI_Handler
 .text.HardFault_Handler
                0x0800198e        0x2 CMakeFiles/02_cpp_project.elf.dir/Core/Src/stm32h7xx_it.c.obj
                0x0800198e                HardFault_Handler
 .text.MemManage_Handler
                0x08001990        0x2 CMakeFiles/02_cpp_project.elf.dir/Core/Src/stm32h7xx_it.c.obj
                0x08001990                MemManage_Handler
 .text.BusFault_Handler
                0x08001992        0x2 CMakeFiles/02_cpp_project.elf.dir/Core/Src/stm32h7xx_it.c.obj
                0x08001992                BusFault_Handler
 .text.UsageFault_Handler
                0x08001994        0x2 CMakeFiles/02_cpp_project.elf.dir/Core/Src/stm32h7xx_it.c.obj
                0x08001994                UsageFault_Handler
 .text.SVC_Handler
                0x08001996        0x2 CMakeFiles/02_cpp_project.elf.dir/Core/Src/stm32h7xx_it.c.obj
                0x08001996                SVC_Handler
 .text.DebugMon_Handler
                0x08001998        0x2 CMakeFiles/02_cpp_project.elf.dir/Core/Src/stm32h7xx_it.c.obj
                0x08001998                DebugMon_Handler
 .text.PendSV_Handler
                0x0800199a        0x2 CMakeFiles/02_cpp_project.elf.dir/Core/Src/stm32h7xx_it.c.obj
                0x0800199a                PendSV_Handler
 .text.SysTick_Handler
                0x0800199c        0x8 CMakeFiles/02_cpp_project.elf.dir/Core/Src/stm32h7xx_it.c.obj
                0x0800199c                SysTick_Handler
 .text._getpid  0x080019a4        0x4 CMakeFiles/02_cpp_project.elf.dir/Core/Src/syscalls.c.obj
                0x080019a4                _getpid
 .text._kill    0x080019a8       0x10 CMakeFiles/02_cpp_project.elf.dir/Core/Src/syscalls.c.obj
                0x080019a8                _kill
 .text._exit    0x080019b8        0xc CMakeFiles/02_cpp_project.elf.dir/Core/Src/syscalls.c.obj
                0x080019b8                _exit
 .text.SystemInit
                0x080019c4       0xbc CMakeFiles/02_cpp_project.elf.dir/Core/Src/system_stm32h7xx.c.obj
                0x080019c4                SystemInit
 .text.HAL_InitTick
                0x08001a80       0x50 CMakeFiles/02_cpp_project.elf.dir/Drivers/STM32H7xx_HAL_Driver/Src/stm32h7xx_hal.c.obj
                0x08001a80                HAL_InitTick
 .text.HAL_Init
                0x08001ad0       0x5c CMakeFiles/02_cpp_project.elf.dir/Drivers/STM32H7xx_HAL_Driver/Src/stm32h7xx_hal.c.obj
                0x08001ad0                HAL_Init
 .text.HAL_IncTick
                0x08001b2c       0x18 CMakeFiles/02_cpp_project.elf.dir/Drivers/STM32H7xx_HAL_Driver/Src/stm32h7xx_hal.c.obj
                0x08001b2c                HAL_IncTick
 .text.HAL_GetTick
                0x08001b44        0xc CMakeFiles/02_cpp_project.elf.dir/Drivers/STM32H7xx_HAL_Driver/Src/stm32h7xx_hal.c.obj
                0x08001b44                HAL_GetTick
 .text.HAL_Delay
                0x08001b50       0x28 CMakeFiles/02_cpp_project.elf.dir/Drivers/STM32H7xx_HAL_Driver/Src/stm32h7xx_hal.c.obj
                0x08001b50                HAL_Delay
 .text.HAL_GetREVID
                0x08001b78        0xc CMakeFiles/02_cpp_project.elf.dir/Drivers/STM32H7xx_HAL_Driver/Src/stm32h7xx_hal.c.obj
                0x08001b78                HAL_GetREVID
 .text.HAL_NVIC_SetPriorityGrouping
                0x08001b84       0x24 CMakeFiles/02_cpp_project.elf.dir/Drivers/STM32H7xx_HAL_Driver/Src/stm32h7xx_hal_cortex.c.obj
                0x08001b84                HAL_NVIC_SetPriorityGrouping
 .text.HAL_NVIC_SetPriority
                0x08001ba8       0x6c CMakeFiles/02_cpp_project.elf.dir/Drivers/STM32H7xx_HAL_Driver/Src/stm32h7xx_hal_cortex.c.obj
                0x08001ba8                HAL_NVIC_SetPriority
 .text.HAL_SYSTICK_Config
                0x08001c14       0x28 CMakeFiles/02_cpp_project.elf.dir/Drivers/STM32H7xx_HAL_Driver/Src/stm32h7xx_hal_cortex.c.obj
                0x08001c14                HAL_SYSTICK_Config
 .text.HAL_GPIO_Init
                0x08001c3c      0x228 CMakeFiles/02_cpp_project.elf.dir/Drivers/STM32H7xx_HAL_Driver/Src/stm32h7xx_hal_gpio.c.obj
                0x08001c3c                HAL_GPIO_Init
 .text.HAL_GPIO_WritePin
                0x08001e64        0xc CMakeFiles/02_cpp_project.elf.dir/Drivers/STM32H7xx_HAL_Driver/Src/stm32h7xx_hal_gpio.c.obj
                0x08001e64                HAL_GPIO_WritePin
 .text.HAL_GPIO_TogglePin
                0x08001e70       0x12 CMakeFiles/02_cpp_project.elf.dir/Drivers/STM32H7xx_HAL_Driver/Src/stm32h7xx_hal_gpio.c.obj
                0x08001e70                HAL_GPIO_TogglePin
 *fill*         0x08001e82        0x2 
 .text.HAL_PWREx_ConfigSupply
                0x08001e84       0x54 CMakeFiles/02_cpp_project.elf.dir/Drivers/STM32H7xx_HAL_Driver/Src/stm32h7xx_hal_pwr_ex.c.obj
                0x08001e84                HAL_PWREx_ConfigSupply
 .text.HAL_RCC_OscConfig
                0x08001ed8      0x674 CMakeFiles/02_cpp_project.elf.dir/Drivers/STM32H7xx_HAL_Driver/Src/stm32h7xx_hal_rcc.c.obj
                0x08001ed8                HAL_RCC_OscConfig
 .text.HAL_RCC_GetSysClockFreq
                0x0800254c      0x218 CMakeFiles/02_cpp_project.elf.dir/Drivers/STM32H7xx_HAL_Driver/Src/stm32h7xx_hal_rcc.c.obj
                0x0800254c                HAL_RCC_GetSysClockFreq
 .text.HAL_RCC_ClockConfig
                0x08002764      0x294 CMakeFiles/02_cpp_project.elf.dir/Drivers/STM32H7xx_HAL_Driver/Src/stm32h7xx_hal_rcc.c.obj
                0x08002764                HAL_RCC_ClockConfig
 .text.Reset_Handler
                0x080029f8       0x50 CMakeFiles/02_cpp_project.elf.dir/startup/startup_stm32h750xx.s.obj
                0x080029f8                Reset_Handler
 .text.Default_Handler
                0x08002a48        0x2 CMakeFiles/02_cpp_project.elf.dir/startup/startup_stm32h750xx.s.obj
                0x08002a48                RTC_Alarm_IRQHandler
                0x08002a48                HASH_RNG_IRQHandler
                0x08002a48                EXTI2_IRQHandler
                0x08002a48                TIM8_CC_IRQHandler
                0x08002a48                HRTIM1_Master_IRQHandler
                0x08002a48                UART8_IRQHandler
                0x08002a48                SPI4_IRQHandler
                0x08002a48                TIM1_CC_IRQHandler
                0x08002a48                BDMA_Channel6_IRQHandler
                0x08002a48                DMA2_Stream5_IRQHandler
                0x08002a48                HRTIM1_FLT_IRQHandler
                0x08002a48                JPEG_IRQHandler
                0x08002a48                DMA1_Stream5_IRQHandler
                0x08002a48                BDMA_Channel1_IRQHandler
                0x08002a48                HRTIM1_TIMD_IRQHandler
                0x08002a48                TAMP_STAMP_IRQHandler
                0x08002a48                EXTI3_IRQHandler
                0x08002a48                LPTIM4_IRQHandler
                0x08002a48                TIM8_TRG_COM_TIM14_IRQHandler
                0x08002a48                LPTIM2_IRQHandler
                0x08002a48                DFSDM1_FLT1_IRQHandler
                0x08002a48                DMAMUX2_OVR_IRQHandler
                0x08002a48                TIM8_UP_TIM13_IRQHandler
                0x08002a48                I2C3_ER_IRQHandler
                0x08002a48                DFSDM1_FLT2_IRQHandler
                0x08002a48                MDMA_IRQHandler
                0x08002a48                LPTIM3_IRQHandler
                0x08002a48                HSEM1_IRQHandler
                0x08002a48                EXTI0_IRQHandler
                0x08002a48                I2C2_EV_IRQHandler
                0x08002a48                DMA1_Stream2_IRQHandler
                0x08002a48                FPU_IRQHandler
                0x08002a48                OTG_HS_WKUP_IRQHandler
                0x08002a48                FDCAN1_IT1_IRQHandler
                0x08002a48                LTDC_ER_IRQHandler
                0x08002a48                DMA2_Stream2_IRQHandler
                0x08002a48                HRTIM1_TIME_IRQHandler
                0x08002a48                SPI1_IRQHandler
                0x08002a48                TIM6_DAC_IRQHandler
                0x08002a48                DCMI_IRQHandler
                0x08002a48                HRTIM1_TIMC_IRQHandler
                0x08002a48                DMA2_Stream3_IRQHandler
                0x08002a48                SAI2_IRQHandler
                0x08002a48                DFSDM1_FLT3_IRQHandler
                0x08002a48                USART6_IRQHandler
                0x08002a48                TIM17_IRQHandler
                0x08002a48                USART3_IRQHandler
                0x08002a48                BDMA_Channel7_IRQHandler
                0x08002a48                CRYP_IRQHandler
                0x08002a48                LPTIM5_IRQHandler
                0x08002a48                UART5_IRQHandler
                0x08002a48                ADC3_IRQHandler
                0x08002a48                DMA2_Stream0_IRQHandler
                0x08002a48                TIM4_IRQHandler
                0x08002a48                BDMA_Channel2_IRQHandler
                0x08002a48                QUADSPI_IRQHandler
                0x08002a48                I2C1_EV_IRQHandler
                0x08002a48                DMA1_Stream6_IRQHandler
                0x08002a48                DMAMUX1_OVR_IRQHandler
                0x08002a48                DMA1_Stream1_IRQHandler
                0x08002a48                TIM16_IRQHandler
                0x08002a48                UART4_IRQHandler
                0x08002a48                BDMA_Channel5_IRQHandler
                0x08002a48                TIM3_IRQHandler
                0x08002a48                RCC_IRQHandler
                0x08002a48                TIM8_BRK_TIM12_IRQHandler
                0x08002a48                TIM1_TRG_COM_IRQHandler
                0x08002a48                Default_Handler
                0x08002a48                ECC_IRQHandler
                0x08002a48                CEC_IRQHandler
                0x08002a48                EXTI15_10_IRQHandler
                0x08002a48                BDMA_Channel0_IRQHandler
                0x08002a48                ADC_IRQHandler
                0x08002a48                DMA1_Stream7_IRQHandler
                0x08002a48                HRTIM1_TIMA_IRQHandler
                0x08002a48                SPI5_IRQHandler
                0x08002a48                TIM7_IRQHandler
                0x08002a48                SDMMC1_IRQHandler
                0x08002a48                TIM5_IRQHandler
                0x08002a48                DMA2_Stream7_IRQHandler
                0x08002a48                TIM15_IRQHandler
                0x08002a48                PVD_AVD_IRQHandler
                0x08002a48                I2C3_EV_IRQHandler
                0x08002a48                EXTI9_5_IRQHandler
                0x08002a48                RTC_WKUP_IRQHandler
                0x08002a48                LTDC_IRQHandler
                0x08002a48                SAI3_IRQHandler
                0x08002a48                ETH_WKUP_IRQHandler
                0x08002a48                SPDIF_RX_IRQHandler
                0x08002a48                SPI2_IRQHandler
                0x08002a48                OTG_HS_EP1_IN_IRQHandler
                0x08002a48                DMA1_Stream0_IRQHandler
                0x08002a48                CRS_IRQHandler
                0x08002a48                EXTI4_IRQHandler
                0x08002a48                HRTIM1_TIMB_IRQHandler
                0x08002a48                FDCAN2_IT1_IRQHandler
                0x08002a48                ETH_IRQHandler
                0x08002a48                TIM1_UP_IRQHandler
                0x08002a48                BDMA_Channel4_IRQHandler
                0x08002a48                OTG_HS_EP1_OUT_IRQHandler
                0x08002a48                WWDG_IRQHandler
                0x08002a48                SPI6_IRQHandler
                0x08002a48                MDIOS_IRQHandler
                0x08002a48                I2C4_EV_IRQHandler
                0x08002a48                FDCAN2_IT0_IRQHandler
                0x08002a48                LPUART1_IRQHandler
                0x08002a48                FDCAN1_IT0_IRQHandler
                0x08002a48                TIM2_IRQHandler
                0x08002a48                OTG_FS_WKUP_IRQHandler
                0x08002a48                OTG_HS_IRQHandler
                0x08002a48                DMA2D_IRQHandler
                0x08002a48                TIM1_BRK_IRQHandler
                0x08002a48                EXTI1_IRQHandler
                0x08002a48                SDMMC2_IRQHandler
                0x08002a48                OTG_FS_EP1_OUT_IRQHandler
                0x08002a48                BDMA_Channel3_IRQHandler
                0x08002a48                UART7_IRQHandler
                0x08002a48                MDIOS_WKUP_IRQHandler
                0x08002a48                USART2_IRQHandler
                0x08002a48                DFSDM1_FLT0_IRQHandler
                0x08002a48                SAI4_IRQHandler
                0x08002a48                I2C2_ER_IRQHandler
                0x08002a48                DMA2_Stream1_IRQHandler
                0x08002a48                FLASH_IRQHandler
                0x08002a48                DMA2_Stream4_IRQHandler
                0x08002a48                USART1_IRQHandler
                0x08002a48                OTG_FS_IRQHandler
                0x08002a48                SPI3_IRQHandler
                0x08002a48                WAKEUP_PIN_IRQHandler
                0x08002a48                DMA1_Stream4_IRQHandler
                0x08002a48                OTG_FS_EP1_IN_IRQHandler
                0x08002a48                I2C1_ER_IRQHandler
                0x08002a48                FMC_IRQHandler
                0x08002a48                FDCAN_CAL_IRQHandler
                0x08002a48                SWPMI1_IRQHandler
                0x08002a48                COMP1_IRQHandler
                0x08002a48                LPTIM1_IRQHandler
                0x08002a48                I2C4_ER_IRQHandler
                0x08002a48                DMA2_Stream6_IRQHandler
                0x08002a48                SAI1_IRQHandler
                0x08002a48                DMA1_Stream3_IRQHandler
 *fill*         0x08002a4a        0x2 
 .text.abort    0x08002a4c       0x10 c:/gun_tools/gcc-arm-none-eabi/bin/../lib/gcc/arm-none-eabi/10.3.1/../../../../arm-none-eabi/lib/thumb/v7e-m/nofp\libg.a(lib_a-abort.o)
                0x08002a4c                abort
 .text.__errno  0x08002a5c        0xc c:/gun_tools/gcc-arm-none-eabi/bin/../lib/gcc/arm-none-eabi/10.3.1/../../../../arm-none-eabi/lib/thumb/v7e-m/nofp\libg.a(lib_a-errno.o)
                0x08002a5c                __errno
 .text.__libc_init_array
                0x08002a68       0x48 c:/gun_tools/gcc-arm-none-eabi/bin/../lib/gcc/arm-none-eabi/10.3.1/../../../../arm-none-eabi/lib/thumb/v7e-m/nofp\libg.a(lib_a-init.o)
                0x08002a68                __libc_init_array
 .text.memset   0x08002ab0       0xa4 c:/gun_tools/gcc-arm-none-eabi/bin/../lib/gcc/arm-none-eabi/10.3.1/../../../../arm-none-eabi/lib/thumb/v7e-m/nofp\libg.a(lib_a-memset.o)
                0x08002ab0                memset
 .text.raise    0x08002b54       0x5c c:/gun_tools/gcc-arm-none-eabi/bin/../lib/gcc/arm-none-eabi/10.3.1/../../../../arm-none-eabi/lib/thumb/v7e-m/nofp\libg.a(lib_a-signal.o)
                0x08002b54                raise
 .text._kill_r  0x08002bb0       0x2c c:/gun_tools/gcc-arm-none-eabi/bin/../lib/gcc/arm-none-eabi/10.3.1/../../../../arm-none-eabi/lib/thumb/v7e-m/nofp\libg.a(lib_a-signalr.o)
                0x08002bb0                _kill_r
 .text._getpid_r
                0x08002bdc        0x4 c:/gun_tools/gcc-arm-none-eabi/bin/../lib/gcc/arm-none-eabi/10.3.1/../../../../arm-none-eabi/lib/thumb/v7e-m/nofp\libg.a(lib_a-signalr.o)
                0x08002bdc                _getpid_r
 .text.startup.register_fini
                0x08002be0       0x14 c:/gun_tools/gcc-arm-none-eabi/bin/../lib/gcc/arm-none-eabi/10.3.1/../../../../arm-none-eabi/lib/thumb/v7e-m/nofp\libg.a(lib_a-__call_atexit.o)
 .text.atexit   0x08002bf4        0xc c:/gun_tools/gcc-arm-none-eabi/bin/../lib/gcc/arm-none-eabi/10.3.1/../../../../arm-none-eabi/lib/thumb/v7e-m/nofp\libg.a(lib_a-atexit.o)
                0x08002bf4                atexit
 .text.__libc_fini_array
                0x08002c00       0x2c c:/gun_tools/gcc-arm-none-eabi/bin/../lib/gcc/arm-none-eabi/10.3.1/../../../../arm-none-eabi/lib/thumb/v7e-m/nofp\libg.a(lib_a-fini.o)
                0x08002c00                __libc_fini_array
 .text.__retarget_lock_acquire_recursive
                0x08002c2c        0x4 c:/gun_tools/gcc-arm-none-eabi/bin/../lib/gcc/arm-none-eabi/10.3.1/../../../../arm-none-eabi/lib/thumb/v7e-m/nofp\libg.a(lib_a-lock.o)
                0x08002c2c                __retarget_lock_acquire_recursive
 .text.__retarget_lock_release_recursive
                0x08002c30        0x4 c:/gun_tools/gcc-arm-none-eabi/bin/../lib/gcc/arm-none-eabi/10.3.1/../../../../arm-none-eabi/lib/thumb/v7e-m/nofp\libg.a(lib_a-lock.o)
                0x08002c30                __retarget_lock_release_recursive
 .text.__register_exitproc
                0x08002c34       0x8c c:/gun_tools/gcc-arm-none-eabi/bin/../lib/gcc/arm-none-eabi/10.3.1/../../../../arm-none-eabi/lib/thumb/v7e-m/nofp\libg.a(lib_a-__atexit.o)
                0x08002c34                __register_exitproc
 *(.glue_7)
 .glue_7        0x08002cc0        0x0 linker stubs
 *(.glue_7t)
 .glue_7t       0x08002cc0        0x0 linker stubs
 *(.eh_frame)
 .eh_frame      0x08002cc0        0x0 c:/gun_tools/gcc-arm-none-eabi/bin/../lib/gcc/arm-none-eabi/10.3.1/thumb/v7e-m/nofp/crtbegin.o
 *(.init)
 .init          0x08002cc0        0x4 c:/gun_tools/gcc-arm-none-eabi/bin/../lib/gcc/arm-none-eabi/10.3.1/thumb/v7e-m/nofp/crti.o
                0x08002cc0                _init
 .init          0x08002cc4        0x8 c:/gun_tools/gcc-arm-none-eabi/bin/../lib/gcc/arm-none-eabi/10.3.1/thumb/v7e-m/nofp/crtn.o
 *(.fini)
 .fini          0x08002ccc        0x4 c:/gun_tools/gcc-arm-none-eabi/bin/../lib/gcc/arm-none-eabi/10.3.1/thumb/v7e-m/nofp/crti.o
                0x08002ccc                _fini
 .fini          0x08002cd0        0x8 c:/gun_tools/gcc-arm-none-eabi/bin/../lib/gcc/arm-none-eabi/10.3.1/thumb/v7e-m/nofp/crtn.o
                0x08002cd8                . = ALIGN (0x4)
                0x08002cd8                _etext = .

.vfp11_veneer   0x08002cd8        0x0
 .vfp11_veneer  0x08002cd8        0x0 linker stubs

.v4_bx          0x08002cd8        0x0
 .v4_bx         0x08002cd8        0x0 linker stubs

.iplt           0x08002cd8        0x0
 .iplt          0x08002cd8        0x0 c:/gun_tools/gcc-arm-none-eabi/bin/../lib/gcc/arm-none-eabi/10.3.1/thumb/v7e-m/nofp/crtbegin.o

.rodata         0x08002cd8       0x14
                0x08002cd8                . = ALIGN (0x4)
 *(.rodata)
 *(.rodata*)
 .rodata.D1CorePrescTable
                0x08002cd8       0x10 CMakeFiles/02_cpp_project.elf.dir/Core/Src/system_stm32h7xx.c.obj
                0x08002cd8                D1CorePrescTable
 .rodata._global_impure_ptr
                0x08002ce8        0x4 c:/gun_tools/gcc-arm-none-eabi/bin/../lib/gcc/arm-none-eabi/10.3.1/../../../../arm-none-eabi/lib/thumb/v7e-m/nofp\libg.a(lib_a-impure.o)
                0x08002ce8                _global_impure_ptr
                0x08002cec                . = ALIGN (0x4)

.ARM.extab      0x08002cec       0x24
 *(.ARM.extab* .gnu.linkonce.armextab.*)
 .ARM.extab.text.loop_do
                0x08002cec        0xc CMakeFiles/02_cpp_project.elf.dir/Arduino/main.cpp.obj
 .ARM.extab     0x08002cf8       0x18 c:/gun_tools/gcc-arm-none-eabi/bin/../lib/gcc/arm-none-eabi/10.3.1/thumb/v7e-m/nofp\libgcc.a(pr-support.o)

.ARM            0x08002d10       0xc8
                0x08002d10                __exidx_start = .
 *(.ARM.exidx*)
 .ARM.exidx.text.initial_do
                0x08002dc8        0x0 CMakeFiles/02_cpp_project.elf.dir/Arduino/main.cpp.obj
                                  0x8 (size before relaxing)
 .ARM.exidx.text.loop_do
                0x08002dc8       0x10 CMakeFiles/02_cpp_project.elf.dir/Arduino/main.cpp.obj
                                  0x8 (size before relaxing)
 .ARM.exidx     0x08002d10       0x80 c:/gun_tools/gcc-arm-none-eabi/bin/../lib/gcc/arm-none-eabi/10.3.1/thumb/v7e-m/nofp\libgcc.a(unwind-arm.o)
                                 0xd8 (size before relaxing)
 .ARM.exidx     0x08002d90       0x38 c:/gun_tools/gcc-arm-none-eabi/bin/../lib/gcc/arm-none-eabi/10.3.1/thumb/v7e-m/nofp\libgcc.a(pr-support.o)
                0x08002dd8                __exidx_end = .

.rel.dyn        0x08002dd8        0x0
 .rel.iplt      0x08002dd8        0x0 c:/gun_tools/gcc-arm-none-eabi/bin/../lib/gcc/arm-none-eabi/10.3.1/thumb/v7e-m/nofp/crtbegin.o

.preinit_array  0x08002dd8        0x0
                0x08002dd8                PROVIDE (__preinit_array_start = .)
 *(.preinit_array*)
                0x08002dd8                PROVIDE (__preinit_array_end = .)

.init_array     0x08002dd8        0x8
                0x08002dd8                PROVIDE (__init_array_start = .)
 *(SORT_BY_NAME(.init_array.*))
 .init_array.00000
                0x08002dd8        0x4 c:/gun_tools/gcc-arm-none-eabi/bin/../lib/gcc/arm-none-eabi/10.3.1/../../../../arm-none-eabi/lib/thumb/v7e-m/nofp\libg.a(lib_a-__call_atexit.o)
 *(.init_array*)
 .init_array    0x08002ddc        0x4 c:/gun_tools/gcc-arm-none-eabi/bin/../lib/gcc/arm-none-eabi/10.3.1/thumb/v7e-m/nofp/crtbegin.o
                0x08002de0                PROVIDE (__init_array_end = .)

.fini_array     0x08002de0        0x4
                0x08002de0                PROVIDE (__fini_array_start = .)
 *(SORT_BY_NAME(.fini_array.*))
 *(.fini_array*)
 .fini_array    0x08002de0        0x4 c:/gun_tools/gcc-arm-none-eabi/bin/../lib/gcc/arm-none-eabi/10.3.1/thumb/v7e-m/nofp/crtbegin.o
                0x08002de4                PROVIDE (__fini_array_end = .)
                0x08002de4                _sidata = LOADADDR (.data)

.data           0x20000000      0x444 load address 0x08002de4
                0x20000000                . = ALIGN (0x4)
                0x20000000                _sdata = .
 *(.data)
 *(.data*)
 .data.SystemCoreClock
                0x20000000        0x4 CMakeFiles/02_cpp_project.elf.dir/Core/Src/system_stm32h7xx.c.obj
                0x20000000                SystemCoreClock
 .data.SystemD2Clock
                0x20000004        0x4 CMakeFiles/02_cpp_project.elf.dir/Core/Src/system_stm32h7xx.c.obj
                0x20000004                SystemD2Clock
 .data.uwTickFreq
                0x20000008        0x1 CMakeFiles/02_cpp_project.elf.dir/Drivers/STM32H7xx_HAL_Driver/Src/stm32h7xx_hal.c.obj
                0x20000008                uwTickFreq
 *fill*         0x20000009        0x3 
 .data.uwTickPrio
                0x2000000c        0x4 CMakeFiles/02_cpp_project.elf.dir/Drivers/STM32H7xx_HAL_Driver/Src/stm32h7xx_hal.c.obj
                0x2000000c                uwTickPrio
 .data._impure_ptr
                0x20000010        0x4 c:/gun_tools/gcc-arm-none-eabi/bin/../lib/gcc/arm-none-eabi/10.3.1/../../../../arm-none-eabi/lib/thumb/v7e-m/nofp\libg.a(lib_a-impure.o)
                0x20000010                _impure_ptr
 *fill*         0x20000014        0x4 
 .data.impure_data
                0x20000018      0x428 c:/gun_tools/gcc-arm-none-eabi/bin/../lib/gcc/arm-none-eabi/10.3.1/../../../../arm-none-eabi/lib/thumb/v7e-m/nofp\libg.a(lib_a-impure.o)
 .data.__atexit_recursive_mutex
                0x20000440        0x4 c:/gun_tools/gcc-arm-none-eabi/bin/../lib/gcc/arm-none-eabi/10.3.1/../../../../arm-none-eabi/lib/thumb/v7e-m/nofp\libg.a(lib_a-__call_atexit.o)
                0x20000440                __atexit_recursive_mutex
                0x20000444                . = ALIGN (0x4)
                0x20000444                _edata = .

.igot.plt       0x20000444        0x0 load address 0x08003228
 .igot.plt      0x20000444        0x0 c:/gun_tools/gcc-arm-none-eabi/bin/../lib/gcc/arm-none-eabi/10.3.1/thumb/v7e-m/nofp/crtbegin.o
                0x20000444                . = ALIGN (0x4)

.bss            0x20000444       0x28 load address 0x08003228
                0x20000444                _sbss = .
                0x20000444                __bss_start__ = _sbss
 *(.bss)
 .bss           0x20000444       0x1c c:/gun_tools/gcc-arm-none-eabi/bin/../lib/gcc/arm-none-eabi/10.3.1/thumb/v7e-m/nofp/crtbegin.o
 *(.bss*)
 .bss.uwTick    0x20000460        0x4 CMakeFiles/02_cpp_project.elf.dir/Drivers/STM32H7xx_HAL_Driver/Src/stm32h7xx_hal.c.obj
                0x20000460                uwTick
 .bss.__lock___atexit_recursive_mutex
                0x20000464        0x1 c:/gun_tools/gcc-arm-none-eabi/bin/../lib/gcc/arm-none-eabi/10.3.1/../../../../arm-none-eabi/lib/thumb/v7e-m/nofp\libg.a(lib_a-lock.o)
                0x20000464                __lock___atexit_recursive_mutex
 *fill*         0x20000465        0x3 
 .bss.errno     0x20000468        0x4 c:/gun_tools/gcc-arm-none-eabi/bin/../lib/gcc/arm-none-eabi/10.3.1/../../../../arm-none-eabi/lib/thumb/v7e-m/nofp\libg.a(lib_a-reent.o)
                0x20000468                errno
 *(COMMON)
                0x2000046c                . = ALIGN (0x4)
                0x2000046c                _ebss = .
                0x2000046c                __bss_end__ = _ebss

._user_heap_stack
                0x2000046c      0x604 load address 0x08003228
                0x20000470                . = ALIGN (0x8)
 *fill*         0x2000046c        0x4 
                0x20000470                PROVIDE (end = .)
                [!provide]                PROVIDE (_end = .)
                0x20000670                . = (. + _Min_Heap_Size)
 *fill*         0x20000470      0x200 
                0x20000a70                . = (. + _Min_Stack_Size)
 *fill*         0x20000670      0x400 
                0x20000a70                . = ALIGN (0x8)

/DISCARD/
 libc.a(*)
 libm.a(*)
 libgcc.a(*)

.ARM.attributes
                0x00000000       0x2a
 *(.ARM.attributes)
 .ARM.attributes
                0x00000000       0x1e c:/gun_tools/gcc-arm-none-eabi/bin/../lib/gcc/arm-none-eabi/10.3.1/thumb/v7e-m/nofp/crti.o
 .ARM.attributes
                0x0000001e       0x2e c:/gun_tools/gcc-arm-none-eabi/bin/../lib/gcc/arm-none-eabi/10.3.1/thumb/v7e-m/nofp/crtbegin.o
 .ARM.attributes
                0x0000004c       0x2e CMakeFiles/02_cpp_project.elf.dir/Arduino/main.cpp.obj
 .ARM.attributes
                0x0000007a       0x2e CMakeFiles/02_cpp_project.elf.dir/Core/Src/gpio.c.obj
 .ARM.attributes
                0x000000a8       0x2e CMakeFiles/02_cpp_project.elf.dir/Core/Src/main.c.obj
 .ARM.attributes
                0x000000d6       0x2e CMakeFiles/02_cpp_project.elf.dir/Core/Src/stm32h7xx_hal_msp.c.obj
 .ARM.attributes
                0x00000104       0x2e CMakeFiles/02_cpp_project.elf.dir/Core/Src/stm32h7xx_it.c.obj
 .ARM.attributes
                0x00000132       0x2e CMakeFiles/02_cpp_project.elf.dir/Core/Src/syscalls.c.obj
 .ARM.attributes
                0x00000160       0x2e CMakeFiles/02_cpp_project.elf.dir/Core/Src/system_stm32h7xx.c.obj
 .ARM.attributes
                0x0000018e       0x2e CMakeFiles/02_cpp_project.elf.dir/Drivers/STM32H7xx_HAL_Driver/Src/stm32h7xx_hal.c.obj
 .ARM.attributes
                0x000001bc       0x2e CMakeFiles/02_cpp_project.elf.dir/Drivers/STM32H7xx_HAL_Driver/Src/stm32h7xx_hal_cortex.c.obj
 .ARM.attributes
                0x000001ea       0x2e CMakeFiles/02_cpp_project.elf.dir/Drivers/STM32H7xx_HAL_Driver/Src/stm32h7xx_hal_gpio.c.obj
 .ARM.attributes
                0x00000218       0x2e CMakeFiles/02_cpp_project.elf.dir/Drivers/STM32H7xx_HAL_Driver/Src/stm32h7xx_hal_pwr_ex.c.obj
 .ARM.attributes
                0x00000246       0x2e CMakeFiles/02_cpp_project.elf.dir/Drivers/STM32H7xx_HAL_Driver/Src/stm32h7xx_hal_rcc.c.obj
 .ARM.attributes
                0x00000274       0x21 CMakeFiles/02_cpp_project.elf.dir/startup/startup_stm32h750xx.s.obj
 .ARM.attributes
                0x00000295       0x1e c:/gun_tools/gcc-arm-none-eabi/bin/../lib/gcc/arm-none-eabi/10.3.1/thumb/v7e-m/nofp\libgcc.a(_arm_addsubsf3.o)
 .ARM.attributes
                0x000002b3       0x1e c:/gun_tools/gcc-arm-none-eabi/bin/../lib/gcc/arm-none-eabi/10.3.1/thumb/v7e-m/nofp\libgcc.a(_arm_muldivsf3.o)
 .ARM.attributes
                0x000002d1       0x1e c:/gun_tools/gcc-arm-none-eabi/bin/../lib/gcc/arm-none-eabi/10.3.1/thumb/v7e-m/nofp\libgcc.a(_arm_fixunssfsi.o)
 .ARM.attributes
                0x000002ef       0x2e c:/gun_tools/gcc-arm-none-eabi/bin/../lib/gcc/arm-none-eabi/10.3.1/thumb/v7e-m/nofp\libgcc.a(unwind-arm.o)
 .ARM.attributes
                0x0000031d       0x1e c:/gun_tools/gcc-arm-none-eabi/bin/../lib/gcc/arm-none-eabi/10.3.1/thumb/v7e-m/nofp\libgcc.a(libunwind.o)
 .ARM.attributes
                0x0000033b       0x2e c:/gun_tools/gcc-arm-none-eabi/bin/../lib/gcc/arm-none-eabi/10.3.1/thumb/v7e-m/nofp\libgcc.a(pr-support.o)
 .ARM.attributes
                0x00000369       0x2e c:/gun_tools/gcc-arm-none-eabi/bin/../lib/gcc/arm-none-eabi/10.3.1/../../../../arm-none-eabi/lib/thumb/v7e-m/nofp\libg.a(lib_a-abort.o)
 .ARM.attributes
                0x00000397       0x2e c:/gun_tools/gcc-arm-none-eabi/bin/../lib/gcc/arm-none-eabi/10.3.1/../../../../arm-none-eabi/lib/thumb/v7e-m/nofp\libg.a(lib_a-errno.o)
 .ARM.attributes
                0x000003c5       0x2e c:/gun_tools/gcc-arm-none-eabi/bin/../lib/gcc/arm-none-eabi/10.3.1/../../../../arm-none-eabi/lib/thumb/v7e-m/nofp\libg.a(lib_a-impure.o)
 .ARM.attributes
                0x000003f3       0x2e c:/gun_tools/gcc-arm-none-eabi/bin/../lib/gcc/arm-none-eabi/10.3.1/../../../../arm-none-eabi/lib/thumb/v7e-m/nofp\libg.a(lib_a-init.o)
 .ARM.attributes
                0x00000421       0x1c c:/gun_tools/gcc-arm-none-eabi/bin/../lib/gcc/arm-none-eabi/10.3.1/../../../../arm-none-eabi/lib/thumb/v7e-m/nofp\libg.a(lib_a-memcpy.o)
 .ARM.attributes
                0x0000043d       0x2e c:/gun_tools/gcc-arm-none-eabi/bin/../lib/gcc/arm-none-eabi/10.3.1/../../../../arm-none-eabi/lib/thumb/v7e-m/nofp\libg.a(lib_a-memset.o)
 .ARM.attributes
                0x0000046b       0x2e c:/gun_tools/gcc-arm-none-eabi/bin/../lib/gcc/arm-none-eabi/10.3.1/../../../../arm-none-eabi/lib/thumb/v7e-m/nofp\libg.a(lib_a-signal.o)
 .ARM.attributes
                0x00000499       0x2e c:/gun_tools/gcc-arm-none-eabi/bin/../lib/gcc/arm-none-eabi/10.3.1/../../../../arm-none-eabi/lib/thumb/v7e-m/nofp\libg.a(lib_a-signalr.o)
 .ARM.attributes
                0x000004c7       0x2e c:/gun_tools/gcc-arm-none-eabi/bin/../lib/gcc/arm-none-eabi/10.3.1/../../../../arm-none-eabi/lib/thumb/v7e-m/nofp\libg.a(lib_a-__call_atexit.o)
 .ARM.attributes
                0x000004f5       0x2e c:/gun_tools/gcc-arm-none-eabi/bin/../lib/gcc/arm-none-eabi/10.3.1/../../../../arm-none-eabi/lib/thumb/v7e-m/nofp\libg.a(lib_a-atexit.o)
 .ARM.attributes
                0x00000523       0x2e c:/gun_tools/gcc-arm-none-eabi/bin/../lib/gcc/arm-none-eabi/10.3.1/../../../../arm-none-eabi/lib/thumb/v7e-m/nofp\libg.a(lib_a-fini.o)
 .ARM.attributes
                0x00000551       0x2e c:/gun_tools/gcc-arm-none-eabi/bin/../lib/gcc/arm-none-eabi/10.3.1/../../../../arm-none-eabi/lib/thumb/v7e-m/nofp\libg.a(lib_a-lock.o)
 .ARM.attributes
                0x0000057f       0x2e c:/gun_tools/gcc-arm-none-eabi/bin/../lib/gcc/arm-none-eabi/10.3.1/../../../../arm-none-eabi/lib/thumb/v7e-m/nofp\libg.a(lib_a-reent.o)
 .ARM.attributes
                0x000005ad       0x2e c:/gun_tools/gcc-arm-none-eabi/bin/../lib/gcc/arm-none-eabi/10.3.1/../../../../arm-none-eabi/lib/thumb/v7e-m/nofp\libg.a(lib_a-__atexit.o)
 .ARM.attributes
                0x000005db       0x1e c:/gun_tools/gcc-arm-none-eabi/bin/../lib/gcc/arm-none-eabi/10.3.1/thumb/v7e-m/nofp/crtn.o
OUTPUT(02_cpp_project.elf elf32-littlearm)
LOAD linker stubs
LOAD c:/gun_tools/gcc-arm-none-eabi/bin/../lib/gcc/arm-none-eabi/10.3.1/../../../../arm-none-eabi/lib/thumb/v7e-m/nofp\libc.a
LOAD c:/gun_tools/gcc-arm-none-eabi/bin/../lib/gcc/arm-none-eabi/10.3.1/../../../../arm-none-eabi/lib/thumb/v7e-m/nofp\libm.a
LOAD c:/gun_tools/gcc-arm-none-eabi/bin/../lib/gcc/arm-none-eabi/10.3.1/thumb/v7e-m/nofp\libgcc.a

.debug_info     0x00000000     0x9db5
 .debug_info    0x00000000     0x1936 CMakeFiles/02_cpp_project.elf.dir/Arduino/main.cpp.obj
 .debug_info    0x00001936      0x676 CMakeFiles/02_cpp_project.elf.dir/Core/Src/gpio.c.obj
 .debug_info    0x00001fac      0x6fb CMakeFiles/02_cpp_project.elf.dir/Core/Src/main.c.obj
 .debug_info    0x000026a7      0x4a0 CMakeFiles/02_cpp_project.elf.dir/Core/Src/stm32h7xx_hal_msp.c.obj
 .debug_info    0x00002b47      0x145 CMakeFiles/02_cpp_project.elf.dir/Core/Src/stm32h7xx_it.c.obj
 .debug_info    0x00002c8c      0x835 CMakeFiles/02_cpp_project.elf.dir/Core/Src/syscalls.c.obj
 .debug_info    0x000034c1      0xaf5 CMakeFiles/02_cpp_project.elf.dir/Core/Src/system_stm32h7xx.c.obj
 .debug_info    0x00003fb6     0x16a6 CMakeFiles/02_cpp_project.elf.dir/Drivers/STM32H7xx_HAL_Driver/Src/stm32h7xx_hal.c.obj
 .debug_info    0x0000565c     0x13f0 CMakeFiles/02_cpp_project.elf.dir/Drivers/STM32H7xx_HAL_Driver/Src/stm32h7xx_hal_cortex.c.obj
 .debug_info    0x00006a4c      0xd66 CMakeFiles/02_cpp_project.elf.dir/Drivers/STM32H7xx_HAL_Driver/Src/stm32h7xx_hal_gpio.c.obj
 .debug_info    0x000077b2     0x122e CMakeFiles/02_cpp_project.elf.dir/Drivers/STM32H7xx_HAL_Driver/Src/stm32h7xx_hal_pwr_ex.c.obj
 .debug_info    0x000089e0     0x13b3 CMakeFiles/02_cpp_project.elf.dir/Drivers/STM32H7xx_HAL_Driver/Src/stm32h7xx_hal_rcc.c.obj
 .debug_info    0x00009d93       0x22 CMakeFiles/02_cpp_project.elf.dir/startup/startup_stm32h750xx.s.obj

.debug_abbrev   0x00000000     0x1744
 .debug_abbrev  0x00000000      0x1f9 CMakeFiles/02_cpp_project.elf.dir/Arduino/main.cpp.obj
 .debug_abbrev  0x000001f9      0x181 CMakeFiles/02_cpp_project.elf.dir/Core/Src/gpio.c.obj
 .debug_abbrev  0x0000037a      0x1e6 CMakeFiles/02_cpp_project.elf.dir/Core/Src/main.c.obj
 .debug_abbrev  0x00000560       0xd7 CMakeFiles/02_cpp_project.elf.dir/Core/Src/stm32h7xx_hal_msp.c.obj
 .debug_abbrev  0x00000637       0x7e CMakeFiles/02_cpp_project.elf.dir/Core/Src/stm32h7xx_it.c.obj
 .debug_abbrev  0x000006b5      0x1da CMakeFiles/02_cpp_project.elf.dir/Core/Src/syscalls.c.obj
 .debug_abbrev  0x0000088f      0x162 CMakeFiles/02_cpp_project.elf.dir/Core/Src/system_stm32h7xx.c.obj
 .debug_abbrev  0x000009f1      0x264 CMakeFiles/02_cpp_project.elf.dir/Drivers/STM32H7xx_HAL_Driver/Src/stm32h7xx_hal.c.obj
 .debug_abbrev  0x00000c55      0x37d CMakeFiles/02_cpp_project.elf.dir/Drivers/STM32H7xx_HAL_Driver/Src/stm32h7xx_hal_cortex.c.obj
 .debug_abbrev  0x00000fd2      0x239 CMakeFiles/02_cpp_project.elf.dir/Drivers/STM32H7xx_HAL_Driver/Src/stm32h7xx_hal_gpio.c.obj
 .debug_abbrev  0x0000120b      0x29b CMakeFiles/02_cpp_project.elf.dir/Drivers/STM32H7xx_HAL_Driver/Src/stm32h7xx_hal_pwr_ex.c.obj
 .debug_abbrev  0x000014a6      0x28c CMakeFiles/02_cpp_project.elf.dir/Drivers/STM32H7xx_HAL_Driver/Src/stm32h7xx_hal_rcc.c.obj
 .debug_abbrev  0x00001732       0x12 CMakeFiles/02_cpp_project.elf.dir/startup/startup_stm32h750xx.s.obj

.debug_aranges  0x00000000      0x678
 .debug_aranges
                0x00000000       0x28 CMakeFiles/02_cpp_project.elf.dir/Arduino/main.cpp.obj
 .debug_aranges
                0x00000028       0x20 CMakeFiles/02_cpp_project.elf.dir/Core/Src/gpio.c.obj
 .debug_aranges
                0x00000048       0x30 CMakeFiles/02_cpp_project.elf.dir/Core/Src/main.c.obj
 .debug_aranges
                0x00000078       0x20 CMakeFiles/02_cpp_project.elf.dir/Core/Src/stm32h7xx_hal_msp.c.obj
 .debug_aranges
                0x00000098       0x60 CMakeFiles/02_cpp_project.elf.dir/Core/Src/stm32h7xx_it.c.obj
 .debug_aranges
                0x000000f8       0xb0 CMakeFiles/02_cpp_project.elf.dir/Core/Src/syscalls.c.obj
 .debug_aranges
                0x000001a8       0x28 CMakeFiles/02_cpp_project.elf.dir/Core/Src/system_stm32h7xx.c.obj
 .debug_aranges
                0x000001d0      0x198 CMakeFiles/02_cpp_project.elf.dir/Drivers/STM32H7xx_HAL_Driver/Src/stm32h7xx_hal.c.obj
 .debug_aranges
                0x00000368       0xb0 CMakeFiles/02_cpp_project.elf.dir/Drivers/STM32H7xx_HAL_Driver/Src/stm32h7xx_hal_cortex.c.obj
 .debug_aranges
                0x00000418       0x58 CMakeFiles/02_cpp_project.elf.dir/Drivers/STM32H7xx_HAL_Driver/Src/stm32h7xx_hal_gpio.c.obj
 .debug_aranges
                0x00000470      0x158 CMakeFiles/02_cpp_project.elf.dir/Drivers/STM32H7xx_HAL_Driver/Src/stm32h7xx_hal_pwr_ex.c.obj
 .debug_aranges
                0x000005c8       0x88 CMakeFiles/02_cpp_project.elf.dir/Drivers/STM32H7xx_HAL_Driver/Src/stm32h7xx_hal_rcc.c.obj
 .debug_aranges
                0x00000650       0x28 CMakeFiles/02_cpp_project.elf.dir/startup/startup_stm32h750xx.s.obj

.debug_ranges   0x00000000      0x6e0
 .debug_ranges  0x00000000       0x18 CMakeFiles/02_cpp_project.elf.dir/Arduino/main.cpp.obj
 .debug_ranges  0x00000018       0x10 CMakeFiles/02_cpp_project.elf.dir/Core/Src/gpio.c.obj
 .debug_ranges  0x00000028       0x20 CMakeFiles/02_cpp_project.elf.dir/Core/Src/main.c.obj
 .debug_ranges  0x00000048       0x10 CMakeFiles/02_cpp_project.elf.dir/Core/Src/stm32h7xx_hal_msp.c.obj
 .debug_ranges  0x00000058       0x50 CMakeFiles/02_cpp_project.elf.dir/Core/Src/stm32h7xx_it.c.obj
 .debug_ranges  0x000000a8       0xa0 CMakeFiles/02_cpp_project.elf.dir/Core/Src/syscalls.c.obj
 .debug_ranges  0x00000148       0x18 CMakeFiles/02_cpp_project.elf.dir/Core/Src/system_stm32h7xx.c.obj
 .debug_ranges  0x00000160      0x188 CMakeFiles/02_cpp_project.elf.dir/Drivers/STM32H7xx_HAL_Driver/Src/stm32h7xx_hal.c.obj
 .debug_ranges  0x000002e8      0x100 CMakeFiles/02_cpp_project.elf.dir/Drivers/STM32H7xx_HAL_Driver/Src/stm32h7xx_hal_cortex.c.obj
 .debug_ranges  0x000003e8       0x48 CMakeFiles/02_cpp_project.elf.dir/Drivers/STM32H7xx_HAL_Driver/Src/stm32h7xx_hal_gpio.c.obj
 .debug_ranges  0x00000430      0x1a8 CMakeFiles/02_cpp_project.elf.dir/Drivers/STM32H7xx_HAL_Driver/Src/stm32h7xx_hal_pwr_ex.c.obj
 .debug_ranges  0x000005d8       0xe8 CMakeFiles/02_cpp_project.elf.dir/Drivers/STM32H7xx_HAL_Driver/Src/stm32h7xx_hal_rcc.c.obj
 .debug_ranges  0x000006c0       0x20 CMakeFiles/02_cpp_project.elf.dir/startup/startup_stm32h750xx.s.obj

.debug_line     0x00000000     0x4f61
 .debug_line    0x00000000      0x42e CMakeFiles/02_cpp_project.elf.dir/Arduino/main.cpp.obj
 .debug_line    0x0000042e      0x24e CMakeFiles/02_cpp_project.elf.dir/Core/Src/gpio.c.obj
 .debug_line    0x0000067c      0x4c5 CMakeFiles/02_cpp_project.elf.dir/Core/Src/main.c.obj
 .debug_line    0x00000b41      0x1ad CMakeFiles/02_cpp_project.elf.dir/Core/Src/stm32h7xx_hal_msp.c.obj
 .debug_line    0x00000cee      0x1f7 CMakeFiles/02_cpp_project.elf.dir/Core/Src/stm32h7xx_it.c.obj
 .debug_line    0x00000ee5      0x468 CMakeFiles/02_cpp_project.elf.dir/Core/Src/syscalls.c.obj
 .debug_line    0x0000134d      0x44a CMakeFiles/02_cpp_project.elf.dir/Core/Src/system_stm32h7xx.c.obj
 .debug_line    0x00001797      0x994 CMakeFiles/02_cpp_project.elf.dir/Drivers/STM32H7xx_HAL_Driver/Src/stm32h7xx_hal.c.obj
 .debug_line    0x0000212b      0x85f CMakeFiles/02_cpp_project.elf.dir/Drivers/STM32H7xx_HAL_Driver/Src/stm32h7xx_hal_cortex.c.obj
 .debug_line    0x0000298a      0x74b CMakeFiles/02_cpp_project.elf.dir/Drivers/STM32H7xx_HAL_Driver/Src/stm32h7xx_hal_gpio.c.obj
 .debug_line    0x000030d5      0xb54 CMakeFiles/02_cpp_project.elf.dir/Drivers/STM32H7xx_HAL_Driver/Src/stm32h7xx_hal_pwr_ex.c.obj
 .debug_line    0x00003c29     0x127a CMakeFiles/02_cpp_project.elf.dir/Drivers/STM32H7xx_HAL_Driver/Src/stm32h7xx_hal_rcc.c.obj
 .debug_line    0x00004ea3       0xbe CMakeFiles/02_cpp_project.elf.dir/startup/startup_stm32h750xx.s.obj

.debug_str      0x00000000     0x381c
 .debug_str     0x00000000      0xc7f CMakeFiles/02_cpp_project.elf.dir/Arduino/main.cpp.obj
                                0xd0a (size before relaxing)
 .debug_str     0x00000c7f      0x3b4 CMakeFiles/02_cpp_project.elf.dir/Core/Src/gpio.c.obj
                                0x511 (size before relaxing)
 .debug_str     0x00001033      0x317 CMakeFiles/02_cpp_project.elf.dir/Core/Src/main.c.obj
                                0x544 (size before relaxing)
 .debug_str     0x0000134a       0x69 CMakeFiles/02_cpp_project.elf.dir/Core/Src/stm32h7xx_hal_msp.c.obj
                                0x460 (size before relaxing)
 .debug_str     0x000013b3       0xf4 CMakeFiles/02_cpp_project.elf.dir/Core/Src/stm32h7xx_it.c.obj
                                0x2ad (size before relaxing)
 .debug_str     0x000014a7      0x286 CMakeFiles/02_cpp_project.elf.dir/Core/Src/syscalls.c.obj
                                0x499 (size before relaxing)
 .debug_str     0x0000172d      0x2c2 CMakeFiles/02_cpp_project.elf.dir/Core/Src/system_stm32h7xx.c.obj
                                0x6d6 (size before relaxing)
 .debug_str     0x000019ef      0xf85 CMakeFiles/02_cpp_project.elf.dir/Drivers/STM32H7xx_HAL_Driver/Src/stm32h7xx_hal.c.obj
                               0x152d (size before relaxing)
 .debug_str     0x00002974      0x5b5 CMakeFiles/02_cpp_project.elf.dir/Drivers/STM32H7xx_HAL_Driver/Src/stm32h7xx_hal_cortex.c.obj
                               0x10c5 (size before relaxing)
 .debug_str     0x00002f29      0x127 CMakeFiles/02_cpp_project.elf.dir/Drivers/STM32H7xx_HAL_Driver/Src/stm32h7xx_hal_gpio.c.obj
                                0x742 (size before relaxing)
 .debug_str     0x00003050      0x591 CMakeFiles/02_cpp_project.elf.dir/Drivers/STM32H7xx_HAL_Driver/Src/stm32h7xx_hal_pwr_ex.c.obj
                                0xab7 (size before relaxing)
 .debug_str     0x000035e1      0x1cf CMakeFiles/02_cpp_project.elf.dir/Drivers/STM32H7xx_HAL_Driver/Src/stm32h7xx_hal_rcc.c.obj
                                0xaca (size before relaxing)
 .debug_str     0x000037b0       0x6c CMakeFiles/02_cpp_project.elf.dir/startup/startup_stm32h750xx.s.obj
                                 0xbe (size before relaxing)

.comment        0x00000000       0x49
 .comment       0x00000000       0x49 CMakeFiles/02_cpp_project.elf.dir/Arduino/main.cpp.obj
                                 0x4a (size before relaxing)
 .comment       0x00000049       0x4a CMakeFiles/02_cpp_project.elf.dir/Core/Src/gpio.c.obj
 .comment       0x00000049       0x4a CMakeFiles/02_cpp_project.elf.dir/Core/Src/main.c.obj
 .comment       0x00000049       0x4a CMakeFiles/02_cpp_project.elf.dir/Core/Src/stm32h7xx_hal_msp.c.obj
 .comment       0x00000049       0x4a CMakeFiles/02_cpp_project.elf.dir/Core/Src/stm32h7xx_it.c.obj
 .comment       0x00000049       0x4a CMakeFiles/02_cpp_project.elf.dir/Core/Src/syscalls.c.obj
 .comment       0x00000049       0x4a CMakeFiles/02_cpp_project.elf.dir/Core/Src/system_stm32h7xx.c.obj
 .comment       0x00000049       0x4a CMakeFiles/02_cpp_project.elf.dir/Drivers/STM32H7xx_HAL_Driver/Src/stm32h7xx_hal.c.obj
 .comment       0x00000049       0x4a CMakeFiles/02_cpp_project.elf.dir/Drivers/STM32H7xx_HAL_Driver/Src/stm32h7xx_hal_cortex.c.obj
 .comment       0x00000049       0x4a CMakeFiles/02_cpp_project.elf.dir/Drivers/STM32H7xx_HAL_Driver/Src/stm32h7xx_hal_gpio.c.obj
 .comment       0x00000049       0x4a CMakeFiles/02_cpp_project.elf.dir/Drivers/STM32H7xx_HAL_Driver/Src/stm32h7xx_hal_pwr_ex.c.obj
 .comment       0x00000049       0x4a CMakeFiles/02_cpp_project.elf.dir/Drivers/STM32H7xx_HAL_Driver/Src/stm32h7xx_hal_rcc.c.obj

.debug_frame    0x00000000     0x15e4
 .debug_frame   0x00000000       0x38 CMakeFiles/02_cpp_project.elf.dir/Arduino/main.cpp.obj
 .debug_frame   0x00000038       0x30 CMakeFiles/02_cpp_project.elf.dir/Core/Src/gpio.c.obj
 .debug_frame   0x00000068       0x58 CMakeFiles/02_cpp_project.elf.dir/Core/Src/main.c.obj
 .debug_frame   0x000000c0       0x28 CMakeFiles/02_cpp_project.elf.dir/Core/Src/stm32h7xx_hal_msp.c.obj
 .debug_frame   0x000000e8       0xa8 CMakeFiles/02_cpp_project.elf.dir/Core/Src/stm32h7xx_it.c.obj
 .debug_frame   0x00000190      0x1a8 CMakeFiles/02_cpp_project.elf.dir/Core/Src/syscalls.c.obj
 .debug_frame   0x00000338       0x40 CMakeFiles/02_cpp_project.elf.dir/Core/Src/system_stm32h7xx.c.obj
 .debug_frame   0x00000378      0x360 CMakeFiles/02_cpp_project.elf.dir/Drivers/STM32H7xx_HAL_Driver/Src/stm32h7xx_hal.c.obj
 .debug_frame   0x000006d8      0x158 CMakeFiles/02_cpp_project.elf.dir/Drivers/STM32H7xx_HAL_Driver/Src/stm32h7xx_hal_cortex.c.obj
 .debug_frame   0x00000830       0xd0 CMakeFiles/02_cpp_project.elf.dir/Drivers/STM32H7xx_HAL_Driver/Src/stm32h7xx_hal_gpio.c.obj
 .debug_frame   0x00000900      0x2f4 CMakeFiles/02_cpp_project.elf.dir/Drivers/STM32H7xx_HAL_Driver/Src/stm32h7xx_hal_pwr_ex.c.obj
 .debug_frame   0x00000bf4      0x188 CMakeFiles/02_cpp_project.elf.dir/Drivers/STM32H7xx_HAL_Driver/Src/stm32h7xx_hal_rcc.c.obj
 .debug_frame   0x00000d7c       0x4c c:/gun_tools/gcc-arm-none-eabi/bin/../lib/gcc/arm-none-eabi/10.3.1/thumb/v7e-m/nofp\libgcc.a(_arm_addsubsf3.o)
 .debug_frame   0x00000dc8       0x38 c:/gun_tools/gcc-arm-none-eabi/bin/../lib/gcc/arm-none-eabi/10.3.1/thumb/v7e-m/nofp\libgcc.a(_arm_muldivsf3.o)
 .debug_frame   0x00000e00       0x24 c:/gun_tools/gcc-arm-none-eabi/bin/../lib/gcc/arm-none-eabi/10.3.1/thumb/v7e-m/nofp\libgcc.a(_arm_fixunssfsi.o)
 .debug_frame   0x00000e24      0x2d4 c:/gun_tools/gcc-arm-none-eabi/bin/../lib/gcc/arm-none-eabi/10.3.1/thumb/v7e-m/nofp\libgcc.a(unwind-arm.o)
 .debug_frame   0x000010f8      0x104 c:/gun_tools/gcc-arm-none-eabi/bin/../lib/gcc/arm-none-eabi/10.3.1/thumb/v7e-m/nofp\libgcc.a(pr-support.o)
 .debug_frame   0x000011fc       0x28 c:/gun_tools/gcc-arm-none-eabi/bin/../lib/gcc/arm-none-eabi/10.3.1/../../../../arm-none-eabi/lib/thumb/v7e-m/nofp\libg.a(lib_a-abort.o)
 .debug_frame   0x00001224       0x20 c:/gun_tools/gcc-arm-none-eabi/bin/../lib/gcc/arm-none-eabi/10.3.1/../../../../arm-none-eabi/lib/thumb/v7e-m/nofp\libg.a(lib_a-errno.o)
 .debug_frame   0x00001244       0x2c c:/gun_tools/gcc-arm-none-eabi/bin/../lib/gcc/arm-none-eabi/10.3.1/../../../../arm-none-eabi/lib/thumb/v7e-m/nofp\libg.a(lib_a-init.o)
 .debug_frame   0x00001270       0x2c c:/gun_tools/gcc-arm-none-eabi/bin/../lib/gcc/arm-none-eabi/10.3.1/../../../../arm-none-eabi/lib/thumb/v7e-m/nofp\libg.a(lib_a-memset.o)
 .debug_frame   0x0000129c      0x114 c:/gun_tools/gcc-arm-none-eabi/bin/../lib/gcc/arm-none-eabi/10.3.1/../../../../arm-none-eabi/lib/thumb/v7e-m/nofp\libg.a(lib_a-signal.o)
 .debug_frame   0x000013b0       0x3c c:/gun_tools/gcc-arm-none-eabi/bin/../lib/gcc/arm-none-eabi/10.3.1/../../../../arm-none-eabi/lib/thumb/v7e-m/nofp\libg.a(lib_a-signalr.o)
 .debug_frame   0x000013ec       0x5c c:/gun_tools/gcc-arm-none-eabi/bin/../lib/gcc/arm-none-eabi/10.3.1/../../../../arm-none-eabi/lib/thumb/v7e-m/nofp\libg.a(lib_a-__call_atexit.o)
 .debug_frame   0x00001448       0x20 c:/gun_tools/gcc-arm-none-eabi/bin/../lib/gcc/arm-none-eabi/10.3.1/../../../../arm-none-eabi/lib/thumb/v7e-m/nofp\libg.a(lib_a-atexit.o)
 .debug_frame   0x00001468       0x34 c:/gun_tools/gcc-arm-none-eabi/bin/../lib/gcc/arm-none-eabi/10.3.1/../../../../arm-none-eabi/lib/thumb/v7e-m/nofp\libg.a(lib_a-fini.o)
 .debug_frame   0x0000149c       0xb0 c:/gun_tools/gcc-arm-none-eabi/bin/../lib/gcc/arm-none-eabi/10.3.1/../../../../arm-none-eabi/lib/thumb/v7e-m/nofp\libg.a(lib_a-lock.o)
 .debug_frame   0x0000154c       0x64 c:/gun_tools/gcc-arm-none-eabi/bin/../lib/gcc/arm-none-eabi/10.3.1/../../../../arm-none-eabi/lib/thumb/v7e-m/nofp\libg.a(lib_a-reent.o)
 .debug_frame   0x000015b0       0x34 c:/gun_tools/gcc-arm-none-eabi/bin/../lib/gcc/arm-none-eabi/10.3.1/../../../../arm-none-eabi/lib/thumb/v7e-m/nofp\libg.a(lib_a-__atexit.o)

.debug_loc      0x00000000     0x2388
 .debug_loc     0x00000000      0x436 CMakeFiles/02_cpp_project.elf.dir/Core/Src/syscalls.c.obj
 .debug_loc     0x00000436      0x21e CMakeFiles/02_cpp_project.elf.dir/Core/Src/system_stm32h7xx.c.obj
 .debug_loc     0x00000654      0x3fa CMakeFiles/02_cpp_project.elf.dir/Drivers/STM32H7xx_HAL_Driver/Src/stm32h7xx_hal.c.obj
 .debug_loc     0x00000a4e      0x726 CMakeFiles/02_cpp_project.elf.dir/Drivers/STM32H7xx_HAL_Driver/Src/stm32h7xx_hal_cortex.c.obj
 .debug_loc     0x00001174      0x3c6 CMakeFiles/02_cpp_project.elf.dir/Drivers/STM32H7xx_HAL_Driver/Src/stm32h7xx_hal_gpio.c.obj
 .debug_loc     0x0000153a      0x4df CMakeFiles/02_cpp_project.elf.dir/Drivers/STM32H7xx_HAL_Driver/Src/stm32h7xx_hal_pwr_ex.c.obj
 .debug_loc     0x00001a19      0x96f CMakeFiles/02_cpp_project.elf.dir/Drivers/STM32H7xx_HAL_Driver/Src/stm32h7xx_hal_rcc.c.obj
